******************************************************************************
                  TI ARM Linker PC v5.1.6                      
******************************************************************************
>> Linked Tue Jan 20 01:17:43 2015

OUTPUT FILE NAME:   <udp_socket.out>
ENTRY POINT SYMBOL: "_c_int00"  address: 20009a29


MEMORY CONFIGURATION

         name            origin    length      used     unused   attr    fill
----------------------  --------  ---------  --------  --------  ----  --------
  SRAM_CODE             20004000   00013000  000067b2  0000c84e  RW X
  SRAM_DATA             20017000   00019000  00001762  0001789e  RW X


SEGMENT ALLOCATION MAP

run origin  load origin   length   init length attrs members
----------  ----------- ---------- ----------- ----- -------
20004000    20004000    000067b8   000067b8    r-x
  20004000    20004000    00000400   00000400    r-- .intvecs
  20004400    20004400    00005d26   00005d26    r-x .text
  2000a128    2000a128    00000634   00000634    r-- .const
  2000a760    2000a760    00000058   00000058    r-- .cinit
20017000    20017000    00000f64   00000000    rw-
  20017000    20017000    00000800   00000000    rw- .sysmem
  20017800    20017800    0000055a   00000000    rw- .bss
  20017d5c    20017d5c    00000208   00000000    rw- .data
2002f800    2002f800    00000800   00000000    rw-
  2002f800    2002f800    00000800   00000000    rw- .stack


SECTION ALLOCATION MAP

 output                                  attributes/
section   page    origin      length       input sections
--------  ----  ----------  ----------   ----------------
.init_array 
*          0    20004000    00000000     UNINITIALIZED

.intvecs   0    20004000    00000400     
                  20004000    00000400     startup_ccs.obj (.intvecs)

.text      0    20004400    00005d26     
                  20004400    00000ec0     rtsv7M4_T_le_eabi.lib : _printfi.obj (.text)
                  200052c0    00000aa0     main.obj (.text)
                  20005d60    000003cc     rtsv7M4_T_le_eabi.lib : memory.obj (.text)
                  2000612c    000003b4     simplelink.a : driver.obj (.text:_SlDrvMsgRead)
                  200064e0    0000034c                  : driver.obj (.text:_SlAsyncEventGenericHandler)
                  2000682c    0000026c     uart_if.obj (.text)
                  20006a98    00000200     udma_if.obj (.text)
                  20006c98    000001f4     rtsv7M4_T_le_eabi.lib : ull_div_t2.obj (.text)
                  20006e8c    000001b6                           : fd_add_t2.obj (.text)
                  20007042    00000002     driverlib.a : interrupt.obj (.text:IntDefaultHandler)
                  20007044    0000019c     simplelink.a : wlan.obj (.text:sl_WlanConnect)
                  200071e0    00000140                  : driver.obj (.text:_SlDrvRxHdrRead)
                  20007320    00000136     rtsv7M4_T_le_eabi.lib : fd_div_t2.obj (.text)
                  20007456    00000002     --HOLE-- [fill = 0]
                  20007458    00000134     driverlib.a : prcm.obj (.text:PRCMCC3200MCUInit)
                  2000758c    00000128     simplelink.a : cc_pal.obj (.text:spi_Open)
                  200076b4    00000118                  : driver.obj (.text:_SlDrvWaitForPoolObj)
                  200077cc    00000114                  : driver.obj (.text:_SlDrvMsgWrite)
                  200078e0    0000010c                  : driver.obj (.text:_SlDrvReleasePoolObj)
                  200079ec    000000fc     rtsv7M4_T_le_eabi.lib : fd_mul_t2.obj (.text)
                  20007ae8    000000f0     driverlib.a : udma.obj (.text:uDMAChannelTransferSet)
                  20007bd8    000000ec     simplelink.a : cc_pal.obj (.text:spi_Write)
                  20007cc4    000000cc                  : device.obj (.text:sl_Stop)
                  20007d90    000000cc                  : cc_pal.obj (.text:spi_Read)
                  20007e5c    000000c8                  : device.obj (.text:sl_Start)
                  20007f24    000000bc                  : driver.obj (.text:_SlDrvMsgReadCmdCtx)
                  20007fe0    000000b2                  : netapp.obj (.text:_SlDrvNetAppEventHandler)
                  20008092    00000002     --HOLE-- [fill = 0]
                  20008094    000000a8     driverlib.a : interrupt.obj (.text:IntDisable)
                  2000813c    000000a8                 : interrupt.obj (.text:IntEnable)
                  200081e4    000000a0                 : spi.obj (.text:SPIConfigSetExpClk)
                  20008284    0000009c     rtsv7M4_T_le_eabi.lib : memcpy_t2.obj (.text)
                  20008320    00000098     simplelink.a : driver.obj (.text:_SlFindAndSetActiveObj)
                  200083b8    00000094     driverlib.a : prcm.obj (.text:PRCMPeripheralClockGet)
                  2000844c    00000094     simplelink.a : driver.obj (.text:_SlDrvClassifyRxMsg)
                  200084e0    00000094                  : driver.obj (.text:_SlDrvMsgReadSpawnCtx)
                  20008574    00000094     rtsv7M4_T_le_eabi.lib : auto_init.obj (.text)
                  20008608    00000090     simplelink.a : driver.obj (.text:_SlDrvDriverCBInit)
                  20008698    00000088     driverlib.a : pin.obj (.text:PinConfigSet)
                  20008720    00000088     simplelink.a : driver.obj (.text:_SlDrvCmdOp)
                  200087a8    00000088     rtsv7M4_T_le_eabi.lib : vsnprintf.obj (.text)
                  20008830    00000088     simplelink.a : netapp.obj (.text:sl_NetAppMDNSRegisterUnregisterService)
                  200088b8    00000086     rtsv7M4_T_le_eabi.lib : fd_cmp_t2.obj (.text:__aeabi_cdcmple)
                  2000893e    00000086                           : fd_cmp_t2.obj (.text:__aeabi_cdrcmple)
                  200089c4    00000084     simplelink.a : netapp.obj (.text:_sl_HandleAsync_DnsGetHostByName)
                  20008a48    00000080                  : cc_pal.obj (.text:NwpPowerOnPreamble)
                  20008ac8    0000007c                  : device.obj (.text:sl_DevGet)
                  20008b44    00000078                  : cc_pal.obj (.text:SetupDMAReceive)
                  20008bbc    00000078                  : device.obj (.text:_sl_HandleAsync_InitComplete)
                  20008c34    00000078                  : netapp.obj (.text:_sl_HandleAsync_PingResponse)
                  20008cac    00000078     rtsv7M4_T_le_eabi.lib : memset_t2.obj (.text)
                  20008d24    00000076     driverlib.a : uart.obj (.text:UARTConfigSetExpClk)
                  20008d9a    00000002     --HOLE-- [fill = 0]
                  20008d9c    00000074     simplelink.a : cc_pal.obj (.text:spi_Close)
                  20008e10    0000006c                  : socket.obj (.text:_sl_HandleAsync_Connect)
                  20008e7c    00000068                  : socket.obj (.text:_sl_HandleAsync_Accept)
                  20008ee4    00000068                  : netapp.obj (.text:_sl_HandleAsync_DnsGetHostByService)
                  20008f4c    00000064     driverlib.a : udma.obj (.text:uDMAChannelAttributeDisable)
                  20008fb0    00000064                 : udma.obj (.text:uDMAChannelAttributeEnable)
                  20009014    00000060     simplelink.a : driver.obj (.text:_SlDrvDriverCBDeinit)
                  20009074    0000005e     rtsv7M4_T_le_eabi.lib : copy_decompress_rle.obj (.text)
                  200090d2    00000002     --HOLE-- [fill = 0]
                  200090d4    0000005c     simplelink.a : socket.obj (.text:_sl_HandleAsync_Select)
                  20009130    0000005a     rtsv7M4_T_le_eabi.lib : ltoa.obj (.text)
                  2000918a    00000002     --HOLE-- [fill = 0]
                  2000918c    00000058     driverlib.a : interrupt.obj (.text:IntPendClear)
                  200091e4    00000058                 : prcm.obj (.text:PRCMPeripheralReset)
                  2000923c    00000058     simplelink.a : device.obj (.text:_sl_HandleAsync_Stop)
                  20009294    00000054     driverlib.a : interrupt.obj (.text:IntPrioritySet)
                  200092e8    00000054     simplelink.a : netapp.obj (.text:sl_NetAppSendTokenValue)
                  2000933c    0000004c     driverlib.a : spi.obj (.text:SPIIntEnable)
                  20009388    0000004c                 : spi.obj (.text:SPIIntNumberGet)
                  200093d4    0000004c     rtsv7M4_T_le_eabi.lib : atoi.obj (.text)
                  20009420    0000004c     driverlib.a : udma.obj (.text:uDMAChannelAssign)
                  2000946c    0000004a     simplelink.a : device.obj (.text:_sl_GetStartResponseConvert)
                  200094b6    00000002     --HOLE-- [fill = 0]
                  200094b8    00000048     driverlib.a : spi.obj (.text:SPIIntClear)
                  20009500    00000048     rtsv7M4_T_le_eabi.lib : fd_toi_t2.obj (.text)
                  20009548    00000048     simplelink.a : wlan.obj (.text:sl_WlanSet)
                  20009590    00000044     driverlib.a : spi.obj (.text:SPIDmaMaskGet)
                  200095d4    00000044     rtsv7M4_T_le_eabi.lib : cpy_tbl.obj (.text)
                  20009618    00000044                           : exit.obj (.text)
                  2000965c    00000044                           : xdtest.obj (.text)
                  200096a0    00000044     simplelink.a : netcfg.obj (.text:sl_NetCfgSet)
                  200096e4    00000040     driverlib.a : pin.obj (.text:PinModeSet)
                  20009724    00000040     simplelink.a : driver.obj (.text:_SlDrvRxIrqHandler)
                  20009764    00000040                  : nonos.obj (.text:_SlNonOsMainLoopTask)
                  200097a4    00000040                  : driver.obj (.text:_SlRemoveFromList)
                  200097e4    00000040                  : wlan.obj (.text:sl_WlanPolicySet)
                  20009824    00000040                  : wlan.obj (.text:sl_WlanRxFilterSet)
                  20009864    0000003c                  : cc_pal.obj (.text:NwpPowerOff)
                  200098a0    0000003c     driverlib.a : prcm.obj (.text:PRCMPeripheralClkEnable)
                  200098dc    0000003c     simplelink.a : driver.obj (.text:_SlDrvObjInit)
                  20009918    0000003c     driverlib.a : udma.obj (.text:uDMAChannelControlSet)
                  20009954    00000038     simplelink.a : cc_pal.obj (.text:NwpRegisterInterruptHandler)
                  2000998c    00000034     driverlib.a : prcm.obj (.text:PRCMPeripheralStatusGet)
                  200099c0    00000034                 : spi.obj (.text:SPIFIFOLevelSet)
                  200099f4    00000034     simplelink.a : driver.obj (.text:_SlDrvBasicCmd)
                  20009a28    00000034     rtsv7M4_T_le_eabi.lib : boot.obj (.text)
                  20009a5c    00000030     simplelink.a : cc_pal.obj (.text:NwpPowerOn)
                  20009a8c    00000030     driverlib.a : uart.obj (.text:UARTDisable)
                  20009abc    00000030     simplelink.a : flowcont.obj (.text:_SlDrvFlowContDeinit)
                  20009aec    00000030                  : flowcont.obj (.text:_SlDrvFlowContInit)
                  20009b1c    00000030                  : nonos.obj (.text:_SlNonOsSemGet)
                  20009b4c    0000002e     rtsv7M4_T_le_eabi.lib : i_tofd_t2.obj (.text)
                  20009b7a    00000002     --HOLE-- [fill = 0]
                  20009b7c    0000002c     driverlib.a : prcm.obj (.text:PRCMSysResetCauseGet)
                  20009ba8    00000028                 : prcm.obj (.text:PRCMPeripheralClkDisable)
                  20009bd0    00000028     simplelink.a : wlan.obj (.text:sl_WlanSetMode)
                  20009bf8    00000024                  : cc_pal.obj (.text:DmaSpiSwIntHandler)
                  20009c1c    00000024     driverlib.a : interrupt.obj (.text:IntUnregister)
                  20009c40    00000024                 : uart.obj (.text:UARTEnable)
                  20009c64    00000024     rtsv7M4_T_le_eabi.lib : memmov.obj (.text)
                  20009c88    00000024     simplelink.a : wlan.obj (.text:sl_WlanProfileDel)
                  20009cac    00000022     driverlib.a : spi.obj (.text:SPIReset)
                  20009cce    00000022                 : spi.obj (.text:SPIWordCountSet)
                  20009cf0    00000020                 : interrupt.obj (.text:IntRegister)
                  20009d10    00000020     simplelink.a : driver.obj (.text:_SlDrvCmdSend)
                  20009d30    00000020                  : nonos.obj (.text:_SlNonOsSpawn)
                  20009d50    0000001e     driverlib.a : uart.obj (.text:UARTCharPut)
                  20009d6e    00000002     --HOLE-- [fill = 0]
                  20009d70    0000001c     simplelink.a : driver.obj (.text:_SlDrvObjDeInit)
                  20009d8c    0000001c     pinmux.obj (.text)
                  20009da8    0000001c     rtsv7M4_T_le_eabi.lib : memccpy.obj (.text)
                  20009dc4    0000001c     driverlib.a : udma.obj (.text:uDMAChannelDisable)
                  20009de0    0000001c                 : udma.obj (.text:uDMAChannelEnable)
                  20009dfc    0000001c                 : udma.obj (.text:uDMAChannelRequest)
                  20009e18    0000001a     simplelink.a : netapp.obj (.text:CopyPingResultsToReport)
                  20009e32    0000001a     driverlib.a : pin.obj (.text:PinTypeUART)
                  20009e4c    0000001a                 : spi.obj (.text:SPIDmaDisable)
                  20009e66    0000001a                 : spi.obj (.text:SPIDmaEnable)
                  20009e80    0000001a                 : spi.obj (.text:SPIFIFODisable)
                  20009e9a    0000001a                 : spi.obj (.text:SPIFIFOEnable)
                  20009eb4    0000001a                 : spi.obj (.text:SPIIntUnregister)
                  20009ece    0000001a     simplelink.a : device.obj (.text:_SlDrvDeviceEventHandler)
                  20009ee8    00000018     driverlib.a : spi.obj (.text:SPICSDisable)
                  20009f00    00000018                 : spi.obj (.text:SPICSEnable)
                  20009f18    00000018                 : spi.obj (.text:SPIDisable)
                  20009f30    00000018                 : spi.obj (.text:SPIEnable)
                  20009f48    00000018     rtsv7M4_T_le_eabi.lib : args_main.obj (.text)
                  20009f60    00000018                           : ll_mul_t2.obj (.text)
                  20009f78    00000016     driverlib.a : prcm.obj (.text:PRCMHIBRegRead)
                  20009f8e    00000016                 : prcm.obj (.text:PRCMHIBRegWrite)
                  20009fa4    00000016                 : uart.obj (.text:UARTCharGet)
                  20009fba    00000016                 : udma.obj (.text:uDMAIntRegister)
                  20009fd0    00000014                 : cpu.obj (.text:CPUcpsie)
                  20009fe4    00000014                 : interrupt.obj (.text:IntVTableBaseSet)
                  20009ff8    00000014     simplelink.a : driver.obj (.text:_SlDrvShiftDWord)
                  2000a00c    00000014     rtsv7M4_T_le_eabi.lib : _lock.obj (.text)
                  2000a020    00000014                           : strlen.obj (.text)
                  2000a034    00000014     driverlib.a : udma.obj (.text:uDMAControlBaseSet)
                  2000a048    00000014                 : udma.obj (.text:uDMAIntClear)
                  2000a05c    00000012     rtsv7M4_T_le_eabi.lib : copy_zero_init.obj (.text:decompress:ZI)
                  2000a06e    00000012     simplelink.a : netapp.obj (.text:sl_NetAppMDNSUnRegisterService)
                  2000a080    00000012     driverlib.a : udma.obj (.text:uDMAIntUnregister)
                  2000a092    00000002     --HOLE-- [fill = 0]
                  2000a094    00000010     simplelink.a : cc_pal.obj (.text:NwpMaskInterrupt)
                  2000a0a4    0000000e     rtsv7M4_T_le_eabi.lib : copy_decompress_none.obj (.text:decompress:none)
                  2000a0b2    0000000e                           : xdclass.obj (.text)
                  2000a0c0    0000000e     startup_ccs.obj (.text)
                  2000a0ce    00000002     --HOLE-- [fill = 0]
                  2000a0d0    0000000c     simplelink.a : cc_pal.obj (.text:NwpUnMaskInterrupt)
                  2000a0dc    0000000c     driverlib.a : udma.obj (.text:uDMADisable)
                  2000a0e8    0000000c                 : udma.obj (.text:uDMAEnable)
                  2000a0f4    0000000c                 : udma.obj (.text:uDMAIntStatus)
                  2000a100    0000000a                 : interrupt.obj (.text:IntMasterEnable)
                  2000a10a    00000008     simplelink.a : nonos.obj (.text:_SlNonOsSemSet)
                  2000a112    00000008                  : wlan.obj (.text:sl_WlanDisconnect)
                  2000a11a    00000006     driverlib.a : utils.obj (.text:UtilsDelay)
                  2000a120    00000006     rtsv7M4_T_le_eabi.lib : copy_decompress_rle.obj (.text:decompress:rle24)

.const     0    2000a128    00000634     
                  2000a128    00000102     rtsv7M4_T_le_eabi.lib : ctype.obj (.const:.string:_ctypes_)
                  2000a22a    00000002     --HOLE-- [fill = 0]
                  2000a22c    00000100     driverlib.a : pin.obj (.const:g_ulPinToPadMap)
                  2000a32c    000000ec     simplelink.a : wlan.obj (.const)
                  2000a418    000000d4     driverlib.a : interrupt.obj (.const:g_pulRegs)
                  2000a4ec    000000a8                 : prcm.obj (.const:PRCM_PeriphRegsList)
                  2000a594    00000080                 : interrupt.obj (.const)
                  2000a614    0000004c     simplelink.a : driver.obj (.const)
                  2000a660    0000002c     main.obj (.const:$P$T1$2)
                  2000a68c    00000028     simplelink.a : netapp.obj (.const)
                  2000a6b4    00000024     driverlib.a : spi.obj (.const:g_ppulSPIIntMap)
                  2000a6d8    00000022     main.obj (.const:.string:$P$T0$1)
                  2000a6fa    00000002     --HOLE-- [fill = 0]
                  2000a6fc    00000020     main.obj (.const)
                  2000a71c    00000018     driverlib.a : spi.obj (.const)
                  2000a734    00000014     simplelink.a : device.obj (.const)
                  2000a748    0000000c     main.obj (.const:.string)
                  2000a754    00000008     simplelink.a : netcfg.obj (.const)

.cinit     0    2000a760    00000058     
                  2000a760    00000034     (.cinit..data.load) [load image, compression = rle]
                  2000a794    0000000c     (__TI_handler_table)
                  2000a7a0    00000008     (.cinit..bss.load) [load image, compression = zero_init]
                  2000a7a8    00000010     (__TI_cinit_table)

.sysmem    0    20017000    00000800     UNINITIALIZED
                  20017000    00000008     rtsv7M4_T_le_eabi.lib : memory.obj (.sysmem)
                  20017008    000007f8     --HOLE--

.bss       0    20017800    0000055a     UNINITIALIZED
                  20017800    00000400     udma_if.obj (.bss:gpCtlTbl)
                  20017c00    00000100     udma_if.obj (.bss:gfpAppCallbackHndl)
                  20017d00    00000028     simplelink.a : nonos.obj (.bss:g__SlNonOsCB)
                  20017d28    00000024     main.obj (.bss:g_ucConnectionSSID)
                  20017d4c    00000008     (.common:g_ucConnectionBSSID)
                  20017d54    00000004     (.common:__Errorlog)
                  20017d58    00000001     (.common:g_cDummy)
                  20017d59    00000001     (.common:iDone)

.data      0    20017d5c    00000208     UNINITIALIZED
                  20017d5c    00000170     simplelink.a : driver.obj (.data)
                  20017ecc    0000005c                  : cc_pal.obj (.data)
                  20017f28    0000001c     main.obj (.data)
                  20017f44    0000000c     rtsv7M4_T_le_eabi.lib : memory.obj (.data)
                  20017f50    00000008                           : _lock.obj (.data)
                  20017f58    00000008                           : exit.obj (.data)
                  20017f60    00000004                           : stkdepth_vars.obj (.data)

.stack     0    2002f800    00000800     UNINITIALIZED
                  2002f800    00000800     --HOLE--


LINKER GENERATED COPY TABLES

__TI_cinit_table @ 2000a7a8 records: 2, size/record: 8, table size: 16
	.data: load addr=2000a760, load size=00000034 bytes, run addr=20017d5c, run size=00000208 bytes, compression=rle
	.bss: load addr=2000a7a0, load size=00000008 bytes, run addr=20017800, run size=0000055a bytes, compression=zero_init


LINKER GENERATED HANDLER TABLE

__TI_handler_table @ 2000a794 records: 3, size/record: 4, table size: 12
	index: 0, handler: __TI_decompress_rle24
	index: 1, handler: __TI_decompress_none
	index: 2, handler: __TI_zero_init


GLOBAL SYMBOLS: SORTED ALPHABETICALLY BY Name 

address    name
--------   ----
20009619   C$$EXIT
20009fd1   CPUcpsie
2000686d   ClearTerm
20009e19   CopyPingResultsToReport
20006c3f   DMASetupTransfer
20006aaf   DmaErrorIntHandler
20009bf9   DmaSpiSwIntHandler
20006a99   DmaSwIntHandler
20006877   Error
200068af   GetCmd
2000682d   InitTerm
20008095   IntDisable
2000813d   IntEnable
2000a101   IntMasterEnable
2000918d   IntPendClear
20009295   IntPrioritySet
20009cf1   IntRegister
20009c1d   IntUnregister
20009fe5   IntVTableBaseSet
2000684b   Message
2000a095   NwpMaskInterrupt
20009865   NwpPowerOff
20009a5d   NwpPowerOn
20008a49   NwpPowerOnPreamble
20009955   NwpRegisterInterruptHandler
2000a0d1   NwpUnMaskInterrupt
20007459   PRCMCC3200MCUInit
20009f79   PRCMHIBRegRead
20009f8f   PRCMHIBRegWrite
20009ba9   PRCMPeripheralClkDisable
200098a1   PRCMPeripheralClkEnable
200083b9   PRCMPeripheralClockGet
200091e5   PRCMPeripheralReset
2000998d   PRCMPeripheralStatusGet
20009b7d   PRCMSysResetCauseGet
20008699   PinConfigSet
200096e5   PinModeSet
20009d8d   PinMuxConfig
20009e33   PinTypeUART
200069d9   Report
2000a0c1   ResetISR
UNDEFED    SHT$$INIT_ARRAY$$Base
UNDEFED    SHT$$INIT_ARRAY$$Limit
20009ee9   SPICSDisable
20009f01   SPICSEnable
200081e5   SPIConfigSetExpClk
20009f19   SPIDisable
20009e4d   SPIDmaDisable
20009e67   SPIDmaEnable
20009f31   SPIEnable
20009e81   SPIFIFODisable
20009e9b   SPIFIFOEnable
200099c1   SPIFIFOLevelSet
200094b9   SPIIntClear
2000933d   SPIIntEnable
20009eb5   SPIIntUnregister
20009cad   SPIReset
20009ccf   SPIWordCountSet
20006b41   SetupTransfer
2000549d   SimpleLinkGeneralEventHandler
2000547d   SimpleLinkHttpServerCallback
200053cf   SimpleLinkNetAppEventHandler
200054b7   SimpleLinkSockEventHandler
200052c1   SimpleLinkWlanEventHandler
20006941   TrimSpace
20009fa5   UARTCharGet
20009d51   UARTCharPut
20008d25   UARTConfigSetExpClk
20009a8d   UARTDisable
20009c41   UARTEnable
20006b13   UDMAChannelSelect
20006c2b   UDMADeInit
20006abb   UDMAInit
20006b85   UDMASetupAutoMemTransfer
20006bb9   UDMASetupPingPongTransfer
20006c13   UDMAStartTransfer
20006c1f   UDMAStopTransfer
2000a11b   UtilsDelay
2000a0b3   _Dclass
2000965d   _Dtest
2000a628   _SlActionLookupTable
200064e1   _SlAsyncEventGenericHandler
2000a740   _SlDeviceGetCmdCtrl
2000a744   _SlDeviceSetCmdCtrl
200099f5   _SlDrvBasicCmd
2000844d   _SlDrvClassifyRxMsg
20008721   _SlDrvCmdOp
20009d11   _SlDrvCmdSend
20009ecf   _SlDrvDeviceEventHandler
20009015   _SlDrvDriverCBDeinit
20008609   _SlDrvDriverCBInit
20009abd   _SlDrvFlowContDeinit
20009aed   _SlDrvFlowContInit
2000612d   _SlDrvMsgRead
20007f25   _SlDrvMsgReadCmdCtx
200084e1   _SlDrvMsgReadSpawnCtx
200077cd   _SlDrvMsgWrite
20007fe1   _SlDrvNetAppEventHandler
20009d71   _SlDrvObjDeInit
200098dd   _SlDrvObjInit
200078e1   _SlDrvReleasePoolObj
200071e1   _SlDrvRxHdrRead
20009725   _SlDrvRxIrqHandler
20009ff9   _SlDrvShiftDWord
200076b5   _SlDrvWaitForPoolObj
2000a73c   _SlEventMaskGetCmdCtrl
2000a738   _SlEventMaskSetCmdCtrl
20008321   _SlFindAndSetActiveObj
2000a6a4   _SlGetHostByNameCtrl
2000a6a0   _SlGetHostByServiceCtrl
2000a698   _SlGetServiceListeCtrl
2000a6b0   _SlNetAppGetCmdCtrl
2000a6ac   _SlNetAppSendTokenValueCmdCtrl
2000a6a8   _SlNetAppSetCmdCtrl
2000a690   _SlNetAppStartCtrl
2000a694   _SlNetAppStopCtrl
2000a758   _SlNetCfgGetCmdCtrl
2000a754   _SlNetCfgSetCmdCtrl
20009765   _SlNonOsMainLoopTask
20009b1d   _SlNonOsSemGet
2000a10b   _SlNonOsSemSet
20009d31   _SlNonOsSpawn
2000a334   _SlPolicyGetCmdCtrl
2000a330   _SlPolicySetCmdCtrl
2000a33c   _SlProfileDelCmdCtrl
2000a338   _SlProfileGetCmdCtrl
2000a69c   _SlRegisterServiceCtrl
200097a5   _SlRemoveFromList
2000a344   _SlRxFilterAddtCmdCtrl
2000a34c   _SlRxFilterGetCmdCtrl
2000a348   _SlRxFilterSetCmdCtrl
2000a350   _SlSmartConfigStartCmdCtrl
2000a734   _SlStopCmdCtrl
2000a35c   _SlWlanCfgGetCmdCtrl
2000a358   _SlWlanCfgSetCmdCtrl
2000a340   _SlWlanGetNetworkListCtrl
2000a354   _SlWlanSetModeCmdCtrl
20030000   __STACK_END
00000800   __STACK_SIZE
00000800   __SYSMEM_SIZE
2000a7a8   __TI_CINIT_Base
2000a7b8   __TI_CINIT_Limit
2000a794   __TI_Handler_Table_Base
2000a7a0   __TI_Handler_Table_Limit
00000001   __TI_args_main
20008575   __TI_auto_init
20017f58   __TI_cleanup_ptr
2000a0a5   __TI_decompress_none
2000a121   __TI_decompress_rle24
20017f5c   __TI_dtors_ptr
20004fb7   __TI_printfi
2000a760   __TI_static_base__
2000a05d   __TI_zero_init
200088b9   __aeabi_cdcmpeq
200088b9   __aeabi_cdcmple
2000893f   __aeabi_cdrcmple
20009501   __aeabi_d2iz
20006e97   __aeabi_dadd
20007321   __aeabi_ddiv
200079ed   __aeabi_dmul
20006e8d   __aeabi_dsub
20009b4d   __aeabi_i2d
20009f61   __aeabi_lmul
20008cad   __aeabi_memclr
20008cad   __aeabi_memclr4
20008cad   __aeabi_memclr8
20008285   __aeabi_memcpy
20008285   __aeabi_memcpy4
20008285   __aeabi_memcpy8
20008caf   __aeabi_memset
20008caf   __aeabi_memset4
20008caf   __aeabi_memset8
20006c99   __aeabi_uldivmod
ffffffff   __binit__
ffffffff   __c_args__
2002f800   __stack
20009f49   _args_main
20009a29   _c_int00
2000a128   _ctypes_
20017f50   _lock
2000a01b   _nop
2000a013   _register_lock
2000a00d   _register_unlock
2000946d   _sl_GetStartResponseConvert
20008e7d   _sl_HandleAsync_Accept
20008e11   _sl_HandleAsync_Connect
200089c5   _sl_HandleAsync_DnsGetHostByName
20008ee5   _sl_HandleAsync_DnsGetHostByService
20008bbd   _sl_HandleAsync_InitComplete
20008c35   _sl_HandleAsync_PingResponse
200090d5   _sl_HandleAsync_Select
2000923d   _sl_HandleAsync_Stop
20017000   _sys_memory
20017f54   _unlock
2000961d   abort
200093d5   atoi
ffffffff   binit
200060f5   calloc
200095d5   copy_in
20009625   exit
20005e4f   free
20017d60   gFirstCmdMode
2000a620   g_H2NCnysPattern
2000a618   g_H2NSyncPattern
20017ecc   g_SpiFd
20017d68   g_StatMem
20017d00   g__SlNonOsCB
20017d58   g_cDummy
20017d64   g_pCB
20017ed0   g_pHostIntHdl
20004000   g_pfnVectors
20017d4c   g_ucConnectionBSSID
20017d28   g_ucConnectionSSID
20017ed4   g_ucDMAEnabled
20017ed8   g_ucDinDout
20017f3c   g_ucSimplelinkstarted
20017f34   g_uiPortNum
20017f30   g_ulDestinationIp
20017f2c   g_ulGatewayIP
20017f40   g_ulIpAddr
20017f38   g_ulPacketCount
20017f28   g_ulStatus
20017c00   gfpAppCallbackHndl
20017800   gpCtlTbl
20017d59   iDone
20009131   ltoa
20005b05   main
20017f60   main_func_sp
20005ded   malloc
20006015   memalign
20009da9   memccpy
20008285   memcpy
20009c65   memmove
20008cb5   memset
20005d61   minit
20017d5c   pPingCallBackFunc
20005f0f   realloc
20008ac9   sl_DevGet
20008831   sl_NetAppMDNSRegisterUnregisterService
2000a06f   sl_NetAppMDNSUnRegisterService
200092e9   sl_NetAppSendTokenValue
200096a1   sl_NetCfgSet
20007e5d   sl_Start
20007cc5   sl_Stop
20007045   sl_WlanConnect
2000a113   sl_WlanDisconnect
200097e5   sl_WlanPolicySet
20009c89   sl_WlanProfileDel
20009825   sl_WlanRxFilterSet
20009549   sl_WlanSet
20009bd1   sl_WlanSetMode
20008d9d   spi_Close
2000758d   spi_Open
20007d91   spi_Read
20007bd9   spi_Write
2000a021   strlen
20009421   uDMAChannelAssign
20008f4d   uDMAChannelAttributeDisable
20008fb1   uDMAChannelAttributeEnable
20009919   uDMAChannelControlSet
20009dc5   uDMAChannelDisable
20009de1   uDMAChannelEnable
20009dfd   uDMAChannelRequest
20007ae9   uDMAChannelTransferSet
2000a035   uDMAControlBaseSet
2000a0dd   uDMADisable
2000a0e9   uDMAEnable
2000a049   uDMAIntClear
20009fbb   uDMAIntRegister
2000a0f5   uDMAIntStatus
2000a081   uDMAIntUnregister
200087a9   vsnprintf


GLOBAL SYMBOLS: SORTED BY Symbol Address 

address    name
--------   ----
00000001   __TI_args_main
00000800   __STACK_SIZE
00000800   __SYSMEM_SIZE
20004000   g_pfnVectors
20004fb7   __TI_printfi
200052c1   SimpleLinkWlanEventHandler
200053cf   SimpleLinkNetAppEventHandler
2000547d   SimpleLinkHttpServerCallback
2000549d   SimpleLinkGeneralEventHandler
200054b7   SimpleLinkSockEventHandler
20005b05   main
20005d61   minit
20005ded   malloc
20005e4f   free
20005f0f   realloc
20006015   memalign
200060f5   calloc
2000612d   _SlDrvMsgRead
200064e1   _SlAsyncEventGenericHandler
2000682d   InitTerm
2000684b   Message
2000686d   ClearTerm
20006877   Error
200068af   GetCmd
20006941   TrimSpace
200069d9   Report
20006a99   DmaSwIntHandler
20006aaf   DmaErrorIntHandler
20006abb   UDMAInit
20006b13   UDMAChannelSelect
20006b41   SetupTransfer
20006b85   UDMASetupAutoMemTransfer
20006bb9   UDMASetupPingPongTransfer
20006c13   UDMAStartTransfer
20006c1f   UDMAStopTransfer
20006c2b   UDMADeInit
20006c3f   DMASetupTransfer
20006c99   __aeabi_uldivmod
20006e8d   __aeabi_dsub
20006e97   __aeabi_dadd
20007045   sl_WlanConnect
200071e1   _SlDrvRxHdrRead
20007321   __aeabi_ddiv
20007459   PRCMCC3200MCUInit
2000758d   spi_Open
200076b5   _SlDrvWaitForPoolObj
200077cd   _SlDrvMsgWrite
200078e1   _SlDrvReleasePoolObj
200079ed   __aeabi_dmul
20007ae9   uDMAChannelTransferSet
20007bd9   spi_Write
20007cc5   sl_Stop
20007d91   spi_Read
20007e5d   sl_Start
20007f25   _SlDrvMsgReadCmdCtx
20007fe1   _SlDrvNetAppEventHandler
20008095   IntDisable
2000813d   IntEnable
200081e5   SPIConfigSetExpClk
20008285   __aeabi_memcpy
20008285   __aeabi_memcpy4
20008285   __aeabi_memcpy8
20008285   memcpy
20008321   _SlFindAndSetActiveObj
200083b9   PRCMPeripheralClockGet
2000844d   _SlDrvClassifyRxMsg
200084e1   _SlDrvMsgReadSpawnCtx
20008575   __TI_auto_init
20008609   _SlDrvDriverCBInit
20008699   PinConfigSet
20008721   _SlDrvCmdOp
200087a9   vsnprintf
20008831   sl_NetAppMDNSRegisterUnregisterService
200088b9   __aeabi_cdcmpeq
200088b9   __aeabi_cdcmple
2000893f   __aeabi_cdrcmple
200089c5   _sl_HandleAsync_DnsGetHostByName
20008a49   NwpPowerOnPreamble
20008ac9   sl_DevGet
20008bbd   _sl_HandleAsync_InitComplete
20008c35   _sl_HandleAsync_PingResponse
20008cad   __aeabi_memclr
20008cad   __aeabi_memclr4
20008cad   __aeabi_memclr8
20008caf   __aeabi_memset
20008caf   __aeabi_memset4
20008caf   __aeabi_memset8
20008cb5   memset
20008d25   UARTConfigSetExpClk
20008d9d   spi_Close
20008e11   _sl_HandleAsync_Connect
20008e7d   _sl_HandleAsync_Accept
20008ee5   _sl_HandleAsync_DnsGetHostByService
20008f4d   uDMAChannelAttributeDisable
20008fb1   uDMAChannelAttributeEnable
20009015   _SlDrvDriverCBDeinit
200090d5   _sl_HandleAsync_Select
20009131   ltoa
2000918d   IntPendClear
200091e5   PRCMPeripheralReset
2000923d   _sl_HandleAsync_Stop
20009295   IntPrioritySet
200092e9   sl_NetAppSendTokenValue
2000933d   SPIIntEnable
200093d5   atoi
20009421   uDMAChannelAssign
2000946d   _sl_GetStartResponseConvert
200094b9   SPIIntClear
20009501   __aeabi_d2iz
20009549   sl_WlanSet
200095d5   copy_in
20009619   C$$EXIT
2000961d   abort
20009625   exit
2000965d   _Dtest
200096a1   sl_NetCfgSet
200096e5   PinModeSet
20009725   _SlDrvRxIrqHandler
20009765   _SlNonOsMainLoopTask
200097a5   _SlRemoveFromList
200097e5   sl_WlanPolicySet
20009825   sl_WlanRxFilterSet
20009865   NwpPowerOff
200098a1   PRCMPeripheralClkEnable
200098dd   _SlDrvObjInit
20009919   uDMAChannelControlSet
20009955   NwpRegisterInterruptHandler
2000998d   PRCMPeripheralStatusGet
200099c1   SPIFIFOLevelSet
200099f5   _SlDrvBasicCmd
20009a29   _c_int00
20009a5d   NwpPowerOn
20009a8d   UARTDisable
20009abd   _SlDrvFlowContDeinit
20009aed   _SlDrvFlowContInit
20009b1d   _SlNonOsSemGet
20009b4d   __aeabi_i2d
20009b7d   PRCMSysResetCauseGet
20009ba9   PRCMPeripheralClkDisable
20009bd1   sl_WlanSetMode
20009bf9   DmaSpiSwIntHandler
20009c1d   IntUnregister
20009c41   UARTEnable
20009c65   memmove
20009c89   sl_WlanProfileDel
20009cad   SPIReset
20009ccf   SPIWordCountSet
20009cf1   IntRegister
20009d11   _SlDrvCmdSend
20009d31   _SlNonOsSpawn
20009d51   UARTCharPut
20009d71   _SlDrvObjDeInit
20009d8d   PinMuxConfig
20009da9   memccpy
20009dc5   uDMAChannelDisable
20009de1   uDMAChannelEnable
20009dfd   uDMAChannelRequest
20009e19   CopyPingResultsToReport
20009e33   PinTypeUART
20009e4d   SPIDmaDisable
20009e67   SPIDmaEnable
20009e81   SPIFIFODisable
20009e9b   SPIFIFOEnable
20009eb5   SPIIntUnregister
20009ecf   _SlDrvDeviceEventHandler
20009ee9   SPICSDisable
20009f01   SPICSEnable
20009f19   SPIDisable
20009f31   SPIEnable
20009f49   _args_main
20009f61   __aeabi_lmul
20009f79   PRCMHIBRegRead
20009f8f   PRCMHIBRegWrite
20009fa5   UARTCharGet
20009fbb   uDMAIntRegister
20009fd1   CPUcpsie
20009fe5   IntVTableBaseSet
20009ff9   _SlDrvShiftDWord
2000a00d   _register_unlock
2000a013   _register_lock
2000a01b   _nop
2000a021   strlen
2000a035   uDMAControlBaseSet
2000a049   uDMAIntClear
2000a05d   __TI_zero_init
2000a06f   sl_NetAppMDNSUnRegisterService
2000a081   uDMAIntUnregister
2000a095   NwpMaskInterrupt
2000a0a5   __TI_decompress_none
2000a0b3   _Dclass
2000a0c1   ResetISR
2000a0d1   NwpUnMaskInterrupt
2000a0dd   uDMADisable
2000a0e9   uDMAEnable
2000a0f5   uDMAIntStatus
2000a101   IntMasterEnable
2000a10b   _SlNonOsSemSet
2000a113   sl_WlanDisconnect
2000a11b   UtilsDelay
2000a121   __TI_decompress_rle24
2000a128   _ctypes_
2000a330   _SlPolicySetCmdCtrl
2000a334   _SlPolicyGetCmdCtrl
2000a338   _SlProfileGetCmdCtrl
2000a33c   _SlProfileDelCmdCtrl
2000a340   _SlWlanGetNetworkListCtrl
2000a344   _SlRxFilterAddtCmdCtrl
2000a348   _SlRxFilterSetCmdCtrl
2000a34c   _SlRxFilterGetCmdCtrl
2000a350   _SlSmartConfigStartCmdCtrl
2000a354   _SlWlanSetModeCmdCtrl
2000a358   _SlWlanCfgSetCmdCtrl
2000a35c   _SlWlanCfgGetCmdCtrl
2000a618   g_H2NSyncPattern
2000a620   g_H2NCnysPattern
2000a628   _SlActionLookupTable
2000a690   _SlNetAppStartCtrl
2000a694   _SlNetAppStopCtrl
2000a698   _SlGetServiceListeCtrl
2000a69c   _SlRegisterServiceCtrl
2000a6a0   _SlGetHostByServiceCtrl
2000a6a4   _SlGetHostByNameCtrl
2000a6a8   _SlNetAppSetCmdCtrl
2000a6ac   _SlNetAppSendTokenValueCmdCtrl
2000a6b0   _SlNetAppGetCmdCtrl
2000a734   _SlStopCmdCtrl
2000a738   _SlEventMaskSetCmdCtrl
2000a73c   _SlEventMaskGetCmdCtrl
2000a740   _SlDeviceGetCmdCtrl
2000a744   _SlDeviceSetCmdCtrl
2000a754   _SlNetCfgSetCmdCtrl
2000a758   _SlNetCfgGetCmdCtrl
2000a760   __TI_static_base__
2000a794   __TI_Handler_Table_Base
2000a7a0   __TI_Handler_Table_Limit
2000a7a8   __TI_CINIT_Base
2000a7b8   __TI_CINIT_Limit
20017000   _sys_memory
20017800   gpCtlTbl
20017c00   gfpAppCallbackHndl
20017d00   g__SlNonOsCB
20017d28   g_ucConnectionSSID
20017d4c   g_ucConnectionBSSID
20017d58   g_cDummy
20017d59   iDone
20017d5c   pPingCallBackFunc
20017d60   gFirstCmdMode
20017d64   g_pCB
20017d68   g_StatMem
20017ecc   g_SpiFd
20017ed0   g_pHostIntHdl
20017ed4   g_ucDMAEnabled
20017ed8   g_ucDinDout
20017f28   g_ulStatus
20017f2c   g_ulGatewayIP
20017f30   g_ulDestinationIp
20017f34   g_uiPortNum
20017f38   g_ulPacketCount
20017f3c   g_ucSimplelinkstarted
20017f40   g_ulIpAddr
20017f50   _lock
20017f54   _unlock
20017f58   __TI_cleanup_ptr
20017f5c   __TI_dtors_ptr
20017f60   main_func_sp
2002f800   __stack
20030000   __STACK_END
ffffffff   __binit__
ffffffff   __c_args__
ffffffff   binit
UNDEFED    SHT$$INIT_ARRAY$$Base
UNDEFED    SHT$$INIT_ARRAY$$Limit

[272 symbols]
