******************************************************************************
                  TI ARM Linker PC v5.1.6                      
******************************************************************************
>> Linked Tue Jan 27 02:05:49 2015

OUTPUT FILE NAME:   <udp_socket.out>
ENTRY POINT SYMBOL: "_c_int00"  address: 2000a855


MEMORY CONFIGURATION

         name            origin    length      used     unused   attr    fill
----------------------  --------  ---------  --------  --------  ----  --------
  SRAM_CODE             20004000   00013000  00007702  0000b8fe  RW X
  SRAM_DATA             20017000   00019000  00002704  000168fc  RW X


SEGMENT ALLOCATION MAP

run origin  load origin   length   init length attrs members
----------  ----------- ---------- ----------- ----- -------
20004000    20004000    00007708   00007708    r-x
  20004000    20004000    00000400   00000400    r-- .intvecs
  20004400    20004400    00006c2e   00006c2e    r-x .text
  2000b030    2000b030    0000067c   0000067c    r-- .const
  2000b6b0    2000b6b0    00000058   00000058    r-- .cinit
20017000    20017000    00001f04   00000000    rw-
  20017000    20017000    00001500   00000000    rw- .bss
  20018500    20018500    00000800   00000000    rw- .sysmem
  20018d00    20018d00    00000204   00000000    rw- .data
2002f800    2002f800    00000800   00000000    rw-
  2002f800    2002f800    00000800   00000000    rw- .stack


SECTION ALLOCATION MAP

 output                                  attributes/
section   page    origin      length       input sections
--------  ----  ----------  ----------   ----------------
.init_array 
*          0    20004000    00000000     UNINITIALIZED

.intvecs   0    20004000    00000400     
                  20004000    00000400     startup_ccs.obj (.intvecs)

.text      0    20004400    00006c2e     
                  20004400    00001298     main.obj (.text)
                  20005698    00000ec0     rtsv7M4_T_le_eabi.lib : _printfi.obj (.text)
                  20006558    000003cc                           : memory.obj (.text)
                  20006924    000003b4     simplelink.a : driver.obj (.text:_SlDrvMsgRead)
                  20006cd8    0000034c                  : driver.obj (.text:_SlAsyncEventGenericHandler)
                  20007024    000002a2     uart_if.obj (.text)
                  200072c6    0000021a     udma_if.obj (.text)
                  200074e0    000001f4     rtsv7M4_T_le_eabi.lib : ull_div_t2.obj (.text)
                  200076d4    000001b6                           : fd_add_t2.obj (.text)
                  2000788a    00000002     driverlib.a : interrupt.obj (.text:IntDefaultHandler)
                  2000788c    0000019c     simplelink.a : wlan.obj (.text:sl_WlanConnect)
                  20007a28    0000017c                  : driver.obj (.text:_SlDrvDataReadOp)
                  20007ba4    00000140                  : driver.obj (.text:_SlDrvDataWriteOp)
                  20007ce4    00000140                  : driver.obj (.text:_SlDrvRxHdrRead)
                  20007e24    00000136     rtsv7M4_T_le_eabi.lib : fd_div_t2.obj (.text)
                  20007f5a    00000002     --HOLE-- [fill = 0]
                  20007f5c    00000134     driverlib.a : prcm.obj (.text:PRCMCC3200MCUInit)
                  20008090    00000128     simplelink.a : cc_pal.obj (.text:spi_Open)
                  200081b8    00000118                  : driver.obj (.text:_SlDrvWaitForPoolObj)
                  200082d0    00000118                  : socket.obj (.text:sl_Accept)
                  200083e8    00000114                  : driver.obj (.text:_SlDrvMsgWrite)
                  200084fc    0000010c                  : driver.obj (.text:_SlDrvReleasePoolObj)
                  20008608    000000fc     rtsv7M4_T_le_eabi.lib : fd_mul_t2.obj (.text)
                  20008704    000000f0     driverlib.a : udma.obj (.text:uDMAChannelTransferSet)
                  200087f4    000000ec     simplelink.a : cc_pal.obj (.text:spi_Write)
                  200088e0    000000cc                  : device.obj (.text:sl_Stop)
                  200089ac    000000cc                  : cc_pal.obj (.text:spi_Read)
                  20008a78    000000c8                  : device.obj (.text:sl_Start)
                  20008b40    000000bc                  : driver.obj (.text:_SlDrvMsgReadCmdCtx)
                  20008bfc    000000b4                  : socket.obj (.text:sl_SendTo)
                  20008cb0    000000b2                  : netapp.obj (.text:_SlDrvNetAppEventHandler)
                  20008d62    00000002     --HOLE-- [fill = 0]
                  20008d64    000000a8     driverlib.a : interrupt.obj (.text:IntDisable)
                  20008e0c    000000a8                 : interrupt.obj (.text:IntEnable)
                  20008eb4    000000a0                 : spi.obj (.text:SPIConfigSetExpClk)
                  20008f54    0000009c     rtsv7M4_T_le_eabi.lib : memcpy_t2.obj (.text)
                  20008ff0    00000098     simplelink.a : driver.obj (.text:_SlFindAndSetActiveObj)
                  20009088    00000094     driverlib.a : prcm.obj (.text:PRCMPeripheralClockGet)
                  2000911c    00000094     simplelink.a : driver.obj (.text:_SlDrvClassifyRxMsg)
                  200091b0    00000094                  : driver.obj (.text:_SlDrvMsgReadSpawnCtx)
                  20009244    00000094     rtsv7M4_T_le_eabi.lib : auto_init.obj (.text)
                  200092d8    00000090     simplelink.a : driver.obj (.text:_SlDrvDriverCBInit)
                  20009368    00000088     driverlib.a : pin.obj (.text:PinConfigSet)
                  200093f0    00000088     simplelink.a : driver.obj (.text:_SlDrvCmdOp)
                  20009478    00000088     rtsv7M4_T_le_eabi.lib : vsnprintf.obj (.text)
                  20009500    00000088     simplelink.a : netapp.obj (.text:sl_NetAppMDNSRegisterUnregisterService)
                  20009588    00000086     rtsv7M4_T_le_eabi.lib : fd_cmp_t2.obj (.text:__aeabi_cdcmple)
                  2000960e    00000086                           : fd_cmp_t2.obj (.text:__aeabi_cdrcmple)
                  20009694    00000084     simplelink.a : netapp.obj (.text:_sl_HandleAsync_DnsGetHostByName)
                  20009718    00000080                  : cc_pal.obj (.text:NwpPowerOnPreamble)
                  20009798    0000007c                  : device.obj (.text:sl_DevGet)
                  20009814    00000078                  : cc_pal.obj (.text:SetupDMAReceive)
                  2000988c    00000078                  : device.obj (.text:_sl_HandleAsync_InitComplete)
                  20009904    00000078                  : netapp.obj (.text:_sl_HandleAsync_PingResponse)
                  2000997c    00000078     rtsv7M4_T_le_eabi.lib : memset_t2.obj (.text)
                  200099f4    00000076     driverlib.a : uart.obj (.text:UARTConfigSetExpClk)
                  20009a6a    00000002     --HOLE-- [fill = 0]
                  20009a6c    00000074     simplelink.a : cc_pal.obj (.text:spi_Close)
                  20009ae0    0000006e                  : socket.obj (.text:_sl_TruncatePayloadByProtocol)
                  20009b4e    00000002     --HOLE-- [fill = 0]
                  20009b50    0000006c                  : socket.obj (.text:_sl_HandleAsync_Connect)
                  20009bbc    00000068                  : socket.obj (.text:_sl_HandleAsync_Accept)
                  20009c24    00000068                  : netapp.obj (.text:_sl_HandleAsync_DnsGetHostByService)
                  20009c8c    00000064     driverlib.a : udma.obj (.text:uDMAChannelAttributeDisable)
                  20009cf0    00000064                 : udma.obj (.text:uDMAChannelAttributeEnable)
                  20009d54    00000060     simplelink.a : driver.obj (.text:_SlDrvDriverCBDeinit)
                  20009db4    0000005e     rtsv7M4_T_le_eabi.lib : copy_decompress_rle.obj (.text)
                  20009e12    00000002     --HOLE-- [fill = 0]
                  20009e14    0000005c     simplelink.a : socket.obj (.text:_sl_HandleAsync_Select)
                  20009e70    0000005c                  : socket.obj (.text:sl_Bind)
                  20009ecc    0000005a     rtsv7M4_T_le_eabi.lib : ltoa.obj (.text)
                  20009f26    00000002     --HOLE-- [fill = 0]
                  20009f28    00000058     driverlib.a : interrupt.obj (.text:IntPendClear)
                  20009f80    00000058                 : prcm.obj (.text:PRCMPeripheralReset)
                  20009fd8    00000058     simplelink.a : device.obj (.text:_sl_HandleAsync_Stop)
                  2000a030    00000054     driverlib.a : interrupt.obj (.text:IntPrioritySet)
                  2000a084    00000054     simplelink.a : netapp.obj (.text:sl_NetAppSendTokenValue)
                  2000a0d8    0000004c     driverlib.a : spi.obj (.text:SPIIntEnable)
                  2000a124    0000004c                 : spi.obj (.text:SPIIntNumberGet)
                  2000a170    0000004c     rtsv7M4_T_le_eabi.lib : atoi.obj (.text)
                  2000a1bc    0000004c     simplelink.a : socket.obj (.text:sl_SetSockOpt)
                  2000a208    0000004c     driverlib.a : udma.obj (.text:uDMAChannelAssign)
                  2000a254    0000004a     simplelink.a : device.obj (.text:_sl_GetStartResponseConvert)
                  2000a29e    00000002     --HOLE-- [fill = 0]
                  2000a2a0    00000048     driverlib.a : spi.obj (.text:SPIIntClear)
                  2000a2e8    00000048     rtsv7M4_T_le_eabi.lib : fd_toi_t2.obj (.text)
                  2000a330    00000048     simplelink.a : wlan.obj (.text:sl_WlanSet)
                  2000a378    00000044     driverlib.a : spi.obj (.text:SPIDmaMaskGet)
                  2000a3bc    00000044     rtsv7M4_T_le_eabi.lib : cpy_tbl.obj (.text)
                  2000a400    00000044                           : exit.obj (.text)
                  2000a444    00000044                           : xdtest.obj (.text)
                  2000a488    00000044     simplelink.a : netcfg.obj (.text:sl_NetCfgSet)
                  2000a4cc    00000044                  : socket.obj (.text:sl_Recv)
                  2000a510    00000040     driverlib.a : pin.obj (.text:PinModeSet)
                  2000a550    00000040     simplelink.a : driver.obj (.text:_SlDrvRxIrqHandler)
                  2000a590    00000040                  : nonos.obj (.text:_SlNonOsMainLoopTask)
                  2000a5d0    00000040                  : driver.obj (.text:_SlRemoveFromList)
                  2000a610    00000040                  : wlan.obj (.text:sl_WlanPolicySet)
                  2000a650    00000040                  : wlan.obj (.text:sl_WlanRxFilterSet)
                  2000a690    0000003c                  : cc_pal.obj (.text:NwpPowerOff)
                  2000a6cc    0000003c     driverlib.a : prcm.obj (.text:PRCMPeripheralClkEnable)
                  2000a708    0000003c     simplelink.a : driver.obj (.text:_SlDrvObjInit)
                  2000a744    0000003c     driverlib.a : udma.obj (.text:uDMAChannelControlSet)
                  2000a780    00000038     simplelink.a : cc_pal.obj (.text:NwpRegisterInterruptHandler)
                  2000a7b8    00000034     driverlib.a : prcm.obj (.text:PRCMPeripheralStatusGet)
                  2000a7ec    00000034                 : spi.obj (.text:SPIFIFOLevelSet)
                  2000a820    00000034     simplelink.a : driver.obj (.text:_SlDrvBasicCmd)
                  2000a854    00000034     rtsv7M4_T_le_eabi.lib : boot.obj (.text)
                  2000a888    00000034     simplelink.a : socket.obj (.text:sl_Htons)
                  2000a8bc    00000030                  : cc_pal.obj (.text:NwpPowerOn)
                  2000a8ec    00000030     driverlib.a : uart.obj (.text:UARTDisable)
                  2000a91c    00000030     simplelink.a : flowcont.obj (.text:_SlDrvFlowContDeinit)
                  2000a94c    00000030                  : flowcont.obj (.text:_SlDrvFlowContInit)
                  2000a97c    00000030                  : nonos.obj (.text:_SlNonOsSemGet)
                  2000a9ac    00000030                  : socket.obj (.text:sl_Socket)
                  2000a9dc    0000002e     rtsv7M4_T_le_eabi.lib : i_tofd_t2.obj (.text)
                  2000aa0a    00000002     --HOLE-- [fill = 0]
                  2000aa0c    0000002c     driverlib.a : prcm.obj (.text:PRCMSysResetCauseGet)
                  2000aa38    0000002c     simplelink.a : socket.obj (.text:sl_Listen)
                  2000aa64    00000028     driverlib.a : prcm.obj (.text:PRCMPeripheralClkDisable)
                  2000aa8c    00000028     simplelink.a : socket.obj (.text:_sl_BuildAddress)
                  2000aab4    00000028                  : wlan.obj (.text:sl_WlanSetMode)
                  2000aadc    00000024                  : cc_pal.obj (.text:DmaSpiSwIntHandler)
                  2000ab00    00000024     driverlib.a : interrupt.obj (.text:IntUnregister)
                  2000ab24    00000024                 : uart.obj (.text:UARTEnable)
                  2000ab48    00000024     rtsv7M4_T_le_eabi.lib : memmov.obj (.text)
                  2000ab6c    00000024     simplelink.a : socket.obj (.text:sl_Close)
                  2000ab90    00000024                  : wlan.obj (.text:sl_WlanProfileDel)
                  2000abb4    00000022     driverlib.a : spi.obj (.text:SPIReset)
                  2000abd6    00000022                 : spi.obj (.text:SPIWordCountSet)
                  2000abf8    00000020                 : interrupt.obj (.text:IntRegister)
                  2000ac18    00000020     simplelink.a : driver.obj (.text:_SlDrvCmdSend)
                  2000ac38    00000020                  : nonos.obj (.text:_SlNonOsSpawn)
                  2000ac58    0000001e     driverlib.a : uart.obj (.text:UARTCharPut)
                  2000ac76    00000002     --HOLE-- [fill = 0]
                  2000ac78    0000001c     simplelink.a : driver.obj (.text:_SlDrvObjDeInit)
                  2000ac94    0000001c     pinmux.obj (.text)
                  2000acb0    0000001c     rtsv7M4_T_le_eabi.lib : memccpy.obj (.text)
                  2000accc    0000001c     driverlib.a : udma.obj (.text:uDMAChannelDisable)
                  2000ace8    0000001c                 : udma.obj (.text:uDMAChannelEnable)
                  2000ad04    0000001c                 : udma.obj (.text:uDMAChannelRequest)
                  2000ad20    0000001a     simplelink.a : netapp.obj (.text:CopyPingResultsToReport)
                  2000ad3a    0000001a     driverlib.a : pin.obj (.text:PinTypeUART)
                  2000ad54    0000001a                 : spi.obj (.text:SPIDmaDisable)
                  2000ad6e    0000001a                 : spi.obj (.text:SPIDmaEnable)
                  2000ad88    0000001a                 : spi.obj (.text:SPIFIFODisable)
                  2000ada2    0000001a                 : spi.obj (.text:SPIFIFOEnable)
                  2000adbc    0000001a                 : spi.obj (.text:SPIIntUnregister)
                  2000add6    0000001a     simplelink.a : device.obj (.text:_SlDrvDeviceEventHandler)
                  2000adf0    00000018     driverlib.a : spi.obj (.text:SPICSDisable)
                  2000ae08    00000018                 : spi.obj (.text:SPICSEnable)
                  2000ae20    00000018                 : spi.obj (.text:SPIDisable)
                  2000ae38    00000018                 : spi.obj (.text:SPIEnable)
                  2000ae50    00000018     rtsv7M4_T_le_eabi.lib : args_main.obj (.text)
                  2000ae68    00000018                           : ll_mul_t2.obj (.text)
                  2000ae80    00000016     driverlib.a : prcm.obj (.text:PRCMHIBRegRead)
                  2000ae96    00000016                 : prcm.obj (.text:PRCMHIBRegWrite)
                  2000aeac    00000016                 : uart.obj (.text:UARTCharGet)
                  2000aec2    00000016                 : udma.obj (.text:uDMAIntRegister)
                  2000aed8    00000014                 : cpu.obj (.text:CPUcpsie)
                  2000aeec    00000014                 : interrupt.obj (.text:IntVTableBaseSet)
                  2000af00    00000014     simplelink.a : driver.obj (.text:_SlDrvShiftDWord)
                  2000af14    00000014     rtsv7M4_T_le_eabi.lib : _lock.obj (.text)
                  2000af28    00000014                           : strlen.obj (.text)
                  2000af3c    00000014     driverlib.a : udma.obj (.text:uDMAControlBaseSet)
                  2000af50    00000014                 : udma.obj (.text:uDMAIntClear)
                  2000af64    00000012     rtsv7M4_T_le_eabi.lib : copy_zero_init.obj (.text:decompress:ZI)
                  2000af76    00000012     simplelink.a : netapp.obj (.text:sl_NetAppMDNSUnRegisterService)
                  2000af88    00000012     driverlib.a : udma.obj (.text:uDMAIntUnregister)
                  2000af9a    00000002     --HOLE-- [fill = 0]
                  2000af9c    00000010     simplelink.a : cc_pal.obj (.text:NwpMaskInterrupt)
                  2000afac    0000000e     rtsv7M4_T_le_eabi.lib : copy_decompress_none.obj (.text:decompress:none)
                  2000afba    0000000e                           : xdclass.obj (.text)
                  2000afc8    0000000e     startup_ccs.obj (.text)
                  2000afd6    00000002     --HOLE-- [fill = 0]
                  2000afd8    0000000c     simplelink.a : cc_pal.obj (.text:NwpUnMaskInterrupt)
                  2000afe4    0000000c     driverlib.a : udma.obj (.text:uDMADisable)
                  2000aff0    0000000c                 : udma.obj (.text:uDMAEnable)
                  2000affc    0000000c                 : udma.obj (.text:uDMAIntStatus)
                  2000b008    0000000a                 : interrupt.obj (.text:IntMasterEnable)
                  2000b012    00000008     simplelink.a : nonos.obj (.text:_SlNonOsSemSet)
                  2000b01a    00000008                  : wlan.obj (.text:sl_WlanDisconnect)
                  2000b022    00000006     driverlib.a : utils.obj (.text:UtilsDelay)
                  2000b028    00000006     rtsv7M4_T_le_eabi.lib : copy_decompress_rle.obj (.text:decompress:rle24)

.const     0    2000b030    0000067c     
                  2000b030    00000102     rtsv7M4_T_le_eabi.lib : ctype.obj (.const:.string:_ctypes_)
                  2000b132    00000002     --HOLE-- [fill = 0]
                  2000b134    00000100     driverlib.a : pin.obj (.const:g_ulPinToPadMap)
                  2000b234    000000ec     simplelink.a : wlan.obj (.const)
                  2000b320    000000d4     driverlib.a : interrupt.obj (.const:g_pulRegs)
                  2000b3f4    000000a8                 : prcm.obj (.const:PRCM_PeriphRegsList)
                  2000b49c    00000080                 : interrupt.obj (.const)
                  2000b51c    0000004c     simplelink.a : driver.obj (.const)
                  2000b568    00000034                  : socket.obj (.const)
                  2000b59c    0000002c     main.obj (.const:$P$T1$2)
                  2000b5c8    0000002b     main.obj (.const:.string)
                  2000b5f3    00000001     --HOLE-- [fill = 0]
                  2000b5f4    00000028     simplelink.a : netapp.obj (.const)
                  2000b61c    00000024     driverlib.a : spi.obj (.const:g_ppulSPIIntMap)
                  2000b640    00000022     main.obj (.const:.string:$P$T0$1)
                  2000b662    00000002     --HOLE-- [fill = 0]
                  2000b664    00000018     driverlib.a : spi.obj (.const)
                  2000b67c    00000014     main.obj (.const)
                  2000b690    00000014     simplelink.a : device.obj (.const)
                  2000b6a4    00000008                  : netcfg.obj (.const)

.cinit     0    2000b6b0    00000058     
                  2000b6b0    0000002e     (.cinit..data.load) [load image, compression = rle]
                  2000b6de    00000002     --HOLE-- [fill = 0]
                  2000b6e0    0000000c     (__TI_handler_table)
                  2000b6ec    00000004     --HOLE-- [fill = 0]
                  2000b6f0    00000008     (.cinit..bss.load) [load image, compression = zero_init]
                  2000b6f8    00000010     (__TI_cinit_table)

.bss       0    20017000    00001500     UNINITIALIZED
                  20017000    00000fa0     main.obj (.bss:g_cBsdBuf)
                  20017fa0    00000028     simplelink.a : nonos.obj (.bss:g__SlNonOsCB)
                  20017fc8    00000024     main.obj (.bss:g_ucConnectionSSID)
                  20017fec    00000008     (.common:g_ucConnectionBSSID)
                  20017ff4    00000004     (.common:__Errorlog)
                  20017ff8    00000001     (.common:g_cDummy)
                  20017ff9    00000001     (.common:iDone)
                  20017ffa    00000006     --HOLE--
                  20018000    00000400     udma_if.obj (.bss:gpCtlTbl)
                  20018400    00000100     udma_if.obj (.bss:gfpAppCallbackHndl)

.sysmem    0    20018500    00000800     UNINITIALIZED
                  20018500    00000008     rtsv7M4_T_le_eabi.lib : memory.obj (.sysmem)
                  20018508    000007f8     --HOLE--

.data      0    20018d00    00000204     UNINITIALIZED
                  20018d00    00000170     simplelink.a : driver.obj (.data)
                  20018e70    0000005c                  : cc_pal.obj (.data)
                  20018ecc    00000018     main.obj (.data)
                  20018ee4    0000000c     rtsv7M4_T_le_eabi.lib : memory.obj (.data)
                  20018ef0    00000008                           : _lock.obj (.data)
                  20018ef8    00000008                           : exit.obj (.data)
                  20018f00    00000004                           : stkdepth_vars.obj (.data)

.stack     0    2002f800    00000800     UNINITIALIZED
                  2002f800    00000800     --HOLE--


LINKER GENERATED COPY TABLES

__TI_cinit_table @ 2000b6f8 records: 2, size/record: 8, table size: 16
	.data: load addr=2000b6b0, load size=0000002e bytes, run addr=20018d00, run size=00000204 bytes, compression=rle
	.bss: load addr=2000b6f0, load size=00000008 bytes, run addr=20017000, run size=00001500 bytes, compression=zero_init


LINKER GENERATED HANDLER TABLE

__TI_handler_table @ 2000b6e0 records: 3, size/record: 4, table size: 12
	index: 0, handler: __TI_decompress_rle24
	index: 1, handler: __TI_decompress_none
	index: 2, handler: __TI_zero_init


GLOBAL SYMBOLS: SORTED ALPHABETICALLY BY Name 

address    name
--------   ----
20004dfd   BsdTcpServer
200051c1   BsdUdpClient
2000a401   C$$EXIT
2000aed9   CPUcpsie
2000707b   ClearTerm
2000ad21   CopyPingResultsToReport
2000749d   DMASetupTransfer
200072e3   DmaErrorIntHandler
2000aadd   DmaSpiSwIntHandler
200072c7   DmaSwIntHandler
20007085   Error
200070c3   GetCmd
20007025   InitTerm
20008d65   IntDisable
20008e0d   IntEnable
2000b009   IntMasterEnable
20009f29   IntPendClear
2000a031   IntPrioritySet
2000abf9   IntRegister
2000ab01   IntUnregister
2000aeed   IntVTableBaseSet
2000704f   Message
2000af9d   NwpMaskInterrupt
2000a691   NwpPowerOff
2000a8bd   NwpPowerOn
20009719   NwpPowerOnPreamble
2000a781   NwpRegisterInterruptHandler
2000afd9   NwpUnMaskInterrupt
20007f5d   PRCMCC3200MCUInit
2000ae81   PRCMHIBRegRead
2000ae97   PRCMHIBRegWrite
2000aa65   PRCMPeripheralClkDisable
2000a6cd   PRCMPeripheralClkEnable
20009089   PRCMPeripheralClockGet
20009f81   PRCMPeripheralReset
2000a7b9   PRCMPeripheralStatusGet
2000aa0d   PRCMSysResetCauseGet
20009369   PinConfigSet
2000a511   PinModeSet
2000ac95   PinMuxConfig
2000ad3b   PinTypeUART
20007213   Report
2000afc9   ResetISR
UNDEFED    SHT$$INIT_ARRAY$$Base
UNDEFED    SHT$$INIT_ARRAY$$Limit
2000adf1   SPICSDisable
2000ae09   SPICSEnable
20008eb5   SPIConfigSetExpClk
2000ae21   SPIDisable
2000ad55   SPIDmaDisable
2000ad6f   SPIDmaEnable
2000ae39   SPIEnable
2000ad89   SPIFIFODisable
2000ada3   SPIFIFOEnable
2000a7ed   SPIFIFOLevelSet
2000a2a1   SPIIntClear
2000a0d9   SPIIntEnable
2000adbd   SPIIntUnregister
2000abb5   SPIReset
2000abd7   SPIWordCountSet
2000739f   SetupTransfer
200046ab   SimpleLinkGeneralEventHandler
2000469f   SimpleLinkHttpServerCallback
200045bd   SimpleLinkNetAppEventHandler
200046c5   SimpleLinkSockEventHandler
20004401   SimpleLinkWlanEventHandler
2000717b   TrimSpace
2000aead   UARTCharGet
2000ac59   UARTCharPut
200099f5   UARTConfigSetExpClk
2000a8ed   UARTDisable
2000ab25   UARTEnable
20007365   UDMAChannelSelect
20007489   UDMADeInit
200072ef   UDMAInit
200073e3   UDMASetupAutoMemTransfer
20007417   UDMASetupPingPongTransfer
20007471   UDMAStartTransfer
2000747d   UDMAStopTransfer
2000b023   UtilsDelay
2000afbb   _Dclass
2000a445   _Dtest
2000b588   _SlAcceptCmdCtrl
2000b530   _SlActionLookupTable
20006cd9   _SlAsyncEventGenericHandler
2000b69c   _SlDeviceGetCmdCtrl
2000b6a0   _SlDeviceSetCmdCtrl
2000a821   _SlDrvBasicCmd
2000911d   _SlDrvClassifyRxMsg
200093f1   _SlDrvCmdOp
2000ac19   _SlDrvCmdSend
20007a29   _SlDrvDataReadOp
20007ba5   _SlDrvDataWriteOp
2000add7   _SlDrvDeviceEventHandler
20009d55   _SlDrvDriverCBDeinit
200092d9   _SlDrvDriverCBInit
2000a91d   _SlDrvFlowContDeinit
2000a94d   _SlDrvFlowContInit
20006925   _SlDrvMsgRead
20008b41   _SlDrvMsgReadCmdCtx
200091b1   _SlDrvMsgReadSpawnCtx
200083e9   _SlDrvMsgWrite
20008cb1   _SlDrvNetAppEventHandler
2000ac79   _SlDrvObjDeInit
2000a709   _SlDrvObjInit
200084fd   _SlDrvReleasePoolObj
20007ce5   _SlDrvRxHdrRead
2000a551   _SlDrvRxIrqHandler
2000af01   _SlDrvShiftDWord
200081b9   _SlDrvWaitForPoolObj
2000b698   _SlEventMaskGetCmdCtrl
2000b694   _SlEventMaskSetCmdCtrl
20008ff1   _SlFindAndSetActiveObj
2000b60c   _SlGetHostByNameCtrl
2000b608   _SlGetHostByServiceCtrl
2000b600   _SlGetServiceListeCtrl
2000b594   _SlGetSockOptCmdCtrl
2000b584   _SlListenCmdCtrl
2000b618   _SlNetAppGetCmdCtrl
2000b614   _SlNetAppSendTokenValueCmdCtrl
2000b610   _SlNetAppSetCmdCtrl
2000b5f8   _SlNetAppStartCtrl
2000b5fc   _SlNetAppStopCtrl
2000b6a8   _SlNetCfgGetCmdCtrl
2000b6a4   _SlNetCfgSetCmdCtrl
2000a591   _SlNonOsMainLoopTask
2000a97d   _SlNonOsSemGet
2000b013   _SlNonOsSemSet
2000ac39   _SlNonOsSpawn
2000b23c   _SlPolicyGetCmdCtrl
2000b238   _SlPolicySetCmdCtrl
2000b244   _SlProfileDelCmdCtrl
2000b240   _SlProfileGetCmdCtrl
2000b58c   _SlRecvCmdCtrl
2000b57c   _SlRecvfomCmdCtrl
2000b604   _SlRegisterServiceCtrl
2000a5d1   _SlRemoveFromList
2000b24c   _SlRxFilterAddtCmdCtrl
2000b254   _SlRxFilterGetCmdCtrl
2000b250   _SlRxFilterSetCmdCtrl
2000b598   _SlSelectCmdCtrl
2000b580   _SlSendCmdCtrl
2000b590   _SlSetSockOptCmdCtrl
2000b258   _SlSmartConfigStartCmdCtrl
2000b578   _SlSockCloseCmdCtrl
2000b574   _SlSockSocketCmdCtrl
2000b690   _SlStopCmdCtrl
2000b264   _SlWlanCfgGetCmdCtrl
2000b260   _SlWlanCfgSetCmdCtrl
2000b248   _SlWlanGetNetworkListCtrl
2000b25c   _SlWlanSetModeCmdCtrl
20030000   __STACK_END
00000800   __STACK_SIZE
00000800   __SYSMEM_SIZE
2000b6f8   __TI_CINIT_Base
2000b708   __TI_CINIT_Limit
2000b6e0   __TI_Handler_Table_Base
2000b6ec   __TI_Handler_Table_Limit
00000001   __TI_args_main
20009245   __TI_auto_init
20018ef8   __TI_cleanup_ptr
2000afad   __TI_decompress_none
2000b029   __TI_decompress_rle24
20018efc   __TI_dtors_ptr
2000624f   __TI_printfi
2000b6b0   __TI_static_base__
2000af65   __TI_zero_init
20009589   __aeabi_cdcmpeq
20009589   __aeabi_cdcmple
2000960f   __aeabi_cdrcmple
2000a2e9   __aeabi_d2iz
200076df   __aeabi_dadd
20007e25   __aeabi_ddiv
20008609   __aeabi_dmul
200076d5   __aeabi_dsub
2000a9dd   __aeabi_i2d
2000ae69   __aeabi_lmul
2000997d   __aeabi_memclr
2000997d   __aeabi_memclr4
2000997d   __aeabi_memclr8
20008f55   __aeabi_memcpy
20008f55   __aeabi_memcpy4
20008f55   __aeabi_memcpy8
2000997f   __aeabi_memset
2000997f   __aeabi_memset4
2000997f   __aeabi_memset8
200074e1   __aeabi_uldivmod
ffffffff   __binit__
ffffffff   __c_args__
2002f800   __stack
2000ae51   _args_main
2000a855   _c_int00
2000b030   _ctypes_
20018ef0   _lock
2000af23   _nop
2000af1b   _register_lock
2000af15   _register_unlock
2000aa8d   _sl_BuildAddress
2000a255   _sl_GetStartResponseConvert
20009bbd   _sl_HandleAsync_Accept
20009b51   _sl_HandleAsync_Connect
20009695   _sl_HandleAsync_DnsGetHostByName
20009c25   _sl_HandleAsync_DnsGetHostByService
2000988d   _sl_HandleAsync_InitComplete
20009905   _sl_HandleAsync_PingResponse
20009e15   _sl_HandleAsync_Select
20009fd9   _sl_HandleAsync_Stop
20009ae1   _sl_TruncatePayloadByProtocol
20018500   _sys_memory
20018ef4   _unlock
2000a405   abort
2000a171   atoi
ffffffff   binit
200068ed   calloc
2000a3bd   copy_in
2000a40d   exit
20006647   free
20018d04   gFirstCmdMode
2000b528   g_H2NCnysPattern
2000b520   g_H2NSyncPattern
20018e70   g_SpiFd
20018d0c   g_StatMem
20017fa0   g__SlNonOsCB
20017000   g_cBsdBuf
20017ff8   g_cDummy
20018d08   g_pCB
20018e74   g_pHostIntHdl
20004000   g_pfnVectors
20017fec   g_ucConnectionBSSID
20017fc8   g_ucConnectionSSID
20018e78   g_ucDMAEnabled
20018e7c   g_ucDinDout
20018ed8   g_uiPortNum
20018ed4   g_ulDestinationIp
20018ed0   g_ulGatewayIP
20018ee0   g_ulIpAddr
20018edc   g_ulPacketCount
20018ecc   g_ulStatus
20018400   gfpAppCallbackHndl
20018000   gpCtlTbl
20017ff9   iDone
20009ecd   ltoa
200053fd   main
20018f00   main_func_sp
200065e5   malloc
2000680d   memalign
2000acb1   memccpy
20008f55   memcpy
2000ab49   memmove
20009985   memset
20006559   minit
20018d00   pPingCallBackFunc
20006707   realloc
200082d1   sl_Accept
20009e71   sl_Bind
2000ab6d   sl_Close
20009799   sl_DevGet
2000a889   sl_Htons
2000aa39   sl_Listen
20009501   sl_NetAppMDNSRegisterUnregisterService
2000af77   sl_NetAppMDNSUnRegisterService
2000a085   sl_NetAppSendTokenValue
2000a489   sl_NetCfgSet
2000a4cd   sl_Recv
20008bfd   sl_SendTo
2000a1bd   sl_SetSockOpt
2000a9ad   sl_Socket
20008a79   sl_Start
200088e1   sl_Stop
2000788d   sl_WlanConnect
2000b01b   sl_WlanDisconnect
2000a611   sl_WlanPolicySet
2000ab91   sl_WlanProfileDel
2000a651   sl_WlanRxFilterSet
2000a331   sl_WlanSet
2000aab5   sl_WlanSetMode
20009a6d   spi_Close
20008091   spi_Open
200089ad   spi_Read
200087f5   spi_Write
2000af29   strlen
2000a209   uDMAChannelAssign
20009c8d   uDMAChannelAttributeDisable
20009cf1   uDMAChannelAttributeEnable
2000a745   uDMAChannelControlSet
2000accd   uDMAChannelDisable
2000ace9   uDMAChannelEnable
2000ad05   uDMAChannelRequest
20008705   uDMAChannelTransferSet
2000af3d   uDMAControlBaseSet
2000afe5   uDMADisable
2000aff1   uDMAEnable
2000af51   uDMAIntClear
2000aec3   uDMAIntRegister
2000affd   uDMAIntStatus
2000af89   uDMAIntUnregister
20009479   vsnprintf


GLOBAL SYMBOLS: SORTED BY Symbol Address 

address    name
--------   ----
00000001   __TI_args_main
00000800   __STACK_SIZE
00000800   __SYSMEM_SIZE
20004000   g_pfnVectors
20004401   SimpleLinkWlanEventHandler
200045bd   SimpleLinkNetAppEventHandler
2000469f   SimpleLinkHttpServerCallback
200046ab   SimpleLinkGeneralEventHandler
200046c5   SimpleLinkSockEventHandler
20004dfd   BsdTcpServer
200051c1   BsdUdpClient
200053fd   main
2000624f   __TI_printfi
20006559   minit
200065e5   malloc
20006647   free
20006707   realloc
2000680d   memalign
200068ed   calloc
20006925   _SlDrvMsgRead
20006cd9   _SlAsyncEventGenericHandler
20007025   InitTerm
2000704f   Message
2000707b   ClearTerm
20007085   Error
200070c3   GetCmd
2000717b   TrimSpace
20007213   Report
200072c7   DmaSwIntHandler
200072e3   DmaErrorIntHandler
200072ef   UDMAInit
20007365   UDMAChannelSelect
2000739f   SetupTransfer
200073e3   UDMASetupAutoMemTransfer
20007417   UDMASetupPingPongTransfer
20007471   UDMAStartTransfer
2000747d   UDMAStopTransfer
20007489   UDMADeInit
2000749d   DMASetupTransfer
200074e1   __aeabi_uldivmod
200076d5   __aeabi_dsub
200076df   __aeabi_dadd
2000788d   sl_WlanConnect
20007a29   _SlDrvDataReadOp
20007ba5   _SlDrvDataWriteOp
20007ce5   _SlDrvRxHdrRead
20007e25   __aeabi_ddiv
20007f5d   PRCMCC3200MCUInit
20008091   spi_Open
200081b9   _SlDrvWaitForPoolObj
200082d1   sl_Accept
200083e9   _SlDrvMsgWrite
200084fd   _SlDrvReleasePoolObj
20008609   __aeabi_dmul
20008705   uDMAChannelTransferSet
200087f5   spi_Write
200088e1   sl_Stop
200089ad   spi_Read
20008a79   sl_Start
20008b41   _SlDrvMsgReadCmdCtx
20008bfd   sl_SendTo
20008cb1   _SlDrvNetAppEventHandler
20008d65   IntDisable
20008e0d   IntEnable
20008eb5   SPIConfigSetExpClk
20008f55   __aeabi_memcpy
20008f55   __aeabi_memcpy4
20008f55   __aeabi_memcpy8
20008f55   memcpy
20008ff1   _SlFindAndSetActiveObj
20009089   PRCMPeripheralClockGet
2000911d   _SlDrvClassifyRxMsg
200091b1   _SlDrvMsgReadSpawnCtx
20009245   __TI_auto_init
200092d9   _SlDrvDriverCBInit
20009369   PinConfigSet
200093f1   _SlDrvCmdOp
20009479   vsnprintf
20009501   sl_NetAppMDNSRegisterUnregisterService
20009589   __aeabi_cdcmpeq
20009589   __aeabi_cdcmple
2000960f   __aeabi_cdrcmple
20009695   _sl_HandleAsync_DnsGetHostByName
20009719   NwpPowerOnPreamble
20009799   sl_DevGet
2000988d   _sl_HandleAsync_InitComplete
20009905   _sl_HandleAsync_PingResponse
2000997d   __aeabi_memclr
2000997d   __aeabi_memclr4
2000997d   __aeabi_memclr8
2000997f   __aeabi_memset
2000997f   __aeabi_memset4
2000997f   __aeabi_memset8
20009985   memset
200099f5   UARTConfigSetExpClk
20009a6d   spi_Close
20009ae1   _sl_TruncatePayloadByProtocol
20009b51   _sl_HandleAsync_Connect
20009bbd   _sl_HandleAsync_Accept
20009c25   _sl_HandleAsync_DnsGetHostByService
20009c8d   uDMAChannelAttributeDisable
20009cf1   uDMAChannelAttributeEnable
20009d55   _SlDrvDriverCBDeinit
20009e15   _sl_HandleAsync_Select
20009e71   sl_Bind
20009ecd   ltoa
20009f29   IntPendClear
20009f81   PRCMPeripheralReset
20009fd9   _sl_HandleAsync_Stop
2000a031   IntPrioritySet
2000a085   sl_NetAppSendTokenValue
2000a0d9   SPIIntEnable
2000a171   atoi
2000a1bd   sl_SetSockOpt
2000a209   uDMAChannelAssign
2000a255   _sl_GetStartResponseConvert
2000a2a1   SPIIntClear
2000a2e9   __aeabi_d2iz
2000a331   sl_WlanSet
2000a3bd   copy_in
2000a401   C$$EXIT
2000a405   abort
2000a40d   exit
2000a445   _Dtest
2000a489   sl_NetCfgSet
2000a4cd   sl_Recv
2000a511   PinModeSet
2000a551   _SlDrvRxIrqHandler
2000a591   _SlNonOsMainLoopTask
2000a5d1   _SlRemoveFromList
2000a611   sl_WlanPolicySet
2000a651   sl_WlanRxFilterSet
2000a691   NwpPowerOff
2000a6cd   PRCMPeripheralClkEnable
2000a709   _SlDrvObjInit
2000a745   uDMAChannelControlSet
2000a781   NwpRegisterInterruptHandler
2000a7b9   PRCMPeripheralStatusGet
2000a7ed   SPIFIFOLevelSet
2000a821   _SlDrvBasicCmd
2000a855   _c_int00
2000a889   sl_Htons
2000a8bd   NwpPowerOn
2000a8ed   UARTDisable
2000a91d   _SlDrvFlowContDeinit
2000a94d   _SlDrvFlowContInit
2000a97d   _SlNonOsSemGet
2000a9ad   sl_Socket
2000a9dd   __aeabi_i2d
2000aa0d   PRCMSysResetCauseGet
2000aa39   sl_Listen
2000aa65   PRCMPeripheralClkDisable
2000aa8d   _sl_BuildAddress
2000aab5   sl_WlanSetMode
2000aadd   DmaSpiSwIntHandler
2000ab01   IntUnregister
2000ab25   UARTEnable
2000ab49   memmove
2000ab6d   sl_Close
2000ab91   sl_WlanProfileDel
2000abb5   SPIReset
2000abd7   SPIWordCountSet
2000abf9   IntRegister
2000ac19   _SlDrvCmdSend
2000ac39   _SlNonOsSpawn
2000ac59   UARTCharPut
2000ac79   _SlDrvObjDeInit
2000ac95   PinMuxConfig
2000acb1   memccpy
2000accd   uDMAChannelDisable
2000ace9   uDMAChannelEnable
2000ad05   uDMAChannelRequest
2000ad21   CopyPingResultsToReport
2000ad3b   PinTypeUART
2000ad55   SPIDmaDisable
2000ad6f   SPIDmaEnable
2000ad89   SPIFIFODisable
2000ada3   SPIFIFOEnable
2000adbd   SPIIntUnregister
2000add7   _SlDrvDeviceEventHandler
2000adf1   SPICSDisable
2000ae09   SPICSEnable
2000ae21   SPIDisable
2000ae39   SPIEnable
2000ae51   _args_main
2000ae69   __aeabi_lmul
2000ae81   PRCMHIBRegRead
2000ae97   PRCMHIBRegWrite
2000aead   UARTCharGet
2000aec3   uDMAIntRegister
2000aed9   CPUcpsie
2000aeed   IntVTableBaseSet
2000af01   _SlDrvShiftDWord
2000af15   _register_unlock
2000af1b   _register_lock
2000af23   _nop
2000af29   strlen
2000af3d   uDMAControlBaseSet
2000af51   uDMAIntClear
2000af65   __TI_zero_init
2000af77   sl_NetAppMDNSUnRegisterService
2000af89   uDMAIntUnregister
2000af9d   NwpMaskInterrupt
2000afad   __TI_decompress_none
2000afbb   _Dclass
2000afc9   ResetISR
2000afd9   NwpUnMaskInterrupt
2000afe5   uDMADisable
2000aff1   uDMAEnable
2000affd   uDMAIntStatus
2000b009   IntMasterEnable
2000b013   _SlNonOsSemSet
2000b01b   sl_WlanDisconnect
2000b023   UtilsDelay
2000b029   __TI_decompress_rle24
2000b030   _ctypes_
2000b238   _SlPolicySetCmdCtrl
2000b23c   _SlPolicyGetCmdCtrl
2000b240   _SlProfileGetCmdCtrl
2000b244   _SlProfileDelCmdCtrl
2000b248   _SlWlanGetNetworkListCtrl
2000b24c   _SlRxFilterAddtCmdCtrl
2000b250   _SlRxFilterSetCmdCtrl
2000b254   _SlRxFilterGetCmdCtrl
2000b258   _SlSmartConfigStartCmdCtrl
2000b25c   _SlWlanSetModeCmdCtrl
2000b260   _SlWlanCfgSetCmdCtrl
2000b264   _SlWlanCfgGetCmdCtrl
2000b520   g_H2NSyncPattern
2000b528   g_H2NCnysPattern
2000b530   _SlActionLookupTable
2000b574   _SlSockSocketCmdCtrl
2000b578   _SlSockCloseCmdCtrl
2000b57c   _SlRecvfomCmdCtrl
2000b580   _SlSendCmdCtrl
2000b584   _SlListenCmdCtrl
2000b588   _SlAcceptCmdCtrl
2000b58c   _SlRecvCmdCtrl
2000b590   _SlSetSockOptCmdCtrl
2000b594   _SlGetSockOptCmdCtrl
2000b598   _SlSelectCmdCtrl
2000b5f8   _SlNetAppStartCtrl
2000b5fc   _SlNetAppStopCtrl
2000b600   _SlGetServiceListeCtrl
2000b604   _SlRegisterServiceCtrl
2000b608   _SlGetHostByServiceCtrl
2000b60c   _SlGetHostByNameCtrl
2000b610   _SlNetAppSetCmdCtrl
2000b614   _SlNetAppSendTokenValueCmdCtrl
2000b618   _SlNetAppGetCmdCtrl
2000b690   _SlStopCmdCtrl
2000b694   _SlEventMaskSetCmdCtrl
2000b698   _SlEventMaskGetCmdCtrl
2000b69c   _SlDeviceGetCmdCtrl
2000b6a0   _SlDeviceSetCmdCtrl
2000b6a4   _SlNetCfgSetCmdCtrl
2000b6a8   _SlNetCfgGetCmdCtrl
2000b6b0   __TI_static_base__
2000b6e0   __TI_Handler_Table_Base
2000b6ec   __TI_Handler_Table_Limit
2000b6f8   __TI_CINIT_Base
2000b708   __TI_CINIT_Limit
20017000   g_cBsdBuf
20017fa0   g__SlNonOsCB
20017fc8   g_ucConnectionSSID
20017fec   g_ucConnectionBSSID
20017ff8   g_cDummy
20017ff9   iDone
20018000   gpCtlTbl
20018400   gfpAppCallbackHndl
20018500   _sys_memory
20018d00   pPingCallBackFunc
20018d04   gFirstCmdMode
20018d08   g_pCB
20018d0c   g_StatMem
20018e70   g_SpiFd
20018e74   g_pHostIntHdl
20018e78   g_ucDMAEnabled
20018e7c   g_ucDinDout
20018ecc   g_ulStatus
20018ed0   g_ulGatewayIP
20018ed4   g_ulDestinationIp
20018ed8   g_uiPortNum
20018edc   g_ulPacketCount
20018ee0   g_ulIpAddr
20018ef0   _lock
20018ef4   _unlock
20018ef8   __TI_cleanup_ptr
20018efc   __TI_dtors_ptr
20018f00   main_func_sp
2002f800   __stack
20030000   __STACK_END
ffffffff   __binit__
ffffffff   __c_args__
ffffffff   binit
UNDEFED    SHT$$INIT_ARRAY$$Base
UNDEFED    SHT$$INIT_ARRAY$$Limit

[297 symbols]
