<?xml version="1.0"?>
<link_info>
   <banner>TI ARM Linker PC v5.1.6</banner>
   <copyright>Copyright (c) 1996-2014 Texas Instruments Incorporated</copyright>
   <link_time>0x54c738cd</link_time>
   <link_errors>0x0</link_errors>
   <output_file>udp_socket.out</output_file>
   <entry_point>
      <name>_c_int00</name>
      <address>0x2000a855</address>
   </entry_point>
   <input_file_list>
      <input_file id="fl-2">
         <path>.\</path>
         <kind>object</kind>
         <file>main.obj</file>
         <name>main.obj</name>
      </input_file>
      <input_file id="fl-3">
         <path>.\</path>
         <kind>object</kind>
         <file>pinmux.obj</file>
         <name>pinmux.obj</name>
      </input_file>
      <input_file id="fl-4">
         <path>.\</path>
         <kind>object</kind>
         <file>startup_ccs.obj</file>
         <name>startup_ccs.obj</name>
      </input_file>
      <input_file id="fl-5">
         <path>.\</path>
         <kind>object</kind>
         <file>uart_if.obj</file>
         <name>uart_if.obj</name>
      </input_file>
      <input_file id="fl-6">
         <path>.\</path>
         <kind>object</kind>
         <file>udma_if.obj</file>
         <name>udma_if.obj</name>
      </input_file>
      <input_file id="fl-135">
         <path>c:\ti\ccsv6\tools\compiler\arm_5.1.6\lib\</path>
         <kind>archive</kind>
         <file>rtsv7M4_T_le_eabi.lib</file>
         <name>boot.obj</name>
      </input_file>
      <input_file id="fl-136">
         <path>c:\ti\ccsv6\tools\compiler\arm_5.1.6\lib\</path>
         <kind>archive</kind>
         <file>rtsv7M4_T_le_eabi.lib</file>
         <name>copy_decompress_none.obj</name>
      </input_file>
      <input_file id="fl-137">
         <path>c:\ti\ccsv6\tools\compiler\arm_5.1.6\lib\</path>
         <kind>archive</kind>
         <file>rtsv7M4_T_le_eabi.lib</file>
         <name>copy_decompress_rle.obj</name>
      </input_file>
      <input_file id="fl-138">
         <path>c:\ti\ccsv6\tools\compiler\arm_5.1.6\lib\</path>
         <kind>archive</kind>
         <file>rtsv7M4_T_le_eabi.lib</file>
         <name>copy_zero_init.obj</name>
      </input_file>
      <input_file id="fl-139">
         <path>c:\ti\ccsv6\tools\compiler\arm_5.1.6\lib\</path>
         <kind>archive</kind>
         <file>rtsv7M4_T_le_eabi.lib</file>
         <name>exit.obj</name>
      </input_file>
      <input_file id="fl-13a">
         <path>c:\ti\ccsv6\tools\compiler\arm_5.1.6\lib\</path>
         <kind>archive</kind>
         <file>rtsv7M4_T_le_eabi.lib</file>
         <name>memcpy_t2.obj</name>
      </input_file>
      <input_file id="fl-13b">
         <path>c:\ti\ccsv6\tools\compiler\arm_5.1.6\lib\</path>
         <kind>archive</kind>
         <file>rtsv7M4_T_le_eabi.lib</file>
         <name>memmov.obj</name>
      </input_file>
      <input_file id="fl-13c">
         <path>c:\ti\ccsv6\tools\compiler\arm_5.1.6\lib\</path>
         <kind>archive</kind>
         <file>rtsv7M4_T_le_eabi.lib</file>
         <name>memory.obj</name>
      </input_file>
      <input_file id="fl-13d">
         <path>c:\ti\ccsv6\tools\compiler\arm_5.1.6\lib\</path>
         <kind>archive</kind>
         <file>rtsv7M4_T_le_eabi.lib</file>
         <name>memset_t2.obj</name>
      </input_file>
      <input_file id="fl-13e">
         <path>c:\ti\ccsv6\tools\compiler\arm_5.1.6\lib\</path>
         <kind>archive</kind>
         <file>rtsv7M4_T_le_eabi.lib</file>
         <name>stkdepth_vars.obj</name>
      </input_file>
      <input_file id="fl-13f">
         <path>c:\ti\ccsv6\tools\compiler\arm_5.1.6\lib\</path>
         <kind>archive</kind>
         <file>rtsv7M4_T_le_eabi.lib</file>
         <name>strlen.obj</name>
      </input_file>
      <input_file id="fl-140">
         <path>c:\ti\ccsv6\tools\compiler\arm_5.1.6\lib\</path>
         <kind>archive</kind>
         <file>rtsv7M4_T_le_eabi.lib</file>
         <name>vsnprintf.obj</name>
      </input_file>
      <input_file id="fl-141">
         <path>c:\ti\ccsv6\tools\compiler\arm_5.1.6\lib\</path>
         <kind>archive</kind>
         <file>rtsv7M4_T_le_eabi.lib</file>
         <name>_lock.obj</name>
      </input_file>
      <input_file id="fl-142">
         <path>c:\ti\ccsv6\tools\compiler\arm_5.1.6\lib\</path>
         <kind>archive</kind>
         <file>rtsv7M4_T_le_eabi.lib</file>
         <name>_printfi.obj</name>
      </input_file>
      <input_file id="fl-143">
         <path>c:\ti\ccsv6\tools\compiler\arm_5.1.6\lib\</path>
         <kind>archive</kind>
         <file>rtsv7M4_T_le_eabi.lib</file>
         <name>args_main.obj</name>
      </input_file>
      <input_file id="fl-144">
         <path>c:\ti\ccsv6\tools\compiler\arm_5.1.6\lib\</path>
         <kind>archive</kind>
         <file>rtsv7M4_T_le_eabi.lib</file>
         <name>atoi.obj</name>
      </input_file>
      <input_file id="fl-145">
         <path>c:\ti\ccsv6\tools\compiler\arm_5.1.6\lib\</path>
         <kind>archive</kind>
         <file>rtsv7M4_T_le_eabi.lib</file>
         <name>auto_init.obj</name>
      </input_file>
      <input_file id="fl-146">
         <path>c:\ti\ccsv6\tools\compiler\arm_5.1.6\lib\</path>
         <kind>archive</kind>
         <file>rtsv7M4_T_le_eabi.lib</file>
         <name>cpy_tbl.obj</name>
      </input_file>
      <input_file id="fl-147">
         <path>c:\ti\ccsv6\tools\compiler\arm_5.1.6\lib\</path>
         <kind>archive</kind>
         <file>rtsv7M4_T_le_eabi.lib</file>
         <name>ctype.obj</name>
      </input_file>
      <input_file id="fl-148">
         <path>c:\ti\ccsv6\tools\compiler\arm_5.1.6\lib\</path>
         <kind>archive</kind>
         <file>rtsv7M4_T_le_eabi.lib</file>
         <name>fd_add_t2.obj</name>
      </input_file>
      <input_file id="fl-149">
         <path>c:\ti\ccsv6\tools\compiler\arm_5.1.6\lib\</path>
         <kind>archive</kind>
         <file>rtsv7M4_T_le_eabi.lib</file>
         <name>fd_cmp_t2.obj</name>
      </input_file>
      <input_file id="fl-14a">
         <path>c:\ti\ccsv6\tools\compiler\arm_5.1.6\lib\</path>
         <kind>archive</kind>
         <file>rtsv7M4_T_le_eabi.lib</file>
         <name>fd_div_t2.obj</name>
      </input_file>
      <input_file id="fl-14b">
         <path>c:\ti\ccsv6\tools\compiler\arm_5.1.6\lib\</path>
         <kind>archive</kind>
         <file>rtsv7M4_T_le_eabi.lib</file>
         <name>fd_mul_t2.obj</name>
      </input_file>
      <input_file id="fl-14c">
         <path>c:\ti\ccsv6\tools\compiler\arm_5.1.6\lib\</path>
         <kind>archive</kind>
         <file>rtsv7M4_T_le_eabi.lib</file>
         <name>fd_toi_t2.obj</name>
      </input_file>
      <input_file id="fl-14d">
         <path>c:\ti\ccsv6\tools\compiler\arm_5.1.6\lib\</path>
         <kind>archive</kind>
         <file>rtsv7M4_T_le_eabi.lib</file>
         <name>i_tofd_t2.obj</name>
      </input_file>
      <input_file id="fl-14e">
         <path>c:\ti\ccsv6\tools\compiler\arm_5.1.6\lib\</path>
         <kind>archive</kind>
         <file>rtsv7M4_T_le_eabi.lib</file>
         <name>ll_mul_t2.obj</name>
      </input_file>
      <input_file id="fl-14f">
         <path>c:\ti\ccsv6\tools\compiler\arm_5.1.6\lib\</path>
         <kind>archive</kind>
         <file>rtsv7M4_T_le_eabi.lib</file>
         <name>ltoa.obj</name>
      </input_file>
      <input_file id="fl-150">
         <path>c:\ti\ccsv6\tools\compiler\arm_5.1.6\lib\</path>
         <kind>archive</kind>
         <file>rtsv7M4_T_le_eabi.lib</file>
         <name>memccpy.obj</name>
      </input_file>
      <input_file id="fl-151">
         <path>c:\ti\ccsv6\tools\compiler\arm_5.1.6\lib\</path>
         <kind>archive</kind>
         <file>rtsv7M4_T_le_eabi.lib</file>
         <name>ull_div_t2.obj</name>
      </input_file>
      <input_file id="fl-152">
         <path>c:\ti\ccsv6\tools\compiler\arm_5.1.6\lib\</path>
         <kind>archive</kind>
         <file>rtsv7M4_T_le_eabi.lib</file>
         <name>xdclass.obj</name>
      </input_file>
      <input_file id="fl-153">
         <path>c:\ti\ccsv6\tools\compiler\arm_5.1.6\lib\</path>
         <kind>archive</kind>
         <file>rtsv7M4_T_le_eabi.lib</file>
         <name>xdtest.obj</name>
      </input_file>
      <input_file id="fl-154">
         <path>C:\ti\CC3200SDK_1.0.0\cc3200-sdk\example\udp_socket\ccs\..\..\..\simplelink\ccs\NON_OS\</path>
         <kind>archive</kind>
         <file>simplelink.a</file>
         <name>device.obj</name>
      </input_file>
      <input_file id="fl-155">
         <path>C:\ti\CC3200SDK_1.0.0\cc3200-sdk\example\udp_socket\ccs\..\..\..\simplelink\ccs\NON_OS\</path>
         <kind>archive</kind>
         <file>simplelink.a</file>
         <name>driver.obj</name>
      </input_file>
      <input_file id="fl-156">
         <path>C:\ti\CC3200SDK_1.0.0\cc3200-sdk\example\udp_socket\ccs\..\..\..\simplelink\ccs\NON_OS\</path>
         <kind>archive</kind>
         <file>simplelink.a</file>
         <name>flowcont.obj</name>
      </input_file>
      <input_file id="fl-157">
         <path>C:\ti\CC3200SDK_1.0.0\cc3200-sdk\example\udp_socket\ccs\..\..\..\simplelink\ccs\NON_OS\</path>
         <kind>archive</kind>
         <file>simplelink.a</file>
         <name>netapp.obj</name>
      </input_file>
      <input_file id="fl-158">
         <path>C:\ti\CC3200SDK_1.0.0\cc3200-sdk\example\udp_socket\ccs\..\..\..\simplelink\ccs\NON_OS\</path>
         <kind>archive</kind>
         <file>simplelink.a</file>
         <name>netcfg.obj</name>
      </input_file>
      <input_file id="fl-159">
         <path>C:\ti\CC3200SDK_1.0.0\cc3200-sdk\example\udp_socket\ccs\..\..\..\simplelink\ccs\NON_OS\</path>
         <kind>archive</kind>
         <file>simplelink.a</file>
         <name>nonos.obj</name>
      </input_file>
      <input_file id="fl-15a">
         <path>C:\ti\CC3200SDK_1.0.0\cc3200-sdk\example\udp_socket\ccs\..\..\..\simplelink\ccs\NON_OS\</path>
         <kind>archive</kind>
         <file>simplelink.a</file>
         <name>socket.obj</name>
      </input_file>
      <input_file id="fl-15b">
         <path>C:\ti\CC3200SDK_1.0.0\cc3200-sdk\example\udp_socket\ccs\..\..\..\simplelink\ccs\NON_OS\</path>
         <kind>archive</kind>
         <file>simplelink.a</file>
         <name>wlan.obj</name>
      </input_file>
      <input_file id="fl-15c">
         <path>C:\ti\CC3200SDK_1.0.0\cc3200-sdk\example\udp_socket\ccs\..\..\..\simplelink\ccs\NON_OS\</path>
         <kind>archive</kind>
         <file>simplelink.a</file>
         <name>cc_pal.obj</name>
      </input_file>
      <input_file id="fl-15d">
         <path>C:\ti\CC3200SDK_1.0.0\cc3200-sdk\example\udp_socket\ccs\..\..\..\driverlib\ccs\Release\</path>
         <kind>archive</kind>
         <file>driverlib.a</file>
         <name>interrupt.obj</name>
      </input_file>
      <input_file id="fl-15e">
         <path>C:\ti\CC3200SDK_1.0.0\cc3200-sdk\example\udp_socket\ccs\..\..\..\driverlib\ccs\Release\</path>
         <kind>archive</kind>
         <file>driverlib.a</file>
         <name>pin.obj</name>
      </input_file>
      <input_file id="fl-15f">
         <path>C:\ti\CC3200SDK_1.0.0\cc3200-sdk\example\udp_socket\ccs\..\..\..\driverlib\ccs\Release\</path>
         <kind>archive</kind>
         <file>driverlib.a</file>
         <name>prcm.obj</name>
      </input_file>
      <input_file id="fl-160">
         <path>C:\ti\CC3200SDK_1.0.0\cc3200-sdk\example\udp_socket\ccs\..\..\..\driverlib\ccs\Release\</path>
         <kind>archive</kind>
         <file>driverlib.a</file>
         <name>spi.obj</name>
      </input_file>
      <input_file id="fl-161">
         <path>C:\ti\CC3200SDK_1.0.0\cc3200-sdk\example\udp_socket\ccs\..\..\..\driverlib\ccs\Release\</path>
         <kind>archive</kind>
         <file>driverlib.a</file>
         <name>uart.obj</name>
      </input_file>
      <input_file id="fl-162">
         <path>C:\ti\CC3200SDK_1.0.0\cc3200-sdk\example\udp_socket\ccs\..\..\..\driverlib\ccs\Release\</path>
         <kind>archive</kind>
         <file>driverlib.a</file>
         <name>udma.obj</name>
      </input_file>
      <input_file id="fl-163">
         <path>C:\ti\CC3200SDK_1.0.0\cc3200-sdk\example\udp_socket\ccs\..\..\..\driverlib\ccs\Release\</path>
         <kind>archive</kind>
         <file>driverlib.a</file>
         <name>utils.obj</name>
      </input_file>
      <input_file id="fl-164">
         <path>C:\ti\CC3200SDK_1.0.0\cc3200-sdk\example\udp_socket\ccs\..\..\..\driverlib\ccs\Release\</path>
         <kind>archive</kind>
         <file>driverlib.a</file>
         <name>cpu.obj</name>
      </input_file>
      <input_file id="fl-165">
         <path>C:\ti\CC3200SDK_1.0.0\cc3200-sdk\example\udp_socket\ccs\..\..\..\driverlib\ccs\Release\</path>
         <kind>archive</kind>
         <file>driverlib.a</file>
         <name>flash.obj</name>
      </input_file>
      <input_file id="fl-166">
         <path>c:\ti\ccsv6\tools\compiler\arm_5.1.6\lib\</path>
         <kind>archive</kind>
         <file>rtsv7M4_T_le_eabi.lib</file>
         <name>ll_lsr_t2.obj</name>
      </input_file>
   </input_file_list>
   <object_component_list>
      <object_component id="oc-e">
         <name>.intvecs</name>
         <load_address>0x20004000</load_address>
         <run_address>0x20004000</run_address>
         <size>0x400</size>
         <input_file_ref idref="fl-4"/>
      </object_component>
      <object_component id="oc-7d">
         <name>.text</name>
         <load_address>0x20004400</load_address>
         <run_address>0x20004400</run_address>
         <size>0x1298</size>
         <input_file_ref idref="fl-2"/>
      </object_component>
      <object_component id="oc-3bb">
         <name>.text</name>
         <load_address>0x20005698</load_address>
         <run_address>0x20005698</run_address>
         <size>0xec0</size>
         <input_file_ref idref="fl-142"/>
      </object_component>
      <object_component id="oc-21a">
         <name>.text</name>
         <load_address>0x20006558</load_address>
         <run_address>0x20006558</run_address>
         <size>0x3cc</size>
         <input_file_ref idref="fl-13c"/>
      </object_component>
      <object_component id="oc-59a">
         <name>.text:_SlDrvMsgRead</name>
         <load_address>0x20006924</load_address>
         <run_address>0x20006924</run_address>
         <size>0x3b4</size>
         <input_file_ref idref="fl-155"/>
      </object_component>
      <object_component id="oc-5a0">
         <name>.text:_SlAsyncEventGenericHandler</name>
         <load_address>0x20006cd8</load_address>
         <run_address>0x20006cd8</run_address>
         <size>0x34c</size>
         <input_file_ref idref="fl-155"/>
      </object_component>
      <object_component id="oc-bf">
         <name>.text</name>
         <load_address>0x20007024</load_address>
         <run_address>0x20007024</run_address>
         <size>0x2a2</size>
         <input_file_ref idref="fl-5"/>
      </object_component>
      <object_component id="oc-186">
         <name>.text</name>
         <load_address>0x200072c6</load_address>
         <run_address>0x200072c6</run_address>
         <size>0x21a</size>
         <input_file_ref idref="fl-6"/>
      </object_component>
      <object_component id="oc-512">
         <name>.text</name>
         <load_address>0x200074e0</load_address>
         <run_address>0x200074e0</run_address>
         <size>0x1f4</size>
         <input_file_ref idref="fl-151"/>
      </object_component>
      <object_component id="oc-540">
         <name>.text</name>
         <load_address>0x200076d4</load_address>
         <run_address>0x200076d4</run_address>
         <size>0x1b6</size>
         <input_file_ref idref="fl-148"/>
      </object_component>
      <object_component id="oc-58f">
         <name>.text:IntDefaultHandler</name>
         <load_address>0x2000788a</load_address>
         <run_address>0x2000788a</run_address>
         <size>0x2</size>
         <input_file_ref idref="fl-15d"/>
      </object_component>
      <object_component id="oc-168">
         <name>.text:sl_WlanConnect</name>
         <load_address>0x2000788c</load_address>
         <run_address>0x2000788c</run_address>
         <size>0x19c</size>
         <input_file_ref idref="fl-15b"/>
      </object_component>
      <object_component id="oc-2ee">
         <name>.text:_SlDrvDataReadOp</name>
         <load_address>0x20007a28</load_address>
         <run_address>0x20007a28</run_address>
         <size>0x17c</size>
         <input_file_ref idref="fl-155"/>
      </object_component>
      <object_component id="oc-2fb">
         <name>.text:_SlDrvDataWriteOp</name>
         <load_address>0x20007ba4</load_address>
         <run_address>0x20007ba4</run_address>
         <size>0x140</size>
         <input_file_ref idref="fl-155"/>
      </object_component>
      <object_component id="oc-622">
         <name>.text:_SlDrvRxHdrRead</name>
         <load_address>0x20007ce4</load_address>
         <run_address>0x20007ce4</run_address>
         <size>0x140</size>
         <input_file_ref idref="fl-155"/>
      </object_component>
      <object_component id="oc-526">
         <name>.text</name>
         <load_address>0x20007e24</load_address>
         <run_address>0x20007e24</run_address>
         <size>0x136</size>
         <input_file_ref idref="fl-14a"/>
      </object_component>
      <object_component id="oc-180">
         <name>.text:PRCMCC3200MCUInit</name>
         <load_address>0x20007f5c</load_address>
         <run_address>0x20007f5c</run_address>
         <size>0x134</size>
         <input_file_ref idref="fl-15f"/>
      </object_component>
      <object_component id="oc-239">
         <name>.text:spi_Open</name>
         <load_address>0x20008090</load_address>
         <run_address>0x20008090</run_address>
         <size>0x128</size>
         <input_file_ref idref="fl-15c"/>
      </object_component>
      <object_component id="oc-23f">
         <name>.text:_SlDrvWaitForPoolObj</name>
         <load_address>0x200081b8</load_address>
         <run_address>0x200081b8</run_address>
         <size>0x118</size>
         <input_file_ref idref="fl-155"/>
      </object_component>
      <object_component id="oc-14f">
         <name>.text:sl_Accept</name>
         <load_address>0x200082d0</load_address>
         <run_address>0x200082d0</run_address>
         <size>0x118</size>
         <input_file_ref idref="fl-15a"/>
      </object_component>
      <object_component id="oc-484">
         <name>.text:_SlDrvMsgWrite</name>
         <load_address>0x200083e8</load_address>
         <run_address>0x200083e8</run_address>
         <size>0x114</size>
         <input_file_ref idref="fl-155"/>
      </object_component>
      <object_component id="oc-263">
         <name>.text:_SlDrvReleasePoolObj</name>
         <load_address>0x200084fc</load_address>
         <run_address>0x200084fc</run_address>
         <size>0x10c</size>
         <input_file_ref idref="fl-155"/>
      </object_component>
      <object_component id="oc-521">
         <name>.text</name>
         <load_address>0x20008608</load_address>
         <run_address>0x20008608</run_address>
         <size>0xfc</size>
         <input_file_ref idref="fl-14b"/>
      </object_component>
      <object_component id="oc-375">
         <name>.text:uDMAChannelTransferSet</name>
         <load_address>0x20008704</load_address>
         <run_address>0x20008704</run_address>
         <size>0xf0</size>
         <input_file_ref idref="fl-162"/>
      </object_component>
      <object_component id="oc-5a7">
         <name>.text:spi_Write</name>
         <load_address>0x200087f4</load_address>
         <run_address>0x200087f4</run_address>
         <size>0xec</size>
         <input_file_ref idref="fl-15c"/>
      </object_component>
      <object_component id="oc-f1">
         <name>.text:sl_Stop</name>
         <load_address>0x200088e0</load_address>
         <run_address>0x200088e0</run_address>
         <size>0xcc</size>
         <input_file_ref idref="fl-154"/>
      </object_component>
      <object_component id="oc-62e">
         <name>.text:spi_Read</name>
         <load_address>0x200089ac</load_address>
         <run_address>0x200089ac</run_address>
         <size>0xcc</size>
         <input_file_ref idref="fl-15c"/>
      </object_component>
      <object_component id="oc-de">
         <name>.text:sl_Start</name>
         <load_address>0x20008a78</load_address>
         <run_address>0x20008a78</run_address>
         <size>0xc8</size>
         <input_file_ref idref="fl-154"/>
      </object_component>
      <object_component id="oc-48a">
         <name>.text:_SlDrvMsgReadCmdCtx</name>
         <load_address>0x20008b40</load_address>
         <run_address>0x20008b40</run_address>
         <size>0xbc</size>
         <input_file_ref idref="fl-155"/>
      </object_component>
      <object_component id="oc-15c">
         <name>.text:sl_SendTo</name>
         <load_address>0x20008bfc</load_address>
         <run_address>0x20008bfc</run_address>
         <size>0xb4</size>
         <input_file_ref idref="fl-15a"/>
      </object_component>
      <object_component id="oc-679">
         <name>.text:_SlDrvNetAppEventHandler</name>
         <load_address>0x20008cb0</load_address>
         <run_address>0x20008cb0</run_address>
         <size>0xb2</size>
         <input_file_ref idref="fl-157"/>
      </object_component>
      <object_component id="oc-443">
         <name>.text:IntDisable</name>
         <load_address>0x20008d64</load_address>
         <run_address>0x20008d64</run_address>
         <size>0xa8</size>
         <input_file_ref idref="fl-15d"/>
      </object_component>
      <object_component id="oc-17a">
         <name>.text:IntEnable</name>
         <load_address>0x20008e0c</load_address>
         <run_address>0x20008e0c</run_address>
         <size>0xa8</size>
         <input_file_ref idref="fl-15d"/>
      </object_component>
      <object_component id="oc-3f4">
         <name>.text:SPIConfigSetExpClk</name>
         <load_address>0x20008eb4</load_address>
         <run_address>0x20008eb4</run_address>
         <size>0xa0</size>
         <input_file_ref idref="fl-160"/>
      </object_component>
      <object_component id="oc-4a">
         <name>.text</name>
         <load_address>0x20008f54</load_address>
         <run_address>0x20008f54</run_address>
         <size>0x9c</size>
         <input_file_ref idref="fl-13a"/>
      </object_component>
      <object_component id="oc-634">
         <name>.text:_SlFindAndSetActiveObj</name>
         <load_address>0x20008ff0</load_address>
         <run_address>0x20008ff0</run_address>
         <size>0x98</size>
         <input_file_ref idref="fl-155"/>
      </object_component>
      <object_component id="oc-1f2">
         <name>.text:PRCMPeripheralClockGet</name>
         <load_address>0x20009088</load_address>
         <run_address>0x20009088</run_address>
         <size>0x94</size>
         <input_file_ref idref="fl-15f"/>
      </object_component>
      <object_component id="oc-628">
         <name>.text:_SlDrvClassifyRxMsg</name>
         <load_address>0x2000911c</load_address>
         <run_address>0x2000911c</run_address>
         <size>0x94</size>
         <input_file_ref idref="fl-155"/>
      </object_component>
      <object_component id="oc-472">
         <name>.text:_SlDrvMsgReadSpawnCtx</name>
         <load_address>0x200091b0</load_address>
         <run_address>0x200091b0</run_address>
         <size>0x94</size>
         <input_file_ref idref="fl-155"/>
      </object_component>
      <object_component id="oc-35">
         <name>.text</name>
         <load_address>0x20009244</load_address>
         <run_address>0x20009244</run_address>
         <size>0x94</size>
         <input_file_ref idref="fl-145"/>
      </object_component>
      <object_component id="oc-233">
         <name>.text:_SlDrvDriverCBInit</name>
         <load_address>0x200092d8</load_address>
         <run_address>0x200092d8</run_address>
         <size>0x90</size>
         <input_file_ref idref="fl-155"/>
      </object_component>
      <object_component id="oc-509">
         <name>.text:PinConfigSet</name>
         <load_address>0x20009368</load_address>
         <run_address>0x20009368</run_address>
         <size>0x88</size>
         <input_file_ref idref="fl-15e"/>
      </object_component>
      <object_component id="oc-285">
         <name>.text:_SlDrvCmdOp</name>
         <load_address>0x200093f0</load_address>
         <run_address>0x200093f0</run_address>
         <size>0x88</size>
         <input_file_ref idref="fl-155"/>
      </object_component>
      <object_component id="oc-207">
         <name>.text</name>
         <load_address>0x20009478</load_address>
         <run_address>0x20009478</run_address>
         <size>0x88</size>
         <input_file_ref idref="fl-140"/>
      </object_component>
      <object_component id="oc-2c6">
         <name>.text:sl_NetAppMDNSRegisterUnregisterService</name>
         <load_address>0x20009500</load_address>
         <run_address>0x20009500</run_address>
         <size>0x88</size>
         <input_file_ref idref="fl-157"/>
      </object_component>
      <object_component id="oc-51c">
         <name>.text:__aeabi_cdcmple</name>
         <load_address>0x20009588</load_address>
         <run_address>0x20009588</run_address>
         <size>0x86</size>
         <input_file_ref idref="fl-149"/>
      </object_component>
      <object_component id="oc-52b">
         <name>.text:__aeabi_cdrcmple</name>
         <load_address>0x2000960e</load_address>
         <run_address>0x2000960e</run_address>
         <size>0x86</size>
         <input_file_ref idref="fl-149"/>
      </object_component>
      <object_component id="oc-5cc">
         <name>.text:_sl_HandleAsync_DnsGetHostByName</name>
         <load_address>0x20009694</load_address>
         <run_address>0x20009694</run_address>
         <size>0x84</size>
         <input_file_ref idref="fl-157"/>
      </object_component>
      <object_component id="oc-22d">
         <name>.text:NwpPowerOnPreamble</name>
         <load_address>0x20009718</load_address>
         <run_address>0x20009718</run_address>
         <size>0x80</size>
         <input_file_ref idref="fl-15c"/>
      </object_component>
      <object_component id="oc-f7">
         <name>.text:sl_DevGet</name>
         <load_address>0x20009798</load_address>
         <run_address>0x20009798</run_address>
         <size>0x7c</size>
         <input_file_ref idref="fl-154"/>
      </object_component>
      <object_component id="oc-686">
         <name>.text:SetupDMAReceive</name>
         <load_address>0x20009814</load_address>
         <run_address>0x20009814</run_address>
         <size>0x78</size>
         <input_file_ref idref="fl-15c"/>
      </object_component>
      <object_component id="oc-6a5">
         <name>.text:_sl_HandleAsync_InitComplete</name>
         <load_address>0x2000988c</load_address>
         <run_address>0x2000988c</run_address>
         <size>0x78</size>
         <input_file_ref idref="fl-154"/>
      </object_component>
      <object_component id="oc-5d8">
         <name>.text:_sl_HandleAsync_PingResponse</name>
         <load_address>0x20009904</load_address>
         <run_address>0x20009904</run_address>
         <size>0x78</size>
         <input_file_ref idref="fl-157"/>
      </object_component>
      <object_component id="oc-d1">
         <name>.text</name>
         <load_address>0x2000997c</load_address>
         <run_address>0x2000997c</run_address>
         <size>0x78</size>
         <input_file_ref idref="fl-13d"/>
      </object_component>
      <object_component id="oc-1f8">
         <name>.text:UARTConfigSetExpClk</name>
         <load_address>0x200099f4</load_address>
         <run_address>0x200099f4</run_address>
         <size>0x76</size>
         <input_file_ref idref="fl-161"/>
      </object_component>
      <object_component id="oc-296">
         <name>.text:spi_Close</name>
         <load_address>0x20009a6c</load_address>
         <run_address>0x20009a6c</run_address>
         <size>0x74</size>
         <input_file_ref idref="fl-15c"/>
      </object_component>
      <object_component id="oc-2f5">
         <name>.text:_sl_TruncatePayloadByProtocol</name>
         <load_address>0x20009ae0</load_address>
         <run_address>0x20009ae0</run_address>
         <size>0x6e</size>
         <input_file_ref idref="fl-15a"/>
      </object_component>
      <object_component id="oc-5c0">
         <name>.text:_sl_HandleAsync_Connect</name>
         <load_address>0x20009b50</load_address>
         <run_address>0x20009b50</run_address>
         <size>0x6c</size>
         <input_file_ref idref="fl-15a"/>
      </object_component>
      <object_component id="oc-5ba">
         <name>.text:_sl_HandleAsync_Accept</name>
         <load_address>0x20009bbc</load_address>
         <run_address>0x20009bbc</run_address>
         <size>0x68</size>
         <input_file_ref idref="fl-15a"/>
      </object_component>
      <object_component id="oc-5d2">
         <name>.text:_sl_HandleAsync_DnsGetHostByService</name>
         <load_address>0x20009c24</load_address>
         <run_address>0x20009c24</run_address>
         <size>0x68</size>
         <input_file_ref idref="fl-157"/>
      </object_component>
      <object_component id="oc-363">
         <name>.text:uDMAChannelAttributeDisable</name>
         <load_address>0x20009c8c</load_address>
         <run_address>0x20009c8c</run_address>
         <size>0x64</size>
         <input_file_ref idref="fl-162"/>
      </object_component>
      <object_component id="oc-36f">
         <name>.text:uDMAChannelAttributeEnable</name>
         <load_address>0x20009cf0</load_address>
         <run_address>0x20009cf0</run_address>
         <size>0x64</size>
         <input_file_ref idref="fl-162"/>
      </object_component>
      <object_component id="oc-29c">
         <name>.text:_SlDrvDriverCBDeinit</name>
         <load_address>0x20009d54</load_address>
         <run_address>0x20009d54</run_address>
         <size>0x60</size>
         <input_file_ref idref="fl-155"/>
      </object_component>
      <object_component id="oc-5d">
         <name>.text</name>
         <load_address>0x20009db4</load_address>
         <run_address>0x20009db4</run_address>
         <size>0x5e</size>
         <input_file_ref idref="fl-137"/>
      </object_component>
      <object_component id="oc-5c6">
         <name>.text:_sl_HandleAsync_Select</name>
         <load_address>0x20009e14</load_address>
         <run_address>0x20009e14</run_address>
         <size>0x5c</size>
         <input_file_ref idref="fl-15a"/>
      </object_component>
      <object_component id="oc-137">
         <name>.text:sl_Bind</name>
         <load_address>0x20009e70</load_address>
         <run_address>0x20009e70</run_address>
         <size>0x5c</size>
         <input_file_ref idref="fl-15a"/>
      </object_component>
      <object_component id="oc-535">
         <name>.text</name>
         <load_address>0x20009ecc</load_address>
         <run_address>0x20009ecc</run_address>
         <size>0x5a</size>
         <input_file_ref idref="fl-14f"/>
      </object_component>
      <object_component id="oc-44f">
         <name>.text:IntPendClear</name>
         <load_address>0x20009f28</load_address>
         <run_address>0x20009f28</run_address>
         <size>0x58</size>
         <input_file_ref idref="fl-15d"/>
      </object_component>
      <object_component id="oc-323">
         <name>.text:PRCMPeripheralReset</name>
         <load_address>0x20009f80</load_address>
         <run_address>0x20009f80</run_address>
         <size>0x58</size>
         <input_file_ref idref="fl-15f"/>
      </object_component>
      <object_component id="oc-5de">
         <name>.text:_sl_HandleAsync_Stop</name>
         <load_address>0x20009fd8</load_address>
         <run_address>0x20009fd8</run_address>
         <size>0x58</size>
         <input_file_ref idref="fl-154"/>
      </object_component>
      <object_component id="oc-418">
         <name>.text:IntPrioritySet</name>
         <load_address>0x2000a030</load_address>
         <run_address>0x2000a030</run_address>
         <size>0x54</size>
         <input_file_ref idref="fl-15d"/>
      </object_component>
      <object_component id="oc-69e">
         <name>.text:sl_NetAppSendTokenValue</name>
         <load_address>0x2000a084</load_address>
         <run_address>0x2000a084</run_address>
         <size>0x54</size>
         <input_file_ref idref="fl-157"/>
      </object_component>
      <object_component id="oc-41e">
         <name>.text:SPIIntEnable</name>
         <load_address>0x2000a0d8</load_address>
         <run_address>0x2000a0d8</run_address>
         <size>0x4c</size>
         <input_file_ref idref="fl-160"/>
      </object_component>
      <object_component id="oc-5af">
         <name>.text:SPIIntNumberGet</name>
         <load_address>0x2000a124</load_address>
         <run_address>0x2000a124</run_address>
         <size>0x4c</size>
         <input_file_ref idref="fl-160"/>
      </object_component>
      <object_component id="oc-551">
         <name>.text</name>
         <load_address>0x2000a170</load_address>
         <run_address>0x2000a170</run_address>
         <size>0x4c</size>
         <input_file_ref idref="fl-144"/>
      </object_component>
      <object_component id="oc-149">
         <name>.text:sl_SetSockOpt</name>
         <load_address>0x2000a1bc</load_address>
         <run_address>0x2000a1bc</run_address>
         <size>0x4c</size>
         <input_file_ref idref="fl-15a"/>
      </object_component>
      <object_component id="oc-35d">
         <name>.text:uDMAChannelAssign</name>
         <load_address>0x2000a208</load_address>
         <run_address>0x2000a208</run_address>
         <size>0x4c</size>
         <input_file_ref idref="fl-162"/>
      </object_component>
      <object_component id="oc-269">
         <name>.text:_sl_GetStartResponseConvert</name>
         <load_address>0x2000a254</load_address>
         <run_address>0x2000a254</run_address>
         <size>0x4a</size>
         <input_file_ref idref="fl-154"/>
      </object_component>
      <object_component id="oc-582">
         <name>.text:SPIIntClear</name>
         <load_address>0x2000a2a0</load_address>
         <run_address>0x2000a2a0</run_address>
         <size>0x48</size>
         <input_file_ref idref="fl-160"/>
      </object_component>
      <object_component id="oc-530">
         <name>.text</name>
         <load_address>0x2000a2e8</load_address>
         <run_address>0x2000a2e8</run_address>
         <size>0x48</size>
         <input_file_ref idref="fl-14c"/>
      </object_component>
      <object_component id="oc-115">
         <name>.text:sl_WlanSet</name>
         <load_address>0x2000a330</load_address>
         <run_address>0x2000a330</run_address>
         <size>0x48</size>
         <input_file_ref idref="fl-15b"/>
      </object_component>
      <object_component id="oc-578">
         <name>.text:SPIDmaMaskGet</name>
         <load_address>0x2000a378</load_address>
         <run_address>0x2000a378</run_address>
         <size>0x44</size>
         <input_file_ref idref="fl-160"/>
      </object_component>
      <object_component id="oc-76">
         <name>.text</name>
         <load_address>0x2000a3bc</load_address>
         <run_address>0x2000a3bc</run_address>
         <size>0x44</size>
         <input_file_ref idref="fl-146"/>
      </object_component>
      <object_component id="oc-40">
         <name>.text</name>
         <load_address>0x2000a400</load_address>
         <run_address>0x2000a400</run_address>
         <size>0x44</size>
         <input_file_ref idref="fl-139"/>
      </object_component>
      <object_component id="oc-605">
         <name>.text</name>
         <load_address>0x2000a444</load_address>
         <run_address>0x2000a444</run_address>
         <size>0x44</size>
         <input_file_ref idref="fl-153"/>
      </object_component>
      <object_component id="oc-10f">
         <name>.text:sl_NetCfgSet</name>
         <load_address>0x2000a488</load_address>
         <run_address>0x2000a488</run_address>
         <size>0x44</size>
         <input_file_ref idref="fl-158"/>
      </object_component>
      <object_component id="oc-156">
         <name>.text:sl_Recv</name>
         <load_address>0x2000a4cc</load_address>
         <run_address>0x2000a4cc</run_address>
         <size>0x44</size>
         <input_file_ref idref="fl-15a"/>
      </object_component>
      <object_component id="oc-503">
         <name>.text:PinModeSet</name>
         <load_address>0x2000a510</load_address>
         <run_address>0x2000a510</run_address>
         <size>0x40</size>
         <input_file_ref idref="fl-15e"/>
      </object_component>
      <object_component id="oc-272">
         <name>.text:_SlDrvRxIrqHandler</name>
         <load_address>0x2000a550</load_address>
         <run_address>0x2000a550</run_address>
         <size>0x40</size>
         <input_file_ref idref="fl-155"/>
      </object_component>
      <object_component id="oc-e5">
         <name>.text:_SlNonOsMainLoopTask</name>
         <load_address>0x2000a590</load_address>
         <run_address>0x2000a590</run_address>
         <size>0x40</size>
         <input_file_ref idref="fl-159"/>
      </object_component>
      <object_component id="oc-457">
         <name>.text:_SlRemoveFromList</name>
         <load_address>0x2000a5d0</load_address>
         <run_address>0x2000a5d0</run_address>
         <size>0x40</size>
         <input_file_ref idref="fl-155"/>
      </object_component>
      <object_component id="oc-fd">
         <name>.text:sl_WlanPolicySet</name>
         <load_address>0x2000a610</load_address>
         <run_address>0x2000a610</run_address>
         <size>0x40</size>
         <input_file_ref idref="fl-15b"/>
      </object_component>
      <object_component id="oc-121">
         <name>.text:sl_WlanRxFilterSet</name>
         <load_address>0x2000a650</load_address>
         <run_address>0x2000a650</run_address>
         <size>0x40</size>
         <input_file_ref idref="fl-15b"/>
      </object_component>
      <object_component id="oc-251">
         <name>.text:NwpPowerOff</name>
         <load_address>0x2000a690</load_address>
         <run_address>0x2000a690</run_address>
         <size>0x3c</size>
         <input_file_ref idref="fl-15c"/>
      </object_component>
      <object_component id="oc-31d">
         <name>.text:PRCMPeripheralClkEnable</name>
         <load_address>0x2000a6cc</load_address>
         <run_address>0x2000a6cc</run_address>
         <size>0x3c</size>
         <input_file_ref idref="fl-15f"/>
      </object_component>
      <object_component id="oc-3d5">
         <name>.text:_SlDrvObjInit</name>
         <load_address>0x2000a708</load_address>
         <run_address>0x2000a708</run_address>
         <size>0x3c</size>
         <input_file_ref idref="fl-155"/>
      </object_component>
      <object_component id="oc-369">
         <name>.text:uDMAChannelControlSet</name>
         <load_address>0x2000a744</load_address>
         <run_address>0x2000a744</run_address>
         <size>0x3c</size>
         <input_file_ref idref="fl-162"/>
      </object_component>
      <object_component id="oc-257">
         <name>.text:NwpRegisterInterruptHandler</name>
         <load_address>0x2000a780</load_address>
         <run_address>0x2000a780</run_address>
         <size>0x38</size>
         <input_file_ref idref="fl-15c"/>
      </object_component>
      <object_component id="oc-3fa">
         <name>.text:PRCMPeripheralStatusGet</name>
         <load_address>0x2000a7b8</load_address>
         <run_address>0x2000a7b8</run_address>
         <size>0x34</size>
         <input_file_ref idref="fl-15f"/>
      </object_component>
      <object_component id="oc-40c">
         <name>.text:SPIFIFOLevelSet</name>
         <load_address>0x2000a7ec</load_address>
         <run_address>0x2000a7ec</run_address>
         <size>0x34</size>
         <input_file_ref idref="fl-160"/>
      </object_component>
      <object_component id="oc-2b3">
         <name>.text:_SlDrvBasicCmd</name>
         <load_address>0x2000a820</load_address>
         <run_address>0x2000a820</run_address>
         <size>0x34</size>
         <input_file_ref idref="fl-155"/>
      </object_component>
      <object_component id="oc-11">
         <name>.text</name>
         <load_address>0x2000a854</load_address>
         <run_address>0x2000a854</run_address>
         <size>0x34</size>
         <input_file_ref idref="fl-135"/>
      </object_component>
      <object_component id="oc-12a">
         <name>.text:sl_Htons</name>
         <load_address>0x2000a888</load_address>
         <run_address>0x2000a888</run_address>
         <size>0x34</size>
         <input_file_ref idref="fl-15a"/>
      </object_component>
      <object_component id="oc-25d">
         <name>.text:NwpPowerOn</name>
         <load_address>0x2000a8bc</load_address>
         <run_address>0x2000a8bc</run_address>
         <size>0x30</size>
         <input_file_ref idref="fl-15c"/>
      </object_component>
      <object_component id="oc-3ab">
         <name>.text:UARTDisable</name>
         <load_address>0x2000a8ec</load_address>
         <run_address>0x2000a8ec</run_address>
         <size>0x30</size>
         <input_file_ref idref="fl-161"/>
      </object_component>
      <object_component id="oc-4a9">
         <name>.text:_SlDrvFlowContDeinit</name>
         <load_address>0x2000a91c</load_address>
         <run_address>0x2000a91c</run_address>
         <size>0x30</size>
         <input_file_ref idref="fl-156"/>
      </object_component>
      <object_component id="oc-3db">
         <name>.text:_SlDrvFlowContInit</name>
         <load_address>0x2000a94c</load_address>
         <run_address>0x2000a94c</run_address>
         <size>0x30</size>
         <input_file_ref idref="fl-156"/>
      </object_component>
      <object_component id="oc-245">
         <name>.text:_SlNonOsSemGet</name>
         <load_address>0x2000a97c</load_address>
         <run_address>0x2000a97c</run_address>
         <size>0x30</size>
         <input_file_ref idref="fl-159"/>
      </object_component>
      <object_component id="oc-130">
         <name>.text:sl_Socket</name>
         <load_address>0x2000a9ac</load_address>
         <run_address>0x2000a9ac</run_address>
         <size>0x30</size>
         <input_file_ref idref="fl-15a"/>
      </object_component>
      <object_component id="oc-53b">
         <name>.text</name>
         <load_address>0x2000a9dc</load_address>
         <run_address>0x2000a9dc</run_address>
         <size>0x2e</size>
         <input_file_ref idref="fl-14d"/>
      </object_component>
      <object_component id="oc-32f">
         <name>.text:PRCMSysResetCauseGet</name>
         <load_address>0x2000aa0c</load_address>
         <run_address>0x2000aa0c</run_address>
         <size>0x2c</size>
         <input_file_ref idref="fl-15f"/>
      </object_component>
      <object_component id="oc-143">
         <name>.text:sl_Listen</name>
         <load_address>0x2000aa38</load_address>
         <run_address>0x2000aa38</run_address>
         <size>0x2c</size>
         <input_file_ref idref="fl-15a"/>
      </object_component>
      <object_component id="oc-329">
         <name>.text:PRCMPeripheralClkDisable</name>
         <load_address>0x2000aa64</load_address>
         <run_address>0x2000aa64</run_address>
         <size>0x28</size>
         <input_file_ref idref="fl-15f"/>
      </object_component>
      <object_component id="oc-2de">
         <name>.text:_sl_BuildAddress</name>
         <load_address>0x2000aa8c</load_address>
         <run_address>0x2000aa8c</run_address>
         <size>0x28</size>
         <input_file_ref idref="fl-15a"/>
      </object_component>
      <object_component id="oc-eb">
         <name>.text:sl_WlanSetMode</name>
         <load_address>0x2000aab4</load_address>
         <run_address>0x2000aab4</run_address>
         <size>0x28</size>
         <input_file_ref idref="fl-15b"/>
      </object_component>
      <object_component id="oc-42d">
         <name>.text:DmaSpiSwIntHandler</name>
         <load_address>0x2000aadc</load_address>
         <run_address>0x2000aadc</run_address>
         <size>0x24</size>
         <input_file_ref idref="fl-15c"/>
      </object_component>
      <object_component id="oc-449">
         <name>.text:IntUnregister</name>
         <load_address>0x2000ab00</load_address>
         <run_address>0x2000ab00</run_address>
         <size>0x24</size>
         <input_file_ref idref="fl-15d"/>
      </object_component>
      <object_component id="oc-3b1">
         <name>.text:UARTEnable</name>
         <load_address>0x2000ab24</load_address>
         <run_address>0x2000ab24</run_address>
         <size>0x24</size>
         <input_file_ref idref="fl-161"/>
      </object_component>
      <object_component id="oc-214">
         <name>.text</name>
         <load_address>0x2000ab48</load_address>
         <run_address>0x2000ab48</run_address>
         <size>0x24</size>
         <input_file_ref idref="fl-13b"/>
      </object_component>
      <object_component id="oc-13d">
         <name>.text:sl_Close</name>
         <load_address>0x2000ab6c</load_address>
         <run_address>0x2000ab6c</run_address>
         <size>0x24</size>
         <input_file_ref idref="fl-15a"/>
      </object_component>
      <object_component id="oc-103">
         <name>.text:sl_WlanProfileDel</name>
         <load_address>0x2000ab90</load_address>
         <run_address>0x2000ab90</run_address>
         <size>0x24</size>
         <input_file_ref idref="fl-15b"/>
      </object_component>
      <object_component id="oc-3ee">
         <name>.text:SPIReset</name>
         <load_address>0x2000abb4</load_address>
         <run_address>0x2000abb4</run_address>
         <size>0x22</size>
         <input_file_ref idref="fl-160"/>
      </object_component>
      <object_component id="oc-648">
         <name>.text:SPIWordCountSet</name>
         <load_address>0x2000abd6</load_address>
         <run_address>0x2000abd6</run_address>
         <size>0x22</size>
         <input_file_ref idref="fl-160"/>
      </object_component>
      <object_component id="oc-412">
         <name>.text:IntRegister</name>
         <load_address>0x2000abf8</load_address>
         <run_address>0x2000abf8</run_address>
         <size>0x20</size>
         <input_file_ref idref="fl-15d"/>
      </object_component>
      <object_component id="oc-6ad">
         <name>.text:_SlDrvCmdSend</name>
         <load_address>0x2000ac18</load_address>
         <run_address>0x2000ac18</run_address>
         <size>0x20</size>
         <input_file_ref idref="fl-155"/>
      </object_component>
      <object_component id="oc-46c">
         <name>.text:_SlNonOsSpawn</name>
         <load_address>0x2000ac38</load_address>
         <run_address>0x2000ac38</run_address>
         <size>0x20</size>
         <input_file_ref idref="fl-159"/>
      </object_component>
      <object_component id="oc-201">
         <name>.text:UARTCharPut</name>
         <load_address>0x2000ac58</load_address>
         <run_address>0x2000ac58</run_address>
         <size>0x1e</size>
         <input_file_ref idref="fl-161"/>
      </object_component>
      <object_component id="oc-4af">
         <name>.text:_SlDrvObjDeInit</name>
         <load_address>0x2000ac78</load_address>
         <run_address>0x2000ac78</run_address>
         <size>0x1c</size>
         <input_file_ref idref="fl-155"/>
      </object_component>
      <object_component id="oc-18c">
         <name>.text</name>
         <load_address>0x2000ac94</load_address>
         <run_address>0x2000ac94</run_address>
         <size>0x1c</size>
         <input_file_ref idref="fl-3"/>
      </object_component>
      <object_component id="oc-54b">
         <name>.text</name>
         <load_address>0x2000acb0</load_address>
         <run_address>0x2000acb0</run_address>
         <size>0x1c</size>
         <input_file_ref idref="fl-150"/>
      </object_component>
      <object_component id="oc-387">
         <name>.text:uDMAChannelDisable</name>
         <load_address>0x2000accc</load_address>
         <run_address>0x2000accc</run_address>
         <size>0x1c</size>
         <input_file_ref idref="fl-162"/>
      </object_component>
      <object_component id="oc-37b">
         <name>.text:uDMAChannelEnable</name>
         <load_address>0x2000ace8</load_address>
         <run_address>0x2000ace8</run_address>
         <size>0x1c</size>
         <input_file_ref idref="fl-162"/>
      </object_component>
      <object_component id="oc-381">
         <name>.text:uDMAChannelRequest</name>
         <load_address>0x2000ad04</load_address>
         <run_address>0x2000ad04</run_address>
         <size>0x1c</size>
         <input_file_ref idref="fl-162"/>
      </object_component>
      <object_component id="oc-659">
         <name>.text:CopyPingResultsToReport</name>
         <load_address>0x2000ad20</load_address>
         <run_address>0x2000ad20</run_address>
         <size>0x1a</size>
         <input_file_ref idref="fl-157"/>
      </object_component>
      <object_component id="oc-3a0">
         <name>.text:PinTypeUART</name>
         <load_address>0x2000ad3a</load_address>
         <run_address>0x2000ad3a</run_address>
         <size>0x1a</size>
         <input_file_ref idref="fl-15e"/>
      </object_component>
      <object_component id="oc-4a1">
         <name>.text:SPIDmaDisable</name>
         <load_address>0x2000ad54</load_address>
         <run_address>0x2000ad54</run_address>
         <size>0x1a</size>
         <input_file_ref idref="fl-160"/>
      </object_component>
      <object_component id="oc-406">
         <name>.text:SPIDmaEnable</name>
         <load_address>0x2000ad6e</load_address>
         <run_address>0x2000ad6e</run_address>
         <size>0x1a</size>
         <input_file_ref idref="fl-160"/>
      </object_component>
      <object_component id="oc-49b">
         <name>.text:SPIFIFODisable</name>
         <load_address>0x2000ad88</load_address>
         <run_address>0x2000ad88</run_address>
         <size>0x1a</size>
         <input_file_ref idref="fl-160"/>
      </object_component>
      <object_component id="oc-400">
         <name>.text:SPIFIFOEnable</name>
         <load_address>0x2000ada2</load_address>
         <run_address>0x2000ada2</run_address>
         <size>0x1a</size>
         <input_file_ref idref="fl-160"/>
      </object_component>
      <object_component id="oc-495">
         <name>.text:SPIIntUnregister</name>
         <load_address>0x2000adbc</load_address>
         <run_address>0x2000adbc</run_address>
         <size>0x1a</size>
         <input_file_ref idref="fl-160"/>
      </object_component>
      <object_component id="oc-67f">
         <name>.text:_SlDrvDeviceEventHandler</name>
         <load_address>0x2000add6</load_address>
         <run_address>0x2000add6</run_address>
         <size>0x1a</size>
         <input_file_ref idref="fl-154"/>
      </object_component>
      <object_component id="oc-3e2">
         <name>.text:SPICSDisable</name>
         <load_address>0x2000adf0</load_address>
         <run_address>0x2000adf0</run_address>
         <size>0x18</size>
         <input_file_ref idref="fl-160"/>
      </object_component>
      <object_component id="oc-642">
         <name>.text:SPICSEnable</name>
         <load_address>0x2000ae08</load_address>
         <run_address>0x2000ae08</run_address>
         <size>0x18</size>
         <input_file_ref idref="fl-160"/>
      </object_component>
      <object_component id="oc-3e8">
         <name>.text:SPIDisable</name>
         <load_address>0x2000ae20</load_address>
         <run_address>0x2000ae20</run_address>
         <size>0x18</size>
         <input_file_ref idref="fl-160"/>
      </object_component>
      <object_component id="oc-424">
         <name>.text:SPIEnable</name>
         <load_address>0x2000ae38</load_address>
         <run_address>0x2000ae38</run_address>
         <size>0x18</size>
         <input_file_ref idref="fl-160"/>
      </object_component>
      <object_component id="oc-3a">
         <name>.text</name>
         <load_address>0x2000ae50</load_address>
         <run_address>0x2000ae50</run_address>
         <size>0x18</size>
         <input_file_ref idref="fl-143"/>
      </object_component>
      <object_component id="oc-517">
         <name>.text</name>
         <load_address>0x2000ae68</load_address>
         <run_address>0x2000ae68</run_address>
         <size>0x18</size>
         <input_file_ref idref="fl-14e"/>
      </object_component>
      <object_component id="oc-311">
         <name>.text:PRCMHIBRegRead</name>
         <load_address>0x2000ae80</load_address>
         <run_address>0x2000ae80</run_address>
         <size>0x16</size>
         <input_file_ref idref="fl-15f"/>
      </object_component>
      <object_component id="oc-317">
         <name>.text:PRCMHIBRegWrite</name>
         <load_address>0x2000ae96</load_address>
         <run_address>0x2000ae96</run_address>
         <size>0x16</size>
         <input_file_ref idref="fl-15f"/>
      </object_component>
      <object_component id="oc-20e">
         <name>.text:UARTCharGet</name>
         <load_address>0x2000aeac</load_address>
         <run_address>0x2000aeac</run_address>
         <size>0x16</size>
         <input_file_ref idref="fl-161"/>
      </object_component>
      <object_component id="oc-345">
         <name>.text:uDMAIntRegister</name>
         <load_address>0x2000aec2</load_address>
         <run_address>0x2000aec2</run_address>
         <size>0x16</size>
         <input_file_ref idref="fl-162"/>
      </object_component>
      <object_component id="oc-306">
         <name>.text:CPUcpsie</name>
         <load_address>0x2000aed8</load_address>
         <run_address>0x2000aed8</run_address>
         <size>0x14</size>
         <input_file_ref idref="fl-164"/>
      </object_component>
      <object_component id="oc-16e">
         <name>.text:IntVTableBaseSet</name>
         <load_address>0x2000aeec</load_address>
         <run_address>0x2000aeec</run_address>
         <size>0x14</size>
         <input_file_ref idref="fl-15d"/>
      </object_component>
      <object_component id="oc-672">
         <name>.text:_SlDrvShiftDWord</name>
         <load_address>0x2000af00</load_address>
         <run_address>0x2000af00</run_address>
         <size>0x14</size>
         <input_file_ref idref="fl-155"/>
      </object_component>
      <object_component id="oc-1be">
         <name>.text</name>
         <load_address>0x2000af14</load_address>
         <run_address>0x2000af14</run_address>
         <size>0x14</size>
         <input_file_ref idref="fl-141"/>
      </object_component>
      <object_component id="oc-162">
         <name>.text</name>
         <load_address>0x2000af28</load_address>
         <run_address>0x2000af28</run_address>
         <size>0x14</size>
         <input_file_ref idref="fl-13f"/>
      </object_component>
      <object_component id="oc-354">
         <name>.text:uDMAControlBaseSet</name>
         <load_address>0x2000af3c</load_address>
         <run_address>0x2000af3c</run_address>
         <size>0x14</size>
         <input_file_ref idref="fl-162"/>
      </object_component>
      <object_component id="oc-33f">
         <name>.text:uDMAIntClear</name>
         <load_address>0x2000af50</load_address>
         <run_address>0x2000af50</run_address>
         <size>0x14</size>
         <input_file_ref idref="fl-162"/>
      </object_component>
      <object_component id="oc-1c">
         <name>.text:decompress:ZI</name>
         <load_address>0x2000af64</load_address>
         <run_address>0x2000af64</run_address>
         <size>0x12</size>
         <input_file_ref idref="fl-138"/>
      </object_component>
      <object_component id="oc-11b">
         <name>.text:sl_NetAppMDNSUnRegisterService</name>
         <load_address>0x2000af76</load_address>
         <run_address>0x2000af76</run_address>
         <size>0x12</size>
         <input_file_ref idref="fl-157"/>
      </object_component>
      <object_component id="oc-38d">
         <name>.text:uDMAIntUnregister</name>
         <load_address>0x2000af88</load_address>
         <run_address>0x2000af88</run_address>
         <size>0x12</size>
         <input_file_ref idref="fl-162"/>
      </object_component>
      <object_component id="oc-466">
         <name>.text:NwpMaskInterrupt</name>
         <load_address>0x2000af9c</load_address>
         <run_address>0x2000af9c</run_address>
         <size>0x10</size>
         <input_file_ref idref="fl-15c"/>
      </object_component>
      <object_component id="oc-16">
         <name>.text:decompress:none</name>
         <load_address>0x2000afac</load_address>
         <run_address>0x2000afac</run_address>
         <size>0xe</size>
         <input_file_ref idref="fl-136"/>
      </object_component>
      <object_component id="oc-545">
         <name>.text</name>
         <load_address>0x2000afba</load_address>
         <run_address>0x2000afba</run_address>
         <size>0xe</size>
         <input_file_ref idref="fl-152"/>
      </object_component>
      <object_component id="oc-2c">
         <name>.text</name>
         <load_address>0x2000afc8</load_address>
         <run_address>0x2000afc8</run_address>
         <size>0xe</size>
         <input_file_ref idref="fl-4"/>
      </object_component>
      <object_component id="oc-63a">
         <name>.text:NwpUnMaskInterrupt</name>
         <load_address>0x2000afd8</load_address>
         <run_address>0x2000afd8</run_address>
         <size>0xc</size>
         <input_file_ref idref="fl-15c"/>
      </object_component>
      <object_component id="oc-393">
         <name>.text:uDMADisable</name>
         <load_address>0x2000afe4</load_address>
         <run_address>0x2000afe4</run_address>
         <size>0xc</size>
         <input_file_ref idref="fl-162"/>
      </object_component>
      <object_component id="oc-34b">
         <name>.text:uDMAEnable</name>
         <load_address>0x2000aff0</load_address>
         <run_address>0x2000aff0</run_address>
         <size>0xc</size>
         <input_file_ref idref="fl-162"/>
      </object_component>
      <object_component id="oc-339">
         <name>.text:uDMAIntStatus</name>
         <load_address>0x2000affc</load_address>
         <run_address>0x2000affc</run_address>
         <size>0xc</size>
         <input_file_ref idref="fl-162"/>
      </object_component>
      <object_component id="oc-174">
         <name>.text:IntMasterEnable</name>
         <load_address>0x2000b008</load_address>
         <run_address>0x2000b008</run_address>
         <size>0xa</size>
         <input_file_ref idref="fl-15d"/>
      </object_component>
      <object_component id="oc-24b">
         <name>.text:_SlNonOsSemSet</name>
         <load_address>0x2000b012</load_address>
         <run_address>0x2000b012</run_address>
         <size>0x8</size>
         <input_file_ref idref="fl-159"/>
      </object_component>
      <object_component id="oc-109">
         <name>.text:sl_WlanDisconnect</name>
         <load_address>0x2000b01a</load_address>
         <run_address>0x2000b01a</run_address>
         <size>0x8</size>
         <input_file_ref idref="fl-15b"/>
      </object_component>
      <object_component id="oc-155">
         <name>.text:UtilsDelay</name>
         <load_address>0x2000b022</load_address>
         <run_address>0x2000b022</run_address>
         <size>0x6</size>
         <input_file_ref idref="fl-163"/>
      </object_component>
      <object_component id="oc-22">
         <name>.text:decompress:rle24</name>
         <load_address>0x2000b028</load_address>
         <run_address>0x2000b028</run_address>
         <size>0x6</size>
         <input_file_ref idref="fl-137"/>
      </object_component>
      <object_component id="oc-60e">
         <name>.const:.string:_ctypes_</name>
         <load_address>0x2000b030</load_address>
         <run_address>0x2000b030</run_address>
         <size>0x102</size>
         <input_file_ref idref="fl-147"/>
      </object_component>
      <object_component id="oc-5f5">
         <name>.const:g_ulPinToPadMap</name>
         <load_address>0x2000b134</load_address>
         <run_address>0x2000b134</run_address>
         <size>0x100</size>
         <input_file_ref idref="fl-15e"/>
      </object_component>
      <object_component id="oc-28b">
         <name>.const</name>
         <load_address>0x2000b234</load_address>
         <run_address>0x2000b234</run_address>
         <size>0xec</size>
         <input_file_ref idref="fl-15b"/>
      </object_component>
      <object_component id="oc-574">
         <name>.const:g_pulRegs</name>
         <load_address>0x2000b320</load_address>
         <run_address>0x2000b320</run_address>
         <size>0xd4</size>
         <input_file_ref idref="fl-15d"/>
      </object_component>
      <object_component id="oc-4db">
         <name>.const:PRCM_PeriphRegsList</name>
         <load_address>0x2000b3f4</load_address>
         <run_address>0x2000b3f4</run_address>
         <size>0xa8</size>
         <input_file_ref idref="fl-15f"/>
      </object_component>
      <object_component id="oc-30d">
         <name>.const</name>
         <load_address>0x2000b49c</load_address>
         <run_address>0x2000b49c</run_address>
         <size>0x80</size>
         <input_file_ref idref="fl-15d"/>
      </object_component>
      <object_component id="oc-4b8">
         <name>.const</name>
         <load_address>0x2000b51c</load_address>
         <run_address>0x2000b51c</run_address>
         <size>0x4c</size>
         <input_file_ref idref="fl-155"/>
      </object_component>
      <object_component id="oc-2d3">
         <name>.const</name>
         <load_address>0x2000b568</load_address>
         <run_address>0x2000b568</run_address>
         <size>0x34</size>
         <input_file_ref idref="fl-15a"/>
      </object_component>
      <object_component id="oc-d8">
         <name>.const:$P$T1$2</name>
         <load_address>0x2000b59c</load_address>
         <run_address>0x2000b59c</run_address>
         <size>0x2c</size>
         <input_file_ref idref="fl-2"/>
      </object_component>
      <object_component id="oc-136">
         <name>.const:.string</name>
         <load_address>0x2000b5c8</load_address>
         <run_address>0x2000b5c8</run_address>
         <size>0x2b</size>
         <input_file_ref idref="fl-2"/>
      </object_component>
      <object_component id="oc-4c0">
         <name>.const</name>
         <load_address>0x2000b5f4</load_address>
         <run_address>0x2000b5f4</run_address>
         <size>0x28</size>
         <input_file_ref idref="fl-157"/>
      </object_component>
      <object_component id="oc-650">
         <name>.const:g_ppulSPIIntMap</name>
         <load_address>0x2000b61c</load_address>
         <run_address>0x2000b61c</run_address>
         <size>0x24</size>
         <input_file_ref idref="fl-160"/>
      </object_component>
      <object_component id="oc-e4">
         <name>.const:.string:$P$T0$1</name>
         <load_address>0x2000b640</load_address>
         <run_address>0x2000b640</run_address>
         <size>0x22</size>
         <input_file_ref idref="fl-2"/>
      </object_component>
      <object_component id="oc-61c">
         <name>.const</name>
         <load_address>0x2000b664</load_address>
         <run_address>0x2000b664</run_address>
         <size>0x18</size>
         <input_file_ref idref="fl-160"/>
      </object_component>
      <object_component id="oc-db">
         <name>.const</name>
         <load_address>0x2000b67c</load_address>
         <run_address>0x2000b67c</run_address>
         <size>0x14</size>
         <input_file_ref idref="fl-2"/>
      </object_component>
      <object_component id="oc-2a2">
         <name>.const</name>
         <load_address>0x2000b690</load_address>
         <run_address>0x2000b690</run_address>
         <size>0x14</size>
         <input_file_ref idref="fl-154"/>
      </object_component>
      <object_component id="oc-2ba">
         <name>.const</name>
         <load_address>0x2000b6a4</load_address>
         <run_address>0x2000b6a4</run_address>
         <size>0x8</size>
         <input_file_ref idref="fl-158"/>
      </object_component>
      <object_component id="oc-6d4">
         <name>.cinit..data.load</name>
         <load_address>0x2000b6b0</load_address>
         <run_address>0x2000b6b0</run_address>
         <size>0x2e</size>
      </object_component>
      <object_component id="oc-6d2">
         <name>__TI_handler_table</name>
         <load_address>0x2000b6e0</load_address>
         <run_address>0x2000b6e0</run_address>
         <size>0xc</size>
      </object_component>
      <object_component id="oc-6d5">
         <name>.cinit..bss.load</name>
         <load_address>0x2000b6f0</load_address>
         <run_address>0x2000b6f0</run_address>
         <size>0x8</size>
      </object_component>
      <object_component id="oc-6d3">
         <name>__TI_cinit_table</name>
         <load_address>0x2000b6f8</load_address>
         <run_address>0x2000b6f8</run_address>
         <size>0x10</size>
      </object_component>
      <object_component id="oc-46">
         <name>.data</name>
         <load_address>0x20018f00</load_address>
         <run_address>0x20018f00</run_address>
         <size>0x4</size>
         <input_file_ref idref="fl-13e"/>
      </object_component>
      <object_component id="oc-85">
         <name>.data</name>
         <load_address>0x20018ef0</load_address>
         <run_address>0x20018ef0</run_address>
         <size>0x8</size>
         <input_file_ref idref="fl-141"/>
      </object_component>
      <object_component id="oc-88">
         <name>.data</name>
         <load_address>0x20018ef8</load_address>
         <run_address>0x20018ef8</run_address>
         <size>0x8</size>
         <input_file_ref idref="fl-139"/>
      </object_component>
      <object_component id="oc-b0">
         <name>.data</name>
         <load_address>0x20018ecc</load_address>
         <run_address>0x20018ecc</run_address>
         <size>0x18</size>
         <input_file_ref idref="fl-2"/>
      </object_component>
      <object_component id="oc-26f">
         <name>.data</name>
         <load_address>0x20018d00</load_address>
         <run_address>0x20018d00</run_address>
         <size>0x170</size>
         <input_file_ref idref="fl-155"/>
      </object_component>
      <object_component id="oc-3d0">
         <name>.data</name>
         <load_address>0x20018ee4</load_address>
         <run_address>0x20018ee4</run_address>
         <size>0xc</size>
         <input_file_ref idref="fl-13c"/>
      </object_component>
      <object_component id="oc-42a">
         <name>.data</name>
         <load_address>0x20018e70</load_address>
         <run_address>0x20018e70</run_address>
         <size>0x5c</size>
         <input_file_ref idref="fl-15c"/>
      </object_component>
      <object_component id="oc-b3">
         <name>.bss:g_ucConnectionSSID</name>
         <uninitialized>true</uninitialized>
         <run_address>0x20017fc8</run_address>
         <size>0x24</size>
         <input_file_ref idref="fl-2"/>
      </object_component>
      <object_component id="oc-127">
         <name>.bss:g_cBsdBuf</name>
         <uninitialized>true</uninitialized>
         <run_address>0x20017000</run_address>
         <size>0xfa0</size>
         <input_file_ref idref="fl-2"/>
      </object_component>
      <object_component id="oc-280">
         <name>.bss:g__SlNonOsCB</name>
         <uninitialized>true</uninitialized>
         <run_address>0x20017fa0</run_address>
         <size>0x28</size>
         <input_file_ref idref="fl-159"/>
      </object_component>
      <object_component id="oc-351">
         <name>.bss:gpCtlTbl</name>
         <uninitialized>true</uninitialized>
         <run_address>0x20018000</run_address>
         <size>0x400</size>
         <input_file_ref idref="fl-6"/>
      </object_component>
      <object_component id="oc-35a">
         <name>.bss:gfpAppCallbackHndl</name>
         <uninitialized>true</uninitialized>
         <run_address>0x20018400</run_address>
         <size>0x100</size>
         <input_file_ref idref="fl-6"/>
      </object_component>
      <object_component id="oc-1a6">
         <name>.common:g_ucConnectionBSSID</name>
         <uninitialized>true</uninitialized>
         <run_address>0x20017fec</run_address>
         <size>0x8</size>
      </object_component>
      <object_component id="oc-221">
         <name>.common:__Errorlog</name>
         <uninitialized>true</uninitialized>
         <run_address>0x20017ff4</run_address>
         <size>0x4</size>
      </object_component>
      <object_component id="oc-399">
         <name>.common:iDone</name>
         <uninitialized>true</uninitialized>
         <run_address>0x20017ff9</run_address>
         <size>0x1</size>
      </object_component>
      <object_component id="oc-68c">
         <name>.common:g_cDummy</name>
         <uninitialized>true</uninitialized>
         <run_address>0x20017ff8</run_address>
         <size>0x1</size>
      </object_component>
      <object_component id="oc-29">
         <name>.sysmem</name>
         <uninitialized>true</uninitialized>
         <run_address>0x20018500</run_address>
         <size>0x8</size>
         <input_file_ref idref="fl-13c"/>
      </object_component>
      <object_component id="oc-6d7">
         <name>.sysmem</name>
         <uninitialized>true</uninitialized>
         <run_address>0x20018500</run_address>
         <size>0x0</size>
      </object_component>
      <object_component id="oc-28">
         <name>.stack</name>
         <uninitialized>true</uninitialized>
         <run_address>0x2002f800</run_address>
         <size>0x0</size>
         <input_file_ref idref="fl-135"/>
      </object_component>
      <object_component id="oc-6d6">
         <name>.stack</name>
         <uninitialized>true</uninitialized>
         <run_address>0x2002f800</run_address>
         <size>0x0</size>
      </object_component>
      <object_component id="oc-f">
         <name>.debug_info</name>
         <load_address>0x0</load_address>
         <run_address>0x0</run_address>
         <size>0x123</size>
         <input_file_ref idref="fl-4"/>
      </object_component>
      <object_component id="oc-13">
         <name>.debug_info</name>
         <load_address>0x123</load_address>
         <run_address>0x123</run_address>
         <size>0x108</size>
         <input_file_ref idref="fl-135"/>
      </object_component>
      <object_component id="oc-17">
         <name>.debug_info</name>
         <load_address>0x22b</load_address>
         <run_address>0x22b</run_address>
         <size>0x1a9</size>
         <input_file_ref idref="fl-136"/>
      </object_component>
      <object_component id="oc-1e">
         <name>.debug_info</name>
         <load_address>0x3d4</load_address>
         <run_address>0x3d4</run_address>
         <size>0x17f</size>
         <input_file_ref idref="fl-138"/>
      </object_component>
      <object_component id="oc-25">
         <name>.debug_info</name>
         <load_address>0x553</load_address>
         <run_address>0x553</run_address>
         <size>0x1a3</size>
         <input_file_ref idref="fl-137"/>
      </object_component>
      <object_component id="oc-2a">
         <name>.debug_info</name>
         <load_address>0x6f6</load_address>
         <run_address>0x6f6</run_address>
         <size>0xcb</size>
         <input_file_ref idref="fl-13c"/>
      </object_component>
      <object_component id="oc-2d">
         <name>.debug_info</name>
         <load_address>0x7c1</load_address>
         <run_address>0x7c1</run_address>
         <size>0x444</size>
         <input_file_ref idref="fl-4"/>
      </object_component>
      <object_component id="oc-34">
         <name>.debug_info</name>
         <load_address>0xc05</load_address>
         <run_address>0xc05</run_address>
         <size>0x138</size>
         <input_file_ref idref="fl-4"/>
      </object_component>
      <object_component id="oc-36">
         <name>.debug_info</name>
         <load_address>0xd3d</load_address>
         <run_address>0xd3d</run_address>
         <size>0x152</size>
         <input_file_ref idref="fl-145"/>
      </object_component>
      <object_component id="oc-3c">
         <name>.debug_info</name>
         <load_address>0xe8f</load_address>
         <run_address>0xe8f</run_address>
         <size>0x131</size>
         <input_file_ref idref="fl-143"/>
      </object_component>
      <object_component id="oc-43">
         <name>.debug_info</name>
         <load_address>0xfc0</load_address>
         <run_address>0xfc0</run_address>
         <size>0x1d7</size>
         <input_file_ref idref="fl-139"/>
      </object_component>
      <object_component id="oc-47">
         <name>.debug_info</name>
         <load_address>0x1197</load_address>
         <run_address>0x1197</run_address>
         <size>0xd3</size>
         <input_file_ref idref="fl-13e"/>
      </object_component>
      <object_component id="oc-4b">
         <name>.debug_info</name>
         <load_address>0x126a</load_address>
         <run_address>0x126a</run_address>
         <size>0xe1</size>
         <input_file_ref idref="fl-13a"/>
      </object_component>
      <object_component id="oc-50">
         <name>.debug_info</name>
         <load_address>0x134b</load_address>
         <run_address>0x134b</run_address>
         <size>0x46</size>
         <input_file_ref idref="fl-136"/>
      </object_component>
      <object_component id="oc-55">
         <name>.debug_info</name>
         <load_address>0x1391</load_address>
         <run_address>0x1391</run_address>
         <size>0x107</size>
         <input_file_ref idref="fl-136"/>
      </object_component>
      <object_component id="oc-57">
         <name>.debug_info</name>
         <load_address>0x1498</load_address>
         <run_address>0x1498</run_address>
         <size>0x46</size>
         <input_file_ref idref="fl-138"/>
      </object_component>
      <object_component id="oc-5c">
         <name>.debug_info</name>
         <load_address>0x14de</load_address>
         <run_address>0x14de</run_address>
         <size>0xc2</size>
         <input_file_ref idref="fl-138"/>
      </object_component>
      <object_component id="oc-60">
         <name>.debug_info</name>
         <load_address>0x15a0</load_address>
         <run_address>0x15a0</run_address>
         <size>0x204</size>
         <input_file_ref idref="fl-137"/>
      </object_component>
      <object_component id="oc-64">
         <name>.debug_info</name>
         <load_address>0x17a4</load_address>
         <run_address>0x17a4</run_address>
         <size>0xcc</size>
         <input_file_ref idref="fl-137"/>
      </object_component>
      <object_component id="oc-65">
         <name>.debug_info</name>
         <load_address>0x1870</load_address>
         <run_address>0x1870</run_address>
         <size>0x39</size>
         <input_file_ref idref="fl-137"/>
      </object_component>
      <object_component id="oc-6c">
         <name>.debug_info</name>
         <load_address>0x18a9</load_address>
         <run_address>0x18a9</run_address>
         <size>0x1ec</size>
         <input_file_ref idref="fl-13c"/>
      </object_component>
      <object_component id="oc-71">
         <name>.debug_info</name>
         <load_address>0x1a95</load_address>
         <run_address>0x1a95</run_address>
         <size>0x84</size>
         <input_file_ref idref="fl-2"/>
      </object_component>
      <object_component id="oc-79">
         <name>.debug_info</name>
         <load_address>0x1b19</load_address>
         <run_address>0x1b19</run_address>
         <size>0x160</size>
         <input_file_ref idref="fl-146"/>
      </object_component>
      <object_component id="oc-7e">
         <name>.debug_info</name>
         <load_address>0x1c79</load_address>
         <run_address>0x1c79</run_address>
         <size>0x141e</size>
         <input_file_ref idref="fl-2"/>
      </object_component>
      <object_component id="oc-84">
         <name>.debug_info</name>
         <load_address>0x3097</load_address>
         <run_address>0x3097</run_address>
         <size>0x130</size>
         <input_file_ref idref="fl-143"/>
      </object_component>
      <object_component id="oc-86">
         <name>.debug_info</name>
         <load_address>0x31c7</load_address>
         <run_address>0x31c7</run_address>
         <size>0xdd</size>
         <input_file_ref idref="fl-141"/>
      </object_component>
      <object_component id="oc-89">
         <name>.debug_info</name>
         <load_address>0x32a4</load_address>
         <run_address>0x32a4</run_address>
         <size>0x100</size>
         <input_file_ref idref="fl-139"/>
      </object_component>
      <object_component id="oc-8c">
         <name>.debug_info</name>
         <load_address>0x33a4</load_address>
         <run_address>0x33a4</run_address>
         <size>0x15b</size>
         <input_file_ref idref="fl-139"/>
      </object_component>
      <object_component id="oc-91">
         <name>.debug_info</name>
         <load_address>0x34ff</load_address>
         <run_address>0x34ff</run_address>
         <size>0x2c</size>
         <input_file_ref idref="fl-136"/>
      </object_component>
      <object_component id="oc-98">
         <name>.debug_info</name>
         <load_address>0x352b</load_address>
         <run_address>0x352b</run_address>
         <size>0x2c</size>
         <input_file_ref idref="fl-138"/>
      </object_component>
      <object_component id="oc-a4">
         <name>.debug_info</name>
         <load_address>0x3557</load_address>
         <run_address>0x3557</run_address>
         <size>0x2c</size>
         <input_file_ref idref="fl-13c"/>
      </object_component>
      <object_component id="oc-a9">
         <name>.debug_info</name>
         <load_address>0x3583</load_address>
         <run_address>0x3583</run_address>
         <size>0x62</size>
         <input_file_ref idref="fl-13c"/>
      </object_component>
      <object_component id="oc-af">
         <name>.debug_info</name>
         <load_address>0x35e5</load_address>
         <run_address>0x35e5</run_address>
         <size>0x15d</size>
         <input_file_ref idref="fl-146"/>
      </object_component>
      <object_component id="oc-b1">
         <name>.debug_info</name>
         <load_address>0x3742</load_address>
         <run_address>0x3742</run_address>
         <size>0x1c4</size>
         <input_file_ref idref="fl-2"/>
      </object_component>
      <object_component id="oc-b4">
         <name>.debug_info</name>
         <load_address>0x3906</load_address>
         <run_address>0x3906</run_address>
         <size>0xfb</size>
         <input_file_ref idref="fl-2"/>
      </object_component>
      <object_component id="oc-b7">
         <name>.debug_info</name>
         <load_address>0x3a01</load_address>
         <run_address>0x3a01</run_address>
         <size>0xb09</size>
         <input_file_ref idref="fl-2"/>
      </object_component>
      <object_component id="oc-c0">
         <name>.debug_info</name>
         <load_address>0x450a</load_address>
         <run_address>0x450a</run_address>
         <size>0x8b7</size>
         <input_file_ref idref="fl-5"/>
      </object_component>
      <object_component id="oc-d4">
         <name>.debug_info</name>
         <load_address>0x4dc1</load_address>
         <run_address>0x4dc1</run_address>
         <size>0x111</size>
         <input_file_ref idref="fl-13d"/>
      </object_component>
      <object_component id="oc-d9">
[...]
         <name>_SlNonOsSemGet</name>
         <value>0x2000a97d</value>
         <object_component_ref idref="oc-245"/>
      </symbol>
      <symbol id="sm-93c">
         <name>_SlNonOsMainLoopTask</name>
         <value>0x2000a591</value>
         <object_component_ref idref="oc-e5"/>
      </symbol>
      <symbol id="sm-93d">
         <name>g__SlNonOsCB</name>
         <value>0x20017fa0</value>
         <object_component_ref idref="oc-280"/>
      </symbol>
      <symbol id="sm-a12">
         <name>sl_Accept</name>
         <value>0x200082d1</value>
         <object_component_ref idref="oc-14f"/>
      </symbol>
      <symbol id="sm-a13">
         <name>sl_Recv</name>
         <value>0x2000a4cd</value>
         <object_component_ref idref="oc-156"/>
      </symbol>
      <symbol id="sm-a14">
         <name>_SlSockCloseCmdCtrl</name>
         <value>0x2000b578</value>
         <object_component_ref idref="oc-2d3"/>
      </symbol>
      <symbol id="sm-a15">
         <name>_SlSendCmdCtrl</name>
         <value>0x2000b580</value>
         <object_component_ref idref="oc-2d3"/>
      </symbol>
      <symbol id="sm-a16">
         <name>sl_SendTo</name>
         <value>0x20008bfd</value>
         <object_component_ref idref="oc-15c"/>
      </symbol>
      <symbol id="sm-a17">
         <name>_sl_BuildAddress</name>
         <value>0x2000aa8d</value>
         <object_component_ref idref="oc-2de"/>
      </symbol>
      <symbol id="sm-a18">
         <name>_sl_HandleAsync_Connect</name>
         <value>0x20009b51</value>
         <object_component_ref idref="oc-5c0"/>
      </symbol>
      <symbol id="sm-a19">
         <name>sl_Htons</name>
         <value>0x2000a889</value>
         <object_component_ref idref="oc-12a"/>
      </symbol>
      <symbol id="sm-a1a">
         <name>_SlSelectCmdCtrl</name>
         <value>0x2000b598</value>
         <object_component_ref idref="oc-2d3"/>
      </symbol>
      <symbol id="sm-a1b">
         <name>sl_Socket</name>
         <value>0x2000a9ad</value>
         <object_component_ref idref="oc-130"/>
      </symbol>
      <symbol id="sm-a1c">
         <name>_sl_HandleAsync_Select</name>
         <value>0x20009e15</value>
         <object_component_ref idref="oc-5c6"/>
      </symbol>
      <symbol id="sm-a1d">
         <name>_SlSockSocketCmdCtrl</name>
         <value>0x2000b574</value>
         <object_component_ref idref="oc-2d3"/>
      </symbol>
      <symbol id="sm-a1e">
         <name>_SlRecvfomCmdCtrl</name>
         <value>0x2000b57c</value>
         <object_component_ref idref="oc-2d3"/>
      </symbol>
      <symbol id="sm-a1f">
         <name>_SlSetSockOptCmdCtrl</name>
         <value>0x2000b590</value>
         <object_component_ref idref="oc-2d3"/>
      </symbol>
      <symbol id="sm-a20">
         <name>_SlAcceptCmdCtrl</name>
         <value>0x2000b588</value>
         <object_component_ref idref="oc-2d3"/>
      </symbol>
      <symbol id="sm-a21">
         <name>_SlListenCmdCtrl</name>
         <value>0x2000b584</value>
         <object_component_ref idref="oc-2d3"/>
      </symbol>
      <symbol id="sm-a22">
         <name>_SlRecvCmdCtrl</name>
         <value>0x2000b58c</value>
         <object_component_ref idref="oc-2d3"/>
      </symbol>
      <symbol id="sm-a23">
         <name>_SlGetSockOptCmdCtrl</name>
         <value>0x2000b594</value>
         <object_component_ref idref="oc-2d3"/>
      </symbol>
      <symbol id="sm-a24">
         <name>_sl_TruncatePayloadByProtocol</name>
         <value>0x20009ae1</value>
         <object_component_ref idref="oc-2f5"/>
      </symbol>
      <symbol id="sm-a25">
         <name>sl_Close</name>
         <value>0x2000ab6d</value>
         <object_component_ref idref="oc-13d"/>
      </symbol>
      <symbol id="sm-a26">
         <name>_sl_HandleAsync_Accept</name>
         <value>0x20009bbd</value>
         <object_component_ref idref="oc-5ba"/>
      </symbol>
      <symbol id="sm-a27">
         <name>sl_SetSockOpt</name>
         <value>0x2000a1bd</value>
         <object_component_ref idref="oc-149"/>
      </symbol>
      <symbol id="sm-a28">
         <name>sl_Listen</name>
         <value>0x2000aa39</value>
         <object_component_ref idref="oc-143"/>
      </symbol>
      <symbol id="sm-a29">
         <name>sl_Bind</name>
         <value>0x20009e71</value>
         <object_component_ref idref="oc-137"/>
      </symbol>
      <symbol id="sm-a9a">
         <name>sl_WlanDisconnect</name>
         <value>0x2000b01b</value>
         <object_component_ref idref="oc-109"/>
      </symbol>
      <symbol id="sm-a9b">
         <name>_SlPolicyGetCmdCtrl</name>
         <value>0x2000b23c</value>
         <object_component_ref idref="oc-28b"/>
      </symbol>
      <symbol id="sm-a9c">
         <name>_SlPolicySetCmdCtrl</name>
         <value>0x2000b238</value>
         <object_component_ref idref="oc-28b"/>
      </symbol>
      <symbol id="sm-a9d">
         <name>_SlRxFilterGetCmdCtrl</name>
         <value>0x2000b254</value>
         <object_component_ref idref="oc-28b"/>
      </symbol>
      <symbol id="sm-a9e">
         <name>_SlRxFilterSetCmdCtrl</name>
         <value>0x2000b250</value>
         <object_component_ref idref="oc-28b"/>
      </symbol>
      <symbol id="sm-a9f">
         <name>_SlProfileGetCmdCtrl</name>
         <value>0x2000b240</value>
         <object_component_ref idref="oc-28b"/>
      </symbol>
      <symbol id="sm-aa0">
         <name>_SlWlanGetNetworkListCtrl</name>
         <value>0x2000b248</value>
         <object_component_ref idref="oc-28b"/>
      </symbol>
      <symbol id="sm-aa1">
         <name>sl_WlanPolicySet</name>
         <value>0x2000a611</value>
         <object_component_ref idref="oc-fd"/>
      </symbol>
      <symbol id="sm-aa2">
         <name>_SlProfileDelCmdCtrl</name>
         <value>0x2000b244</value>
         <object_component_ref idref="oc-28b"/>
      </symbol>
      <symbol id="sm-aa3">
         <name>_SlWlanSetModeCmdCtrl</name>
         <value>0x2000b25c</value>
         <object_component_ref idref="oc-28b"/>
      </symbol>
      <symbol id="sm-aa4">
         <name>_SlWlanCfgSetCmdCtrl</name>
         <value>0x2000b260</value>
         <object_component_ref idref="oc-28b"/>
      </symbol>
      <symbol id="sm-aa5">
         <name>_SlWlanCfgGetCmdCtrl</name>
         <value>0x2000b264</value>
         <object_component_ref idref="oc-28b"/>
      </symbol>
      <symbol id="sm-aa6">
         <name>sl_WlanProfileDel</name>
         <value>0x2000ab91</value>
         <object_component_ref idref="oc-103"/>
      </symbol>
      <symbol id="sm-aa7">
         <name>_SlRxFilterAddtCmdCtrl</name>
         <value>0x2000b24c</value>
         <object_component_ref idref="oc-28b"/>
      </symbol>
      <symbol id="sm-aa8">
         <name>sl_WlanRxFilterSet</name>
         <value>0x2000a651</value>
         <object_component_ref idref="oc-121"/>
      </symbol>
      <symbol id="sm-aa9">
         <name>sl_WlanConnect</name>
         <value>0x2000788d</value>
         <object_component_ref idref="oc-168"/>
      </symbol>
      <symbol id="sm-aaa">
         <name>sl_WlanSet</name>
         <value>0x2000a331</value>
         <object_component_ref idref="oc-115"/>
      </symbol>
      <symbol id="sm-aab">
         <name>_SlSmartConfigStartCmdCtrl</name>
         <value>0x2000b258</value>
         <object_component_ref idref="oc-28b"/>
      </symbol>
      <symbol id="sm-aac">
         <name>sl_WlanSetMode</name>
         <value>0x2000aab5</value>
         <object_component_ref idref="oc-eb"/>
      </symbol>
      <symbol id="sm-b71">
         <name>g_cDummy</name>
         <value>0x20017ff8</value>
      </symbol>
      <symbol id="sm-b72">
         <name>NwpMaskInterrupt</name>
         <value>0x2000af9d</value>
         <object_component_ref idref="oc-466"/>
      </symbol>
      <symbol id="sm-b73">
         <name>NwpRegisterInterruptHandler</name>
         <value>0x2000a781</value>
         <object_component_ref idref="oc-257"/>
      </symbol>
      <symbol id="sm-b74">
         <name>NwpPowerOnPreamble</name>
         <value>0x20009719</value>
         <object_component_ref idref="oc-22d"/>
      </symbol>
      <symbol id="sm-b75">
         <name>g_pHostIntHdl</name>
         <value>0x20018e74</value>
         <object_component_ref idref="oc-42a"/>
      </symbol>
      <symbol id="sm-b76">
         <name>NwpUnMaskInterrupt</name>
         <value>0x2000afd9</value>
         <object_component_ref idref="oc-63a"/>
      </symbol>
      <symbol id="sm-b77">
         <name>g_ucDinDout</name>
         <value>0x20018e7c</value>
         <object_component_ref idref="oc-42a"/>
      </symbol>
      <symbol id="sm-b78">
         <name>NwpPowerOff</name>
         <value>0x2000a691</value>
         <object_component_ref idref="oc-251"/>
      </symbol>
      <symbol id="sm-b79">
         <name>spi_Read</name>
         <value>0x200089ad</value>
         <object_component_ref idref="oc-62e"/>
      </symbol>
      <symbol id="sm-b7a">
         <name>DmaSpiSwIntHandler</name>
         <value>0x2000aadd</value>
         <object_component_ref idref="oc-42d"/>
      </symbol>
      <symbol id="sm-b7b">
         <name>NwpPowerOn</name>
         <value>0x2000a8bd</value>
         <object_component_ref idref="oc-25d"/>
      </symbol>
      <symbol id="sm-b7c">
         <name>spi_Close</name>
         <value>0x20009a6d</value>
         <object_component_ref idref="oc-296"/>
      </symbol>
      <symbol id="sm-b7d">
         <name>spi_Write</name>
         <value>0x200087f5</value>
         <object_component_ref idref="oc-5a7"/>
      </symbol>
      <symbol id="sm-b7e">
         <name>spi_Open</name>
         <value>0x20008091</value>
         <object_component_ref idref="oc-239"/>
      </symbol>
      <symbol id="sm-b7f">
         <name>g_ucDMAEnabled</name>
         <value>0x20018e78</value>
         <object_component_ref idref="oc-42a"/>
      </symbol>
      <symbol id="sm-b80">
         <name>g_SpiFd</name>
         <value>0x20018e70</value>
         <object_component_ref idref="oc-42a"/>
      </symbol>
      <symbol id="sm-c06">
         <name>IntPendClear</name>
         <value>0x20009f29</value>
         <object_component_ref idref="oc-44f"/>
      </symbol>
      <symbol id="sm-c07">
         <name>IntPrioritySet</name>
         <value>0x2000a031</value>
         <object_component_ref idref="oc-418"/>
      </symbol>
      <symbol id="sm-c08">
         <name>IntVTableBaseSet</name>
         <value>0x2000aeed</value>
         <object_component_ref idref="oc-16e"/>
      </symbol>
      <symbol id="sm-c09">
         <name>IntEnable</name>
         <value>0x20008e0d</value>
         <object_component_ref idref="oc-17a"/>
      </symbol>
      <symbol id="sm-c0a">
         <name>IntDisable</name>
         <value>0x20008d65</value>
         <object_component_ref idref="oc-443"/>
      </symbol>
      <symbol id="sm-c0b">
         <name>IntRegister</name>
         <value>0x2000abf9</value>
         <object_component_ref idref="oc-412"/>
      </symbol>
      <symbol id="sm-c0c">
         <name>IntUnregister</name>
         <value>0x2000ab01</value>
         <object_component_ref idref="oc-449"/>
      </symbol>
      <symbol id="sm-c0d">
         <name>IntMasterEnable</name>
         <value>0x2000b009</value>
         <object_component_ref idref="oc-174"/>
      </symbol>
      <symbol id="sm-c3a">
         <name>PinTypeUART</name>
         <value>0x2000ad3b</value>
         <object_component_ref idref="oc-3a0"/>
      </symbol>
      <symbol id="sm-c3b">
         <name>PinConfigSet</name>
         <value>0x20009369</value>
         <object_component_ref idref="oc-509"/>
      </symbol>
      <symbol id="sm-c3c">
         <name>PinModeSet</name>
         <value>0x2000a511</value>
         <object_component_ref idref="oc-503"/>
      </symbol>
      <symbol id="sm-ccb">
         <name>PRCMPeripheralReset</name>
         <value>0x20009f81</value>
         <object_component_ref idref="oc-323"/>
      </symbol>
      <symbol id="sm-ccc">
         <name>PRCMPeripheralClkEnable</name>
         <value>0x2000a6cd</value>
         <object_component_ref idref="oc-31d"/>
      </symbol>
      <symbol id="sm-ccd">
         <name>PRCMPeripheralClockGet</name>
         <value>0x20009089</value>
         <object_component_ref idref="oc-1f2"/>
      </symbol>
      <symbol id="sm-cce">
         <name>PRCMCC3200MCUInit</name>
         <value>0x20007f5d</value>
         <object_component_ref idref="oc-180"/>
      </symbol>
      <symbol id="sm-ccf">
         <name>PRCMHIBRegWrite</name>
         <value>0x2000ae97</value>
         <object_component_ref idref="oc-317"/>
      </symbol>
      <symbol id="sm-cd0">
         <name>PRCMSysResetCauseGet</name>
         <value>0x2000aa0d</value>
         <object_component_ref idref="oc-32f"/>
      </symbol>
      <symbol id="sm-cd1">
         <name>PRCMPeripheralStatusGet</name>
         <value>0x2000a7b9</value>
         <object_component_ref idref="oc-3fa"/>
      </symbol>
      <symbol id="sm-cd2">
         <name>PRCMPeripheralClkDisable</name>
         <value>0x2000aa65</value>
         <object_component_ref idref="oc-329"/>
      </symbol>
      <symbol id="sm-cd3">
         <name>PRCMHIBRegRead</name>
         <value>0x2000ae81</value>
         <object_component_ref idref="oc-311"/>
      </symbol>
      <symbol id="sm-d8e">
         <name>SPIFIFODisable</name>
         <value>0x2000ad89</value>
         <object_component_ref idref="oc-49b"/>
      </symbol>
      <symbol id="sm-d8f">
         <name>SPICSEnable</name>
         <value>0x2000ae09</value>
         <object_component_ref idref="oc-642"/>
      </symbol>
      <symbol id="sm-d90">
         <name>SPIDisable</name>
         <value>0x2000ae21</value>
         <object_component_ref idref="oc-3e8"/>
      </symbol>
      <symbol id="sm-d91">
         <name>SPIFIFOEnable</name>
         <value>0x2000ada3</value>
         <object_component_ref idref="oc-400"/>
      </symbol>
      <symbol id="sm-d92">
         <name>SPIWordCountSet</name>
         <value>0x2000abd7</value>
         <object_component_ref idref="oc-648"/>
      </symbol>
      <symbol id="sm-d93">
         <name>SPIEnable</name>
         <value>0x2000ae39</value>
         <object_component_ref idref="oc-424"/>
      </symbol>
      <symbol id="sm-d94">
         <name>SPIDmaEnable</name>
         <value>0x2000ad6f</value>
         <object_component_ref idref="oc-406"/>
      </symbol>
      <symbol id="sm-d95">
         <name>SPIConfigSetExpClk</name>
         <value>0x20008eb5</value>
         <object_component_ref idref="oc-3f4"/>
      </symbol>
      <symbol id="sm-d96">
         <name>SPIIntUnregister</name>
         <value>0x2000adbd</value>
         <object_component_ref idref="oc-495"/>
      </symbol>
      <symbol id="sm-d97">
         <name>SPIFIFOLevelSet</name>
         <value>0x2000a7ed</value>
         <object_component_ref idref="oc-40c"/>
      </symbol>
      <symbol id="sm-d98">
         <name>SPIDmaDisable</name>
         <value>0x2000ad55</value>
         <object_component_ref idref="oc-4a1"/>
      </symbol>
      <symbol id="sm-d99">
         <name>SPIReset</name>
         <value>0x2000abb5</value>
         <object_component_ref idref="oc-3ee"/>
      </symbol>
      <symbol id="sm-d9a">
         <name>SPIIntEnable</name>
         <value>0x2000a0d9</value>
         <object_component_ref idref="oc-41e"/>
      </symbol>
      <symbol id="sm-d9b">
         <name>SPIIntClear</name>
         <value>0x2000a2a1</value>
         <object_component_ref idref="oc-582"/>
      </symbol>
      <symbol id="sm-d9c">
         <name>SPICSDisable</name>
         <value>0x2000adf1</value>
         <object_component_ref idref="oc-3e2"/>
      </symbol>
      <symbol id="sm-dcd">
         <name>UARTConfigSetExpClk</name>
         <value>0x200099f5</value>
         <object_component_ref idref="oc-1f8"/>
      </symbol>
      <symbol id="sm-dce">
         <name>UARTDisable</name>
         <value>0x2000a8ed</value>
         <object_component_ref idref="oc-3ab"/>
      </symbol>
      <symbol id="sm-dcf">
         <name>UARTCharPut</name>
         <value>0x2000ac59</value>
         <object_component_ref idref="oc-201"/>
      </symbol>
      <symbol id="sm-dd0">
         <name>UARTEnable</name>
         <value>0x2000ab25</value>
         <object_component_ref idref="oc-3b1"/>
      </symbol>
      <symbol id="sm-dd1">
         <name>UARTCharGet</name>
         <value>0x2000aead</value>
         <object_component_ref idref="oc-20e"/>
      </symbol>
      <symbol id="sm-e7e">
         <name>uDMAChannelControlSet</name>
         <value>0x2000a745</value>
         <object_component_ref idref="oc-369"/>
      </symbol>
      <symbol id="sm-e7f">
         <name>uDMAIntClear</name>
         <value>0x2000af51</value>
         <object_component_ref idref="oc-33f"/>
      </symbol>
      <symbol id="sm-e80">
         <name>uDMAChannelDisable</name>
         <value>0x2000accd</value>
         <object_component_ref idref="oc-387"/>
      </symbol>
      <symbol id="sm-e81">
         <name>uDMAIntUnregister</name>
         <value>0x2000af89</value>
         <object_component_ref idref="oc-38d"/>
      </symbol>
      <symbol id="sm-e82">
         <name>uDMAChannelAttributeEnable</name>
         <value>0x20009cf1</value>
         <object_component_ref idref="oc-36f"/>
      </symbol>
      <symbol id="sm-e83">
         <name>uDMADisable</name>
         <value>0x2000afe5</value>
         <object_component_ref idref="oc-393"/>
      </symbol>
      <symbol id="sm-e84">
         <name>uDMAChannelTransferSet</name>
         <value>0x20008705</value>
         <object_component_ref idref="oc-375"/>
      </symbol>
      <symbol id="sm-e85">
         <name>uDMAIntStatus</name>
         <value>0x2000affd</value>
         <object_component_ref idref="oc-339"/>
      </symbol>
      <symbol id="sm-e86">
         <name>uDMAChannelAssign</name>
         <value>0x2000a209</value>
         <object_component_ref idref="oc-35d"/>
      </symbol>
      <symbol id="sm-e87">
         <name>uDMAIntRegister</name>
         <value>0x2000aec3</value>
         <object_component_ref idref="oc-345"/>
      </symbol>
      <symbol id="sm-e88">
         <name>uDMAEnable</name>
         <value>0x2000aff1</value>
         <object_component_ref idref="oc-34b"/>
      </symbol>
      <symbol id="sm-e89">
         <name>uDMAControlBaseSet</name>
         <value>0x2000af3d</value>
         <object_component_ref idref="oc-354"/>
      </symbol>
      <symbol id="sm-e8a">
         <name>uDMAChannelAttributeDisable</name>
         <value>0x20009c8d</value>
         <object_component_ref idref="oc-363"/>
      </symbol>
      <symbol id="sm-e8b">
         <name>uDMAChannelEnable</name>
         <value>0x2000ace9</value>
         <object_component_ref idref="oc-37b"/>
      </symbol>
      <symbol id="sm-e8c">
         <name>uDMAChannelRequest</name>
         <value>0x2000ad05</value>
         <object_component_ref idref="oc-381"/>
      </symbol>
      <symbol id="sm-e90">
         <name>UtilsDelay</name>
         <value>0x2000b023</value>
         <object_component_ref idref="oc-155"/>
      </symbol>
      <symbol id="sm-e9a">
         <name>CPUcpsie</name>
         <value>0x2000aed9</value>
         <object_component_ref idref="oc-306"/>
      </symbol>
      <symbol id="sm-e9d">
         <name>__TI_static_base__</name>
         <value>0x2000b6b0</value>
      </symbol>
      <symbol id="sm-e9e">
         <name>__TI_args_main</name>
         <value>0x1</value>
      </symbol>
      <symbol id="sm-e9f">
         <name>SHT$$INIT_ARRAY$$Limit</name>
         <value>0x0</value>
      </symbol>
      <symbol id="sm-ea0">
         <name>SHT$$INIT_ARRAY$$Base</name>
         <value>0x0</value>
      </symbol>
   </symbol_table>
   <title>Link successful</title>
</link_info>
