******************************************************************************
                  TI ARM Linker PC v5.1.6                      
******************************************************************************
>> Linked Tue Jan 27 02:17:23 2015

OUTPUT FILE NAME:   <Wifi_Communication.out>
ENTRY POINT SYMBOL: "_c_int00"  address: 2000a84d


MEMORY CONFIGURATION

         name            origin    length      used     unused   attr    fill
----------------------  --------  ---------  --------  --------  ----  --------
  SRAM_CODE             20004000   00013000  000076fa  0000b906  RW X
  SRAM_DATA             20017000   00019000  00002704  000168fc  RW X


SEGMENT ALLOCATION MAP

run origin  load origin   length   init length attrs members
----------  ----------- ---------- ----------- ----- -------
20004000    20004000    00007700   00007700    r-x
  20004000    20004000    00000400   00000400    r-- .intvecs
  20004400    20004400    00006c26   00006c26    r-x .text
  2000b028    2000b028    0000067c   0000067c    r-- .const
  2000b6a8    2000b6a8    00000058   00000058    r-- .cinit
20017000    20017000    00001f04   00000000    rw-
  20017000    20017000    00001500   00000000    rw- .bss
  20018500    20018500    00000800   00000000    rw- .sysmem
  20018d00    20018d00    00000204   00000000    rw- .data
2002f800    2002f800    00000800   00000000    rw-
  2002f800    2002f800    00000800   00000000    rw- .stack


SECTION ALLOCATION MAP

 output                                  attributes/
section   page    origin      length       input sections
--------  ----  ----------  ----------   ----------------
.init_array 
*          0    20004000    00000000     UNINITIALIZED

.intvecs   0    20004000    00000400     
                  20004000    00000400     startup_ccs.obj (.intvecs)

.text      0    20004400    00006c26     
                  20004400    00001290     main.obj (.text)
                  20005690    00000ec0     rtsv7M4_T_le_eabi.lib : _printfi.obj (.text)
                  20006550    000003cc                           : memory.obj (.text)
                  2000691c    000003b4     simplelink.a : driver.obj (.text:_SlDrvMsgRead)
                  20006cd0    0000034c                  : driver.obj (.text:_SlAsyncEventGenericHandler)
                  2000701c    000002a2     uart_if.obj (.text)
                  200072be    0000021a     udma_if.obj (.text)
                  200074d8    000001f4     rtsv7M4_T_le_eabi.lib : ull_div_t2.obj (.text)
                  200076cc    000001b6                           : fd_add_t2.obj (.text)
                  20007882    00000002     driverlib.a : interrupt.obj (.text:IntDefaultHandler)
                  20007884    0000019c     simplelink.a : wlan.obj (.text:sl_WlanConnect)
                  20007a20    0000017c                  : driver.obj (.text:_SlDrvDataReadOp)
                  20007b9c    00000140                  : driver.obj (.text:_SlDrvDataWriteOp)
                  20007cdc    00000140                  : driver.obj (.text:_SlDrvRxHdrRead)
                  20007e1c    00000136     rtsv7M4_T_le_eabi.lib : fd_div_t2.obj (.text)
                  20007f52    00000002     --HOLE-- [fill = 0]
                  20007f54    00000134     driverlib.a : prcm.obj (.text:PRCMCC3200MCUInit)
                  20008088    00000128     simplelink.a : cc_pal.obj (.text:spi_Open)
                  200081b0    00000118                  : driver.obj (.text:_SlDrvWaitForPoolObj)
                  200082c8    00000118                  : socket.obj (.text:sl_Accept)
                  200083e0    00000114                  : driver.obj (.text:_SlDrvMsgWrite)
                  200084f4    0000010c                  : driver.obj (.text:_SlDrvReleasePoolObj)
                  20008600    000000fc     rtsv7M4_T_le_eabi.lib : fd_mul_t2.obj (.text)
                  200086fc    000000f0     driverlib.a : udma.obj (.text:uDMAChannelTransferSet)
                  200087ec    000000ec     simplelink.a : cc_pal.obj (.text:spi_Write)
                  200088d8    000000cc                  : device.obj (.text:sl_Stop)
                  200089a4    000000cc                  : cc_pal.obj (.text:spi_Read)
                  20008a70    000000c8                  : device.obj (.text:sl_Start)
                  20008b38    000000bc                  : driver.obj (.text:_SlDrvMsgReadCmdCtx)
                  20008bf4    000000b4                  : socket.obj (.text:sl_SendTo)
                  20008ca8    000000b2                  : netapp.obj (.text:_SlDrvNetAppEventHandler)
                  20008d5a    00000002     --HOLE-- [fill = 0]
                  20008d5c    000000a8     driverlib.a : interrupt.obj (.text:IntDisable)
                  20008e04    000000a8                 : interrupt.obj (.text:IntEnable)
                  20008eac    000000a0                 : spi.obj (.text:SPIConfigSetExpClk)
                  20008f4c    0000009c     rtsv7M4_T_le_eabi.lib : memcpy_t2.obj (.text)
                  20008fe8    00000098     simplelink.a : driver.obj (.text:_SlFindAndSetActiveObj)
                  20009080    00000094     driverlib.a : prcm.obj (.text:PRCMPeripheralClockGet)
                  20009114    00000094     simplelink.a : driver.obj (.text:_SlDrvClassifyRxMsg)
                  200091a8    00000094                  : driver.obj (.text:_SlDrvMsgReadSpawnCtx)
                  2000923c    00000094     rtsv7M4_T_le_eabi.lib : auto_init.obj (.text)
                  200092d0    00000090     simplelink.a : driver.obj (.text:_SlDrvDriverCBInit)
                  20009360    00000088     driverlib.a : pin.obj (.text:PinConfigSet)
                  200093e8    00000088     simplelink.a : driver.obj (.text:_SlDrvCmdOp)
                  20009470    00000088     rtsv7M4_T_le_eabi.lib : vsnprintf.obj (.text)
                  200094f8    00000088     simplelink.a : netapp.obj (.text:sl_NetAppMDNSRegisterUnregisterService)
                  20009580    00000086     rtsv7M4_T_le_eabi.lib : fd_cmp_t2.obj (.text:__aeabi_cdcmple)
                  20009606    00000086                           : fd_cmp_t2.obj (.text:__aeabi_cdrcmple)
                  2000968c    00000084     simplelink.a : netapp.obj (.text:_sl_HandleAsync_DnsGetHostByName)
                  20009710    00000080                  : cc_pal.obj (.text:NwpPowerOnPreamble)
                  20009790    0000007c                  : device.obj (.text:sl_DevGet)
                  2000980c    00000078                  : cc_pal.obj (.text:SetupDMAReceive)
                  20009884    00000078                  : device.obj (.text:_sl_HandleAsync_InitComplete)
                  200098fc    00000078                  : netapp.obj (.text:_sl_HandleAsync_PingResponse)
                  20009974    00000078     rtsv7M4_T_le_eabi.lib : memset_t2.obj (.text)
                  200099ec    00000076     driverlib.a : uart.obj (.text:UARTConfigSetExpClk)
                  20009a62    00000002     --HOLE-- [fill = 0]
                  20009a64    00000074     simplelink.a : cc_pal.obj (.text:spi_Close)
                  20009ad8    0000006e                  : socket.obj (.text:_sl_TruncatePayloadByProtocol)
                  20009b46    00000002     --HOLE-- [fill = 0]
                  20009b48    0000006c                  : socket.obj (.text:_sl_HandleAsync_Connect)
                  20009bb4    00000068                  : socket.obj (.text:_sl_HandleAsync_Accept)
                  20009c1c    00000068                  : netapp.obj (.text:_sl_HandleAsync_DnsGetHostByService)
                  20009c84    00000064     driverlib.a : udma.obj (.text:uDMAChannelAttributeDisable)
                  20009ce8    00000064                 : udma.obj (.text:uDMAChannelAttributeEnable)
                  20009d4c    00000060     simplelink.a : driver.obj (.text:_SlDrvDriverCBDeinit)
                  20009dac    0000005e     rtsv7M4_T_le_eabi.lib : copy_decompress_rle.obj (.text)
                  20009e0a    00000002     --HOLE-- [fill = 0]
                  20009e0c    0000005c     simplelink.a : socket.obj (.text:_sl_HandleAsync_Select)
                  20009e68    0000005c                  : socket.obj (.text:sl_Bind)
                  20009ec4    0000005a     rtsv7M4_T_le_eabi.lib : ltoa.obj (.text)
                  20009f1e    00000002     --HOLE-- [fill = 0]
                  20009f20    00000058     driverlib.a : interrupt.obj (.text:IntPendClear)
                  20009f78    00000058                 : prcm.obj (.text:PRCMPeripheralReset)
                  20009fd0    00000058     simplelink.a : device.obj (.text:_sl_HandleAsync_Stop)
                  2000a028    00000054     driverlib.a : interrupt.obj (.text:IntPrioritySet)
                  2000a07c    00000054     simplelink.a : netapp.obj (.text:sl_NetAppSendTokenValue)
                  2000a0d0    0000004c     driverlib.a : spi.obj (.text:SPIIntEnable)
                  2000a11c    0000004c                 : spi.obj (.text:SPIIntNumberGet)
                  2000a168    0000004c     rtsv7M4_T_le_eabi.lib : atoi.obj (.text)
                  2000a1b4    0000004c     simplelink.a : socket.obj (.text:sl_SetSockOpt)
                  2000a200    0000004c     driverlib.a : udma.obj (.text:uDMAChannelAssign)
                  2000a24c    0000004a     simplelink.a : device.obj (.text:_sl_GetStartResponseConvert)
                  2000a296    00000002     --HOLE-- [fill = 0]
                  2000a298    00000048     driverlib.a : spi.obj (.text:SPIIntClear)
                  2000a2e0    00000048     rtsv7M4_T_le_eabi.lib : fd_toi_t2.obj (.text)
                  2000a328    00000048     simplelink.a : wlan.obj (.text:sl_WlanSet)
                  2000a370    00000044     driverlib.a : spi.obj (.text:SPIDmaMaskGet)
                  2000a3b4    00000044     rtsv7M4_T_le_eabi.lib : cpy_tbl.obj (.text)
                  2000a3f8    00000044                           : exit.obj (.text)
                  2000a43c    00000044                           : xdtest.obj (.text)
                  2000a480    00000044     simplelink.a : netcfg.obj (.text:sl_NetCfgSet)
                  2000a4c4    00000044                  : socket.obj (.text:sl_Recv)
                  2000a508    00000040     driverlib.a : pin.obj (.text:PinModeSet)
                  2000a548    00000040     simplelink.a : driver.obj (.text:_SlDrvRxIrqHandler)
                  2000a588    00000040                  : nonos.obj (.text:_SlNonOsMainLoopTask)
                  2000a5c8    00000040                  : driver.obj (.text:_SlRemoveFromList)
                  2000a608    00000040                  : wlan.obj (.text:sl_WlanPolicySet)
                  2000a648    00000040                  : wlan.obj (.text:sl_WlanRxFilterSet)
                  2000a688    0000003c                  : cc_pal.obj (.text:NwpPowerOff)
                  2000a6c4    0000003c     driverlib.a : prcm.obj (.text:PRCMPeripheralClkEnable)
                  2000a700    0000003c     simplelink.a : driver.obj (.text:_SlDrvObjInit)
                  2000a73c    0000003c     driverlib.a : udma.obj (.text:uDMAChannelControlSet)
                  2000a778    00000038     simplelink.a : cc_pal.obj (.text:NwpRegisterInterruptHandler)
                  2000a7b0    00000034     driverlib.a : prcm.obj (.text:PRCMPeripheralStatusGet)
                  2000a7e4    00000034                 : spi.obj (.text:SPIFIFOLevelSet)
                  2000a818    00000034     simplelink.a : driver.obj (.text:_SlDrvBasicCmd)
                  2000a84c    00000034     rtsv7M4_T_le_eabi.lib : boot.obj (.text)
                  2000a880    00000034     simplelink.a : socket.obj (.text:sl_Htons)
                  2000a8b4    00000030                  : cc_pal.obj (.text:NwpPowerOn)
                  2000a8e4    00000030     driverlib.a : uart.obj (.text:UARTDisable)
                  2000a914    00000030     simplelink.a : flowcont.obj (.text:_SlDrvFlowContDeinit)
                  2000a944    00000030                  : flowcont.obj (.text:_SlDrvFlowContInit)
                  2000a974    00000030                  : nonos.obj (.text:_SlNonOsSemGet)
                  2000a9a4    00000030                  : socket.obj (.text:sl_Socket)
                  2000a9d4    0000002e     rtsv7M4_T_le_eabi.lib : i_tofd_t2.obj (.text)
                  2000aa02    00000002     --HOLE-- [fill = 0]
                  2000aa04    0000002c     driverlib.a : prcm.obj (.text:PRCMSysResetCauseGet)
                  2000aa30    0000002c     simplelink.a : socket.obj (.text:sl_Listen)
                  2000aa5c    00000028     driverlib.a : prcm.obj (.text:PRCMPeripheralClkDisable)
                  2000aa84    00000028     simplelink.a : socket.obj (.text:_sl_BuildAddress)
                  2000aaac    00000028                  : wlan.obj (.text:sl_WlanSetMode)
                  2000aad4    00000024                  : cc_pal.obj (.text:DmaSpiSwIntHandler)
                  2000aaf8    00000024     driverlib.a : interrupt.obj (.text:IntUnregister)
                  2000ab1c    00000024                 : uart.obj (.text:UARTEnable)
                  2000ab40    00000024     rtsv7M4_T_le_eabi.lib : memmov.obj (.text)
                  2000ab64    00000024     simplelink.a : socket.obj (.text:sl_Close)
                  2000ab88    00000024                  : wlan.obj (.text:sl_WlanProfileDel)
                  2000abac    00000022     driverlib.a : spi.obj (.text:SPIReset)
                  2000abce    00000022                 : spi.obj (.text:SPIWordCountSet)
                  2000abf0    00000020                 : interrupt.obj (.text:IntRegister)
                  2000ac10    00000020     simplelink.a : driver.obj (.text:_SlDrvCmdSend)
                  2000ac30    00000020                  : nonos.obj (.text:_SlNonOsSpawn)
                  2000ac50    0000001e     driverlib.a : uart.obj (.text:UARTCharPut)
                  2000ac6e    00000002     --HOLE-- [fill = 0]
                  2000ac70    0000001c     simplelink.a : driver.obj (.text:_SlDrvObjDeInit)
                  2000ac8c    0000001c     pinmux.obj (.text)
                  2000aca8    0000001c     rtsv7M4_T_le_eabi.lib : memccpy.obj (.text)
                  2000acc4    0000001c     driverlib.a : udma.obj (.text:uDMAChannelDisable)
                  2000ace0    0000001c                 : udma.obj (.text:uDMAChannelEnable)
                  2000acfc    0000001c                 : udma.obj (.text:uDMAChannelRequest)
                  2000ad18    0000001a     simplelink.a : netapp.obj (.text:CopyPingResultsToReport)
                  2000ad32    0000001a     driverlib.a : pin.obj (.text:PinTypeUART)
                  2000ad4c    0000001a                 : spi.obj (.text:SPIDmaDisable)
                  2000ad66    0000001a                 : spi.obj (.text:SPIDmaEnable)
                  2000ad80    0000001a                 : spi.obj (.text:SPIFIFODisable)
                  2000ad9a    0000001a                 : spi.obj (.text:SPIFIFOEnable)
                  2000adb4    0000001a                 : spi.obj (.text:SPIIntUnregister)
                  2000adce    0000001a     simplelink.a : device.obj (.text:_SlDrvDeviceEventHandler)
                  2000ade8    00000018     driverlib.a : spi.obj (.text:SPICSDisable)
                  2000ae00    00000018                 : spi.obj (.text:SPICSEnable)
                  2000ae18    00000018                 : spi.obj (.text:SPIDisable)
                  2000ae30    00000018                 : spi.obj (.text:SPIEnable)
                  2000ae48    00000018     rtsv7M4_T_le_eabi.lib : args_main.obj (.text)
                  2000ae60    00000018                           : ll_mul_t2.obj (.text)
                  2000ae78    00000016     driverlib.a : prcm.obj (.text:PRCMHIBRegRead)
                  2000ae8e    00000016                 : prcm.obj (.text:PRCMHIBRegWrite)
                  2000aea4    00000016                 : uart.obj (.text:UARTCharGet)
                  2000aeba    00000016                 : udma.obj (.text:uDMAIntRegister)
                  2000aed0    00000014                 : cpu.obj (.text:CPUcpsie)
                  2000aee4    00000014                 : interrupt.obj (.text:IntVTableBaseSet)
                  2000aef8    00000014     simplelink.a : driver.obj (.text:_SlDrvShiftDWord)
                  2000af0c    00000014     rtsv7M4_T_le_eabi.lib : _lock.obj (.text)
                  2000af20    00000014                           : strlen.obj (.text)
                  2000af34    00000014     driverlib.a : udma.obj (.text:uDMAControlBaseSet)
                  2000af48    00000014                 : udma.obj (.text:uDMAIntClear)
                  2000af5c    00000012     rtsv7M4_T_le_eabi.lib : copy_zero_init.obj (.text:decompress:ZI)
                  2000af6e    00000012     simplelink.a : netapp.obj (.text:sl_NetAppMDNSUnRegisterService)
                  2000af80    00000012     driverlib.a : udma.obj (.text:uDMAIntUnregister)
                  2000af92    00000002     --HOLE-- [fill = 0]
                  2000af94    00000010     simplelink.a : cc_pal.obj (.text:NwpMaskInterrupt)
                  2000afa4    0000000e     rtsv7M4_T_le_eabi.lib : copy_decompress_none.obj (.text:decompress:none)
                  2000afb2    0000000e                           : xdclass.obj (.text)
                  2000afc0    0000000e     startup_ccs.obj (.text)
                  2000afce    00000002     --HOLE-- [fill = 0]
                  2000afd0    0000000c     simplelink.a : cc_pal.obj (.text:NwpUnMaskInterrupt)
                  2000afdc    0000000c     driverlib.a : udma.obj (.text:uDMADisable)
                  2000afe8    0000000c                 : udma.obj (.text:uDMAEnable)
                  2000aff4    0000000c                 : udma.obj (.text:uDMAIntStatus)
                  2000b000    0000000a                 : interrupt.obj (.text:IntMasterEnable)
                  2000b00a    00000008     simplelink.a : nonos.obj (.text:_SlNonOsSemSet)
                  2000b012    00000008                  : wlan.obj (.text:sl_WlanDisconnect)
                  2000b01a    00000006     driverlib.a : utils.obj (.text:UtilsDelay)
                  2000b020    00000006     rtsv7M4_T_le_eabi.lib : copy_decompress_rle.obj (.text:decompress:rle24)

.const     0    2000b028    0000067c     
                  2000b028    00000102     rtsv7M4_T_le_eabi.lib : ctype.obj (.const:.string:_ctypes_)
                  2000b12a    00000002     --HOLE-- [fill = 0]
                  2000b12c    00000100     driverlib.a : pin.obj (.const:g_ulPinToPadMap)
                  2000b22c    000000ec     simplelink.a : wlan.obj (.const)
                  2000b318    000000d4     driverlib.a : interrupt.obj (.const:g_pulRegs)
                  2000b3ec    000000a8                 : prcm.obj (.const:PRCM_PeriphRegsList)
                  2000b494    00000080                 : interrupt.obj (.const)
                  2000b514    0000004c     simplelink.a : driver.obj (.const)
                  2000b560    00000034                  : socket.obj (.const)
                  2000b594    0000002c     main.obj (.const:$P$T1$2)
                  2000b5c0    0000002b     main.obj (.const:.string)
                  2000b5eb    00000001     --HOLE-- [fill = 0]
                  2000b5ec    00000028     simplelink.a : netapp.obj (.const)
                  2000b614    00000024     driverlib.a : spi.obj (.const:g_ppulSPIIntMap)
                  2000b638    00000022     main.obj (.const:.string:$P$T0$1)
                  2000b65a    00000002     --HOLE-- [fill = 0]
                  2000b65c    00000018     driverlib.a : spi.obj (.const)
                  2000b674    00000014     main.obj (.const)
                  2000b688    00000014     simplelink.a : device.obj (.const)
                  2000b69c    00000008                  : netcfg.obj (.const)

.cinit     0    2000b6a8    00000058     
                  2000b6a8    0000002e     (.cinit..data.load) [load image, compression = rle]
                  2000b6d6    00000002     --HOLE-- [fill = 0]
                  2000b6d8    0000000c     (__TI_handler_table)
                  2000b6e4    00000004     --HOLE-- [fill = 0]
                  2000b6e8    00000008     (.cinit..bss.load) [load image, compression = zero_init]
                  2000b6f0    00000010     (__TI_cinit_table)

.bss       0    20017000    00001500     UNINITIALIZED
                  20017000    00000fa0     main.obj (.bss:g_cBsdBuf)
                  20017fa0    00000028     simplelink.a : nonos.obj (.bss:g__SlNonOsCB)
                  20017fc8    00000024     main.obj (.bss:g_ucConnectionSSID)
                  20017fec    00000008     (.common:g_ucConnectionBSSID)
                  20017ff4    00000004     (.common:__Errorlog)
                  20017ff8    00000001     (.common:g_cDummy)
                  20017ff9    00000001     (.common:iDone)
                  20017ffa    00000006     --HOLE--
                  20018000    00000400     udma_if.obj (.bss:gpCtlTbl)
                  20018400    00000100     udma_if.obj (.bss:gfpAppCallbackHndl)

.sysmem    0    20018500    00000800     UNINITIALIZED
                  20018500    00000008     rtsv7M4_T_le_eabi.lib : memory.obj (.sysmem)
                  20018508    000007f8     --HOLE--

.data      0    20018d00    00000204     UNINITIALIZED
                  20018d00    00000170     simplelink.a : driver.obj (.data)
                  20018e70    0000005c                  : cc_pal.obj (.data)
                  20018ecc    00000018     main.obj (.data)
                  20018ee4    0000000c     rtsv7M4_T_le_eabi.lib : memory.obj (.data)
                  20018ef0    00000008                           : _lock.obj (.data)
                  20018ef8    00000008                           : exit.obj (.data)
                  20018f00    00000004                           : stkdepth_vars.obj (.data)

.stack     0    2002f800    00000800     UNINITIALIZED
                  2002f800    00000800     --HOLE--


LINKER GENERATED COPY TABLES

__TI_cinit_table @ 2000b6f0 records: 2, size/record: 8, table size: 16
	.data: load addr=2000b6a8, load size=0000002e bytes, run addr=20018d00, run size=00000204 bytes, compression=rle
	.bss: load addr=2000b6e8, load size=00000008 bytes, run addr=20017000, run size=00001500 bytes, compression=zero_init


LINKER GENERATED HANDLER TABLE

__TI_handler_table @ 2000b6d8 records: 3, size/record: 4, table size: 12
	index: 0, handler: __TI_decompress_rle24
	index: 1, handler: __TI_decompress_none
	index: 2, handler: __TI_zero_init


GLOBAL SYMBOLS: SORTED ALPHABETICALLY BY Name 

address    name
--------   ----
20004dfd   BsdTcpServer
200051b9   BsdUdpClient
2000a3f9   C$$EXIT
2000aed1   CPUcpsie
20007073   ClearTerm
2000ad19   CopyPingResultsToReport
20007495   DMASetupTransfer
200072db   DmaErrorIntHandler
2000aad5   DmaSpiSwIntHandler
200072bf   DmaSwIntHandler
2000707d   Error
200070bb   GetCmd
2000701d   InitTerm
20008d5d   IntDisable
20008e05   IntEnable
2000b001   IntMasterEnable
20009f21   IntPendClear
2000a029   IntPrioritySet
2000abf1   IntRegister
2000aaf9   IntUnregister
2000aee5   IntVTableBaseSet
20007047   Message
2000af95   NwpMaskInterrupt
2000a689   NwpPowerOff
2000a8b5   NwpPowerOn
20009711   NwpPowerOnPreamble
2000a779   NwpRegisterInterruptHandler
2000afd1   NwpUnMaskInterrupt
20007f55   PRCMCC3200MCUInit
2000ae79   PRCMHIBRegRead
2000ae8f   PRCMHIBRegWrite
2000aa5d   PRCMPeripheralClkDisable
2000a6c5   PRCMPeripheralClkEnable
20009081   PRCMPeripheralClockGet
20009f79   PRCMPeripheralReset
2000a7b1   PRCMPeripheralStatusGet
2000aa05   PRCMSysResetCauseGet
20009361   PinConfigSet
2000a509   PinModeSet
2000ac8d   PinMuxConfig
2000ad33   PinTypeUART
2000720b   Report
2000afc1   ResetISR
UNDEFED    SHT$$INIT_ARRAY$$Base
UNDEFED    SHT$$INIT_ARRAY$$Limit
2000ade9   SPICSDisable
2000ae01   SPICSEnable
20008ead   SPIConfigSetExpClk
2000ae19   SPIDisable
2000ad4d   SPIDmaDisable
2000ad67   SPIDmaEnable
2000ae31   SPIEnable
2000ad81   SPIFIFODisable
2000ad9b   SPIFIFOEnable
2000a7e5   SPIFIFOLevelSet
2000a299   SPIIntClear
2000a0d1   SPIIntEnable
2000adb5   SPIIntUnregister
2000abad   SPIReset
2000abcf   SPIWordCountSet
20007397   SetupTransfer
200046ab   SimpleLinkGeneralEventHandler
2000469f   SimpleLinkHttpServerCallback
200045bd   SimpleLinkNetAppEventHandler
200046c5   SimpleLinkSockEventHandler
20004401   SimpleLinkWlanEventHandler
20007173   TrimSpace
2000aea5   UARTCharGet
2000ac51   UARTCharPut
200099ed   UARTConfigSetExpClk
2000a8e5   UARTDisable
2000ab1d   UARTEnable
2000735d   UDMAChannelSelect
20007481   UDMADeInit
200072e7   UDMAInit
200073db   UDMASetupAutoMemTransfer
2000740f   UDMASetupPingPongTransfer
20007469   UDMAStartTransfer
20007475   UDMAStopTransfer
2000b01b   UtilsDelay
2000afb3   _Dclass
2000a43d   _Dtest
2000b580   _SlAcceptCmdCtrl
2000b528   _SlActionLookupTable
20006cd1   _SlAsyncEventGenericHandler
2000b694   _SlDeviceGetCmdCtrl
2000b698   _SlDeviceSetCmdCtrl
2000a819   _SlDrvBasicCmd
20009115   _SlDrvClassifyRxMsg
200093e9   _SlDrvCmdOp
2000ac11   _SlDrvCmdSend
20007a21   _SlDrvDataReadOp
20007b9d   _SlDrvDataWriteOp
2000adcf   _SlDrvDeviceEventHandler
20009d4d   _SlDrvDriverCBDeinit
200092d1   _SlDrvDriverCBInit
2000a915   _SlDrvFlowContDeinit
2000a945   _SlDrvFlowContInit
2000691d   _SlDrvMsgRead
20008b39   _SlDrvMsgReadCmdCtx
200091a9   _SlDrvMsgReadSpawnCtx
200083e1   _SlDrvMsgWrite
20008ca9   _SlDrvNetAppEventHandler
2000ac71   _SlDrvObjDeInit
2000a701   _SlDrvObjInit
200084f5   _SlDrvReleasePoolObj
20007cdd   _SlDrvRxHdrRead
2000a549   _SlDrvRxIrqHandler
2000aef9   _SlDrvShiftDWord
200081b1   _SlDrvWaitForPoolObj
2000b690   _SlEventMaskGetCmdCtrl
2000b68c   _SlEventMaskSetCmdCtrl
20008fe9   _SlFindAndSetActiveObj
2000b604   _SlGetHostByNameCtrl
2000b600   _SlGetHostByServiceCtrl
2000b5f8   _SlGetServiceListeCtrl
2000b58c   _SlGetSockOptCmdCtrl
2000b57c   _SlListenCmdCtrl
2000b610   _SlNetAppGetCmdCtrl
2000b60c   _SlNetAppSendTokenValueCmdCtrl
2000b608   _SlNetAppSetCmdCtrl
2000b5f0   _SlNetAppStartCtrl
2000b5f4   _SlNetAppStopCtrl
2000b6a0   _SlNetCfgGetCmdCtrl
2000b69c   _SlNetCfgSetCmdCtrl
2000a589   _SlNonOsMainLoopTask
2000a975   _SlNonOsSemGet
2000b00b   _SlNonOsSemSet
2000ac31   _SlNonOsSpawn
2000b234   _SlPolicyGetCmdCtrl
2000b230   _SlPolicySetCmdCtrl
2000b23c   _SlProfileDelCmdCtrl
2000b238   _SlProfileGetCmdCtrl
2000b584   _SlRecvCmdCtrl
2000b574   _SlRecvfomCmdCtrl
2000b5fc   _SlRegisterServiceCtrl
2000a5c9   _SlRemoveFromList
2000b244   _SlRxFilterAddtCmdCtrl
2000b24c   _SlRxFilterGetCmdCtrl
2000b248   _SlRxFilterSetCmdCtrl
2000b590   _SlSelectCmdCtrl
2000b578   _SlSendCmdCtrl
2000b588   _SlSetSockOptCmdCtrl
2000b250   _SlSmartConfigStartCmdCtrl
2000b570   _SlSockCloseCmdCtrl
2000b56c   _SlSockSocketCmdCtrl
2000b688   _SlStopCmdCtrl
2000b25c   _SlWlanCfgGetCmdCtrl
2000b258   _SlWlanCfgSetCmdCtrl
2000b240   _SlWlanGetNetworkListCtrl
2000b254   _SlWlanSetModeCmdCtrl
20030000   __STACK_END
00000800   __STACK_SIZE
00000800   __SYSMEM_SIZE
2000b6f0   __TI_CINIT_Base
2000b700   __TI_CINIT_Limit
2000b6d8   __TI_Handler_Table_Base
2000b6e4   __TI_Handler_Table_Limit
00000001   __TI_args_main
2000923d   __TI_auto_init
20018ef8   __TI_cleanup_ptr
2000afa5   __TI_decompress_none
2000b021   __TI_decompress_rle24
20018efc   __TI_dtors_ptr
20006247   __TI_printfi
2000b6a8   __TI_static_base__
2000af5d   __TI_zero_init
20009581   __aeabi_cdcmpeq
20009581   __aeabi_cdcmple
20009607   __aeabi_cdrcmple
2000a2e1   __aeabi_d2iz
200076d7   __aeabi_dadd
20007e1d   __aeabi_ddiv
20008601   __aeabi_dmul
200076cd   __aeabi_dsub
2000a9d5   __aeabi_i2d
2000ae61   __aeabi_lmul
20009975   __aeabi_memclr
20009975   __aeabi_memclr4
20009975   __aeabi_memclr8
20008f4d   __aeabi_memcpy
20008f4d   __aeabi_memcpy4
20008f4d   __aeabi_memcpy8
20009977   __aeabi_memset
20009977   __aeabi_memset4
20009977   __aeabi_memset8
200074d9   __aeabi_uldivmod
ffffffff   __binit__
ffffffff   __c_args__
2002f800   __stack
2000ae49   _args_main
2000a84d   _c_int00
2000b028   _ctypes_
20018ef0   _lock
2000af1b   _nop
2000af13   _register_lock
2000af0d   _register_unlock
2000aa85   _sl_BuildAddress
2000a24d   _sl_GetStartResponseConvert
20009bb5   _sl_HandleAsync_Accept
20009b49   _sl_HandleAsync_Connect
2000968d   _sl_HandleAsync_DnsGetHostByName
20009c1d   _sl_HandleAsync_DnsGetHostByService
20009885   _sl_HandleAsync_InitComplete
200098fd   _sl_HandleAsync_PingResponse
20009e0d   _sl_HandleAsync_Select
20009fd1   _sl_HandleAsync_Stop
20009ad9   _sl_TruncatePayloadByProtocol
20018500   _sys_memory
20018ef4   _unlock
2000a3fd   abort
2000a169   atoi
ffffffff   binit
200068e5   calloc
2000a3b5   copy_in
2000a405   exit
2000663f   free
20018d04   gFirstCmdMode
2000b520   g_H2NCnysPattern
2000b518   g_H2NSyncPattern
20018e70   g_SpiFd
20018d0c   g_StatMem
20017fa0   g__SlNonOsCB
20017000   g_cBsdBuf
20017ff8   g_cDummy
20018d08   g_pCB
20018e74   g_pHostIntHdl
20004000   g_pfnVectors
20017fec   g_ucConnectionBSSID
20017fc8   g_ucConnectionSSID
20018e78   g_ucDMAEnabled
20018e7c   g_ucDinDout
20018ed8   g_uiPortNum
20018ed4   g_ulDestinationIp
20018ed0   g_ulGatewayIP
20018ee0   g_ulIpAddr
20018edc   g_ulPacketCount
20018ecc   g_ulStatus
20018400   gfpAppCallbackHndl
20018000   gpCtlTbl
20017ff9   iDone
20009ec5   ltoa
200053f5   main
20018f00   main_func_sp
200065dd   malloc
20006805   memalign
2000aca9   memccpy
20008f4d   memcpy
2000ab41   memmove
2000997d   memset
20006551   minit
20018d00   pPingCallBackFunc
200066ff   realloc
200082c9   sl_Accept
20009e69   sl_Bind
2000ab65   sl_Close
20009791   sl_DevGet
2000a881   sl_Htons
2000aa31   sl_Listen
200094f9   sl_NetAppMDNSRegisterUnregisterService
2000af6f   sl_NetAppMDNSUnRegisterService
2000a07d   sl_NetAppSendTokenValue
2000a481   sl_NetCfgSet
2000a4c5   sl_Recv
20008bf5   sl_SendTo
2000a1b5   sl_SetSockOpt
2000a9a5   sl_Socket
20008a71   sl_Start
200088d9   sl_Stop
20007885   sl_WlanConnect
2000b013   sl_WlanDisconnect
2000a609   sl_WlanPolicySet
2000ab89   sl_WlanProfileDel
2000a649   sl_WlanRxFilterSet
2000a329   sl_WlanSet
2000aaad   sl_WlanSetMode
20009a65   spi_Close
20008089   spi_Open
200089a5   spi_Read
200087ed   spi_Write
2000af21   strlen
2000a201   uDMAChannelAssign
20009c85   uDMAChannelAttributeDisable
20009ce9   uDMAChannelAttributeEnable
2000a73d   uDMAChannelControlSet
2000acc5   uDMAChannelDisable
2000ace1   uDMAChannelEnable
2000acfd   uDMAChannelRequest
200086fd   uDMAChannelTransferSet
2000af35   uDMAControlBaseSet
2000afdd   uDMADisable
2000afe9   uDMAEnable
2000af49   uDMAIntClear
2000aebb   uDMAIntRegister
2000aff5   uDMAIntStatus
2000af81   uDMAIntUnregister
20009471   vsnprintf


GLOBAL SYMBOLS: SORTED BY Symbol Address 

address    name
--------   ----
00000001   __TI_args_main
00000800   __STACK_SIZE
00000800   __SYSMEM_SIZE
20004000   g_pfnVectors
20004401   SimpleLinkWlanEventHandler
200045bd   SimpleLinkNetAppEventHandler
2000469f   SimpleLinkHttpServerCallback
200046ab   SimpleLinkGeneralEventHandler
200046c5   SimpleLinkSockEventHandler
20004dfd   BsdTcpServer
200051b9   BsdUdpClient
200053f5   main
20006247   __TI_printfi
20006551   minit
200065dd   malloc
2000663f   free
200066ff   realloc
20006805   memalign
200068e5   calloc
2000691d   _SlDrvMsgRead
20006cd1   _SlAsyncEventGenericHandler
2000701d   InitTerm
20007047   Message
20007073   ClearTerm
2000707d   Error
200070bb   GetCmd
20007173   TrimSpace
2000720b   Report
200072bf   DmaSwIntHandler
200072db   DmaErrorIntHandler
200072e7   UDMAInit
2000735d   UDMAChannelSelect
20007397   SetupTransfer
200073db   UDMASetupAutoMemTransfer
2000740f   UDMASetupPingPongTransfer
20007469   UDMAStartTransfer
20007475   UDMAStopTransfer
20007481   UDMADeInit
20007495   DMASetupTransfer
200074d9   __aeabi_uldivmod
200076cd   __aeabi_dsub
200076d7   __aeabi_dadd
20007885   sl_WlanConnect
20007a21   _SlDrvDataReadOp
20007b9d   _SlDrvDataWriteOp
20007cdd   _SlDrvRxHdrRead
20007e1d   __aeabi_ddiv
20007f55   PRCMCC3200MCUInit
20008089   spi_Open
200081b1   _SlDrvWaitForPoolObj
200082c9   sl_Accept
200083e1   _SlDrvMsgWrite
200084f5   _SlDrvReleasePoolObj
20008601   __aeabi_dmul
200086fd   uDMAChannelTransferSet
200087ed   spi_Write
200088d9   sl_Stop
200089a5   spi_Read
20008a71   sl_Start
20008b39   _SlDrvMsgReadCmdCtx
20008bf5   sl_SendTo
20008ca9   _SlDrvNetAppEventHandler
20008d5d   IntDisable
20008e05   IntEnable
20008ead   SPIConfigSetExpClk
20008f4d   __aeabi_memcpy
20008f4d   __aeabi_memcpy4
20008f4d   __aeabi_memcpy8
20008f4d   memcpy
20008fe9   _SlFindAndSetActiveObj
20009081   PRCMPeripheralClockGet
20009115   _SlDrvClassifyRxMsg
200091a9   _SlDrvMsgReadSpawnCtx
2000923d   __TI_auto_init
200092d1   _SlDrvDriverCBInit
20009361   PinConfigSet
200093e9   _SlDrvCmdOp
20009471   vsnprintf
200094f9   sl_NetAppMDNSRegisterUnregisterService
20009581   __aeabi_cdcmpeq
20009581   __aeabi_cdcmple
20009607   __aeabi_cdrcmple
2000968d   _sl_HandleAsync_DnsGetHostByName
20009711   NwpPowerOnPreamble
20009791   sl_DevGet
20009885   _sl_HandleAsync_InitComplete
200098fd   _sl_HandleAsync_PingResponse
20009975   __aeabi_memclr
20009975   __aeabi_memclr4
20009975   __aeabi_memclr8
20009977   __aeabi_memset
20009977   __aeabi_memset4
20009977   __aeabi_memset8
2000997d   memset
200099ed   UARTConfigSetExpClk
20009a65   spi_Close
20009ad9   _sl_TruncatePayloadByProtocol
20009b49   _sl_HandleAsync_Connect
20009bb5   _sl_HandleAsync_Accept
20009c1d   _sl_HandleAsync_DnsGetHostByService
20009c85   uDMAChannelAttributeDisable
20009ce9   uDMAChannelAttributeEnable
20009d4d   _SlDrvDriverCBDeinit
20009e0d   _sl_HandleAsync_Select
20009e69   sl_Bind
20009ec5   ltoa
20009f21   IntPendClear
20009f79   PRCMPeripheralReset
20009fd1   _sl_HandleAsync_Stop
2000a029   IntPrioritySet
2000a07d   sl_NetAppSendTokenValue
2000a0d1   SPIIntEnable
2000a169   atoi
2000a1b5   sl_SetSockOpt
2000a201   uDMAChannelAssign
2000a24d   _sl_GetStartResponseConvert
2000a299   SPIIntClear
2000a2e1   __aeabi_d2iz
2000a329   sl_WlanSet
2000a3b5   copy_in
2000a3f9   C$$EXIT
2000a3fd   abort
2000a405   exit
2000a43d   _Dtest
2000a481   sl_NetCfgSet
2000a4c5   sl_Recv
2000a509   PinModeSet
2000a549   _SlDrvRxIrqHandler
2000a589   _SlNonOsMainLoopTask
2000a5c9   _SlRemoveFromList
2000a609   sl_WlanPolicySet
2000a649   sl_WlanRxFilterSet
2000a689   NwpPowerOff
2000a6c5   PRCMPeripheralClkEnable
2000a701   _SlDrvObjInit
2000a73d   uDMAChannelControlSet
2000a779   NwpRegisterInterruptHandler
2000a7b1   PRCMPeripheralStatusGet
2000a7e5   SPIFIFOLevelSet
2000a819   _SlDrvBasicCmd
2000a84d   _c_int00
2000a881   sl_Htons
2000a8b5   NwpPowerOn
2000a8e5   UARTDisable
2000a915   _SlDrvFlowContDeinit
2000a945   _SlDrvFlowContInit
2000a975   _SlNonOsSemGet
2000a9a5   sl_Socket
2000a9d5   __aeabi_i2d
2000aa05   PRCMSysResetCauseGet
2000aa31   sl_Listen
2000aa5d   PRCMPeripheralClkDisable
2000aa85   _sl_BuildAddress
2000aaad   sl_WlanSetMode
2000aad5   DmaSpiSwIntHandler
2000aaf9   IntUnregister
2000ab1d   UARTEnable
2000ab41   memmove
2000ab65   sl_Close
2000ab89   sl_WlanProfileDel
2000abad   SPIReset
2000abcf   SPIWordCountSet
2000abf1   IntRegister
2000ac11   _SlDrvCmdSend
2000ac31   _SlNonOsSpawn
2000ac51   UARTCharPut
2000ac71   _SlDrvObjDeInit
2000ac8d   PinMuxConfig
2000aca9   memccpy
2000acc5   uDMAChannelDisable
2000ace1   uDMAChannelEnable
2000acfd   uDMAChannelRequest
2000ad19   CopyPingResultsToReport
2000ad33   PinTypeUART
2000ad4d   SPIDmaDisable
2000ad67   SPIDmaEnable
2000ad81   SPIFIFODisable
2000ad9b   SPIFIFOEnable
2000adb5   SPIIntUnregister
2000adcf   _SlDrvDeviceEventHandler
2000ade9   SPICSDisable
2000ae01   SPICSEnable
2000ae19   SPIDisable
2000ae31   SPIEnable
2000ae49   _args_main
2000ae61   __aeabi_lmul
2000ae79   PRCMHIBRegRead
2000ae8f   PRCMHIBRegWrite
2000aea5   UARTCharGet
2000aebb   uDMAIntRegister
2000aed1   CPUcpsie
2000aee5   IntVTableBaseSet
2000aef9   _SlDrvShiftDWord
2000af0d   _register_unlock
2000af13   _register_lock
2000af1b   _nop
2000af21   strlen
2000af35   uDMAControlBaseSet
2000af49   uDMAIntClear
2000af5d   __TI_zero_init
2000af6f   sl_NetAppMDNSUnRegisterService
2000af81   uDMAIntUnregister
2000af95   NwpMaskInterrupt
2000afa5   __TI_decompress_none
2000afb3   _Dclass
2000afc1   ResetISR
2000afd1   NwpUnMaskInterrupt
2000afdd   uDMADisable
2000afe9   uDMAEnable
2000aff5   uDMAIntStatus
2000b001   IntMasterEnable
2000b00b   _SlNonOsSemSet
2000b013   sl_WlanDisconnect
2000b01b   UtilsDelay
2000b021   __TI_decompress_rle24
2000b028   _ctypes_
2000b230   _SlPolicySetCmdCtrl
2000b234   _SlPolicyGetCmdCtrl
2000b238   _SlProfileGetCmdCtrl
2000b23c   _SlProfileDelCmdCtrl
2000b240   _SlWlanGetNetworkListCtrl
2000b244   _SlRxFilterAddtCmdCtrl
2000b248   _SlRxFilterSetCmdCtrl
2000b24c   _SlRxFilterGetCmdCtrl
2000b250   _SlSmartConfigStartCmdCtrl
2000b254   _SlWlanSetModeCmdCtrl
2000b258   _SlWlanCfgSetCmdCtrl
2000b25c   _SlWlanCfgGetCmdCtrl
2000b518   g_H2NSyncPattern
2000b520   g_H2NCnysPattern
2000b528   _SlActionLookupTable
2000b56c   _SlSockSocketCmdCtrl
2000b570   _SlSockCloseCmdCtrl
2000b574   _SlRecvfomCmdCtrl
2000b578   _SlSendCmdCtrl
2000b57c   _SlListenCmdCtrl
2000b580   _SlAcceptCmdCtrl
2000b584   _SlRecvCmdCtrl
2000b588   _SlSetSockOptCmdCtrl
2000b58c   _SlGetSockOptCmdCtrl
2000b590   _SlSelectCmdCtrl
2000b5f0   _SlNetAppStartCtrl
2000b5f4   _SlNetAppStopCtrl
2000b5f8   _SlGetServiceListeCtrl
2000b5fc   _SlRegisterServiceCtrl
2000b600   _SlGetHostByServiceCtrl
2000b604   _SlGetHostByNameCtrl
2000b608   _SlNetAppSetCmdCtrl
2000b60c   _SlNetAppSendTokenValueCmdCtrl
2000b610   _SlNetAppGetCmdCtrl
2000b688   _SlStopCmdCtrl
2000b68c   _SlEventMaskSetCmdCtrl
2000b690   _SlEventMaskGetCmdCtrl
2000b694   _SlDeviceGetCmdCtrl
2000b698   _SlDeviceSetCmdCtrl
2000b69c   _SlNetCfgSetCmdCtrl
2000b6a0   _SlNetCfgGetCmdCtrl
2000b6a8   __TI_static_base__
2000b6d8   __TI_Handler_Table_Base
2000b6e4   __TI_Handler_Table_Limit
2000b6f0   __TI_CINIT_Base
2000b700   __TI_CINIT_Limit
20017000   g_cBsdBuf
20017fa0   g__SlNonOsCB
20017fc8   g_ucConnectionSSID
20017fec   g_ucConnectionBSSID
20017ff8   g_cDummy
20017ff9   iDone
20018000   gpCtlTbl
20018400   gfpAppCallbackHndl
20018500   _sys_memory
20018d00   pPingCallBackFunc
20018d04   gFirstCmdMode
20018d08   g_pCB
20018d0c   g_StatMem
20018e70   g_SpiFd
20018e74   g_pHostIntHdl
20018e78   g_ucDMAEnabled
20018e7c   g_ucDinDout
20018ecc   g_ulStatus
20018ed0   g_ulGatewayIP
20018ed4   g_ulDestinationIp
20018ed8   g_uiPortNum
20018edc   g_ulPacketCount
20018ee0   g_ulIpAddr
20018ef0   _lock
20018ef4   _unlock
20018ef8   __TI_cleanup_ptr
20018efc   __TI_dtors_ptr
20018f00   main_func_sp
2002f800   __stack
20030000   __STACK_END
ffffffff   __binit__
ffffffff   __c_args__
ffffffff   binit
UNDEFED    SHT$$INIT_ARRAY$$Base
UNDEFED    SHT$$INIT_ARRAY$$Limit

[297 symbols]
