******************************************************************************
                  TI ARM Linker PC v5.1.6                      
******************************************************************************
>> Linked Tue Jan 20 01:18:40 2015

OUTPUT FILE NAME:   <udp_socket.out>
ENTRY POINT SYMBOL: "_c_int00"  address: 20009c01


MEMORY CONFIGURATION

         name            origin    length      used     unused   attr    fill
----------------------  --------  ---------  --------  --------  ----  --------
  SRAM_CODE             20004000   00013000  0000698a  0000c676  RW X
  SRAM_DATA             20017000   00019000  00001762  0001789e  RW X


SEGMENT ALLOCATION MAP

run origin  load origin   length   init length attrs members
----------  ----------- ---------- ----------- ----- -------
20004000    20004000    00006990   00006990    r-x
  20004000    20004000    00000400   00000400    r-- .intvecs
  20004400    20004400    00005efe   00005efe    r-x .text
  2000a300    2000a300    00000634   00000634    r-- .const
  2000a938    2000a938    00000058   00000058    r-- .cinit
20017000    20017000    00000f64   00000000    rw-
  20017000    20017000    00000800   00000000    rw- .sysmem
  20017800    20017800    0000055a   00000000    rw- .bss
  20017d5c    20017d5c    00000208   00000000    rw- .data
2002f800    2002f800    00000800   00000000    rw-
  2002f800    2002f800    00000800   00000000    rw- .stack


SECTION ALLOCATION MAP

 output                                  attributes/
section   page    origin      length       input sections
--------  ----  ----------  ----------   ----------------
.init_array 
*          0    20004000    00000000     UNINITIALIZED

.intvecs   0    20004000    00000400     
                  20004000    00000400     startup_ccs.obj (.intvecs)

.text      0    20004400    00005efe     
                  20004400    00000ec0     rtsv7M4_T_le_eabi.lib : _printfi.obj (.text)
                  200052c0    00000c26     main.obj (.text)
                  20005ee6    00000002     driverlib.a : interrupt.obj (.text:IntDefaultHandler)
                  20005ee8    000003cc     rtsv7M4_T_le_eabi.lib : memory.obj (.text)
                  200062b4    000003b4     simplelink.a : driver.obj (.text:_SlDrvMsgRead)
                  20006668    0000034c                  : driver.obj (.text:_SlAsyncEventGenericHandler)
                  200069b4    000002a2     uart_if.obj (.text)
                  20006c56    0000021a     udma_if.obj (.text)
                  20006e70    000001f4     rtsv7M4_T_le_eabi.lib : ull_div_t2.obj (.text)
                  20007064    000001b6                           : fd_add_t2.obj (.text)
                  2000721a    00000002     --HOLE-- [fill = 0]
                  2000721c    0000019c     simplelink.a : wlan.obj (.text:sl_WlanConnect)
                  200073b8    00000140                  : driver.obj (.text:_SlDrvRxHdrRead)
                  200074f8    00000136     rtsv7M4_T_le_eabi.lib : fd_div_t2.obj (.text)
                  2000762e    00000002     --HOLE-- [fill = 0]
                  20007630    00000134     driverlib.a : prcm.obj (.text:PRCMCC3200MCUInit)
                  20007764    00000128     simplelink.a : cc_pal.obj (.text:spi_Open)
                  2000788c    00000118                  : driver.obj (.text:_SlDrvWaitForPoolObj)
                  200079a4    00000114                  : driver.obj (.text:_SlDrvMsgWrite)
                  20007ab8    0000010c                  : driver.obj (.text:_SlDrvReleasePoolObj)
                  20007bc4    000000fc     rtsv7M4_T_le_eabi.lib : fd_mul_t2.obj (.text)
                  20007cc0    000000f0     driverlib.a : udma.obj (.text:uDMAChannelTransferSet)
                  20007db0    000000ec     simplelink.a : cc_pal.obj (.text:spi_Write)
                  20007e9c    000000cc                  : device.obj (.text:sl_Stop)
                  20007f68    000000cc                  : cc_pal.obj (.text:spi_Read)
                  20008034    000000c8                  : device.obj (.text:sl_Start)
                  200080fc    000000bc                  : driver.obj (.text:_SlDrvMsgReadCmdCtx)
                  200081b8    000000b2                  : netapp.obj (.text:_SlDrvNetAppEventHandler)
                  2000826a    00000002     --HOLE-- [fill = 0]
                  2000826c    000000a8     driverlib.a : interrupt.obj (.text:IntDisable)
                  20008314    000000a8                 : interrupt.obj (.text:IntEnable)
                  200083bc    000000a0                 : spi.obj (.text:SPIConfigSetExpClk)
                  2000845c    0000009c     rtsv7M4_T_le_eabi.lib : memcpy_t2.obj (.text)
                  200084f8    00000098     simplelink.a : driver.obj (.text:_SlFindAndSetActiveObj)
                  20008590    00000094     driverlib.a : prcm.obj (.text:PRCMPeripheralClockGet)
                  20008624    00000094     simplelink.a : driver.obj (.text:_SlDrvClassifyRxMsg)
                  200086b8    00000094                  : driver.obj (.text:_SlDrvMsgReadSpawnCtx)
                  2000874c    00000094     rtsv7M4_T_le_eabi.lib : auto_init.obj (.text)
                  200087e0    00000090     simplelink.a : driver.obj (.text:_SlDrvDriverCBInit)
                  20008870    00000088     driverlib.a : pin.obj (.text:PinConfigSet)
                  200088f8    00000088     simplelink.a : driver.obj (.text:_SlDrvCmdOp)
                  20008980    00000088     rtsv7M4_T_le_eabi.lib : vsnprintf.obj (.text)
                  20008a08    00000088     simplelink.a : netapp.obj (.text:sl_NetAppMDNSRegisterUnregisterService)
                  20008a90    00000086     rtsv7M4_T_le_eabi.lib : fd_cmp_t2.obj (.text:__aeabi_cdcmple)
                  20008b16    00000086                           : fd_cmp_t2.obj (.text:__aeabi_cdrcmple)
                  20008b9c    00000084     simplelink.a : netapp.obj (.text:_sl_HandleAsync_DnsGetHostByName)
                  20008c20    00000080                  : cc_pal.obj (.text:NwpPowerOnPreamble)
                  20008ca0    0000007c                  : device.obj (.text:sl_DevGet)
                  20008d1c    00000078                  : cc_pal.obj (.text:SetupDMAReceive)
                  20008d94    00000078                  : device.obj (.text:_sl_HandleAsync_InitComplete)
                  20008e0c    00000078                  : netapp.obj (.text:_sl_HandleAsync_PingResponse)
                  20008e84    00000078     rtsv7M4_T_le_eabi.lib : memset_t2.obj (.text)
                  20008efc    00000076     driverlib.a : uart.obj (.text:UARTConfigSetExpClk)
                  20008f72    00000002     --HOLE-- [fill = 0]
                  20008f74    00000074     simplelink.a : cc_pal.obj (.text:spi_Close)
                  20008fe8    0000006c                  : socket.obj (.text:_sl_HandleAsync_Connect)
                  20009054    00000068                  : socket.obj (.text:_sl_HandleAsync_Accept)
                  200090bc    00000068                  : netapp.obj (.text:_sl_HandleAsync_DnsGetHostByService)
                  20009124    00000064     driverlib.a : udma.obj (.text:uDMAChannelAttributeDisable)
                  20009188    00000064                 : udma.obj (.text:uDMAChannelAttributeEnable)
                  200091ec    00000060     simplelink.a : driver.obj (.text:_SlDrvDriverCBDeinit)
                  2000924c    0000005e     rtsv7M4_T_le_eabi.lib : copy_decompress_rle.obj (.text)
                  200092aa    00000002     --HOLE-- [fill = 0]
                  200092ac    0000005c     simplelink.a : socket.obj (.text:_sl_HandleAsync_Select)
                  20009308    0000005a     rtsv7M4_T_le_eabi.lib : ltoa.obj (.text)
                  20009362    00000002     --HOLE-- [fill = 0]
                  20009364    00000058     driverlib.a : interrupt.obj (.text:IntPendClear)
                  200093bc    00000058                 : prcm.obj (.text:PRCMPeripheralReset)
                  20009414    00000058     simplelink.a : device.obj (.text:_sl_HandleAsync_Stop)
                  2000946c    00000054     driverlib.a : interrupt.obj (.text:IntPrioritySet)
                  200094c0    00000054     simplelink.a : netapp.obj (.text:sl_NetAppSendTokenValue)
                  20009514    0000004c     driverlib.a : spi.obj (.text:SPIIntEnable)
                  20009560    0000004c                 : spi.obj (.text:SPIIntNumberGet)
                  200095ac    0000004c     rtsv7M4_T_le_eabi.lib : atoi.obj (.text)
                  200095f8    0000004c     driverlib.a : udma.obj (.text:uDMAChannelAssign)
                  20009644    0000004a     simplelink.a : device.obj (.text:_sl_GetStartResponseConvert)
                  2000968e    00000002     --HOLE-- [fill = 0]
                  20009690    00000048     driverlib.a : spi.obj (.text:SPIIntClear)
                  200096d8    00000048     rtsv7M4_T_le_eabi.lib : fd_toi_t2.obj (.text)
                  20009720    00000048     simplelink.a : wlan.obj (.text:sl_WlanSet)
                  20009768    00000044     driverlib.a : spi.obj (.text:SPIDmaMaskGet)
                  200097ac    00000044     rtsv7M4_T_le_eabi.lib : cpy_tbl.obj (.text)
                  200097f0    00000044                           : exit.obj (.text)
                  20009834    00000044                           : xdtest.obj (.text)
                  20009878    00000044     simplelink.a : netcfg.obj (.text:sl_NetCfgSet)
                  200098bc    00000040     driverlib.a : pin.obj (.text:PinModeSet)
                  200098fc    00000040     simplelink.a : driver.obj (.text:_SlDrvRxIrqHandler)
                  2000993c    00000040                  : nonos.obj (.text:_SlNonOsMainLoopTask)
                  2000997c    00000040                  : driver.obj (.text:_SlRemoveFromList)
                  200099bc    00000040                  : wlan.obj (.text:sl_WlanPolicySet)
                  200099fc    00000040                  : wlan.obj (.text:sl_WlanRxFilterSet)
                  20009a3c    0000003c                  : cc_pal.obj (.text:NwpPowerOff)
                  20009a78    0000003c     driverlib.a : prcm.obj (.text:PRCMPeripheralClkEnable)
                  20009ab4    0000003c     simplelink.a : driver.obj (.text:_SlDrvObjInit)
                  20009af0    0000003c     driverlib.a : udma.obj (.text:uDMAChannelControlSet)
                  20009b2c    00000038     simplelink.a : cc_pal.obj (.text:NwpRegisterInterruptHandler)
                  20009b64    00000034     driverlib.a : prcm.obj (.text:PRCMPeripheralStatusGet)
                  20009b98    00000034                 : spi.obj (.text:SPIFIFOLevelSet)
                  20009bcc    00000034     simplelink.a : driver.obj (.text:_SlDrvBasicCmd)
                  20009c00    00000034     rtsv7M4_T_le_eabi.lib : boot.obj (.text)
                  20009c34    00000030     simplelink.a : cc_pal.obj (.text:NwpPowerOn)
                  20009c64    00000030     driverlib.a : uart.obj (.text:UARTDisable)
                  20009c94    00000030     simplelink.a : flowcont.obj (.text:_SlDrvFlowContDeinit)
                  20009cc4    00000030                  : flowcont.obj (.text:_SlDrvFlowContInit)
                  20009cf4    00000030                  : nonos.obj (.text:_SlNonOsSemGet)
                  20009d24    0000002e     rtsv7M4_T_le_eabi.lib : i_tofd_t2.obj (.text)
                  20009d52    00000002     --HOLE-- [fill = 0]
                  20009d54    0000002c     driverlib.a : prcm.obj (.text:PRCMSysResetCauseGet)
                  20009d80    00000028                 : prcm.obj (.text:PRCMPeripheralClkDisable)
                  20009da8    00000028     simplelink.a : wlan.obj (.text:sl_WlanSetMode)
                  20009dd0    00000024                  : cc_pal.obj (.text:DmaSpiSwIntHandler)
                  20009df4    00000024     driverlib.a : interrupt.obj (.text:IntUnregister)
                  20009e18    00000024                 : uart.obj (.text:UARTEnable)
                  20009e3c    00000024     rtsv7M4_T_le_eabi.lib : memmov.obj (.text)
                  20009e60    00000024     simplelink.a : wlan.obj (.text:sl_WlanProfileDel)
                  20009e84    00000022     driverlib.a : spi.obj (.text:SPIReset)
                  20009ea6    00000022                 : spi.obj (.text:SPIWordCountSet)
                  20009ec8    00000020                 : interrupt.obj (.text:IntRegister)
                  20009ee8    00000020     simplelink.a : driver.obj (.text:_SlDrvCmdSend)
                  20009f08    00000020                  : nonos.obj (.text:_SlNonOsSpawn)
                  20009f28    0000001e     driverlib.a : uart.obj (.text:UARTCharPut)
                  20009f46    00000002     --HOLE-- [fill = 0]
                  20009f48    0000001c     simplelink.a : driver.obj (.text:_SlDrvObjDeInit)
                  20009f64    0000001c     pinmux.obj (.text)
                  20009f80    0000001c     rtsv7M4_T_le_eabi.lib : memccpy.obj (.text)
                  20009f9c    0000001c     driverlib.a : udma.obj (.text:uDMAChannelDisable)
                  20009fb8    0000001c                 : udma.obj (.text:uDMAChannelEnable)
                  20009fd4    0000001c                 : udma.obj (.text:uDMAChannelRequest)
                  20009ff0    0000001a     simplelink.a : netapp.obj (.text:CopyPingResultsToReport)
                  2000a00a    0000001a     driverlib.a : pin.obj (.text:PinTypeUART)
                  2000a024    0000001a                 : spi.obj (.text:SPIDmaDisable)
                  2000a03e    0000001a                 : spi.obj (.text:SPIDmaEnable)
                  2000a058    0000001a                 : spi.obj (.text:SPIFIFODisable)
                  2000a072    0000001a                 : spi.obj (.text:SPIFIFOEnable)
                  2000a08c    0000001a                 : spi.obj (.text:SPIIntUnregister)
                  2000a0a6    0000001a     simplelink.a : device.obj (.text:_SlDrvDeviceEventHandler)
                  2000a0c0    00000018     driverlib.a : spi.obj (.text:SPICSDisable)
                  2000a0d8    00000018                 : spi.obj (.text:SPICSEnable)
                  2000a0f0    00000018                 : spi.obj (.text:SPIDisable)
                  2000a108    00000018                 : spi.obj (.text:SPIEnable)
                  2000a120    00000018     rtsv7M4_T_le_eabi.lib : args_main.obj (.text)
                  2000a138    00000018                           : ll_mul_t2.obj (.text)
                  2000a150    00000016     driverlib.a : prcm.obj (.text:PRCMHIBRegRead)
                  2000a166    00000016                 : prcm.obj (.text:PRCMHIBRegWrite)
                  2000a17c    00000016                 : uart.obj (.text:UARTCharGet)
                  2000a192    00000016                 : udma.obj (.text:uDMAIntRegister)
                  2000a1a8    00000014                 : cpu.obj (.text:CPUcpsie)
                  2000a1bc    00000014                 : interrupt.obj (.text:IntVTableBaseSet)
                  2000a1d0    00000014     simplelink.a : driver.obj (.text:_SlDrvShiftDWord)
                  2000a1e4    00000014     rtsv7M4_T_le_eabi.lib : _lock.obj (.text)
                  2000a1f8    00000014                           : strlen.obj (.text)
                  2000a20c    00000014     driverlib.a : udma.obj (.text:uDMAControlBaseSet)
                  2000a220    00000014                 : udma.obj (.text:uDMAIntClear)
                  2000a234    00000012     rtsv7M4_T_le_eabi.lib : copy_zero_init.obj (.text:decompress:ZI)
                  2000a246    00000012     simplelink.a : netapp.obj (.text:sl_NetAppMDNSUnRegisterService)
                  2000a258    00000012     driverlib.a : udma.obj (.text:uDMAIntUnregister)
                  2000a26a    00000002     --HOLE-- [fill = 0]
                  2000a26c    00000010     simplelink.a : cc_pal.obj (.text:NwpMaskInterrupt)
                  2000a27c    0000000e     rtsv7M4_T_le_eabi.lib : copy_decompress_none.obj (.text:decompress:none)
                  2000a28a    0000000e                           : xdclass.obj (.text)
                  2000a298    0000000e     startup_ccs.obj (.text)
                  2000a2a6    00000002     --HOLE-- [fill = 0]
                  2000a2a8    0000000c     simplelink.a : cc_pal.obj (.text:NwpUnMaskInterrupt)
                  2000a2b4    0000000c     driverlib.a : udma.obj (.text:uDMADisable)
                  2000a2c0    0000000c                 : udma.obj (.text:uDMAEnable)
                  2000a2cc    0000000c                 : udma.obj (.text:uDMAIntStatus)
                  2000a2d8    0000000a                 : interrupt.obj (.text:IntMasterEnable)
                  2000a2e2    00000008     simplelink.a : nonos.obj (.text:_SlNonOsSemSet)
                  2000a2ea    00000008                  : wlan.obj (.text:sl_WlanDisconnect)
                  2000a2f2    00000006     driverlib.a : utils.obj (.text:UtilsDelay)
                  2000a2f8    00000006     rtsv7M4_T_le_eabi.lib : copy_decompress_rle.obj (.text:decompress:rle24)

.const     0    2000a300    00000634     
                  2000a300    00000102     rtsv7M4_T_le_eabi.lib : ctype.obj (.const:.string:_ctypes_)
                  2000a402    00000002     --HOLE-- [fill = 0]
                  2000a404    00000100     driverlib.a : pin.obj (.const:g_ulPinToPadMap)
                  2000a504    000000ec     simplelink.a : wlan.obj (.const)
                  2000a5f0    000000d4     driverlib.a : interrupt.obj (.const:g_pulRegs)
                  2000a6c4    000000a8                 : prcm.obj (.const:PRCM_PeriphRegsList)
                  2000a76c    00000080                 : interrupt.obj (.const)
                  2000a7ec    0000004c     simplelink.a : driver.obj (.const)
                  2000a838    0000002c     main.obj (.const:$P$T1$2)
                  2000a864    00000028     simplelink.a : netapp.obj (.const)
                  2000a88c    00000024     driverlib.a : spi.obj (.const:g_ppulSPIIntMap)
                  2000a8b0    00000022     main.obj (.const:.string:$P$T0$1)
                  2000a8d2    00000002     --HOLE-- [fill = 0]
                  2000a8d4    00000020     main.obj (.const)
                  2000a8f4    00000018     driverlib.a : spi.obj (.const)
                  2000a90c    00000014     simplelink.a : device.obj (.const)
                  2000a920    0000000c     main.obj (.const:.string)
                  2000a92c    00000008     simplelink.a : netcfg.obj (.const)

.cinit     0    2000a938    00000058     
                  2000a938    00000034     (.cinit..data.load) [load image, compression = rle]
                  2000a96c    0000000c     (__TI_handler_table)
                  2000a978    00000008     (.cinit..bss.load) [load image, compression = zero_init]
                  2000a980    00000010     (__TI_cinit_table)

.sysmem    0    20017000    00000800     UNINITIALIZED
                  20017000    00000008     rtsv7M4_T_le_eabi.lib : memory.obj (.sysmem)
                  20017008    000007f8     --HOLE--

.bss       0    20017800    0000055a     UNINITIALIZED
                  20017800    00000400     udma_if.obj (.bss:gpCtlTbl)
                  20017c00    00000100     udma_if.obj (.bss:gfpAppCallbackHndl)
                  20017d00    00000028     simplelink.a : nonos.obj (.bss:g__SlNonOsCB)
                  20017d28    00000024     main.obj (.bss:g_ucConnectionSSID)
                  20017d4c    00000008     (.common:g_ucConnectionBSSID)
                  20017d54    00000004     (.common:__Errorlog)
                  20017d58    00000001     (.common:g_cDummy)
                  20017d59    00000001     (.common:iDone)

.data      0    20017d5c    00000208     UNINITIALIZED
                  20017d5c    00000170     simplelink.a : driver.obj (.data)
                  20017ecc    0000005c                  : cc_pal.obj (.data)
                  20017f28    0000001c     main.obj (.data)
                  20017f44    0000000c     rtsv7M4_T_le_eabi.lib : memory.obj (.data)
                  20017f50    00000008                           : _lock.obj (.data)
                  20017f58    00000008                           : exit.obj (.data)
                  20017f60    00000004                           : stkdepth_vars.obj (.data)

.stack     0    2002f800    00000800     UNINITIALIZED
                  2002f800    00000800     --HOLE--


LINKER GENERATED COPY TABLES

__TI_cinit_table @ 2000a980 records: 2, size/record: 8, table size: 16
	.data: load addr=2000a938, load size=00000034 bytes, run addr=20017d5c, run size=00000208 bytes, compression=rle
	.bss: load addr=2000a978, load size=00000008 bytes, run addr=20017800, run size=0000055a bytes, compression=zero_init


LINKER GENERATED HANDLER TABLE

__TI_handler_table @ 2000a96c records: 3, size/record: 4, table size: 12
	index: 0, handler: __TI_decompress_rle24
	index: 1, handler: __TI_decompress_none
	index: 2, handler: __TI_zero_init


GLOBAL SYMBOLS: SORTED ALPHABETICALLY BY Name 

address    name
--------   ----
200097f1   C$$EXIT
2000a1a9   CPUcpsie
20006a0b   ClearTerm
20009ff1   CopyPingResultsToReport
20006e2d   DMASetupTransfer
20006c73   DmaErrorIntHandler
20009dd1   DmaSpiSwIntHandler
20006c57   DmaSwIntHandler
20006a15   Error
20006a53   GetCmd
200069b5   InitTerm
2000826d   IntDisable
20008315   IntEnable
2000a2d9   IntMasterEnable
20009365   IntPendClear
2000946d   IntPrioritySet
20009ec9   IntRegister
20009df5   IntUnregister
2000a1bd   IntVTableBaseSet
200069df   Message
2000a26d   NwpMaskInterrupt
20009a3d   NwpPowerOff
20009c35   NwpPowerOn
20008c21   NwpPowerOnPreamble
20009b2d   NwpRegisterInterruptHandler
2000a2a9   NwpUnMaskInterrupt
20007631   PRCMCC3200MCUInit
2000a151   PRCMHIBRegRead
2000a167   PRCMHIBRegWrite
20009d81   PRCMPeripheralClkDisable
20009a79   PRCMPeripheralClkEnable
20008591   PRCMPeripheralClockGet
200093bd   PRCMPeripheralReset
20009b65   PRCMPeripheralStatusGet
20009d55   PRCMSysResetCauseGet
20008871   PinConfigSet
200098bd   PinModeSet
20009f65   PinMuxConfig
2000a00b   PinTypeUART
20006ba3   Report
2000a299   ResetISR
UNDEFED    SHT$$INIT_ARRAY$$Base
UNDEFED    SHT$$INIT_ARRAY$$Limit
2000a0c1   SPICSDisable
2000a0d9   SPICSEnable
200083bd   SPIConfigSetExpClk
2000a0f1   SPIDisable
2000a025   SPIDmaDisable
2000a03f   SPIDmaEnable
2000a109   SPIEnable
2000a059   SPIFIFODisable
2000a073   SPIFIFOEnable
20009b99   SPIFIFOLevelSet
20009691   SPIIntClear
20009515   SPIIntEnable
2000a08d   SPIIntUnregister
20009e85   SPIReset
20009ea7   SPIWordCountSet
20006d2f   SetupTransfer
2000556b   SimpleLinkGeneralEventHandler
2000555f   SimpleLinkHttpServerCallback
2000547d   SimpleLinkNetAppEventHandler
20005585   SimpleLinkSockEventHandler
200052c1   SimpleLinkWlanEventHandler
20006b0b   TrimSpace
2000a17d   UARTCharGet
20009f29   UARTCharPut
20008efd   UARTConfigSetExpClk
20009c65   UARTDisable
20009e19   UARTEnable
20006cf5   UDMAChannelSelect
20006e19   UDMADeInit
20006c7f   UDMAInit
20006d73   UDMASetupAutoMemTransfer
20006da7   UDMASetupPingPongTransfer
20006e01   UDMAStartTransfer
20006e0d   UDMAStopTransfer
2000a2f3   UtilsDelay
2000a28b   _Dclass
20009835   _Dtest
2000a800   _SlActionLookupTable
20006669   _SlAsyncEventGenericHandler
2000a918   _SlDeviceGetCmdCtrl
2000a91c   _SlDeviceSetCmdCtrl
20009bcd   _SlDrvBasicCmd
20008625   _SlDrvClassifyRxMsg
200088f9   _SlDrvCmdOp
20009ee9   _SlDrvCmdSend
2000a0a7   _SlDrvDeviceEventHandler
200091ed   _SlDrvDriverCBDeinit
200087e1   _SlDrvDriverCBInit
20009c95   _SlDrvFlowContDeinit
20009cc5   _SlDrvFlowContInit
200062b5   _SlDrvMsgRead
200080fd   _SlDrvMsgReadCmdCtx
200086b9   _SlDrvMsgReadSpawnCtx
200079a5   _SlDrvMsgWrite
200081b9   _SlDrvNetAppEventHandler
20009f49   _SlDrvObjDeInit
20009ab5   _SlDrvObjInit
20007ab9   _SlDrvReleasePoolObj
200073b9   _SlDrvRxHdrRead
200098fd   _SlDrvRxIrqHandler
2000a1d1   _SlDrvShiftDWord
2000788d   _SlDrvWaitForPoolObj
2000a914   _SlEventMaskGetCmdCtrl
2000a910   _SlEventMaskSetCmdCtrl
200084f9   _SlFindAndSetActiveObj
2000a87c   _SlGetHostByNameCtrl
2000a878   _SlGetHostByServiceCtrl
2000a870   _SlGetServiceListeCtrl
2000a888   _SlNetAppGetCmdCtrl
2000a884   _SlNetAppSendTokenValueCmdCtrl
2000a880   _SlNetAppSetCmdCtrl
2000a868   _SlNetAppStartCtrl
2000a86c   _SlNetAppStopCtrl
2000a930   _SlNetCfgGetCmdCtrl
2000a92c   _SlNetCfgSetCmdCtrl
2000993d   _SlNonOsMainLoopTask
20009cf5   _SlNonOsSemGet
2000a2e3   _SlNonOsSemSet
20009f09   _SlNonOsSpawn
2000a50c   _SlPolicyGetCmdCtrl
2000a508   _SlPolicySetCmdCtrl
2000a514   _SlProfileDelCmdCtrl
2000a510   _SlProfileGetCmdCtrl
2000a874   _SlRegisterServiceCtrl
2000997d   _SlRemoveFromList
2000a51c   _SlRxFilterAddtCmdCtrl
2000a524   _SlRxFilterGetCmdCtrl
2000a520   _SlRxFilterSetCmdCtrl
2000a528   _SlSmartConfigStartCmdCtrl
2000a90c   _SlStopCmdCtrl
2000a534   _SlWlanCfgGetCmdCtrl
2000a530   _SlWlanCfgSetCmdCtrl
2000a518   _SlWlanGetNetworkListCtrl
2000a52c   _SlWlanSetModeCmdCtrl
20030000   __STACK_END
00000800   __STACK_SIZE
00000800   __SYSMEM_SIZE
2000a980   __TI_CINIT_Base
2000a990   __TI_CINIT_Limit
2000a96c   __TI_Handler_Table_Base
2000a978   __TI_Handler_Table_Limit
00000001   __TI_args_main
2000874d   __TI_auto_init
20017f58   __TI_cleanup_ptr
2000a27d   __TI_decompress_none
2000a2f9   __TI_decompress_rle24
20017f5c   __TI_dtors_ptr
20004fb7   __TI_printfi
2000a938   __TI_static_base__
2000a235   __TI_zero_init
20008a91   __aeabi_cdcmpeq
20008a91   __aeabi_cdcmple
20008b17   __aeabi_cdrcmple
200096d9   __aeabi_d2iz
2000706f   __aeabi_dadd
200074f9   __aeabi_ddiv
20007bc5   __aeabi_dmul
20007065   __aeabi_dsub
20009d25   __aeabi_i2d
2000a139   __aeabi_lmul
20008e85   __aeabi_memclr
20008e85   __aeabi_memclr4
20008e85   __aeabi_memclr8
2000845d   __aeabi_memcpy
2000845d   __aeabi_memcpy4
2000845d   __aeabi_memcpy8
20008e87   __aeabi_memset
20008e87   __aeabi_memset4
20008e87   __aeabi_memset8
20006e71   __aeabi_uldivmod
ffffffff   __binit__
ffffffff   __c_args__
2002f800   __stack
2000a121   _args_main
20009c01   _c_int00
2000a300   _ctypes_
20017f50   _lock
2000a1f3   _nop
2000a1eb   _register_lock
2000a1e5   _register_unlock
20009645   _sl_GetStartResponseConvert
20009055   _sl_HandleAsync_Accept
20008fe9   _sl_HandleAsync_Connect
20008b9d   _sl_HandleAsync_DnsGetHostByName
200090bd   _sl_HandleAsync_DnsGetHostByService
20008d95   _sl_HandleAsync_InitComplete
20008e0d   _sl_HandleAsync_PingResponse
200092ad   _sl_HandleAsync_Select
20009415   _sl_HandleAsync_Stop
20017000   _sys_memory
20017f54   _unlock
200097f5   abort
200095ad   atoi
ffffffff   binit
2000627d   calloc
200097ad   copy_in
200097fd   exit
20005fd7   free
20017d60   gFirstCmdMode
2000a7f8   g_H2NCnysPattern
2000a7f0   g_H2NSyncPattern
20017ecc   g_SpiFd
20017d68   g_StatMem
20017d00   g__SlNonOsCB
20017d58   g_cDummy
20017d64   g_pCB
20017ed0   g_pHostIntHdl
20004000   g_pfnVectors
20017d4c   g_ucConnectionBSSID
20017d28   g_ucConnectionSSID
20017ed4   g_ucDMAEnabled
20017ed8   g_ucDinDout
20017f3c   g_ucSimplelinkstarted
20017f34   g_uiPortNum
20017f30   g_ulDestinationIp
20017f2c   g_ulGatewayIP
20017f40   g_ulIpAddr
20017f38   g_ulPacketCount
20017f28   g_ulStatus
20017c00   gfpAppCallbackHndl
20017800   gpCtlTbl
20017d59   iDone
20009309   ltoa
20005c71   main
20017f60   main_func_sp
20005f75   malloc
2000619d   memalign
20009f81   memccpy
2000845d   memcpy
20009e3d   memmove
20008e8d   memset
20005ee9   minit
20017d5c   pPingCallBackFunc
20006097   realloc
20008ca1   sl_DevGet
20008a09   sl_NetAppMDNSRegisterUnregisterService
2000a247   sl_NetAppMDNSUnRegisterService
200094c1   sl_NetAppSendTokenValue
20009879   sl_NetCfgSet
20008035   sl_Start
20007e9d   sl_Stop
2000721d   sl_WlanConnect
2000a2eb   sl_WlanDisconnect
200099bd   sl_WlanPolicySet
20009e61   sl_WlanProfileDel
200099fd   sl_WlanRxFilterSet
20009721   sl_WlanSet
20009da9   sl_WlanSetMode
20008f75   spi_Close
20007765   spi_Open
20007f69   spi_Read
20007db1   spi_Write
2000a1f9   strlen
200095f9   uDMAChannelAssign
20009125   uDMAChannelAttributeDisable
20009189   uDMAChannelAttributeEnable
20009af1   uDMAChannelControlSet
20009f9d   uDMAChannelDisable
20009fb9   uDMAChannelEnable
20009fd5   uDMAChannelRequest
20007cc1   uDMAChannelTransferSet
2000a20d   uDMAControlBaseSet
2000a2b5   uDMADisable
2000a2c1   uDMAEnable
2000a221   uDMAIntClear
2000a193   uDMAIntRegister
2000a2cd   uDMAIntStatus
2000a259   uDMAIntUnregister
20008981   vsnprintf


GLOBAL SYMBOLS: SORTED BY Symbol Address 

address    name
--------   ----
00000001   __TI_args_main
00000800   __STACK_SIZE
00000800   __SYSMEM_SIZE
20004000   g_pfnVectors
20004fb7   __TI_printfi
200052c1   SimpleLinkWlanEventHandler
2000547d   SimpleLinkNetAppEventHandler
2000555f   SimpleLinkHttpServerCallback
2000556b   SimpleLinkGeneralEventHandler
20005585   SimpleLinkSockEventHandler
20005c71   main
20005ee9   minit
20005f75   malloc
20005fd7   free
20006097   realloc
2000619d   memalign
2000627d   calloc
200062b5   _SlDrvMsgRead
20006669   _SlAsyncEventGenericHandler
200069b5   InitTerm
200069df   Message
20006a0b   ClearTerm
20006a15   Error
20006a53   GetCmd
20006b0b   TrimSpace
20006ba3   Report
20006c57   DmaSwIntHandler
20006c73   DmaErrorIntHandler
20006c7f   UDMAInit
20006cf5   UDMAChannelSelect
20006d2f   SetupTransfer
20006d73   UDMASetupAutoMemTransfer
20006da7   UDMASetupPingPongTransfer
20006e01   UDMAStartTransfer
20006e0d   UDMAStopTransfer
20006e19   UDMADeInit
20006e2d   DMASetupTransfer
20006e71   __aeabi_uldivmod
20007065   __aeabi_dsub
2000706f   __aeabi_dadd
2000721d   sl_WlanConnect
200073b9   _SlDrvRxHdrRead
200074f9   __aeabi_ddiv
20007631   PRCMCC3200MCUInit
20007765   spi_Open
2000788d   _SlDrvWaitForPoolObj
200079a5   _SlDrvMsgWrite
20007ab9   _SlDrvReleasePoolObj
20007bc5   __aeabi_dmul
20007cc1   uDMAChannelTransferSet
20007db1   spi_Write
20007e9d   sl_Stop
20007f69   spi_Read
20008035   sl_Start
200080fd   _SlDrvMsgReadCmdCtx
200081b9   _SlDrvNetAppEventHandler
2000826d   IntDisable
20008315   IntEnable
200083bd   SPIConfigSetExpClk
2000845d   __aeabi_memcpy
2000845d   __aeabi_memcpy4
2000845d   __aeabi_memcpy8
2000845d   memcpy
200084f9   _SlFindAndSetActiveObj
20008591   PRCMPeripheralClockGet
20008625   _SlDrvClassifyRxMsg
200086b9   _SlDrvMsgReadSpawnCtx
2000874d   __TI_auto_init
200087e1   _SlDrvDriverCBInit
20008871   PinConfigSet
200088f9   _SlDrvCmdOp
20008981   vsnprintf
20008a09   sl_NetAppMDNSRegisterUnregisterService
20008a91   __aeabi_cdcmpeq
20008a91   __aeabi_cdcmple
20008b17   __aeabi_cdrcmple
20008b9d   _sl_HandleAsync_DnsGetHostByName
20008c21   NwpPowerOnPreamble
20008ca1   sl_DevGet
20008d95   _sl_HandleAsync_InitComplete
20008e0d   _sl_HandleAsync_PingResponse
20008e85   __aeabi_memclr
20008e85   __aeabi_memclr4
20008e85   __aeabi_memclr8
20008e87   __aeabi_memset
20008e87   __aeabi_memset4
20008e87   __aeabi_memset8
20008e8d   memset
20008efd   UARTConfigSetExpClk
20008f75   spi_Close
20008fe9   _sl_HandleAsync_Connect
20009055   _sl_HandleAsync_Accept
200090bd   _sl_HandleAsync_DnsGetHostByService
20009125   uDMAChannelAttributeDisable
20009189   uDMAChannelAttributeEnable
200091ed   _SlDrvDriverCBDeinit
200092ad   _sl_HandleAsync_Select
20009309   ltoa
20009365   IntPendClear
200093bd   PRCMPeripheralReset
20009415   _sl_HandleAsync_Stop
2000946d   IntPrioritySet
200094c1   sl_NetAppSendTokenValue
20009515   SPIIntEnable
200095ad   atoi
200095f9   uDMAChannelAssign
20009645   _sl_GetStartResponseConvert
20009691   SPIIntClear
200096d9   __aeabi_d2iz
20009721   sl_WlanSet
200097ad   copy_in
200097f1   C$$EXIT
200097f5   abort
200097fd   exit
20009835   _Dtest
20009879   sl_NetCfgSet
200098bd   PinModeSet
200098fd   _SlDrvRxIrqHandler
2000993d   _SlNonOsMainLoopTask
2000997d   _SlRemoveFromList
200099bd   sl_WlanPolicySet
200099fd   sl_WlanRxFilterSet
20009a3d   NwpPowerOff
20009a79   PRCMPeripheralClkEnable
20009ab5   _SlDrvObjInit
20009af1   uDMAChannelControlSet
20009b2d   NwpRegisterInterruptHandler
20009b65   PRCMPeripheralStatusGet
20009b99   SPIFIFOLevelSet
20009bcd   _SlDrvBasicCmd
20009c01   _c_int00
20009c35   NwpPowerOn
20009c65   UARTDisable
20009c95   _SlDrvFlowContDeinit
20009cc5   _SlDrvFlowContInit
20009cf5   _SlNonOsSemGet
20009d25   __aeabi_i2d
20009d55   PRCMSysResetCauseGet
20009d81   PRCMPeripheralClkDisable
20009da9   sl_WlanSetMode
20009dd1   DmaSpiSwIntHandler
20009df5   IntUnregister
20009e19   UARTEnable
20009e3d   memmove
20009e61   sl_WlanProfileDel
20009e85   SPIReset
20009ea7   SPIWordCountSet
20009ec9   IntRegister
20009ee9   _SlDrvCmdSend
20009f09   _SlNonOsSpawn
20009f29   UARTCharPut
20009f49   _SlDrvObjDeInit
20009f65   PinMuxConfig
20009f81   memccpy
20009f9d   uDMAChannelDisable
20009fb9   uDMAChannelEnable
20009fd5   uDMAChannelRequest
20009ff1   CopyPingResultsToReport
2000a00b   PinTypeUART
2000a025   SPIDmaDisable
2000a03f   SPIDmaEnable
2000a059   SPIFIFODisable
2000a073   SPIFIFOEnable
2000a08d   SPIIntUnregister
2000a0a7   _SlDrvDeviceEventHandler
2000a0c1   SPICSDisable
2000a0d9   SPICSEnable
2000a0f1   SPIDisable
2000a109   SPIEnable
2000a121   _args_main
2000a139   __aeabi_lmul
2000a151   PRCMHIBRegRead
2000a167   PRCMHIBRegWrite
2000a17d   UARTCharGet
2000a193   uDMAIntRegister
2000a1a9   CPUcpsie
2000a1bd   IntVTableBaseSet
2000a1d1   _SlDrvShiftDWord
2000a1e5   _register_unlock
2000a1eb   _register_lock
2000a1f3   _nop
2000a1f9   strlen
2000a20d   uDMAControlBaseSet
2000a221   uDMAIntClear
2000a235   __TI_zero_init
2000a247   sl_NetAppMDNSUnRegisterService
2000a259   uDMAIntUnregister
2000a26d   NwpMaskInterrupt
2000a27d   __TI_decompress_none
2000a28b   _Dclass
2000a299   ResetISR
2000a2a9   NwpUnMaskInterrupt
2000a2b5   uDMADisable
2000a2c1   uDMAEnable
2000a2cd   uDMAIntStatus
2000a2d9   IntMasterEnable
2000a2e3   _SlNonOsSemSet
2000a2eb   sl_WlanDisconnect
2000a2f3   UtilsDelay
2000a2f9   __TI_decompress_rle24
2000a300   _ctypes_
2000a508   _SlPolicySetCmdCtrl
2000a50c   _SlPolicyGetCmdCtrl
2000a510   _SlProfileGetCmdCtrl
2000a514   _SlProfileDelCmdCtrl
2000a518   _SlWlanGetNetworkListCtrl
2000a51c   _SlRxFilterAddtCmdCtrl
2000a520   _SlRxFilterSetCmdCtrl
2000a524   _SlRxFilterGetCmdCtrl
2000a528   _SlSmartConfigStartCmdCtrl
2000a52c   _SlWlanSetModeCmdCtrl
2000a530   _SlWlanCfgSetCmdCtrl
2000a534   _SlWlanCfgGetCmdCtrl
2000a7f0   g_H2NSyncPattern
2000a7f8   g_H2NCnysPattern
2000a800   _SlActionLookupTable
2000a868   _SlNetAppStartCtrl
2000a86c   _SlNetAppStopCtrl
2000a870   _SlGetServiceListeCtrl
2000a874   _SlRegisterServiceCtrl
2000a878   _SlGetHostByServiceCtrl
2000a87c   _SlGetHostByNameCtrl
2000a880   _SlNetAppSetCmdCtrl
2000a884   _SlNetAppSendTokenValueCmdCtrl
2000a888   _SlNetAppGetCmdCtrl
2000a90c   _SlStopCmdCtrl
2000a910   _SlEventMaskSetCmdCtrl
2000a914   _SlEventMaskGetCmdCtrl
2000a918   _SlDeviceGetCmdCtrl
2000a91c   _SlDeviceSetCmdCtrl
2000a92c   _SlNetCfgSetCmdCtrl
2000a930   _SlNetCfgGetCmdCtrl
2000a938   __TI_static_base__
2000a96c   __TI_Handler_Table_Base
2000a978   __TI_Handler_Table_Limit
2000a980   __TI_CINIT_Base
2000a990   __TI_CINIT_Limit
20017000   _sys_memory
20017800   gpCtlTbl
20017c00   gfpAppCallbackHndl
20017d00   g__SlNonOsCB
20017d28   g_ucConnectionSSID
20017d4c   g_ucConnectionBSSID
20017d58   g_cDummy
20017d59   iDone
20017d5c   pPingCallBackFunc
20017d60   gFirstCmdMode
20017d64   g_pCB
20017d68   g_StatMem
20017ecc   g_SpiFd
20017ed0   g_pHostIntHdl
20017ed4   g_ucDMAEnabled
20017ed8   g_ucDinDout
20017f28   g_ulStatus
20017f2c   g_ulGatewayIP
20017f30   g_ulDestinationIp
20017f34   g_uiPortNum
20017f38   g_ulPacketCount
20017f3c   g_ucSimplelinkstarted
20017f40   g_ulIpAddr
20017f50   _lock
20017f54   _unlock
20017f58   __TI_cleanup_ptr
20017f5c   __TI_dtors_ptr
20017f60   main_func_sp
2002f800   __stack
20030000   __STACK_END
ffffffff   __binit__
ffffffff   __c_args__
ffffffff   binit
UNDEFED    SHT$$INIT_ARRAY$$Base
UNDEFED    SHT$$INIT_ARRAY$$Limit

[272 symbols]
