<?xml version="1.0"?>
<link_info>
   <banner>TI ARM Linker PC v5.1.6</banner>
   <copyright>Copyright (c) 1996-2014 Texas Instruments Incorporated</copyright>
   <link_time>0x54bdf340</link_time>
   <link_errors>0x0</link_errors>
   <output_file>udp_socket.out</output_file>
   <entry_point>
      <name>_c_int00</name>
      <address>0x20009c01</address>
   </entry_point>
   <input_file_list>
      <input_file id="fl-2">
         <path>.\</path>
         <kind>object</kind>
         <file>main.obj</file>
         <name>main.obj</name>
      </input_file>
      <input_file id="fl-3">
         <path>.\</path>
         <kind>object</kind>
         <file>pinmux.obj</file>
         <name>pinmux.obj</name>
      </input_file>
      <input_file id="fl-4">
         <path>.\</path>
         <kind>object</kind>
         <file>startup_ccs.obj</file>
         <name>startup_ccs.obj</name>
      </input_file>
      <input_file id="fl-5">
         <path>.\</path>
         <kind>object</kind>
         <file>uart_if.obj</file>
         <name>uart_if.obj</name>
      </input_file>
      <input_file id="fl-6">
         <path>.\</path>
         <kind>object</kind>
         <file>udma_if.obj</file>
         <name>udma_if.obj</name>
      </input_file>
      <input_file id="fl-135">
         <path>c:\ti\ccsv6\tools\compiler\arm_5.1.6\lib\</path>
         <kind>archive</kind>
         <file>rtsv7M4_T_le_eabi.lib</file>
         <name>boot.obj</name>
      </input_file>
      <input_file id="fl-136">
         <path>c:\ti\ccsv6\tools\compiler\arm_5.1.6\lib\</path>
         <kind>archive</kind>
         <file>rtsv7M4_T_le_eabi.lib</file>
         <name>copy_decompress_none.obj</name>
      </input_file>
      <input_file id="fl-137">
         <path>c:\ti\ccsv6\tools\compiler\arm_5.1.6\lib\</path>
         <kind>archive</kind>
         <file>rtsv7M4_T_le_eabi.lib</file>
         <name>copy_decompress_rle.obj</name>
      </input_file>
      <input_file id="fl-138">
         <path>c:\ti\ccsv6\tools\compiler\arm_5.1.6\lib\</path>
         <kind>archive</kind>
         <file>rtsv7M4_T_le_eabi.lib</file>
         <name>copy_zero_init.obj</name>
      </input_file>
      <input_file id="fl-139">
         <path>c:\ti\ccsv6\tools\compiler\arm_5.1.6\lib\</path>
         <kind>archive</kind>
         <file>rtsv7M4_T_le_eabi.lib</file>
         <name>exit.obj</name>
      </input_file>
      <input_file id="fl-13a">
         <path>c:\ti\ccsv6\tools\compiler\arm_5.1.6\lib\</path>
         <kind>archive</kind>
         <file>rtsv7M4_T_le_eabi.lib</file>
         <name>memcpy_t2.obj</name>
      </input_file>
      <input_file id="fl-13b">
         <path>c:\ti\ccsv6\tools\compiler\arm_5.1.6\lib\</path>
         <kind>archive</kind>
         <file>rtsv7M4_T_le_eabi.lib</file>
         <name>memmov.obj</name>
      </input_file>
      <input_file id="fl-13c">
         <path>c:\ti\ccsv6\tools\compiler\arm_5.1.6\lib\</path>
         <kind>archive</kind>
         <file>rtsv7M4_T_le_eabi.lib</file>
         <name>memory.obj</name>
      </input_file>
      <input_file id="fl-13d">
         <path>c:\ti\ccsv6\tools\compiler\arm_5.1.6\lib\</path>
         <kind>archive</kind>
         <file>rtsv7M4_T_le_eabi.lib</file>
         <name>memset_t2.obj</name>
      </input_file>
      <input_file id="fl-13e">
         <path>c:\ti\ccsv6\tools\compiler\arm_5.1.6\lib\</path>
         <kind>archive</kind>
         <file>rtsv7M4_T_le_eabi.lib</file>
         <name>stkdepth_vars.obj</name>
      </input_file>
      <input_file id="fl-13f">
         <path>c:\ti\ccsv6\tools\compiler\arm_5.1.6\lib\</path>
         <kind>archive</kind>
         <file>rtsv7M4_T_le_eabi.lib</file>
         <name>strlen.obj</name>
      </input_file>
      <input_file id="fl-140">
         <path>c:\ti\ccsv6\tools\compiler\arm_5.1.6\lib\</path>
         <kind>archive</kind>
         <file>rtsv7M4_T_le_eabi.lib</file>
         <name>vsnprintf.obj</name>
      </input_file>
      <input_file id="fl-141">
         <path>c:\ti\ccsv6\tools\compiler\arm_5.1.6\lib\</path>
         <kind>archive</kind>
         <file>rtsv7M4_T_le_eabi.lib</file>
         <name>_lock.obj</name>
      </input_file>
      <input_file id="fl-142">
         <path>c:\ti\ccsv6\tools\compiler\arm_5.1.6\lib\</path>
         <kind>archive</kind>
         <file>rtsv7M4_T_le_eabi.lib</file>
         <name>_printfi.obj</name>
      </input_file>
      <input_file id="fl-143">
         <path>c:\ti\ccsv6\tools\compiler\arm_5.1.6\lib\</path>
         <kind>archive</kind>
         <file>rtsv7M4_T_le_eabi.lib</file>
         <name>args_main.obj</name>
      </input_file>
      <input_file id="fl-144">
         <path>c:\ti\ccsv6\tools\compiler\arm_5.1.6\lib\</path>
         <kind>archive</kind>
         <file>rtsv7M4_T_le_eabi.lib</file>
         <name>atoi.obj</name>
      </input_file>
      <input_file id="fl-145">
         <path>c:\ti\ccsv6\tools\compiler\arm_5.1.6\lib\</path>
         <kind>archive</kind>
         <file>rtsv7M4_T_le_eabi.lib</file>
         <name>auto_init.obj</name>
      </input_file>
      <input_file id="fl-146">
         <path>c:\ti\ccsv6\tools\compiler\arm_5.1.6\lib\</path>
         <kind>archive</kind>
         <file>rtsv7M4_T_le_eabi.lib</file>
         <name>cpy_tbl.obj</name>
      </input_file>
      <input_file id="fl-147">
         <path>c:\ti\ccsv6\tools\compiler\arm_5.1.6\lib\</path>
         <kind>archive</kind>
         <file>rtsv7M4_T_le_eabi.lib</file>
         <name>ctype.obj</name>
      </input_file>
      <input_file id="fl-148">
         <path>c:\ti\ccsv6\tools\compiler\arm_5.1.6\lib\</path>
         <kind>archive</kind>
         <file>rtsv7M4_T_le_eabi.lib</file>
         <name>fd_add_t2.obj</name>
      </input_file>
      <input_file id="fl-149">
         <path>c:\ti\ccsv6\tools\compiler\arm_5.1.6\lib\</path>
         <kind>archive</kind>
         <file>rtsv7M4_T_le_eabi.lib</file>
         <name>fd_cmp_t2.obj</name>
      </input_file>
      <input_file id="fl-14a">
         <path>c:\ti\ccsv6\tools\compiler\arm_5.1.6\lib\</path>
         <kind>archive</kind>
         <file>rtsv7M4_T_le_eabi.lib</file>
         <name>fd_div_t2.obj</name>
      </input_file>
      <input_file id="fl-14b">
         <path>c:\ti\ccsv6\tools\compiler\arm_5.1.6\lib\</path>
         <kind>archive</kind>
         <file>rtsv7M4_T_le_eabi.lib</file>
         <name>fd_mul_t2.obj</name>
      </input_file>
      <input_file id="fl-14c">
         <path>c:\ti\ccsv6\tools\compiler\arm_5.1.6\lib\</path>
         <kind>archive</kind>
         <file>rtsv7M4_T_le_eabi.lib</file>
         <name>fd_toi_t2.obj</name>
      </input_file>
      <input_file id="fl-14d">
         <path>c:\ti\ccsv6\tools\compiler\arm_5.1.6\lib\</path>
         <kind>archive</kind>
         <file>rtsv7M4_T_le_eabi.lib</file>
         <name>i_tofd_t2.obj</name>
      </input_file>
      <input_file id="fl-14e">
         <path>c:\ti\ccsv6\tools\compiler\arm_5.1.6\lib\</path>
         <kind>archive</kind>
         <file>rtsv7M4_T_le_eabi.lib</file>
         <name>ll_mul_t2.obj</name>
      </input_file>
      <input_file id="fl-14f">
         <path>c:\ti\ccsv6\tools\compiler\arm_5.1.6\lib\</path>
         <kind>archive</kind>
         <file>rtsv7M4_T_le_eabi.lib</file>
         <name>ltoa.obj</name>
      </input_file>
      <input_file id="fl-150">
         <path>c:\ti\ccsv6\tools\compiler\arm_5.1.6\lib\</path>
         <kind>archive</kind>
         <file>rtsv7M4_T_le_eabi.lib</file>
         <name>memccpy.obj</name>
      </input_file>
      <input_file id="fl-151">
         <path>c:\ti\ccsv6\tools\compiler\arm_5.1.6\lib\</path>
         <kind>archive</kind>
         <file>rtsv7M4_T_le_eabi.lib</file>
         <name>ull_div_t2.obj</name>
      </input_file>
      <input_file id="fl-152">
         <path>c:\ti\ccsv6\tools\compiler\arm_5.1.6\lib\</path>
         <kind>archive</kind>
         <file>rtsv7M4_T_le_eabi.lib</file>
         <name>xdclass.obj</name>
      </input_file>
      <input_file id="fl-153">
         <path>c:\ti\ccsv6\tools\compiler\arm_5.1.6\lib\</path>
         <kind>archive</kind>
         <file>rtsv7M4_T_le_eabi.lib</file>
         <name>xdtest.obj</name>
      </input_file>
      <input_file id="fl-154">
         <path>C:\ti\CC3200SDK_1.0.0\cc3200-sdk\example\udp_socket\ccs\\..\..\..\simplelink\ccs\NON_OS\</path>
         <kind>archive</kind>
         <file>simplelink.a</file>
         <name>device.obj</name>
      </input_file>
      <input_file id="fl-155">
         <path>C:\ti\CC3200SDK_1.0.0\cc3200-sdk\example\udp_socket\ccs\\..\..\..\simplelink\ccs\NON_OS\</path>
         <kind>archive</kind>
         <file>simplelink.a</file>
         <name>driver.obj</name>
      </input_file>
      <input_file id="fl-156">
         <path>C:\ti\CC3200SDK_1.0.0\cc3200-sdk\example\udp_socket\ccs\\..\..\..\simplelink\ccs\NON_OS\</path>
         <kind>archive</kind>
         <file>simplelink.a</file>
         <name>flowcont.obj</name>
      </input_file>
      <input_file id="fl-157">
         <path>C:\ti\CC3200SDK_1.0.0\cc3200-sdk\example\udp_socket\ccs\\..\..\..\simplelink\ccs\NON_OS\</path>
         <kind>archive</kind>
         <file>simplelink.a</file>
         <name>netapp.obj</name>
      </input_file>
      <input_file id="fl-158">
         <path>C:\ti\CC3200SDK_1.0.0\cc3200-sdk\example\udp_socket\ccs\\..\..\..\simplelink\ccs\NON_OS\</path>
         <kind>archive</kind>
         <file>simplelink.a</file>
         <name>netcfg.obj</name>
      </input_file>
      <input_file id="fl-159">
         <path>C:\ti\CC3200SDK_1.0.0\cc3200-sdk\example\udp_socket\ccs\\..\..\..\simplelink\ccs\NON_OS\</path>
         <kind>archive</kind>
         <file>simplelink.a</file>
         <name>nonos.obj</name>
      </input_file>
      <input_file id="fl-15a">
         <path>C:\ti\CC3200SDK_1.0.0\cc3200-sdk\example\udp_socket\ccs\\..\..\..\simplelink\ccs\NON_OS\</path>
         <kind>archive</kind>
         <file>simplelink.a</file>
         <name>socket.obj</name>
      </input_file>
      <input_file id="fl-15b">
         <path>C:\ti\CC3200SDK_1.0.0\cc3200-sdk\example\udp_socket\ccs\\..\..\..\simplelink\ccs\NON_OS\</path>
         <kind>archive</kind>
         <file>simplelink.a</file>
         <name>wlan.obj</name>
      </input_file>
      <input_file id="fl-15c">
         <path>C:\ti\CC3200SDK_1.0.0\cc3200-sdk\example\udp_socket\ccs\\..\..\..\simplelink\ccs\NON_OS\</path>
         <kind>archive</kind>
         <file>simplelink.a</file>
         <name>cc_pal.obj</name>
      </input_file>
      <input_file id="fl-15d">
         <path>C:\ti\CC3200SDK_1.0.0\cc3200-sdk\example\udp_socket\ccs\\..\..\..\driverlib\ccs\Release\</path>
         <kind>archive</kind>
         <file>driverlib.a</file>
         <name>interrupt.obj</name>
      </input_file>
      <input_file id="fl-15e">
         <path>C:\ti\CC3200SDK_1.0.0\cc3200-sdk\example\udp_socket\ccs\\..\..\..\driverlib\ccs\Release\</path>
         <kind>archive</kind>
         <file>driverlib.a</file>
         <name>pin.obj</name>
      </input_file>
      <input_file id="fl-15f">
         <path>C:\ti\CC3200SDK_1.0.0\cc3200-sdk\example\udp_socket\ccs\\..\..\..\driverlib\ccs\Release\</path>
         <kind>archive</kind>
         <file>driverlib.a</file>
         <name>prcm.obj</name>
      </input_file>
      <input_file id="fl-160">
         <path>C:\ti\CC3200SDK_1.0.0\cc3200-sdk\example\udp_socket\ccs\\..\..\..\driverlib\ccs\Release\</path>
         <kind>archive</kind>
         <file>driverlib.a</file>
         <name>spi.obj</name>
      </input_file>
      <input_file id="fl-161">
         <path>C:\ti\CC3200SDK_1.0.0\cc3200-sdk\example\udp_socket\ccs\\..\..\..\driverlib\ccs\Release\</path>
         <kind>archive</kind>
         <file>driverlib.a</file>
         <name>uart.obj</name>
      </input_file>
      <input_file id="fl-162">
         <path>C:\ti\CC3200SDK_1.0.0\cc3200-sdk\example\udp_socket\ccs\\..\..\..\driverlib\ccs\Release\</path>
         <kind>archive</kind>
         <file>driverlib.a</file>
         <name>udma.obj</name>
      </input_file>
      <input_file id="fl-163">
         <path>C:\ti\CC3200SDK_1.0.0\cc3200-sdk\example\udp_socket\ccs\\..\..\..\driverlib\ccs\Release\</path>
         <kind>archive</kind>
         <file>driverlib.a</file>
         <name>utils.obj</name>
      </input_file>
      <input_file id="fl-164">
         <path>C:\ti\CC3200SDK_1.0.0\cc3200-sdk\example\udp_socket\ccs\\..\..\..\driverlib\ccs\Release\</path>
         <kind>archive</kind>
         <file>driverlib.a</file>
         <name>cpu.obj</name>
      </input_file>
      <input_file id="fl-165">
         <path>C:\ti\CC3200SDK_1.0.0\cc3200-sdk\example\udp_socket\ccs\\..\..\..\driverlib\ccs\Release\</path>
         <kind>archive</kind>
         <file>driverlib.a</file>
         <name>flash.obj</name>
      </input_file>
      <input_file id="fl-166">
         <path>c:\ti\ccsv6\tools\compiler\arm_5.1.6\lib\</path>
         <kind>archive</kind>
         <file>rtsv7M4_T_le_eabi.lib</file>
         <name>ll_lsr_t2.obj</name>
      </input_file>
   </input_file_list>
   <object_component_list>
      <object_component id="oc-e">
         <name>.intvecs</name>
         <load_address>0x20004000</load_address>
         <run_address>0x20004000</run_address>
         <size>0x400</size>
         <input_file_ref idref="fl-4"/>
      </object_component>
      <object_component id="oc-34f">
         <name>.text</name>
         <load_address>0x20004400</load_address>
         <run_address>0x20004400</run_address>
         <size>0xec0</size>
         <input_file_ref idref="fl-142"/>
      </object_component>
      <object_component id="oc-7d">
         <name>.text</name>
         <load_address>0x200052c0</load_address>
         <run_address>0x200052c0</run_address>
         <size>0xc26</size>
         <input_file_ref idref="fl-2"/>
      </object_component>
      <object_component id="oc-521">
         <name>.text:IntDefaultHandler</name>
         <load_address>0x20005ee6</load_address>
         <run_address>0x20005ee6</run_address>
         <size>0x2</size>
         <input_file_ref idref="fl-15d"/>
      </object_component>
      <object_component id="oc-1e0">
         <name>.text</name>
         <load_address>0x20005ee8</load_address>
         <run_address>0x20005ee8</run_address>
         <size>0x3cc</size>
         <input_file_ref idref="fl-13c"/>
      </object_component>
      <object_component id="oc-52c">
         <name>.text:_SlDrvMsgRead</name>
         <load_address>0x200062b4</load_address>
         <run_address>0x200062b4</run_address>
         <size>0x3b4</size>
         <input_file_ref idref="fl-155"/>
      </object_component>
      <object_component id="oc-532">
         <name>.text:_SlAsyncEventGenericHandler</name>
         <load_address>0x20006668</load_address>
         <run_address>0x20006668</run_address>
         <size>0x34c</size>
         <input_file_ref idref="fl-155"/>
      </object_component>
      <object_component id="oc-bf">
         <name>.text</name>
         <load_address>0x200069b4</load_address>
         <run_address>0x200069b4</run_address>
         <size>0x2a2</size>
         <input_file_ref idref="fl-5"/>
      </object_component>
      <object_component id="oc-14c">
         <name>.text</name>
         <load_address>0x20006c56</load_address>
         <run_address>0x20006c56</run_address>
         <size>0x21a</size>
         <input_file_ref idref="fl-6"/>
      </object_component>
      <object_component id="oc-4a4">
         <name>.text</name>
         <load_address>0x20006e70</load_address>
         <run_address>0x20006e70</run_address>
         <size>0x1f4</size>
         <input_file_ref idref="fl-151"/>
      </object_component>
      <object_component id="oc-4d2">
         <name>.text</name>
         <load_address>0x20007064</load_address>
         <run_address>0x20007064</run_address>
         <size>0x1b6</size>
         <input_file_ref idref="fl-148"/>
      </object_component>
      <object_component id="oc-12d">
         <name>.text:sl_WlanConnect</name>
         <load_address>0x2000721c</load_address>
         <run_address>0x2000721c</run_address>
         <size>0x19c</size>
         <input_file_ref idref="fl-15b"/>
      </object_component>
      <object_component id="oc-5b4">
         <name>.text:_SlDrvRxHdrRead</name>
         <load_address>0x200073b8</load_address>
         <run_address>0x200073b8</run_address>
         <size>0x140</size>
         <input_file_ref idref="fl-155"/>
      </object_component>
      <object_component id="oc-4b8">
         <name>.text</name>
         <load_address>0x200074f8</load_address>
         <run_address>0x200074f8</run_address>
         <size>0x136</size>
         <input_file_ref idref="fl-14a"/>
      </object_component>
      <object_component id="oc-146">
         <name>.text:PRCMCC3200MCUInit</name>
         <load_address>0x20007630</load_address>
         <run_address>0x20007630</run_address>
         <size>0x134</size>
         <input_file_ref idref="fl-15f"/>
      </object_component>
      <object_component id="oc-1ff">
         <name>.text:spi_Open</name>
         <load_address>0x20007764</load_address>
         <run_address>0x20007764</run_address>
         <size>0x128</size>
         <input_file_ref idref="fl-15c"/>
      </object_component>
      <object_component id="oc-205">
         <name>.text:_SlDrvWaitForPoolObj</name>
         <load_address>0x2000788c</load_address>
         <run_address>0x2000788c</run_address>
         <size>0x118</size>
         <input_file_ref idref="fl-155"/>
      </object_component>
      <object_component id="oc-41e">
         <name>.text:_SlDrvMsgWrite</name>
         <load_address>0x200079a4</load_address>
         <run_address>0x200079a4</run_address>
         <size>0x114</size>
         <input_file_ref idref="fl-155"/>
      </object_component>
      <object_component id="oc-229">
         <name>.text:_SlDrvReleasePoolObj</name>
         <load_address>0x20007ab8</load_address>
         <run_address>0x20007ab8</run_address>
         <size>0x10c</size>
         <input_file_ref idref="fl-155"/>
      </object_component>
      <object_component id="oc-4b3">
         <name>.text</name>
         <load_address>0x20007bc4</load_address>
         <run_address>0x20007bc4</run_address>
         <size>0xfc</size>
         <input_file_ref idref="fl-14b"/>
      </object_component>
      <object_component id="oc-309">
         <name>.text:uDMAChannelTransferSet</name>
         <load_address>0x20007cc0</load_address>
         <run_address>0x20007cc0</run_address>
         <size>0xf0</size>
         <input_file_ref idref="fl-162"/>
      </object_component>
      <object_component id="oc-539">
         <name>.text:spi_Write</name>
         <load_address>0x20007db0</load_address>
         <run_address>0x20007db0</run_address>
         <size>0xec</size>
         <input_file_ref idref="fl-15c"/>
      </object_component>
      <object_component id="oc-f1">
         <name>.text:sl_Stop</name>
         <load_address>0x20007e9c</load_address>
         <run_address>0x20007e9c</run_address>
         <size>0xcc</size>
         <input_file_ref idref="fl-154"/>
      </object_component>
      <object_component id="oc-5c0">
         <name>.text:spi_Read</name>
         <load_address>0x20007f68</load_address>
         <run_address>0x20007f68</run_address>
         <size>0xcc</size>
         <input_file_ref idref="fl-15c"/>
      </object_component>
      <object_component id="oc-de">
         <name>.text:sl_Start</name>
         <load_address>0x20008034</load_address>
         <run_address>0x20008034</run_address>
         <size>0xc8</size>
         <input_file_ref idref="fl-154"/>
      </object_component>
      <object_component id="oc-424">
         <name>.text:_SlDrvMsgReadCmdCtx</name>
         <load_address>0x200080fc</load_address>
         <run_address>0x200080fc</run_address>
         <size>0xbc</size>
         <input_file_ref idref="fl-155"/>
      </object_component>
      <object_component id="oc-60d">
         <name>.text:_SlDrvNetAppEventHandler</name>
         <load_address>0x200081b8</load_address>
         <run_address>0x200081b8</run_address>
         <size>0xb2</size>
         <input_file_ref idref="fl-157"/>
      </object_component>
      <object_component id="oc-3d8">
         <name>.text:IntDisable</name>
         <load_address>0x2000826c</load_address>
         <run_address>0x2000826c</run_address>
         <size>0xa8</size>
         <input_file_ref idref="fl-15d"/>
      </object_component>
      <object_component id="oc-140">
         <name>.text:IntEnable</name>
         <load_address>0x20008314</load_address>
         <run_address>0x20008314</run_address>
         <size>0xa8</size>
         <input_file_ref idref="fl-15d"/>
      </object_component>
      <object_component id="oc-389">
         <name>.text:SPIConfigSetExpClk</name>
         <load_address>0x200083bc</load_address>
         <run_address>0x200083bc</run_address>
         <size>0xa0</size>
         <input_file_ref idref="fl-160"/>
      </object_component>
      <object_component id="oc-4a">
         <name>.text</name>
         <load_address>0x2000845c</load_address>
         <run_address>0x2000845c</run_address>
         <size>0x9c</size>
         <input_file_ref idref="fl-13a"/>
      </object_component>
      <object_component id="oc-5c6">
         <name>.text:_SlFindAndSetActiveObj</name>
         <load_address>0x200084f8</load_address>
         <run_address>0x200084f8</run_address>
         <size>0x98</size>
         <input_file_ref idref="fl-155"/>
      </object_component>
      <object_component id="oc-1b8">
         <name>.text:PRCMPeripheralClockGet</name>
         <load_address>0x20008590</load_address>
         <run_address>0x20008590</run_address>
         <size>0x94</size>
         <input_file_ref idref="fl-15f"/>
      </object_component>
      <object_component id="oc-5ba">
         <name>.text:_SlDrvClassifyRxMsg</name>
         <load_address>0x20008624</load_address>
         <run_address>0x20008624</run_address>
         <size>0x94</size>
         <input_file_ref idref="fl-155"/>
      </object_component>
      <object_component id="oc-407">
         <name>.text:_SlDrvMsgReadSpawnCtx</name>
         <load_address>0x200086b8</load_address>
         <run_address>0x200086b8</run_address>
         <size>0x94</size>
         <input_file_ref idref="fl-155"/>
      </object_component>
      <object_component id="oc-35">
         <name>.text</name>
         <load_address>0x2000874c</load_address>
         <run_address>0x2000874c</run_address>
         <size>0x94</size>
         <input_file_ref idref="fl-145"/>
      </object_component>
      <object_component id="oc-1f9">
         <name>.text:_SlDrvDriverCBInit</name>
         <load_address>0x200087e0</load_address>
         <run_address>0x200087e0</run_address>
         <size>0x90</size>
         <input_file_ref idref="fl-155"/>
      </object_component>
      <object_component id="oc-49b">
         <name>.text:PinConfigSet</name>
         <load_address>0x20008870</load_address>
         <run_address>0x20008870</run_address>
         <size>0x88</size>
         <input_file_ref idref="fl-15e"/>
      </object_component>
      <object_component id="oc-24b">
         <name>.text:_SlDrvCmdOp</name>
         <load_address>0x200088f8</load_address>
         <run_address>0x200088f8</run_address>
         <size>0x88</size>
         <input_file_ref idref="fl-155"/>
      </object_component>
      <object_component id="oc-1cd">
         <name>.text</name>
         <load_address>0x20008980</load_address>
         <run_address>0x20008980</run_address>
         <size>0x88</size>
         <input_file_ref idref="fl-140"/>
      </object_component>
      <object_component id="oc-28c">
         <name>.text:sl_NetAppMDNSRegisterUnregisterService</name>
         <load_address>0x20008a08</load_address>
         <run_address>0x20008a08</run_address>
         <size>0x88</size>
         <input_file_ref idref="fl-157"/>
      </object_component>
      <object_component id="oc-4ae">
         <name>.text:__aeabi_cdcmple</name>
         <load_address>0x20008a90</load_address>
         <run_address>0x20008a90</run_address>
         <size>0x86</size>
         <input_file_ref idref="fl-149"/>
      </object_component>
      <object_component id="oc-4bd">
         <name>.text:__aeabi_cdrcmple</name>
         <load_address>0x20008b16</load_address>
         <run_address>0x20008b16</run_address>
         <size>0x86</size>
         <input_file_ref idref="fl-149"/>
      </object_component>
      <object_component id="oc-55e">
         <name>.text:_sl_HandleAsync_DnsGetHostByName</name>
         <load_address>0x20008b9c</load_address>
         <run_address>0x20008b9c</run_address>
         <size>0x84</size>
         <input_file_ref idref="fl-157"/>
      </object_component>
      <object_component id="oc-1f3">
         <name>.text:NwpPowerOnPreamble</name>
         <load_address>0x20008c20</load_address>
         <run_address>0x20008c20</run_address>
         <size>0x80</size>
         <input_file_ref idref="fl-15c"/>
      </object_component>
      <object_component id="oc-f7">
         <name>.text:sl_DevGet</name>
         <load_address>0x20008ca0</load_address>
         <run_address>0x20008ca0</run_address>
         <size>0x7c</size>
         <input_file_ref idref="fl-154"/>
      </object_component>
      <object_component id="oc-61a">
         <name>.text:SetupDMAReceive</name>
         <load_address>0x20008d1c</load_address>
         <run_address>0x20008d1c</run_address>
         <size>0x78</size>
         <input_file_ref idref="fl-15c"/>
      </object_component>
      <object_component id="oc-63b">
         <name>.text:_sl_HandleAsync_InitComplete</name>
         <load_address>0x20008d94</load_address>
         <run_address>0x20008d94</run_address>
         <size>0x78</size>
         <input_file_ref idref="fl-154"/>
      </object_component>
      <object_component id="oc-56a">
         <name>.text:_sl_HandleAsync_PingResponse</name>
         <load_address>0x20008e0c</load_address>
         <run_address>0x20008e0c</run_address>
         <size>0x78</size>
         <input_file_ref idref="fl-157"/>
      </object_component>
      <object_component id="oc-d1">
         <name>.text</name>
         <load_address>0x20008e84</load_address>
         <run_address>0x20008e84</run_address>
         <size>0x78</size>
         <input_file_ref idref="fl-13d"/>
      </object_component>
      <object_component id="oc-1be">
         <name>.text:UARTConfigSetExpClk</name>
         <load_address>0x20008efc</load_address>
         <run_address>0x20008efc</run_address>
         <size>0x76</size>
         <input_file_ref idref="fl-161"/>
      </object_component>
      <object_component id="oc-25c">
         <name>.text:spi_Close</name>
         <load_address>0x20008f74</load_address>
         <run_address>0x20008f74</run_address>
         <size>0x74</size>
         <input_file_ref idref="fl-15c"/>
      </object_component>
      <object_component id="oc-552">
         <name>.text:_sl_HandleAsync_Connect</name>
         <load_address>0x20008fe8</load_address>
         <run_address>0x20008fe8</run_address>
         <size>0x6c</size>
         <input_file_ref idref="fl-15a"/>
      </object_component>
      <object_component id="oc-54c">
         <name>.text:_sl_HandleAsync_Accept</name>
         <load_address>0x20009054</load_address>
         <run_address>0x20009054</run_address>
         <size>0x68</size>
         <input_file_ref idref="fl-15a"/>
      </object_component>
      <object_component id="oc-564">
         <name>.text:_sl_HandleAsync_DnsGetHostByService</name>
         <load_address>0x200090bc</load_address>
         <run_address>0x200090bc</run_address>
         <size>0x68</size>
         <input_file_ref idref="fl-157"/>
      </object_component>
      <object_component id="oc-2f7">
         <name>.text:uDMAChannelAttributeDisable</name>
         <load_address>0x20009124</load_address>
         <run_address>0x20009124</run_address>
         <size>0x64</size>
         <input_file_ref idref="fl-162"/>
      </object_component>
      <object_component id="oc-303">
         <name>.text:uDMAChannelAttributeEnable</name>
         <load_address>0x20009188</load_address>
         <run_address>0x20009188</run_address>
         <size>0x64</size>
         <input_file_ref idref="fl-162"/>
      </object_component>
      <object_component id="oc-262">
         <name>.text:_SlDrvDriverCBDeinit</name>
         <load_address>0x200091ec</load_address>
         <run_address>0x200091ec</run_address>
         <size>0x60</size>
         <input_file_ref idref="fl-155"/>
      </object_component>
      <object_component id="oc-5d">
         <name>.text</name>
         <load_address>0x2000924c</load_address>
         <run_address>0x2000924c</run_address>
         <size>0x5e</size>
         <input_file_ref idref="fl-137"/>
      </object_component>
      <object_component id="oc-558">
         <name>.text:_sl_HandleAsync_Select</name>
         <load_address>0x200092ac</load_address>
         <run_address>0x200092ac</run_address>
         <size>0x5c</size>
         <input_file_ref idref="fl-15a"/>
      </object_component>
      <object_component id="oc-4c7">
         <name>.text</name>
         <load_address>0x20009308</load_address>
         <run_address>0x20009308</run_address>
         <size>0x5a</size>
         <input_file_ref idref="fl-14f"/>
      </object_component>
      <object_component id="oc-3e4">
         <name>.text:IntPendClear</name>
         <load_address>0x20009364</load_address>
         <run_address>0x20009364</run_address>
         <size>0x58</size>
         <input_file_ref idref="fl-15d"/>
      </object_component>
      <object_component id="oc-2b7">
         <name>.text:PRCMPeripheralReset</name>
         <load_address>0x200093bc</load_address>
         <run_address>0x200093bc</run_address>
         <size>0x58</size>
         <input_file_ref idref="fl-15f"/>
      </object_component>
      <object_component id="oc-570">
         <name>.text:_sl_HandleAsync_Stop</name>
         <load_address>0x20009414</load_address>
         <run_address>0x20009414</run_address>
         <size>0x58</size>
         <input_file_ref idref="fl-154"/>
      </object_component>
      <object_component id="oc-3ad">
         <name>.text:IntPrioritySet</name>
         <load_address>0x2000946c</load_address>
         <run_address>0x2000946c</run_address>
         <size>0x54</size>
         <input_file_ref idref="fl-15d"/>
      </object_component>
      <object_component id="oc-634">
         <name>.text:sl_NetAppSendTokenValue</name>
         <load_address>0x200094c0</load_address>
         <run_address>0x200094c0</run_address>
         <size>0x54</size>
         <input_file_ref idref="fl-157"/>
      </object_component>
      <object_component id="oc-3b3">
         <name>.text:SPIIntEnable</name>
         <load_address>0x20009514</load_address>
         <run_address>0x20009514</run_address>
         <size>0x4c</size>
         <input_file_ref idref="fl-160"/>
      </object_component>
      <object_component id="oc-541">
         <name>.text:SPIIntNumberGet</name>
         <load_address>0x20009560</load_address>
         <run_address>0x20009560</run_address>
         <size>0x4c</size>
         <input_file_ref idref="fl-160"/>
      </object_component>
      <object_component id="oc-4e3">
         <name>.text</name>
         <load_address>0x200095ac</load_address>
         <run_address>0x200095ac</run_address>
         <size>0x4c</size>
         <input_file_ref idref="fl-144"/>
      </object_component>
      <object_component id="oc-2f1">
         <name>.text:uDMAChannelAssign</name>
         <load_address>0x200095f8</load_address>
         <run_address>0x200095f8</run_address>
         <size>0x4c</size>
         <input_file_ref idref="fl-162"/>
      </object_component>
      <object_component id="oc-22f">
         <name>.text:_sl_GetStartResponseConvert</name>
         <load_address>0x20009644</load_address>
         <run_address>0x20009644</run_address>
         <size>0x4a</size>
         <input_file_ref idref="fl-154"/>
      </object_component>
      <object_component id="oc-514">
         <name>.text:SPIIntClear</name>
         <load_address>0x20009690</load_address>
         <run_address>0x20009690</run_address>
         <size>0x48</size>
         <input_file_ref idref="fl-160"/>
      </object_component>
      <object_component id="oc-4c2">
         <name>.text</name>
         <load_address>0x200096d8</load_address>
         <run_address>0x200096d8</run_address>
         <size>0x48</size>
         <input_file_ref idref="fl-14c"/>
      </object_component>
      <object_component id="oc-115">
         <name>.text:sl_WlanSet</name>
         <load_address>0x20009720</load_address>
         <run_address>0x20009720</run_address>
         <size>0x48</size>
         <input_file_ref idref="fl-15b"/>
      </object_component>
      <object_component id="oc-50a">
         <name>.text:SPIDmaMaskGet</name>
         <load_address>0x20009768</load_address>
         <run_address>0x20009768</run_address>
         <size>0x44</size>
         <input_file_ref idref="fl-160"/>
      </object_component>
      <object_component id="oc-76">
         <name>.text</name>
         <load_address>0x200097ac</load_address>
         <run_address>0x200097ac</run_address>
         <size>0x44</size>
         <input_file_ref idref="fl-146"/>
      </object_component>
      <object_component id="oc-40">
         <name>.text</name>
         <load_address>0x200097f0</load_address>
         <run_address>0x200097f0</run_address>
         <size>0x44</size>
         <input_file_ref idref="fl-139"/>
      </object_component>
      <object_component id="oc-597">
         <name>.text</name>
         <load_address>0x20009834</load_address>
         <run_address>0x20009834</run_address>
         <size>0x44</size>
         <input_file_ref idref="fl-153"/>
      </object_component>
      <object_component id="oc-10f">
         <name>.text:sl_NetCfgSet</name>
         <load_address>0x20009878</load_address>
         <run_address>0x20009878</run_address>
         <size>0x44</size>
         <input_file_ref idref="fl-158"/>
      </object_component>
      <object_component id="oc-495">
         <name>.text:PinModeSet</name>
         <load_address>0x200098bc</load_address>
         <run_address>0x200098bc</run_address>
         <size>0x40</size>
         <input_file_ref idref="fl-15e"/>
      </object_component>
      <object_component id="oc-238">
         <name>.text:_SlDrvRxIrqHandler</name>
         <load_address>0x200098fc</load_address>
         <run_address>0x200098fc</run_address>
         <size>0x40</size>
         <input_file_ref idref="fl-155"/>
      </object_component>
      <object_component id="oc-e5">
         <name>.text:_SlNonOsMainLoopTask</name>
         <load_address>0x2000993c</load_address>
         <run_address>0x2000993c</run_address>
         <size>0x40</size>
         <input_file_ref idref="fl-159"/>
      </object_component>
      <object_component id="oc-3ec">
         <name>.text:_SlRemoveFromList</name>
         <load_address>0x2000997c</load_address>
         <run_address>0x2000997c</run_address>
         <size>0x40</size>
         <input_file_ref idref="fl-155"/>
      </object_component>
      <object_component id="oc-fd">
         <name>.text:sl_WlanPolicySet</name>
         <load_address>0x200099bc</load_address>
         <run_address>0x200099bc</run_address>
         <size>0x40</size>
         <input_file_ref idref="fl-15b"/>
      </object_component>
      <object_component id="oc-121">
         <name>.text:sl_WlanRxFilterSet</name>
         <load_address>0x200099fc</load_address>
         <run_address>0x200099fc</run_address>
         <size>0x40</size>
         <input_file_ref idref="fl-15b"/>
      </object_component>
      <object_component id="oc-217">
         <name>.text:NwpPowerOff</name>
         <load_address>0x20009a3c</load_address>
         <run_address>0x20009a3c</run_address>
         <size>0x3c</size>
         <input_file_ref idref="fl-15c"/>
      </object_component>
      <object_component id="oc-2b1">
         <name>.text:PRCMPeripheralClkEnable</name>
         <load_address>0x20009a78</load_address>
         <run_address>0x20009a78</run_address>
         <size>0x3c</size>
         <input_file_ref idref="fl-15f"/>
      </object_component>
      <object_component id="oc-36a">
         <name>.text:_SlDrvObjInit</name>
         <load_address>0x20009ab4</load_address>
         <run_address>0x20009ab4</run_address>
         <size>0x3c</size>
         <input_file_ref idref="fl-155"/>
      </object_component>
      <object_component id="oc-2fd">
         <name>.text:uDMAChannelControlSet</name>
         <load_address>0x20009af0</load_address>
         <run_address>0x20009af0</run_address>
         <size>0x3c</size>
         <input_file_ref idref="fl-162"/>
      </object_component>
      <object_component id="oc-21d">
         <name>.text:NwpRegisterInterruptHandler</name>
         <load_address>0x20009b2c</load_address>
         <run_address>0x20009b2c</run_address>
         <size>0x38</size>
         <input_file_ref idref="fl-15c"/>
      </object_component>
      <object_component id="oc-38f">
         <name>.text:PRCMPeripheralStatusGet</name>
         <load_address>0x20009b64</load_address>
         <run_address>0x20009b64</run_address>
         <size>0x34</size>
         <input_file_ref idref="fl-15f"/>
      </object_component>
      <object_component id="oc-3a1">
         <name>.text:SPIFIFOLevelSet</name>
         <load_address>0x20009b98</load_address>
         <run_address>0x20009b98</run_address>
         <size>0x34</size>
         <input_file_ref idref="fl-160"/>
      </object_component>
      <object_component id="oc-279">
         <name>.text:_SlDrvBasicCmd</name>
         <load_address>0x20009bcc</load_address>
         <run_address>0x20009bcc</run_address>
         <size>0x34</size>
         <input_file_ref idref="fl-155"/>
      </object_component>
      <object_component id="oc-11">
         <name>.text</name>
         <load_address>0x20009c00</load_address>
         <run_address>0x20009c00</run_address>
         <size>0x34</size>
         <input_file_ref idref="fl-135"/>
      </object_component>
      <object_component id="oc-223">
         <name>.text:NwpPowerOn</name>
         <load_address>0x20009c34</load_address>
         <run_address>0x20009c34</run_address>
         <size>0x30</size>
         <input_file_ref idref="fl-15c"/>
      </object_component>
      <object_component id="oc-33f">
         <name>.text:UARTDisable</name>
         <load_address>0x20009c64</load_address>
         <run_address>0x20009c64</run_address>
         <size>0x30</size>
         <input_file_ref idref="fl-161"/>
      </object_component>
      <object_component id="oc-443">
         <name>.text:_SlDrvFlowContDeinit</name>
         <load_address>0x20009c94</load_address>
         <run_address>0x20009c94</run_address>
         <size>0x30</size>
         <input_file_ref idref="fl-156"/>
      </object_component>
      <object_component id="oc-370">
         <name>.text:_SlDrvFlowContInit</name>
         <load_address>0x20009cc4</load_address>
         <run_address>0x20009cc4</run_address>
         <size>0x30</size>
         <input_file_ref idref="fl-156"/>
      </object_component>
      <object_component id="oc-20b">
         <name>.text:_SlNonOsSemGet</name>
         <load_address>0x20009cf4</load_address>
         <run_address>0x20009cf4</run_address>
         <size>0x30</size>
         <input_file_ref idref="fl-159"/>
      </object_component>
      <object_component id="oc-4cd">
         <name>.text</name>
         <load_address>0x20009d24</load_address>
         <run_address>0x20009d24</run_address>
         <size>0x2e</size>
         <input_file_ref idref="fl-14d"/>
      </object_component>
      <object_component id="oc-2c3">
         <name>.text:PRCMSysResetCauseGet</name>
         <load_address>0x20009d54</load_address>
         <run_address>0x20009d54</run_address>
         <size>0x2c</size>
         <input_file_ref idref="fl-15f"/>
      </object_component>
      <object_component id="oc-2bd">
         <name>.text:PRCMPeripheralClkDisable</name>
         <load_address>0x20009d80</load_address>
         <run_address>0x20009d80</run_address>
         <size>0x28</size>
         <input_file_ref idref="fl-15f"/>
      </object_component>
      <object_component id="oc-eb">
         <name>.text:sl_WlanSetMode</name>
         <load_address>0x20009da8</load_address>
         <run_address>0x20009da8</run_address>
         <size>0x28</size>
         <input_file_ref idref="fl-15b"/>
      </object_component>
      <object_component id="oc-3c2">
         <name>.text:DmaSpiSwIntHandler</name>
         <load_address>0x20009dd0</load_address>
         <run_address>0x20009dd0</run_address>
         <size>0x24</size>
         <input_file_ref idref="fl-15c"/>
      </object_component>
      <object_component id="oc-3de">
         <name>.text:IntUnregister</name>
         <load_address>0x20009df4</load_address>
         <run_address>0x20009df4</run_address>
         <size>0x24</size>
         <input_file_ref idref="fl-15d"/>
      </object_component>
      <object_component id="oc-345">
         <name>.text:UARTEnable</name>
         <load_address>0x20009e18</load_address>
         <run_address>0x20009e18</run_address>
         <size>0x24</size>
         <input_file_ref idref="fl-161"/>
      </object_component>
      <object_component id="oc-1da">
         <name>.text</name>
         <load_address>0x20009e3c</load_address>
         <run_address>0x20009e3c</run_address>
         <size>0x24</size>
         <input_file_ref idref="fl-13b"/>
      </object_component>
      <object_component id="oc-103">
         <name>.text:sl_WlanProfileDel</name>
         <load_address>0x20009e60</load_address>
         <run_address>0x20009e60</run_address>
         <size>0x24</size>
         <input_file_ref idref="fl-15b"/>
      </object_component>
      <object_component id="oc-383">
         <name>.text:SPIReset</name>
         <load_address>0x20009e84</load_address>
         <run_address>0x20009e84</run_address>
         <size>0x22</size>
         <input_file_ref idref="fl-160"/>
      </object_component>
      <object_component id="oc-5da">
         <name>.text:SPIWordCountSet</name>
         <load_address>0x20009ea6</load_address>
         <run_address>0x20009ea6</run_address>
         <size>0x22</size>
         <input_file_ref idref="fl-160"/>
      </object_component>
      <object_component id="oc-3a7">
         <name>.text:IntRegister</name>
         <load_address>0x20009ec8</load_address>
         <run_address>0x20009ec8</run_address>
         <size>0x20</size>
         <input_file_ref idref="fl-15d"/>
      </object_component>
      <object_component id="oc-643">
         <name>.text:_SlDrvCmdSend</name>
         <load_address>0x20009ee8</load_address>
         <run_address>0x20009ee8</run_address>
         <size>0x20</size>
         <input_file_ref idref="fl-155"/>
      </object_component>
      <object_component id="oc-401">
         <name>.text:_SlNonOsSpawn</name>
         <load_address>0x20009f08</load_address>
         <run_address>0x20009f08</run_address>
         <size>0x20</size>
         <input_file_ref idref="fl-159"/>
      </object_component>
      <object_component id="oc-1c7">
         <name>.text:UARTCharPut</name>
         <load_address>0x20009f28</load_address>
         <run_address>0x20009f28</run_address>
         <size>0x1e</size>
         <input_file_ref idref="fl-161"/>
      </object_component>
      <object_component id="oc-449">
         <name>.text:_SlDrvObjDeInit</name>
         <load_address>0x20009f48</load_address>
         <run_address>0x20009f48</run_address>
         <size>0x1c</size>
         <input_file_ref idref="fl-155"/>
      </object_component>
      <object_component id="oc-152">
         <name>.text</name>
         <load_address>0x20009f64</load_address>
         <run_address>0x20009f64</run_address>
         <size>0x1c</size>
         <input_file_ref idref="fl-3"/>
      </object_component>
      <object_component id="oc-4dd">
         <name>.text</name>
         <load_address>0x20009f80</load_address>
         <run_address>0x20009f80</run_address>
         <size>0x1c</size>
         <input_file_ref idref="fl-150"/>
      </object_component>
      <object_component id="oc-31b">
         <name>.text:uDMAChannelDisable</name>
         <load_address>0x20009f9c</load_address>
         <run_address>0x20009f9c</run_address>
         <size>0x1c</size>
         <input_file_ref idref="fl-162"/>
      </object_component>
      <object_component id="oc-30f">
         <name>.text:uDMAChannelEnable</name>
         <load_address>0x20009fb8</load_address>
         <run_address>0x20009fb8</run_address>
         <size>0x1c</size>
         <input_file_ref idref="fl-162"/>
      </object_component>
      <object_component id="oc-315">
         <name>.text:uDMAChannelRequest</name>
         <load_address>0x20009fd4</load_address>
         <run_address>0x20009fd4</run_address>
         <size>0x1c</size>
         <input_file_ref idref="fl-162"/>
      </object_component>
      <object_component id="oc-5ed">
         <name>.text:CopyPingResultsToReport</name>
         <load_address>0x20009ff0</load_address>
         <run_address>0x20009ff0</run_address>
         <size>0x1a</size>
         <input_file_ref idref="fl-157"/>
      </object_component>
      <object_component id="oc-334">
         <name>.text:PinTypeUART</name>
         <load_address>0x2000a00a</load_address>
         <run_address>0x2000a00a</run_address>
         <size>0x1a</size>
         <input_file_ref idref="fl-15e"/>
      </object_component>
      <object_component id="oc-43b">
         <name>.text:SPIDmaDisable</name>
         <load_address>0x2000a024</load_address>
         <run_address>0x2000a024</run_address>
         <size>0x1a</size>
         <input_file_ref idref="fl-160"/>
      </object_component>
      <object_component id="oc-39b">
         <name>.text:SPIDmaEnable</name>
         <load_address>0x2000a03e</load_address>
         <run_address>0x2000a03e</run_address>
         <size>0x1a</size>
         <input_file_ref idref="fl-160"/>
      </object_component>
      <object_component id="oc-435">
         <name>.text:SPIFIFODisable</name>
         <load_address>0x2000a058</load_address>
         <run_address>0x2000a058</run_address>
         <size>0x1a</size>
         <input_file_ref idref="fl-160"/>
      </object_component>
      <object_component id="oc-395">
         <name>.text:SPIFIFOEnable</name>
         <load_address>0x2000a072</load_address>
         <run_address>0x2000a072</run_address>
         <size>0x1a</size>
         <input_file_ref idref="fl-160"/>
      </object_component>
      <object_component id="oc-42f">
         <name>.text:SPIIntUnregister</name>
         <load_address>0x2000a08c</load_address>
         <run_address>0x2000a08c</run_address>
         <size>0x1a</size>
         <input_file_ref idref="fl-160"/>
      </object_component>
      <object_component id="oc-613">
         <name>.text:_SlDrvDeviceEventHandler</name>
         <load_address>0x2000a0a6</load_address>
         <run_address>0x2000a0a6</run_address>
         <size>0x1a</size>
         <input_file_ref idref="fl-154"/>
      </object_component>
      <object_component id="oc-377">
         <name>.text:SPICSDisable</name>
         <load_address>0x2000a0c0</load_address>
         <run_address>0x2000a0c0</run_address>
         <size>0x18</size>
         <input_file_ref idref="fl-160"/>
      </object_component>
      <object_component id="oc-5d4">
         <name>.text:SPICSEnable</name>
         <load_address>0x2000a0d8</load_address>
         <run_address>0x2000a0d8</run_address>
         <size>0x18</size>
         <input_file_ref idref="fl-160"/>
      </object_component>
      <object_component id="oc-37d">
         <name>.text:SPIDisable</name>
         <load_address>0x2000a0f0</load_address>
         <run_address>0x2000a0f0</run_address>
         <size>0x18</size>
         <input_file_ref idref="fl-160"/>
      </object_component>
      <object_component id="oc-3b9">
         <name>.text:SPIEnable</name>
         <load_address>0x2000a108</load_address>
         <run_address>0x2000a108</run_address>
         <size>0x18</size>
         <input_file_ref idref="fl-160"/>
      </object_component>
      <object_component id="oc-3a">
         <name>.text</name>
         <load_address>0x2000a120</load_address>
         <run_address>0x2000a120</run_address>
         <size>0x18</size>
         <input_file_ref idref="fl-143"/>
      </object_component>
      <object_component id="oc-4a9">
         <name>.text</name>
         <load_address>0x2000a138</load_address>
         <run_address>0x2000a138</run_address>
         <size>0x18</size>
         <input_file_ref idref="fl-14e"/>
      </object_component>
      <object_component id="oc-2a5">
         <name>.text:PRCMHIBRegRead</name>
         <load_address>0x2000a150</load_address>
         <run_address>0x2000a150</run_address>
         <size>0x16</size>
         <input_file_ref idref="fl-15f"/>
      </object_component>
      <object_component id="oc-2ab">
         <name>.text:PRCMHIBRegWrite</name>
         <load_address>0x2000a166</load_address>
         <run_address>0x2000a166</run_address>
         <size>0x16</size>
         <input_file_ref idref="fl-15f"/>
      </object_component>
      <object_component id="oc-1d4">
         <name>.text:UARTCharGet</name>
         <load_address>0x2000a17c</load_address>
         <run_address>0x2000a17c</run_address>
         <size>0x16</size>
         <input_file_ref idref="fl-161"/>
      </object_component>
      <object_component id="oc-2d9">
         <name>.text:uDMAIntRegister</name>
         <load_address>0x2000a192</load_address>
         <run_address>0x2000a192</run_address>
         <size>0x16</size>
         <input_file_ref idref="fl-162"/>
      </object_component>
      <object_component id="oc-29a">
         <name>.text:CPUcpsie</name>
         <load_address>0x2000a1a8</load_address>
         <run_address>0x2000a1a8</run_address>
         <size>0x14</size>
         <input_file_ref idref="fl-164"/>
      </object_component>
      <object_component id="oc-134">
         <name>.text:IntVTableBaseSet</name>
         <load_address>0x2000a1bc</load_address>
         <run_address>0x2000a1bc</run_address>
         <size>0x14</size>
         <input_file_ref idref="fl-15d"/>
      </object_component>
      <object_component id="oc-606">
         <name>.text:_SlDrvShiftDWord</name>
         <load_address>0x2000a1d0</load_address>
         <run_address>0x2000a1d0</run_address>
         <size>0x14</size>
         <input_file_ref idref="fl-155"/>
      </object_component>
      <object_component id="oc-184">
         <name>.text</name>
         <load_address>0x2000a1e4</load_address>
         <run_address>0x2000a1e4</run_address>
         <size>0x14</size>
         <input_file_ref idref="fl-141"/>
      </object_component>
      <object_component id="oc-127">
         <name>.text</name>
         <load_address>0x2000a1f8</load_address>
         <run_address>0x2000a1f8</run_address>
         <size>0x14</size>
         <input_file_ref idref="fl-13f"/>
      </object_component>
      <object_component id="oc-2e8">
         <name>.text:uDMAControlBaseSet</name>
         <load_address>0x2000a20c</load_address>
         <run_address>0x2000a20c</run_address>
         <size>0x14</size>
         <input_file_ref idref="fl-162"/>
      </object_component>
      <object_component id="oc-2d3">
         <name>.text:uDMAIntClear</name>
         <load_address>0x2000a220</load_address>
         <run_address>0x2000a220</run_address>
         <size>0x14</size>
         <input_file_ref idref="fl-162"/>
      </object_component>
      <object_component id="oc-1c">
         <name>.text:decompress:ZI</name>
         <load_address>0x2000a234</load_address>
         <run_address>0x2000a234</run_address>
         <size>0x12</size>
         <input_file_ref idref="fl-138"/>
      </object_component>
      <object_component id="oc-11b">
         <name>.text:sl_NetAppMDNSUnRegisterService</name>
         <load_address>0x2000a246</load_address>
         <run_address>0x2000a246</run_address>
         <size>0x12</size>
         <input_file_ref idref="fl-157"/>
      </object_component>
      <object_component id="oc-321">
         <name>.text:uDMAIntUnregister</name>
         <load_address>0x2000a258</load_address>
         <run_address>0x2000a258</run_address>
         <size>0x12</size>
         <input_file_ref idref="fl-162"/>
      </object_component>
      <object_component id="oc-3fb">
         <name>.text:NwpMaskInterrupt</name>
         <load_address>0x2000a26c</load_address>
         <run_address>0x2000a26c</run_address>
         <size>0x10</size>
         <input_file_ref idref="fl-15c"/>
      </object_component>
      <object_component id="oc-16">
         <name>.text:decompress:none</name>
         <load_address>0x2000a27c</load_address>
         <run_address>0x2000a27c</run_address>
         <size>0xe</size>
         <input_file_ref idref="fl-136"/>
      </object_component>
      <object_component id="oc-4d7">
         <name>.text</name>
         <load_address>0x2000a28a</load_address>
         <run_address>0x2000a28a</run_address>
         <size>0xe</size>
         <input_file_ref idref="fl-152"/>
      </object_component>
      <object_component id="oc-2c">
         <name>.text</name>
         <load_address>0x2000a298</load_address>
         <run_address>0x2000a298</run_address>
         <size>0xe</size>
         <input_file_ref idref="fl-4"/>
      </object_component>
      <object_component id="oc-5cc">
         <name>.text:NwpUnMaskInterrupt</name>
         <load_address>0x2000a2a8</load_address>
         <run_address>0x2000a2a8</run_address>
         <size>0xc</size>
         <input_file_ref idref="fl-15c"/>
      </object_component>
      <object_component id="oc-327">
         <name>.text:uDMADisable</name>
         <load_address>0x2000a2b4</load_address>
         <run_address>0x2000a2b4</run_address>
         <size>0xc</size>
         <input_file_ref idref="fl-162"/>
      </object_component>
      <object_component id="oc-2df">
         <name>.text:uDMAEnable</name>
         <load_address>0x2000a2c0</load_address>
         <run_address>0x2000a2c0</run_address>
         <size>0xc</size>
         <input_file_ref idref="fl-162"/>
      </object_component>
      <object_component id="oc-2cd">
         <name>.text:uDMAIntStatus</name>
         <load_address>0x2000a2cc</load_address>
         <run_address>0x2000a2cc</run_address>
         <size>0xc</size>
         <input_file_ref idref="fl-162"/>
      </object_component>
      <object_component id="oc-13a">
         <name>.text:IntMasterEnable</name>
         <load_address>0x2000a2d8</load_address>
         <run_address>0x2000a2d8</run_address>
         <size>0xa</size>
         <input_file_ref idref="fl-15d"/>
      </object_component>
      <object_component id="oc-211">
         <name>.text:_SlNonOsSemSet</name>
         <load_address>0x2000a2e2</load_address>
         <run_address>0x2000a2e2</run_address>
         <size>0x8</size>
         <input_file_ref idref="fl-159"/>
      </object_component>
      <object_component id="oc-109">
         <name>.text:sl_WlanDisconnect</name>
         <load_address>0x2000a2ea</load_address>
         <run_address>0x2000a2ea</run_address>
         <size>0x8</size>
         <input_file_ref idref="fl-15b"/>
      </object_component>
      <object_component id="oc-368">
         <name>.text:UtilsDelay</name>
         <load_address>0x2000a2f2</load_address>
         <run_address>0x2000a2f2</run_address>
         <size>0x6</size>
         <input_file_ref idref="fl-163"/>
      </object_component>
      <object_component id="oc-22">
         <name>.text:decompress:rle24</name>
         <load_address>0x2000a2f8</load_address>
         <run_address>0x2000a2f8</run_address>
         <size>0x6</size>
         <input_file_ref idref="fl-137"/>
      </object_component>
      <object_component id="oc-5a0">
         <name>.const:.string:_ctypes_</name>
         <load_address>0x2000a300</load_address>
         <run_address>0x2000a300</run_address>
         <size>0x102</size>
         <input_file_ref idref="fl-147"/>
      </object_component>
      <object_component id="oc-587">
         <name>.const:g_ulPinToPadMap</name>
         <load_address>0x2000a404</load_address>
         <run_address>0x2000a404</run_address>
         <size>0x100</size>
         <input_file_ref idref="fl-15e"/>
      </object_component>
      <object_component id="oc-251">
         <name>.const</name>
         <load_address>0x2000a504</load_address>
         <run_address>0x2000a504</run_address>
         <size>0xec</size>
         <input_file_ref idref="fl-15b"/>
      </object_component>
      <object_component id="oc-506">
         <name>.const:g_pulRegs</name>
         <load_address>0x2000a5f0</load_address>
         <run_address>0x2000a5f0</run_address>
         <size>0xd4</size>
         <input_file_ref idref="fl-15d"/>
      </object_component>
      <object_component id="oc-46d">
         <name>.const:PRCM_PeriphRegsList</name>
         <load_address>0x2000a6c4</load_address>
         <run_address>0x2000a6c4</run_address>
         <size>0xa8</size>
         <input_file_ref idref="fl-15f"/>
      </object_component>
      <object_component id="oc-2a1">
         <name>.const</name>
         <load_address>0x2000a76c</load_address>
         <run_address>0x2000a76c</run_address>
         <size>0x80</size>
         <input_file_ref idref="fl-15d"/>
      </object_component>
      <object_component id="oc-452">
         <name>.const</name>
         <load_address>0x2000a7ec</load_address>
         <run_address>0x2000a7ec</run_address>
         <size>0x4c</size>
         <input_file_ref idref="fl-155"/>
      </object_component>
      <object_component id="oc-d8">
         <name>.const:$P$T1$2</name>
         <load_address>0x2000a838</load_address>
         <run_address>0x2000a838</run_address>
         <size>0x2c</size>
         <input_file_ref idref="fl-2"/>
      </object_component>
      <object_component id="oc-45a">
         <name>.const</name>
         <load_address>0x2000a864</load_address>
         <run_address>0x2000a864</run_address>
         <size>0x28</size>
         <input_file_ref idref="fl-157"/>
      </object_component>
      <object_component id="oc-5e2">
         <name>.const:g_ppulSPIIntMap</name>
         <load_address>0x2000a88c</load_address>
         <run_address>0x2000a88c</run_address>
         <size>0x24</size>
         <input_file_ref idref="fl-160"/>
      </object_component>
      <object_component id="oc-e4">
         <name>.const:.string:$P$T0$1</name>
         <load_address>0x2000a8b0</load_address>
         <run_address>0x2000a8b0</run_address>
         <size>0x22</size>
         <input_file_ref idref="fl-2"/>
      </object_component>
      <object_component id="oc-db">
         <name>.const</name>
         <load_address>0x2000a8d4</load_address>
         <run_address>0x2000a8d4</run_address>
         <size>0x20</size>
         <input_file_ref idref="fl-2"/>
      </object_component>
      <object_component id="oc-5ae">
         <name>.const</name>
         <load_address>0x2000a8f4</load_address>
         <run_address>0x2000a8f4</run_address>
         <size>0x18</size>
         <input_file_ref idref="fl-160"/>
      </object_component>
      <object_component id="oc-268">
         <name>.const</name>
         <load_address>0x2000a90c</load_address>
         <run_address>0x2000a90c</run_address>
         <size>0x14</size>
         <input_file_ref idref="fl-154"/>
      </object_component>
      <object_component id="oc-133">
         <name>.const:.string</name>
         <load_address>0x2000a920</load_address>
         <run_address>0x2000a920</run_address>
         <size>0xc</size>
         <input_file_ref idref="fl-2"/>
      </object_component>
      <object_component id="oc-280">
         <name>.const</name>
         <load_address>0x2000a92c</load_address>
         <run_address>0x2000a92c</run_address>
         <size>0x8</size>
         <input_file_ref idref="fl-158"/>
      </object_component>
      <object_component id="oc-66a">
         <name>.cinit..data.load</name>
         <load_address>0x2000a938</load_address>
         <run_address>0x2000a938</run_address>
         <size>0x34</size>
      </object_component>
      <object_component id="oc-668">
         <name>__TI_handler_table</name>
         <load_address>0x2000a96c</load_address>
         <run_address>0x2000a96c</run_address>
         <size>0xc</size>
      </object_component>
      <object_component id="oc-66b">
         <name>.cinit..bss.load</name>
         <load_address>0x2000a978</load_address>
         <run_address>0x2000a978</run_address>
         <size>0x8</size>
      </object_component>
      <object_component id="oc-669">
         <name>__TI_cinit_table</name>
         <load_address>0x2000a980</load_address>
         <run_address>0x2000a980</run_address>
         <size>0x10</size>
      </object_component>
      <object_component id="oc-46">
         <name>.data</name>
         <load_address>0x20017f60</load_address>
         <run_address>0x20017f60</run_address>
         <size>0x4</size>
         <input_file_ref idref="fl-13e"/>
      </object_component>
      <object_component id="oc-85">
         <name>.data</name>
         <load_address>0x20017f50</load_address>
         <run_address>0x20017f50</run_address>
         <size>0x8</size>
         <input_file_ref idref="fl-141"/>
      </object_component>
      <object_component id="oc-88">
         <name>.data</name>
         <load_address>0x20017f58</load_address>
         <run_address>0x20017f58</run_address>
         <size>0x8</size>
         <input_file_ref idref="fl-139"/>
      </object_component>
      <object_component id="oc-b0">
         <name>.data</name>
         <load_address>0x20017f28</load_address>
         <run_address>0x20017f28</run_address>
         <size>0x1c</size>
         <input_file_ref idref="fl-2"/>
      </object_component>
      <object_component id="oc-235">
         <name>.data</name>
         <load_address>0x20017d5c</load_address>
         <run_address>0x20017d5c</run_address>
         <size>0x170</size>
         <input_file_ref idref="fl-155"/>
      </object_component>
      <object_component id="oc-364">
         <name>.data</name>
         <load_address>0x20017f44</load_address>
         <run_address>0x20017f44</run_address>
         <size>0xc</size>
         <input_file_ref idref="fl-13c"/>
      </object_component>
      <object_component id="oc-3bf">
         <name>.data</name>
         <load_address>0x20017ecc</load_address>
         <run_address>0x20017ecc</run_address>
         <size>0x5c</size>
         <input_file_ref idref="fl-15c"/>
      </object_component>
      <object_component id="oc-b3">
         <name>.bss:g_ucConnectionSSID</name>
         <uninitialized>true</uninitialized>
         <run_address>0x20017d28</run_address>
         <size>0x24</size>
         <input_file_ref idref="fl-2"/>
      </object_component>
      <object_component id="oc-246">
         <name>.bss:g__SlNonOsCB</name>
         <uninitialized>true</uninitialized>
         <run_address>0x20017d00</run_address>
         <size>0x28</size>
         <input_file_ref idref="fl-159"/>
      </object_component>
      <object_component id="oc-2e5">
         <name>.bss:gpCtlTbl</name>
         <uninitialized>true</uninitialized>
         <run_address>0x20017800</run_address>
         <size>0x400</size>
         <input_file_ref idref="fl-6"/>
      </object_component>
      <object_component id="oc-2ee">
         <name>.bss:gfpAppCallbackHndl</name>
         <uninitialized>true</uninitialized>
         <run_address>0x20017c00</run_address>
         <size>0x100</size>
         <input_file_ref idref="fl-6"/>
      </object_component>
      <object_component id="oc-16c">
         <name>.common:g_ucConnectionBSSID</name>
         <uninitialized>true</uninitialized>
         <run_address>0x20017d4c</run_address>
         <size>0x8</size>
      </object_component>
      <object_component id="oc-1e7">
         <name>.common:__Errorlog</name>
         <uninitialized>true</uninitialized>
         <run_address>0x20017d54</run_address>
         <size>0x4</size>
      </object_component>
      <object_component id="oc-32d">
         <name>.common:iDone</name>
         <uninitialized>true</uninitialized>
         <run_address>0x20017d59</run_address>
         <size>0x1</size>
      </object_component>
      <object_component id="oc-620">
         <name>.common:g_cDummy</name>
         <uninitialized>true</uninitialized>
         <run_address>0x20017d58</run_address>
         <size>0x1</size>
      </object_component>
      <object_component id="oc-29">
         <name>.sysmem</name>
         <uninitialized>true</uninitialized>
         <run_address>0x20017000</run_address>
         <size>0x8</size>
         <input_file_ref idref="fl-13c"/>
      </object_component>
      <object_component id="oc-66d">
         <name>.sysmem</name>
         <uninitialized>true</uninitialized>
         <run_address>0x20017000</run_address>
         <size>0x0</size>
      </object_component>
      <object_component id="oc-28">
         <name>.stack</name>
         <uninitialized>true</uninitialized>
         <run_address>0x2002f800</run_address>
         <size>0x0</size>
         <input_file_ref idref="fl-135"/>
      </object_component>
      <object_component id="oc-66c">
         <name>.stack</name>
         <uninitialized>true</uninitialized>
         <run_address>0x2002f800</run_address>
         <size>0x0</size>
      </object_component>
      <object_component id="oc-f">
         <name>.debug_info</name>
         <load_address>0x0</load_address>
         <run_address>0x0</run_address>
         <size>0x135</size>
         <input_file_ref idref="fl-4"/>
      </object_component>
      <object_component id="oc-12">
         <name>.debug_info</name>
         <load_address>0x135</load_address>
         <run_address>0x135</run_address>
         <size>0x108</size>
         <input_file_ref idref="fl-135"/>
      </object_component>
      <object_component id="oc-19">
         <name>.debug_info</name>
         <load_address>0x23d</load_address>
         <run_address>0x23d</run_address>
         <size>0x1a9</size>
         <input_file_ref idref="fl-136"/>
      </object_component>
      <object_component id="oc-1e">
         <name>.debug_info</name>
         <load_address>0x3e6</load_address>
         <run_address>0x3e6</run_address>
         <size>0x17f</size>
         <input_file_ref idref="fl-138"/>
      </object_component>
      <object_component id="oc-25">
         <name>.debug_info</name>
         <load_address>0x565</load_address>
         <run_address>0x565</run_address>
         <size>0x1a3</size>
         <input_file_ref idref="fl-137"/>
      </object_component>
      <object_component id="oc-2a">
         <name>.debug_info</name>
         <load_address>0x708</load_address>
         <run_address>0x708</run_address>
         <size>0xcb</size>
         <input_file_ref idref="fl-13c"/>
      </object_component>
      <object_component id="oc-2d">
         <name>.debug_info</name>
         <load_address>0x7d3</load_address>
         <run_address>0x7d3</run_address>
         <size>0x456</size>
         <input_file_ref idref="fl-4"/>
      </object_component>
      <object_component id="oc-34">
         <name>.debug_info</name>
         <load_address>0xc29</load_address>
         <run_address>0xc29</run_address>
         <size>0x14a</size>
         <input_file_ref idref="fl-4"/>
      </object_component>
      <object_component id="oc-36">
         <name>.debug_info</name>
         <load_address>0xd73</load_address>
         <run_address>0xd73</run_address>
         <size>0x152</size>
         <input_file_ref idref="fl-145"/>
      </object_component>
      <object_component id="oc-3d">
         <name>.debug_info</name>
         <load_address>0xec5</load_address>
         <run_address>0xec5</run_address>
         <size>0x131</size>
         <input_file_ref idref="fl-143"/>
      </object_component>
      <object_component id="oc-41">
         <name>.debug_info</name>
         <load_address>0xff6</load_address>
         <run_address>0xff6</run_address>
         <size>0x1d7</size>
         <input_file_ref idref="fl-139"/>
      </object_component>
      <object_component id="oc-47">
         <name>.debug_info</name>
         <load_address>0x11cd</load_address>
         <run_address>0x11cd</run_address>
         <size>0xd3</size>
         <input_file_ref idref="fl-13e"/>
      </object_component>
      <object_component id="oc-4c">
         <name>.debug_info</name>
         <load_address>0x12a0</load_address>
         <run_address>0x12a0</run_address>
         <size>0xe1</size>
         <input_file_ref idref="fl-13a"/>
      </object_component>
      <object_component id="oc-50">
         <name>.debug_info</name>
         <load_address>0x1381</load_address>
         <run_address>0x1381</run_address>
         <size>0x46</size>
         <input_file_ref idref="fl-136"/>
      </object_component>
      <object_component id="oc-55">
         <name>.debug_info</name>
         <load_address>0x13c7</load_address>
         <run_address>0x13c7</run_address>
         <size>0x107</size>
         <input_file_ref idref="fl-136"/>
      </object_component>
      <object_component id="oc-57">
         <name>.debug_info</name>
         <load_address>0x14ce</load_address>
         <run_address>0x14ce</run_address>
         <size>0x46</size>
         <input_file_ref idref="fl-138"/>
      </object_component>
      <object_component id="oc-5c">
         <name>.debug_info</name>
         <load_address>0x1514</load_address>
         <run_address>0x1514</run_address>
         <size>0xc2</size>
         <input_file_ref idref="fl-138"/>
      </object_component>
      <object_component id="oc-60">
         <name>.debug_info</name>
         <load_address>0x15d6</load_address>
         <run_address>0x15d6</run_address>
         <size>0x204</size>
         <input_file_ref idref="fl-137"/>
      </object_component>
      <object_component id="oc-64">
         <name>.debug_info</name>
         <load_address>0x17da</load_address>
         <run_address>0x17da</run_address>
         <size>0xcc</size>
         <input_file_ref idref="fl-137"/>
      </object_component>
      <object_component id="oc-65">
         <name>.debug_info</name>
         <load_address>0x18a6</load_address>
         <run_address>0x18a6</run_address>
         <size>0x39</size>
         <input_file_ref idref="fl-137"/>
      </object_component>
      <object_component id="oc-6c">
         <name>.debug_info</name>
         <load_address>0x18df</load_address>
         <run_address>0x18df</run_address>
         <size>0x1ec</size>
         <input_file_ref idref="fl-13c"/>
      </object_component>
      <object_component id="oc-71">
         <name>.debug_info</name>
         <load_address>0x1acb</load_address>
         <run_address>0x1acb</run_address>
         <size>0x84</size>
         <input_file_ref idref="fl-2"/>
      </object_component>
      <object_component id="oc-7a">
         <name>.debug_info</name>
         <load_address>0x1b4f</load_address>
         <run_address>0x1b4f</run_address>
         <size>0x160</size>
         <input_file_ref idref="fl-146"/>
      </object_component>
      <object_component id="oc-7e">
         <name>.debug_info</name>
         <load_address>0x1caf</load_address>
         <run_address>0x1caf</run_address>
         <size>0xccc</size>
         <input_file_ref idref="fl-2"/>
      </object_component>
      <object_component id="oc-84">
         <name>.debug_info</name>
         <load_address>0x297b</load_address>
         <run_address>0x297b</run_address>
         <size>0x130</size>
         <input_file_ref idref="fl-143"/>
      </object_component>
      <object_component id="oc-86">
         <name>.debug_info</name>
         <load_address>0x2aab</load_address>
         <run_address>0x2aab</run_address>
         <size>0xdd</size>
         <input_file_ref idref="fl-141"/>
      </object_component>
      <object_component id="oc-89">
         <name>.debug_info</name>
         <load_address>0x2b88</load_address>
         <run_address>0x2b88</run_address>
         <size>0x100</size>
         <input_file_ref idref="fl-139"/>
      </object_component>
      <object_component id="oc-8c">
         <name>.debug_info</name>
         <load_address>0x2c88</load_address>
         <run_address>0x2c88</run_address>
         <size>0x15b</size>
         <input_file_ref idref="fl-139"/>
      </object_component>
      <object_component id="oc-91">
         <name>.debug_info</name>
         <load_address>0x2de3</load_address>
         <run_address>0x2de3</run_address>
         <size>0x2c</size>
         <input_file_ref idref="fl-136"/>
      </object_component>
      <object_component id="oc-98">
         <name>.debug_info</name>
         <load_address>0x2e0f</load_address>
         <run_address>0x2e0f</run_address>
         <size>0x2c</size>
         <input_file_ref idref="fl-138"/>
      </object_component>
      <object_component id="oc-a4">
         <name>.debug_info</name>
         <load_address>0x2e3b</load_address>
         <run_address>0x2e3b</run_address>
         <size>0x2c</size>
         <input_file_ref idref="fl-13c"/>
      </object_component>
      <object_component id="oc-a9">
         <name>.debug_info</name>
         <load_address>0x2e67</load_address>
         <run_address>0x2e67</run_address>
         <size>0x62</size>
         <input_file_ref idref="fl-13c"/>
      </object_component>
      <object_component id="oc-af">
         <name>.debug_info</name>
         <load_address>0x2ec9</load_address>
         <run_address>0x2ec9</run_address>
         <size>0x15d</size>
         <input_file_ref idref="fl-146"/>
      </object_component>
      <object_component id="oc-b1">
         <name>.debug_info</name>
         <load_address>0x3026</load_address>
         <run_address>0x3026</run_address>
         <size>0x211</size>
         <input_file_ref idref="fl-2"/>
      </object_component>
      <object_component id="oc-b4">
         <name>.debug_info</name>
         <load_address>0x3237</load_address>
         <run_address>0x3237</run_address>
         <size>0x10d</size>
         <input_file_ref idref="fl-2"/>
      </object_component>
      <object_component id="oc-b7">
         <name>.debug_info</name>
         <load_address>0x3344</load_address>
         <run_address>0x3344</run_address>
         <size>0x8f5</size>
         <input_file_ref idref="fl-2"/>
      </object_component>
      <object_component id="oc-c0">
         <name>.debug_info</name>
         <load_address>0x3c39</load_address>
         <run_address>0x3c39</run_address>
         <size>0x8c9</size>
         <input_file_ref idref="fl-5"/>
      </object_component>
      <object_component id="oc-d4">
         <name>.debug_info</name>
         <load_address>0x4502</load_address>
         <run_address>0x4502</run_address>
         <size>0x111</size>
         <input_file_ref idref="fl-13d"/>
      </object_component>
      <object_component id="oc-d9">
         <name>.debug_info</name>
         <load_address>0x4613</load_address>
         <run_address>0x4613</run_address>
         <size>0xf7</size>
         <input_file_ref idref="fl-2"/>
      </object_component>
      <object_component id="oc-dc">
         <name>.debug_info</name>
         <load_address>0x470a</load_address>
         <run_address>0x470a</run_address>
         <size>0x116</size>
         <input_file_ref idref="fl-2"/>
      </object_component>
      <object_component id="oc-df">
         <name>.debug_info</name>
         <load_address>0x4820</load_address>
         <run_address>0x4820</run_address>
         <size>0x36c</size>
         <input_file_ref idref="fl-154"/>
      </object_component>
      <object_component id="oc-e7">
         <name>.debug_info</name>
         <load_address>0x4b8c</load_address>
         <run_address>0x4b8c</run_address>
         <size>0x19b</size>
         <input_file_ref idref="fl-159"/>
      </object_component>
      <object_component id="oc-ec">
         <name>.debug_info</name>
         <load_address>0x4d27</load_address>
         <run_address>0x4d27</run_address>
         <size>0x1bf</size>
         <input_file_ref idref="fl-15b"/>
      </object_component>
      <object_component id="oc-f2">
         <name>.debug_info</name>
         <load_address>0x4ee6</load_address>
         <run_address>0x4ee6</run_address>
         <size>0x31d</size>
         <input_file_ref idref="fl-154"/>
      </object_component>
      <object_component id="oc-f8">
         <name>.debug_info</name>
         <load_address>0x5203</load_address>
         <run_address>0x5203</run_address>
         <size>0x283</size>
         <input_file_ref idref="fl-154"/>
      </object_component>
      <object_component id="oc-ff">
         <name>.debug_info</name>
         <load_address>0x5486</load_address>
         <run_address>0x5486</run_address>
         <size>0x24c</size>
         <input_file_ref idref="fl-15b"/>
      </object_component>
      <object_component id="oc-105">
         <name>.debug_info</name>
         <load_address>0x56d2</load_address>
         <run_address>0x56d2</run_address>
         <size>0x1c9</size>
         <input_file_ref idref="fl-15b"/>
      </object_component>
      <object_component id="oc-10b">
         <name>.debug_info</name>
         <load_address>0x589b</load_address>
         <run_address>0x589b</run_address>
         <size>0x18e</size>
         <input_file_ref idref="fl-15b"/>
      </object_component>
      <object_component id="oc-112">
         <name>.debug_info</name>
         <load_address>0x5a29</load_address>
         <run_address>0x5a29</run_address>
         <size>0x27e</size>
         <input_file_ref idref="fl-158"/>
      </object_component>
      <object_component id="oc-116">
         <name>.debug_info</name>
         <load_address>0x5ca7</load_address>
         <run_address>0x5ca7</run_address>
         <size>0x277</size>
         <input_file_ref idref="fl-15b"/>
      </object_component>
      <object_component id="oc-11d">
         <name>.debug_info</name>
         <load_address>0x5f1e</load_address>
         <run_address>0x5f1e</run_address>
         <size>0x25a</size>
         <input_file_ref idref="fl-157"/>
      </object_component>
      <object_component id="oc-123">
         <name>.debug_info</name>
         <load_address>0x6178</load_address>
         <run_address>0x6178</run_address>
         <size>0x2a9</size>
         <input_file_ref idref="fl-15b"/>
      </object_component>
      <object_component id="oc-129">
         <name>.debug_info</name>
         <load_address>0x6421</load_address>
         <run_address>0x6421</run_address>
         <size>0x196</size>
         <input_file_ref idref="fl-13f"/>
      </object_component>
      <object_component id="oc-12f">
         <name>.debug_info</name>
         <load_address>0x65b7</load_address>
         <run_address>0x65b7</run_address>
         <size>0x323</size>
         <input_file_ref idref="fl-15b"/>
      </object_component>
[...]
         <name>_SlGetServiceListeCtrl</name>
         <value>0x2000a870</value>
         <object_component_ref idref="oc-45a"/>
      </symbol>
      <symbol id="sm-855">
         <name>_SlNetAppStopCtrl</name>
         <value>0x2000a86c</value>
         <object_component_ref idref="oc-45a"/>
      </symbol>
      <symbol id="sm-856">
         <name>_SlNetAppSetCmdCtrl</name>
         <value>0x2000a880</value>
         <object_component_ref idref="oc-45a"/>
      </symbol>
      <symbol id="sm-857">
         <name>_SlNetAppGetCmdCtrl</name>
         <value>0x2000a888</value>
         <object_component_ref idref="oc-45a"/>
      </symbol>
      <symbol id="sm-858">
         <name>_sl_HandleAsync_DnsGetHostByName</name>
         <value>0x20008b9d</value>
         <object_component_ref idref="oc-55e"/>
      </symbol>
      <symbol id="sm-859">
         <name>_SlRegisterServiceCtrl</name>
         <value>0x2000a874</value>
         <object_component_ref idref="oc-45a"/>
      </symbol>
      <symbol id="sm-85a">
         <name>_sl_HandleAsync_PingResponse</name>
         <value>0x20008e0d</value>
         <object_component_ref idref="oc-56a"/>
      </symbol>
      <symbol id="sm-85b">
         <name>_SlNetAppStartCtrl</name>
         <value>0x2000a868</value>
         <object_component_ref idref="oc-45a"/>
      </symbol>
      <symbol id="sm-85c">
         <name>_SlDrvNetAppEventHandler</name>
         <value>0x200081b9</value>
         <object_component_ref idref="oc-60d"/>
      </symbol>
      <symbol id="sm-85d">
         <name>_sl_HandleAsync_DnsGetHostByService</name>
         <value>0x200090bd</value>
         <object_component_ref idref="oc-564"/>
      </symbol>
      <symbol id="sm-85e">
         <name>sl_NetAppSendTokenValue</name>
         <value>0x200094c1</value>
         <object_component_ref idref="oc-634"/>
      </symbol>
      <symbol id="sm-85f">
         <name>CopyPingResultsToReport</name>
         <value>0x20009ff1</value>
         <object_component_ref idref="oc-5ed"/>
      </symbol>
      <symbol id="sm-860">
         <name>_SlGetHostByNameCtrl</name>
         <value>0x2000a87c</value>
         <object_component_ref idref="oc-45a"/>
      </symbol>
      <symbol id="sm-861">
         <name>_SlGetHostByServiceCtrl</name>
         <value>0x2000a878</value>
         <object_component_ref idref="oc-45a"/>
      </symbol>
      <symbol id="sm-862">
         <name>sl_NetAppMDNSRegisterUnregisterService</name>
         <value>0x20008a09</value>
         <object_component_ref idref="oc-28c"/>
      </symbol>
      <symbol id="sm-880">
         <name>_SlNetCfgSetCmdCtrl</name>
         <value>0x2000a92c</value>
         <object_component_ref idref="oc-280"/>
      </symbol>
      <symbol id="sm-881">
         <name>_SlNetCfgGetCmdCtrl</name>
         <value>0x2000a930</value>
         <object_component_ref idref="oc-280"/>
      </symbol>
      <symbol id="sm-882">
         <name>sl_NetCfgSet</name>
         <value>0x20009879</value>
         <object_component_ref idref="oc-10f"/>
      </symbol>
      <symbol id="sm-8c0">
         <name>_SlNonOsSemSet</name>
         <value>0x2000a2e3</value>
         <object_component_ref idref="oc-211"/>
      </symbol>
      <symbol id="sm-8c1">
         <name>_SlNonOsSpawn</name>
         <value>0x20009f09</value>
         <object_component_ref idref="oc-401"/>
      </symbol>
      <symbol id="sm-8c2">
         <name>_SlNonOsSemGet</name>
         <value>0x20009cf5</value>
         <object_component_ref idref="oc-20b"/>
      </symbol>
      <symbol id="sm-8c3">
         <name>_SlNonOsMainLoopTask</name>
         <value>0x2000993d</value>
         <object_component_ref idref="oc-e5"/>
      </symbol>
      <symbol id="sm-8c4">
         <name>g__SlNonOsCB</name>
         <value>0x20017d00</value>
         <object_component_ref idref="oc-246"/>
      </symbol>
      <symbol id="sm-8f6">
         <name>_sl_HandleAsync_Connect</name>
         <value>0x20008fe9</value>
         <object_component_ref idref="oc-552"/>
      </symbol>
      <symbol id="sm-8f7">
         <name>_sl_HandleAsync_Select</name>
         <value>0x200092ad</value>
         <object_component_ref idref="oc-558"/>
      </symbol>
      <symbol id="sm-8f8">
         <name>_sl_HandleAsync_Accept</name>
         <value>0x20009055</value>
         <object_component_ref idref="oc-54c"/>
      </symbol>
      <symbol id="sm-969">
         <name>sl_WlanDisconnect</name>
         <value>0x2000a2eb</value>
         <object_component_ref idref="oc-109"/>
      </symbol>
      <symbol id="sm-96a">
         <name>_SlPolicyGetCmdCtrl</name>
         <value>0x2000a50c</value>
         <object_component_ref idref="oc-251"/>
      </symbol>
      <symbol id="sm-96b">
         <name>_SlPolicySetCmdCtrl</name>
         <value>0x2000a508</value>
         <object_component_ref idref="oc-251"/>
      </symbol>
      <symbol id="sm-96c">
         <name>_SlRxFilterGetCmdCtrl</name>
         <value>0x2000a524</value>
         <object_component_ref idref="oc-251"/>
      </symbol>
      <symbol id="sm-96d">
         <name>_SlRxFilterSetCmdCtrl</name>
         <value>0x2000a520</value>
         <object_component_ref idref="oc-251"/>
      </symbol>
      <symbol id="sm-96e">
         <name>_SlProfileGetCmdCtrl</name>
         <value>0x2000a510</value>
         <object_component_ref idref="oc-251"/>
      </symbol>
      <symbol id="sm-96f">
         <name>_SlWlanGetNetworkListCtrl</name>
         <value>0x2000a518</value>
         <object_component_ref idref="oc-251"/>
      </symbol>
      <symbol id="sm-970">
         <name>sl_WlanPolicySet</name>
         <value>0x200099bd</value>
         <object_component_ref idref="oc-fd"/>
      </symbol>
      <symbol id="sm-971">
         <name>_SlProfileDelCmdCtrl</name>
         <value>0x2000a514</value>
         <object_component_ref idref="oc-251"/>
      </symbol>
      <symbol id="sm-972">
         <name>_SlWlanSetModeCmdCtrl</name>
         <value>0x2000a52c</value>
         <object_component_ref idref="oc-251"/>
      </symbol>
      <symbol id="sm-973">
         <name>_SlWlanCfgSetCmdCtrl</name>
         <value>0x2000a530</value>
         <object_component_ref idref="oc-251"/>
      </symbol>
      <symbol id="sm-974">
         <name>_SlWlanCfgGetCmdCtrl</name>
         <value>0x2000a534</value>
         <object_component_ref idref="oc-251"/>
      </symbol>
      <symbol id="sm-975">
         <name>sl_WlanProfileDel</name>
         <value>0x20009e61</value>
         <object_component_ref idref="oc-103"/>
      </symbol>
      <symbol id="sm-976">
         <name>_SlRxFilterAddtCmdCtrl</name>
         <value>0x2000a51c</value>
         <object_component_ref idref="oc-251"/>
      </symbol>
      <symbol id="sm-977">
         <name>sl_WlanRxFilterSet</name>
         <value>0x200099fd</value>
         <object_component_ref idref="oc-121"/>
      </symbol>
      <symbol id="sm-978">
         <name>sl_WlanConnect</name>
         <value>0x2000721d</value>
         <object_component_ref idref="oc-12d"/>
      </symbol>
      <symbol id="sm-979">
         <name>sl_WlanSet</name>
         <value>0x20009721</value>
         <object_component_ref idref="oc-115"/>
      </symbol>
      <symbol id="sm-97a">
         <name>_SlSmartConfigStartCmdCtrl</name>
         <value>0x2000a528</value>
         <object_component_ref idref="oc-251"/>
      </symbol>
      <symbol id="sm-97b">
         <name>sl_WlanSetMode</name>
         <value>0x20009da9</value>
         <object_component_ref idref="oc-eb"/>
      </symbol>
      <symbol id="sm-a40">
         <name>g_cDummy</name>
         <value>0x20017d58</value>
      </symbol>
      <symbol id="sm-a41">
         <name>NwpMaskInterrupt</name>
         <value>0x2000a26d</value>
         <object_component_ref idref="oc-3fb"/>
      </symbol>
      <symbol id="sm-a42">
         <name>NwpRegisterInterruptHandler</name>
         <value>0x20009b2d</value>
         <object_component_ref idref="oc-21d"/>
      </symbol>
      <symbol id="sm-a43">
         <name>NwpPowerOnPreamble</name>
         <value>0x20008c21</value>
         <object_component_ref idref="oc-1f3"/>
      </symbol>
      <symbol id="sm-a44">
         <name>g_pHostIntHdl</name>
         <value>0x20017ed0</value>
         <object_component_ref idref="oc-3bf"/>
      </symbol>
      <symbol id="sm-a45">
         <name>NwpUnMaskInterrupt</name>
         <value>0x2000a2a9</value>
         <object_component_ref idref="oc-5cc"/>
      </symbol>
      <symbol id="sm-a46">
         <name>g_ucDinDout</name>
         <value>0x20017ed8</value>
         <object_component_ref idref="oc-3bf"/>
      </symbol>
      <symbol id="sm-a47">
         <name>NwpPowerOff</name>
         <value>0x20009a3d</value>
         <object_component_ref idref="oc-217"/>
      </symbol>
      <symbol id="sm-a48">
         <name>spi_Read</name>
         <value>0x20007f69</value>
         <object_component_ref idref="oc-5c0"/>
      </symbol>
      <symbol id="sm-a49">
         <name>DmaSpiSwIntHandler</name>
         <value>0x20009dd1</value>
         <object_component_ref idref="oc-3c2"/>
      </symbol>
      <symbol id="sm-a4a">
         <name>NwpPowerOn</name>
         <value>0x20009c35</value>
         <object_component_ref idref="oc-223"/>
      </symbol>
      <symbol id="sm-a4b">
         <name>spi_Close</name>
         <value>0x20008f75</value>
         <object_component_ref idref="oc-25c"/>
      </symbol>
      <symbol id="sm-a4c">
         <name>spi_Write</name>
         <value>0x20007db1</value>
         <object_component_ref idref="oc-539"/>
      </symbol>
      <symbol id="sm-a4d">
         <name>spi_Open</name>
         <value>0x20007765</value>
         <object_component_ref idref="oc-1ff"/>
      </symbol>
      <symbol id="sm-a4e">
         <name>g_ucDMAEnabled</name>
         <value>0x20017ed4</value>
         <object_component_ref idref="oc-3bf"/>
      </symbol>
      <symbol id="sm-a4f">
         <name>g_SpiFd</name>
         <value>0x20017ecc</value>
         <object_component_ref idref="oc-3bf"/>
      </symbol>
      <symbol id="sm-ad5">
         <name>IntPendClear</name>
         <value>0x20009365</value>
         <object_component_ref idref="oc-3e4"/>
      </symbol>
      <symbol id="sm-ad6">
         <name>IntPrioritySet</name>
         <value>0x2000946d</value>
         <object_component_ref idref="oc-3ad"/>
      </symbol>
      <symbol id="sm-ad7">
         <name>IntVTableBaseSet</name>
         <value>0x2000a1bd</value>
         <object_component_ref idref="oc-134"/>
      </symbol>
      <symbol id="sm-ad8">
         <name>IntEnable</name>
         <value>0x20008315</value>
         <object_component_ref idref="oc-140"/>
      </symbol>
      <symbol id="sm-ad9">
         <name>IntDisable</name>
         <value>0x2000826d</value>
         <object_component_ref idref="oc-3d8"/>
      </symbol>
      <symbol id="sm-ada">
         <name>IntRegister</name>
         <value>0x20009ec9</value>
         <object_component_ref idref="oc-3a7"/>
      </symbol>
      <symbol id="sm-adb">
         <name>IntUnregister</name>
         <value>0x20009df5</value>
         <object_component_ref idref="oc-3de"/>
      </symbol>
      <symbol id="sm-adc">
         <name>IntMasterEnable</name>
         <value>0x2000a2d9</value>
         <object_component_ref idref="oc-13a"/>
      </symbol>
      <symbol id="sm-b09">
         <name>PinTypeUART</name>
         <value>0x2000a00b</value>
         <object_component_ref idref="oc-334"/>
      </symbol>
      <symbol id="sm-b0a">
         <name>PinConfigSet</name>
         <value>0x20008871</value>
         <object_component_ref idref="oc-49b"/>
      </symbol>
      <symbol id="sm-b0b">
         <name>PinModeSet</name>
         <value>0x200098bd</value>
         <object_component_ref idref="oc-495"/>
      </symbol>
      <symbol id="sm-b9a">
         <name>PRCMPeripheralReset</name>
         <value>0x200093bd</value>
         <object_component_ref idref="oc-2b7"/>
      </symbol>
      <symbol id="sm-b9b">
         <name>PRCMPeripheralClkEnable</name>
         <value>0x20009a79</value>
         <object_component_ref idref="oc-2b1"/>
      </symbol>
      <symbol id="sm-b9c">
         <name>PRCMPeripheralClockGet</name>
         <value>0x20008591</value>
         <object_component_ref idref="oc-1b8"/>
      </symbol>
      <symbol id="sm-b9d">
         <name>PRCMCC3200MCUInit</name>
         <value>0x20007631</value>
         <object_component_ref idref="oc-146"/>
      </symbol>
      <symbol id="sm-b9e">
         <name>PRCMHIBRegWrite</name>
         <value>0x2000a167</value>
         <object_component_ref idref="oc-2ab"/>
      </symbol>
      <symbol id="sm-b9f">
         <name>PRCMSysResetCauseGet</name>
         <value>0x20009d55</value>
         <object_component_ref idref="oc-2c3"/>
      </symbol>
      <symbol id="sm-ba0">
         <name>PRCMPeripheralStatusGet</name>
         <value>0x20009b65</value>
         <object_component_ref idref="oc-38f"/>
      </symbol>
      <symbol id="sm-ba1">
         <name>PRCMPeripheralClkDisable</name>
         <value>0x20009d81</value>
         <object_component_ref idref="oc-2bd"/>
      </symbol>
      <symbol id="sm-ba2">
         <name>PRCMHIBRegRead</name>
         <value>0x2000a151</value>
         <object_component_ref idref="oc-2a5"/>
      </symbol>
      <symbol id="sm-c5d">
         <name>SPIFIFODisable</name>
         <value>0x2000a059</value>
         <object_component_ref idref="oc-435"/>
      </symbol>
      <symbol id="sm-c5e">
         <name>SPICSEnable</name>
         <value>0x2000a0d9</value>
         <object_component_ref idref="oc-5d4"/>
      </symbol>
      <symbol id="sm-c5f">
         <name>SPIDisable</name>
         <value>0x2000a0f1</value>
         <object_component_ref idref="oc-37d"/>
      </symbol>
      <symbol id="sm-c60">
         <name>SPIFIFOEnable</name>
         <value>0x2000a073</value>
         <object_component_ref idref="oc-395"/>
      </symbol>
      <symbol id="sm-c61">
         <name>SPIWordCountSet</name>
         <value>0x20009ea7</value>
         <object_component_ref idref="oc-5da"/>
      </symbol>
      <symbol id="sm-c62">
         <name>SPIEnable</name>
         <value>0x2000a109</value>
         <object_component_ref idref="oc-3b9"/>
      </symbol>
      <symbol id="sm-c63">
         <name>SPIDmaEnable</name>
         <value>0x2000a03f</value>
         <object_component_ref idref="oc-39b"/>
      </symbol>
      <symbol id="sm-c64">
         <name>SPIConfigSetExpClk</name>
         <value>0x200083bd</value>
         <object_component_ref idref="oc-389"/>
      </symbol>
      <symbol id="sm-c65">
         <name>SPIIntUnregister</name>
         <value>0x2000a08d</value>
         <object_component_ref idref="oc-42f"/>
      </symbol>
      <symbol id="sm-c66">
         <name>SPIFIFOLevelSet</name>
         <value>0x20009b99</value>
         <object_component_ref idref="oc-3a1"/>
      </symbol>
      <symbol id="sm-c67">
         <name>SPIDmaDisable</name>
         <value>0x2000a025</value>
         <object_component_ref idref="oc-43b"/>
      </symbol>
      <symbol id="sm-c68">
         <name>SPIReset</name>
         <value>0x20009e85</value>
         <object_component_ref idref="oc-383"/>
      </symbol>
      <symbol id="sm-c69">
         <name>SPIIntEnable</name>
         <value>0x20009515</value>
         <object_component_ref idref="oc-3b3"/>
      </symbol>
      <symbol id="sm-c6a">
         <name>SPIIntClear</name>
         <value>0x20009691</value>
         <object_component_ref idref="oc-514"/>
      </symbol>
      <symbol id="sm-c6b">
         <name>SPICSDisable</name>
         <value>0x2000a0c1</value>
         <object_component_ref idref="oc-377"/>
      </symbol>
      <symbol id="sm-c9c">
         <name>UARTConfigSetExpClk</name>
         <value>0x20008efd</value>
         <object_component_ref idref="oc-1be"/>
      </symbol>
      <symbol id="sm-c9d">
         <name>UARTDisable</name>
         <value>0x20009c65</value>
         <object_component_ref idref="oc-33f"/>
      </symbol>
      <symbol id="sm-c9e">
         <name>UARTCharPut</name>
         <value>0x20009f29</value>
         <object_component_ref idref="oc-1c7"/>
      </symbol>
      <symbol id="sm-c9f">
         <name>UARTEnable</name>
         <value>0x20009e19</value>
         <object_component_ref idref="oc-345"/>
      </symbol>
      <symbol id="sm-ca0">
         <name>UARTCharGet</name>
         <value>0x2000a17d</value>
         <object_component_ref idref="oc-1d4"/>
      </symbol>
      <symbol id="sm-d4d">
         <name>uDMAChannelControlSet</name>
         <value>0x20009af1</value>
         <object_component_ref idref="oc-2fd"/>
      </symbol>
      <symbol id="sm-d4e">
         <name>uDMAIntClear</name>
         <value>0x2000a221</value>
         <object_component_ref idref="oc-2d3"/>
      </symbol>
      <symbol id="sm-d4f">
         <name>uDMAChannelDisable</name>
         <value>0x20009f9d</value>
         <object_component_ref idref="oc-31b"/>
      </symbol>
      <symbol id="sm-d50">
         <name>uDMAIntUnregister</name>
         <value>0x2000a259</value>
         <object_component_ref idref="oc-321"/>
      </symbol>
      <symbol id="sm-d51">
         <name>uDMAChannelAttributeEnable</name>
         <value>0x20009189</value>
         <object_component_ref idref="oc-303"/>
      </symbol>
      <symbol id="sm-d52">
         <name>uDMADisable</name>
         <value>0x2000a2b5</value>
         <object_component_ref idref="oc-327"/>
      </symbol>
      <symbol id="sm-d53">
         <name>uDMAChannelTransferSet</name>
         <value>0x20007cc1</value>
         <object_component_ref idref="oc-309"/>
      </symbol>
      <symbol id="sm-d54">
         <name>uDMAIntStatus</name>
         <value>0x2000a2cd</value>
         <object_component_ref idref="oc-2cd"/>
      </symbol>
      <symbol id="sm-d55">
         <name>uDMAChannelAssign</name>
         <value>0x200095f9</value>
         <object_component_ref idref="oc-2f1"/>
      </symbol>
      <symbol id="sm-d56">
         <name>uDMAIntRegister</name>
         <value>0x2000a193</value>
         <object_component_ref idref="oc-2d9"/>
      </symbol>
      <symbol id="sm-d57">
         <name>uDMAEnable</name>
         <value>0x2000a2c1</value>
         <object_component_ref idref="oc-2df"/>
      </symbol>
      <symbol id="sm-d58">
         <name>uDMAControlBaseSet</name>
         <value>0x2000a20d</value>
         <object_component_ref idref="oc-2e8"/>
      </symbol>
      <symbol id="sm-d59">
         <name>uDMAChannelAttributeDisable</name>
         <value>0x20009125</value>
         <object_component_ref idref="oc-2f7"/>
      </symbol>
      <symbol id="sm-d5a">
         <name>uDMAChannelEnable</name>
         <value>0x20009fb9</value>
         <object_component_ref idref="oc-30f"/>
      </symbol>
      <symbol id="sm-d5b">
         <name>uDMAChannelRequest</name>
         <value>0x20009fd5</value>
         <object_component_ref idref="oc-315"/>
      </symbol>
      <symbol id="sm-d5f">
         <name>UtilsDelay</name>
         <value>0x2000a2f3</value>
         <object_component_ref idref="oc-368"/>
      </symbol>
      <symbol id="sm-d69">
         <name>CPUcpsie</name>
         <value>0x2000a1a9</value>
         <object_component_ref idref="oc-29a"/>
      </symbol>
      <symbol id="sm-d6c">
         <name>__TI_static_base__</name>
         <value>0x2000a938</value>
      </symbol>
      <symbol id="sm-d6d">
         <name>__TI_args_main</name>
         <value>0x1</value>
      </symbol>
      <symbol id="sm-d6e">
         <name>SHT$$INIT_ARRAY$$Limit</name>
         <value>0x0</value>
      </symbol>
      <symbol id="sm-d6f">
         <name>SHT$$INIT_ARRAY$$Base</name>
         <value>0x0</value>
      </symbol>
   </symbol_table>
   <title>Link successful</title>
</link_info>
