******************************************************************************
                  TI ARM Linker PC v5.2.0                      
******************************************************************************
>> Linked Fri Jan 16 07:46:28 2015

OUTPUT FILE NAME:   <havroc_TM4C123GH6PM.out>
ENTRY POINT SYMBOL: "_c_int00"  address: 0000548d


MEMORY CONFIGURATION

         name            origin    length      used     unused   attr    fill
----------------------  --------  ---------  --------  --------  ----  --------
  FLASH                 00000000   00040000  00009ac0  00036540  R  X
  SRAM                  20000000   00008000  000046c8  00003938  RW X


SEGMENT ALLOCATION MAP

run origin  load origin   length   init length attrs members
----------  ----------- ---------- ----------- ----- -------
00000000    00000000    00009ac8   00009ac8    r-x
  00000000    00000000    0000003c   0000003c    r-- .resetVecs
  00000040    00000040    00006eca   00006eca    r-x .text
  00006f0c    00006f0c    00002762   00002762    r-- .const
  00009670    00009670    00000458   00000458    r-- .cinit
20000000    20000000    00000360   00000000    rw-
  20000000    20000000    00000360   00000000    rw- .vecs
20000380    20000380    00004368   00000000    rw-
  20000380    20000380    00002d30   00000000    rw- .bss
  200030b0    200030b0    00001000   00000000    rw- .stack
  200040b0    200040b0    00000638   00000000    rw- .data


SECTION ALLOCATION MAP

 output                                  attributes/
section   page    origin      length       input sections
--------  ----  ----------  ----------   ----------------
.bootVecs 
*          0    00000000    00000008     DSECT
                  00000000    00000008     boot.aem4f : boot.oem4f (.bootVecs)

.resetVecs 
*          0    00000000    0000003c     
                  00000000    0000003c     app_pem4f.oem4f (.resetVecs)

.vecs      0    20000000    00000360     UNINITIALIZED
                  20000000    00000360     app_pem4f.oem4f (.vecs)

xdc.meta   0    00000000    00000100     COPY SECTION
                  00000000    00000100     app_pem4f.oem4f (xdc.meta)

.text      0    00000040    00006eca     
                  00000040    00000430     sysbios.aem4f : BIOS.obj (.text:ti_sysbios_family_arm_m3_Hwi_excDumpRegs__I)
                  00000470    0000033c     ti.targets.arm.rtsarm.aem4f : System.oem4f (.text:xdc_runtime_System_doPrint__I)
                  000007ac    00000004     driverlib.lib : i2c.obj (.text:I2CMasterControl)
                  000007b0    0000032c     sysbios.aem4f : BIOS.obj (.text:ti_sysbios_knl_Semaphore_pend__E)
                  00000adc    000002d4     rtsv7M4_T_le_v4SPD16_eabi.lib : trgdrv.obj (.text)
                  00000db0    00000254     sysbios.aem4f : BIOS.obj (.text:ti_sysbios_heaps_HeapMem_free__E)
                  00001004    00000004     driverlib.lib : i2c.obj (.text:I2CMasterDataGet)
                  00001008    00000240     sysbios.aem4f : BIOS.obj (.text:ti_sysbios_heaps_HeapMem_alloc__E)
                  00001248    0000022c                   : BIOS.obj (.text:ti_sysbios_knl_Task_Instance_finalize__E)
                  00001474    00000004     driverlib.lib : i2c.obj (.text:I2CMasterDataPut)
                  00001478    000001fc     sysbios.aem4f : BIOS.obj (.text:ti_sysbios_family_arm_m3_Hwi_excHandlerMax__I)
                  00001674    00000004     app_pem4f.oem4f (.text:ti_sysbios_BIOS_RtsGateProxy_enter__E)
                  00001678    000001c8     sysbios.aem4f : BIOS.obj (.text:ti_sysbios_knl_Task_Instance_init__E)
                  00001840    0000018c                   : BIOS.obj (.text:ti_sysbios_family_arm_lm4_Timer_start__E)
                  000019cc    00000004     app_pem4f.oem4f (.text:ti_sysbios_BIOS_RtsGateProxy_leave__E)
                  000019d0    0000017c     sysbios.aem4f : BIOS.obj (.text:ti_sysbios_family_arm_lm4_TimestampProvider_get64__E)
                  00001b4c    00000004                   : BIOS.obj (.text:ti_sysbios_family_arm_lm4_Timer_masterEnable__I)
                  00001b50    00000174                   : BIOS.obj (.text:ti_sysbios_family_arm_m3_Hwi_excBusFault__I)
                  00001cc4    00000004     app_pem4f.oem4f (.text:ti_sysbios_family_arm_m3_Hwi_destruct)
                  00001cc8    00000164     sysbios.aem4f : BIOS.obj (.text:ti_sysbios_family_arm_m3_Hwi_excUsageFault__I)
                  00001e2c    00000004     app_pem4f.oem4f (.text:ti_sysbios_family_arm_m3_TaskSupport_Module__startupDone__S)
                  00001e30    00000150     sysbios.aem4f : BIOS.obj (.text:ti_sysbios_knl_Event_post__E)
                  00001f80    00000150                   : BIOS.obj (.text:ti_sysbios_knl_Semaphore_post__E)
                  000020d0    00000148                   : BIOS.obj (.text:ti_sysbios_family_arm_m3_Hwi_excMemFault__I)
                  00002218    0000013c                   : BIOS.obj (.text:ti_sysbios_heaps_HeapMem_Instance_init__E)
                  00002354    00000004     app_pem4f.oem4f (.text:ti_sysbios_heaps_HeapMem_Module_GateProxy_enter__E)
                  00002358    00000138     sysbios.aem4f : BIOS.obj (.text:ti_sysbios_family_arm_m3_Hwi_dispatchC__I)
                  00002490    00000138     app_pem4f.oem4f (.text:ti_uia_loggers_LoggerStopMode_writeMemoryRange__E)
                  000025c8    00000134     sysbios.aem4f : BIOS.obj (.text:ti_sysbios_knl_Clock_workFunc__E)
                  000026fc    00000130     driverlib.lib : gpio.obj (.text:GPIOPadConfigSet)
                  0000282c    00000120     ti.targets.arm.rtsarm.aem4f : Error.oem4f (.text:xdc_runtime_Error_policyDefault__E)
                  0000294c    00000004     app_pem4f.oem4f (.text:ti_sysbios_heaps_HeapMem_Module_GateProxy_leave__E)
                  00002950    0000011c     sysbios.aem4f : BIOS.obj (.text:ti_sysbios_knl_Swi_run__I)
                  00002a6c    0000010c     app_pem4f.oem4f (.text:ti_uia_loggers_LoggerStopMode_write8__E)
                  00002b78    00000104     sysbios.aem4f : BIOS.obj (.text:ti_sysbios_knl_Task_Module_startup__E)
                  00002c7c    00000104     ti.targets.arm.rtsarm.aem4f : Core-mem.oem4f (.text:xdc_runtime_Core_createObject__I)
                  00002d80    00000100     Boot.aem4f : Boot_sysctl.oem4f (.text:ti_catalog_arm_cortexm4_tiva_ce_Boot_sysCtlClockSetI__I)
                  00002e80    000000fc     ti.targets.arm.rtsarm.aem4f : Startup.oem4f (.text:xdc_runtime_Startup_startMods__I)
                  00002f7c    000000f8     app_pem4f.oem4f (.text:xdc_runtime_System_printfExtend__I)
                  00003074    000000f4     sysbios.aem4f : m3_Hwi_asm.obj (.text:ti_sysbios_family_arm_m3_Hwi_dispatch__I)
                  00003168    000000f4     app_pem4f.oem4f (.text:ti_uia_loggers_LoggerStopMode_write4__E)
                  0000325c    000000e8     app_pem4f.oem4f (.text:ti_uia_loggers_LoggerStopMode_write2__E)
                  00003344    000000e4     drivers_tivaware.aem4f : I2CTiva.oem4f (.text:I2CTiva_open)
                  00003428    000000e4     app_pem4f.oem4f (.text:ti_uia_loggers_LoggerStopMode_write1__E)
                  0000350c    00000004     app_pem4f.oem4f (.text:ti_sysbios_knl_Clock_TimerProxy_getMaxTicks__E)
                  00003510    000000d8     sysbios.aem4f : BIOS.obj (.text:ti_sysbios_family_arm_lm4_TimestampProvider_get32__E)
                  000035e8    000000d8     app_pem4f.oem4f (.text:ti_uia_loggers_LoggerStopMode_write0__E)
                  000036c0    000000d6     drivers_tivaware.aem4f : I2CTiva.oem4f (.text:I2CTiva_hwiFxn)
                  00003796    00000002     app_pem4f.oem4f (.text:ti_sysbios_BIOS_nullFunc__I)
                  00003798    000000cc     sysbios.aem4f : BIOS.obj (.text:ti_sysbios_knl_Task_schedule__I)
                  00003864    000000cc     ti.targets.arm.rtsarm.aem4f : Core-smem.oem4f (.text:xdc_runtime_Core_constructObject__I)
                  00003930    000000c4     sysbios.aem4f : BIOS.obj (.text:ti_sysbios_family_arm_m3_Hwi_Module_startup__E)
                  000039f4    00000004     app_pem4f.oem4f (.text:ti_sysbios_knl_Clock_TimerProxy_getPeriod__E)
                  000039f8    000000bc     sysbios.aem4f : BIOS.obj (.text:ti_sysbios_family_arm_m3_Hwi_excDebugMon__I)
                  00003ab4    00000004     app_pem4f.oem4f (.text:ti_sysbios_knl_Queue_destruct)
                  00003ab8    000000bc     sysbios.aem4f : BIOS.obj (.text:ti_sysbios_family_arm_m3_Hwi_excHardFault__I)
                  00003b74    00000004     app_pem4f.oem4f (.text:ti_sysbios_knl_Semaphore_destruct)
                  00003b78    000000bc     sysbios.aem4f : BIOS.obj (.text:ti_sysbios_knl_Task_startCore__E)
                  00003c34    00000004     ti.uia.loggers.aem4f : LoggerStopMode.oem4f (.text:ti_uia_loggers_LoggerStopMode_getContents__E)
                  00003c38    000000b4     sysbios.aem4f : BIOS.obj (.text:ti_sysbios_gates_GateMutex_enter__E)
                  00003cec    00000004     app_pem4f.oem4f (.text:ti_uia_loggers_LoggerStopMode_getFilterLevel__E)
                  00003cf0    000000b4     sysbios.aem4f : BIOS.obj (.text:ti_sysbios_knl_Task_checkStacks__E)
                  00003da4    00000004     ti.uia.loggers.aem4f : LoggerStopMode.oem4f (.text:ti_uia_loggers_LoggerStopMode_getInstanceId__E)
                  00003da8    000000b0     sysbios.aem4f : BIOS.obj (.text:ti_sysbios_utils_Load_idleFxn__E)
                  00003e58    000000ac                   : BIOS.obj (.text:ti_sysbios_family_arm_lm4_Timer_enableTiva__I)
                  00003f04    00000004     ti.uia.loggers.aem4f : LoggerStopMode.oem4f (.text:ti_uia_loggers_LoggerStopMode_getMaxLength__E)
                  00003f08    000000ac     sysbios.aem4f : BIOS.obj (.text:ti_sysbios_knl_Swi_post__E)
                  00003fb4    00000004     ti.uia.loggers.aem4f : LoggerStopMode.oem4f (.text:ti_uia_loggers_LoggerStopMode_getPriority__E)
                  00003fb8    000000ac     sysbios.aem4f : BIOS.obj (.text:ti_sysbios_utils_Load_updateLoads__E)
                  00004064    000000a8     suit_i2c.obj (.text:suit_i2c_transfer)
                  0000410c    00000004     ti.uia.loggers.aem4f : LoggerStopMode.oem4f (.text:ti_uia_loggers_LoggerStopMode_getTransferType__E)
                  00004110    000000a8     sysbios.aem4f : BIOS.obj (.text:ti_sysbios_family_arm_lm4_Timer_enableTimers__I)
                  000041b8    000000a8                   : BIOS.obj (.text:ti_sysbios_knl_Task_blockI__E)
                  00004260    000000a8                   : BIOS.obj (.text:ti_sysbios_knl_Task_postInit__I)
                  00004308    000000a0     auto_init.aem4f : auto_init.oem4f (.text)
                  000043a8    000000a0     sysbios.aem4f : BIOS.obj (.text:ti_sysbios_family_arm_m3_Hwi_Instance_init__E)
                  00004448    0000009c     rtsv7M4_T_le_v4SPD16_eabi.lib : memcpy_t2.obj (.text)
                  000044e4    0000009a     ti.targets.arm.rtsarm.aem4f : Text.oem4f (.text:xdc_runtime_Text_putSite__E)
                  0000457e    00000002     app_pem4f.oem4f (.text:ti_uia_loggers_LoggerStopMode_setFilterLevel__E)
                  00004580    00000094     Boot.aem4f : Boot.oem4f (.text:ti_catalog_arm_cortexm4_tiva_ce_Boot_sysCtlClockSet__E)
                  00004614    00000004     ti.targets.arm.rtsarm.aem4f : Error.oem4f (.text:xdc_runtime_Error_getSite__E)
                  00004618    00000094     sysbios.aem4f : BIOS.obj (.text:ti_sysbios_family_arm_m3_Hwi_initNVIC__E)
                  000046ac    00000004     app_pem4f.oem4f (.text:xdc_runtime_System_Module_GateProxy_enter__E)
                  000046b0    00000094     sysbios.aem4f : BIOS.obj (.text:ti_sysbios_knl_Task_exit__E)
                  00004744    00000094     ti.targets.arm.rtsarm.aem4f : Text.oem4f (.text:xdc_runtime_Text_putMod__E)
                  000047d8    00000090     sysbios.aem4f : BIOS.obj (.text:ti_sysbios_knl_Task_unblockI__E)
                  00004868    00000090     ti.uia.loggers.aem4f : LoggerStopMode.oem4f (.text:ti_uia_loggers_LoggerStopMode_initQueueDescriptor__E)
                  000048f8    0000008c     sysbios.aem4f : m3_TaskSupport_asm.obj (.text:ti_sysbios_family_arm_m3_TaskSupport_buildTaskStack)
                  00004984    00000088     EK_TM4C123GXL.obj (.text:EK_TM4C123GXL_initGPIO)
                  00004a0c    00000004     app_pem4f.oem4f (.text:xdc_runtime_System_Module_GateProxy_leave__E)
                  00004a10    00000088     sysbios.aem4f : BIOS.obj (.text:ti_sysbios_knl_Mailbox_Module_startup__E)
                  00004a98    0000007e     drivers_tivaware.aem4f : I2CTiva.oem4f (.text:I2CTiva_transfer)
                  00004b16    00000002     ti.uia.loggers.aem4f : LoggerStopMode.oem4f (.text:ti_uia_loggers_LoggerStopMode_setPriority__E)
                  00004b18    0000007c     EK_TM4C123GXL.obj (.text:EK_TM4C123GXL_initI2C)
                  00004b94    00000004     ti.targets.arm.rtsarm.aem4f : System.oem4f (.text:xdc_runtime_System_aprintf_va__F)
                  00004b98    0000007c     sysbios.aem4f : BIOS.obj (.text:ti_sysbios_utils_Load_logLoads__I)
                  00004c14    0000007a     rtsv7M4_T_le_v4SPD16_eabi.lib : memset_t2.obj (.text)
                  00004c8e    00000002     app_pem4f.oem4f (.text:xdc_runtime_Startup_reset__I)
                  00004c90    00000074     sysbios.aem4f : BIOS.obj (.text:ti_sysbios_family_arm_m3_Hwi_postInit__I)
                  00004d04    00000004     ti.targets.arm.rtsarm.aem4f : System.oem4f (.text:xdc_runtime_System_printf_va__F)
                  00004d08    00000070     sysbios.aem4f : BIOS.obj (.text:ti_sysbios_knl_Semaphore_Instance_init__E)
                  00004d78    00000070     ti.uia.runtime.aem4f : QueueDescriptor.oem4f (.text:ti_uia_runtime_QueueDescriptor_addToList__E)
                  00004de8    00000070     ti.targets.arm.rtsarm.aem4f : Memory.oem4f (.text:xdc_runtime_Memory_alloc__E)
                  00004e58    0000006c     sysbios.aem4f : BIOS.obj (.text:ti_sysbios_utils_Load_updateThreadContexts__E)
                  00004ec4    0000006c     ti.targets.arm.rtsarm.aem4f : Error.oem4f (.text:xdc_runtime_Error_print__E)
                  00004f30    0000006a     rtsv7M4_T_le_v4SPD16_eabi.lib : copy_decompress_rle.obj (.text)
                  00004f9a    00000002     --HOLE-- [fill = 0]
                  00004f9c    00000068                                   : trgmsg.obj (.text)
                  00005004    00000066     ti.targets.arm.rtsarm.aem4f : Core-mem.oem4f (.text:xdc_runtime_Core_deleteObject__I)
                  0000506a    00000006     driverlib.lib : gpio.obj (.text:GPIOPinWrite)
                  00005070    00000064     sysbios.aem4f : BIOS.obj (.text:ti_sysbios_family_arm_lm4_Timer_Module_startup__E)
                  000050d4    00000062     drivers_tivaware.aem4f : I2CTiva.oem4f (.text:I2CTiva_primeTransfer)
                  00005136    00000062     ti.uia.loggers.aem4f : LoggerStopMode.oem4f (.text:ti_uia_loggers_LoggerStopMode_flush__E)
                  00005198    00000060     sysbios.aem4f : BIOS.obj (.text:ti_sysbios_family_arm_lm4_Timer_isrStub__E)
                  000051f8    00000060                   : BIOS.obj (.text:ti_sysbios_knl_Clock_logTick__E)
                  00005258    00000060                   : BIOS.obj (.text:ti_sysbios_utils_Load_logCPULoad__I)
                  000052b8    00000060     ti.targets.arm.rtsarm.aem4f : System.oem4f (.text:xdc_runtime_System_formatNum__I)
                  00005318    0000005c     sysbios.aem4f : BIOS.obj (.text:ti_sysbios_knl_Swi_restoreHwi__E)
                  00005374    00000004     --HOLE-- [fill = 0]
                  00005378    0000005c                   : BIOS.obj (.text:ti_sysbios_knl_Swi_schedule__I)
                  000053d4    0000005c     app_pem4f.oem4f (.text:ti_sysbios_knl_Task_create)
                  00005430    0000005b     ti.targets.arm.rtsarm.aem4f : Text.oem4f (.text:xdc_runtime_Text_putLab__E)
                  0000548b    00000001     --HOLE-- [fill = 0]
                  0000548c    00000058     boot.aem4f : boot.oem4f (.text)
                  000054e4    00000058     app_pem4f.oem4f (.text:ti_sysbios_family_arm_m3_Hwi_construct)
                  0000553c    00000058     sysbios.aem4f : m3_Hwi_asm_switch.obj (.text:ti_sysbios_family_arm_m3_Hwi_initStacks__E)
                  00005594    00000004     --HOLE-- [fill = 0]
                  00005598    00000054                   : BIOS.obj (.text:ti_sysbios_utils_Load_updateCurrentThreadTime__E)
                  000055ec    00000050     ti.targets.arm.rtsarm.aem4f : Startup.oem4f (.text:xdc_runtime_Startup_exec__E)
                  0000563c    00000050                                 : Text.oem4f (.text:xdc_runtime_Text_visitRope2__I)
                  0000568c    0000004c     rtsv7M4_T_le_v4SPD16_eabi.lib : cpy_tbl.obj (.text)
                  000056d8    0000004c     sysbios.aem4f : BIOS.obj (.text:ti_sysbios_heaps_HeapMem_getStats__E)
                  00005724    00000004     --HOLE-- [fill = 0]
                  00005728    0000004c                   : BIOS.obj (.text:ti_sysbios_knl_Swi_runLoop__I)
                  00005774    00000004     --HOLE-- [fill = 0]
                  00005778    0000004c                   : BIOS.obj (.text:ti_sysbios_knl_Task_allBlockedFunction__I)
                  000057c4    0000004c     ti.uia.loggers.aem4f : LoggerStopMode.oem4f (.text:ti_uia_loggers_LoggerStopMode_Module_startup__E)
                  00005810    00000048     driverlib.lib : gpio.obj (.text:GPIOPinConfigure)
                  00005858    00000048                   : i2c.obj (.text:I2CMasterInitExpClk)
                  000058a0    00000048     sysbios.aem4f : BIOS.obj (.text:ti_sysbios_family_arm_m3_Hwi_disableInterrupt__E)
                  000058e8    00000048                   : BIOS.obj (.text:ti_sysbios_family_arm_m3_Hwi_enableInterrupt__E)
                  00005930    00000048                   : BIOS.obj (.text:ti_sysbios_family_arm_m3_Hwi_excReserved__I)
                  00005978    00000048     ti.uia.loggers.aem4f : LoggerStopMode.oem4f (.text:ti_uia_loggers_LoggerStopMode_initBuffer__I)
                  000059c0    00000048     ti.targets.arm.rtsarm.aem4f : Assert.oem4f (.text:xdc_runtime_Assert_raise__I)
                  00005a08    00000046                                 : Core-params.oem4f (.text:xdc_runtime_Core_assignParams__I)
                  00005a4e    00000002     --HOLE-- [fill = 0]
                  00005a50    00000044     main.obj (.text:main)
                  00005a94    00000044     rtsv7M4_T_le_v4SPD16_eabi.lib : exit.obj (.text)
                  00005ad8    00000044     sysbios.aem4f : BIOS.obj (.text:ti_sysbios_family_arm_lm4_Timer_stop__E)
                  00005b1c    00000004     --HOLE-- [fill = 0]
                  00005b20    00000044                   : BIOS.obj (.text:ti_sysbios_family_arm_m3_Hwi_getStackInfo__E)
                  00005b64    00000044     ti.targets.arm.rtsarm.aem4f : Error.oem4f (.text:xdc_runtime_Error_setX__E)
                  00005ba8    00000044                                 : SysMin.oem4f (.text:xdc_runtime_SysMin_flush__E)
                  00005bec    00000042     rtsv7M4_T_le_v4SPD16_eabi.lib : u_divt2.obj (.text)
                  00005c2e    00000002     --HOLE-- [fill = 0]
                  00005c30    00000040     EK_TM4C123GXL.obj (.text:EK_TM4C123GXL_initGeneral)
                  00005c70    00000040     sysbios.aem4f : BIOS.obj (.text:ti_sysbios_family_arm_lm4_Timer_startup__E)
                  00005cb0    0000003f     main.obj (.text:testFxn)
                  00005cef    00000001     --HOLE-- [fill = 0]
                  00005cf0    0000003c     sysbios.aem4f : BIOS.obj (.text:ti_sysbios_family_arm_m3_Hwi_excSvCall__I)
                  00005d2c    00000004     --HOLE-- [fill = 0]
                  00005d30    0000003c                   : BIOS.obj (.text:ti_sysbios_family_arm_m3_TaskSupport_start__E)
                  00005d6c    00000004     --HOLE-- [fill = 0]
                  00005d70    0000003c                   : BIOS.obj (.text:ti_sysbios_heaps_HeapMem_init__I)
                  00005dac    00000004     --HOLE-- [fill = 0]
                  00005db0    0000003c                   : BIOS.obj (.text:ti_sysbios_knl_Swi_restore__E)
                  00005dec    0000003c     ti.targets.arm.rtsarm.aem4f : Text.oem4f (.text:xdc_runtime_Text_xprintf__I)
                  00005e28    0000003a     drivers_tivaware.aem4f : I2CTiva.oem4f (.text:I2CTiva_completeTransfer)
                  00005e62    00000002     --HOLE-- [fill = 0]
                  00005e64    00000038                            : I2C.oem4f (.text:I2C_init)
                  00005e9c    00000004     --HOLE-- [fill = 0]
                  00005ea0    00000038     sysbios.aem4f : BIOS.obj (.text:ti_sysbios_family_arm_m3_Hwi_excNoIsr__I)
                  00005ed8    00000038                   : BIOS.obj (.text:ti_sysbios_knl_Task_processVitalTaskFlag__I)
                  00005f10    00000038     ti.targets.arm.rtsarm.aem4f : SysMin.oem4f (.text:xdc_runtime_SysMin_putch__E)
                  00005f48    00000038                                 : System.oem4f (.text:xdc_runtime_System_atexit__E)
                  00005f80    00000034     driverlib.lib : sysctl.obj (.text:SysCtlPeripheralEnable)
                  00005fb4    00000004     --HOLE-- [fill = 0]
                  00005fb8    00000034     sysbios.aem4f : BIOS.obj (.text:ti_sysbios_family_arm_m3_Hwi_excNmi__I)
                  00005fec    00000004     --HOLE-- [fill = 0]
                  00005ff0    00000034                   : BIOS.obj (.text:ti_sysbios_hal_Hwi_checkStack)
                  00006024    00000034     ti.uia.loggers.aem4f : LoggerStopMode.oem4f (.text:ti_uia_loggers_LoggerStopMode_reset__E)
                  00006058    00000034     ti.targets.arm.rtsarm.aem4f : Core-label.oem4f (.text:xdc_runtime_Core_assignLabel__I)
                  0000608c    00000033                                 : Text.oem4f (.text:xdc_runtime_Text_printVisFxn__I)
                  000060bf    00000001     --HOLE-- [fill = 0]
                  000060c0    00000032     sysbios.aem4f : BIOS.obj (.text:ti_sysbios_hal_Hwi_initStack)
                  000060f2    00000006     driverlib.lib : i2c.obj (.text:I2CMasterIntDisable)
                  000060f8    00000032     sysbios.aem4f : BIOS.obj (.text:ti_sysbios_knl_Semaphore_pendTimeout__I)
                  0000612a    00000030     drivers_tivaware.aem4f : I2CTiva.oem4f (.text:I2CTiva_close)
                  0000615a    00000002     --HOLE-- [fill = 0]
                  0000615c    00000030     app_pem4f.oem4f (.text:ti_sysbios_BIOS_atExitFunc__I)
                  0000618c    00000030     app_pem4f.oem4f (.text:ti_sysbios_gates_GateHwi_Object__create__S)
                  000061bc    00000030     app_pem4f.oem4f (.text:ti_sysbios_gates_GateMutex_Object__create__S)
                  000061ec    00000030     app_pem4f.oem4f (.text:ti_sysbios_heaps_HeapMem_Object__create__S)
                  0000621c    00000030     app_pem4f.oem4f (.text:ti_sysbios_knl_Semaphore_construct)
                  0000624c    00000030     app_pem4f.oem4f (.text:ti_uia_loggers_LoggerStopMode_Object__create__S)
                  0000627c    00000030     ti.targets.arm.rtsarm.aem4f : SysMin.oem4f (.text:xdc_runtime_SysMin_abort__E)
                  000062ac    00000030                                 : System.oem4f (.text:xdc_runtime_System_processAtExit__E)
                  000062dc    0000002c     app_pem4f.oem4f (.text:ti_sysbios_knl_Clock_doTick__I)
                  00006308    0000002c     app_pem4f.oem4f (.text:ti_sysbios_knl_Queue_construct)
                  00006334    00000004     --HOLE-- [fill = 0]
                  00006338    0000002c     sysbios.aem4f : BIOS.obj (.text:ti_sysbios_knl_Task_restore__E)
                  00006364    0000002c     ti.targets.arm.rtsarm.aem4f : Text.oem4f (.text:xdc_runtime_Text_cordText__E)
                  00006390    0000002a     driverlib.lib : gpio.obj (.text:GPIODirModeSet)
                  000063ba    0000002a     ti.targets.arm.rtsarm.aem4f : System.oem4f (.text:xdc_runtime_System_putchar__I)
                  000063e4    00000028     drivers_tivaware.aem4f : GPIOTiva.oem4f (.text:GPIO_write)
                  0000640c    00000004     --HOLE-- [fill = 0]
                  00006410    00000028     sysbios.aem4f : BIOS.obj (.text:ti_sysbios_family_arm_m3_Hwi_Instance_finalize__E)
                  00006438    00000028                   : BIOS.obj (.text:ti_sysbios_knl_Semaphore_Instance_finalize__E)
                  00006460    00000028                   : BIOS.obj (.text:ti_sysbios_knl_Swi_Module_startup__E)
                  00006488    00000026                   : m3_Hwi_asm.obj (.text:ti_sysbios_family_arm_m3_Hwi_pendSV__I)
                  000064ae    00000026     ti.targets.arm.rtsarm.aem4f : System.oem4f (.text:xdc_runtime_System_avprintf__E)
                  000064d4    00000024     drivers_tivaware.aem4f : GPIOTiva.oem4f (.text:GPIO_init)
                  000064f8    00000024     app_pem4f.oem4f (.text:ti_sysbios_BIOS_errorRaiseHook__I)
                  0000651c    00000024     app_pem4f.oem4f (.text:ti_sysbios_BIOS_registerRTSLock__I)
                  00006540    00000024     app_pem4f.oem4f (.text:ti_sysbios_BIOS_removeRTSLock__I)
                  00006564    00000024     app_pem4f.oem4f (.text:ti_sysbios_BIOS_startFunc__I)
                  00006588    00000024     sysbios.aem4f : BIOS.obj (.text:ti_sysbios_family_arm_m3_Hwi_doTaskRestore__I)
                  000065ac    00000024     app_pem4f.oem4f (.text:ti_sysbios_gates_GateMutex_Object__delete__S)
                  000065d0    00000024     sysbios.aem4f : BIOS.obj (.text:ti_sysbios_knl_Clock_Module_startup__E)
                  000065f4    00000024     ti.targets.arm.rtsarm.aem4f : System.oem4f (.text:xdc_runtime_System_vprintf__E)
                  00006618    00000022     sysbios.aem4f : BIOS.obj (.text:ti_sysbios_family_arm_lm4_Timer_write__I)
                  0000663a    00000022     app_pem4f.oem4f (.text:xdc_runtime_SysMin_output__I)
                  0000665c    00000020     app_pem4f.oem4f (.text:ti_sysbios_BIOS_rtsLock__I)
                  0000667c    00000020     sysbios.aem4f : m3_Hwi_asm.obj (.text:ti_sysbios_family_arm_m3_Hwi_excHandlerAsm__I)
                  0000669c    00000004     --HOLE-- [fill = 0]
                  000066a0    00000020                   : BIOS.obj (.text:ti_sysbios_family_arm_m3_Hwi_excHandler__I)
                  000066c0    00000020     app_pem4f.oem4f (.text:ti_sysbios_gates_GateHwi_Object__delete__S)
                  000066e0    00000020     app_pem4f.oem4f (.text:ti_sysbios_heaps_HeapMem_Object__delete__S)
                  00006700    00000020     sysbios.aem4f : BIOS.obj (.text:ti_sysbios_knl_Idle_run__E)
                  00006720    00000020     app_pem4f.oem4f (.text:ti_sysbios_knl_Semaphore_Object__destruct__S)
                  00006740    00000020     app_pem4f.oem4f (.text:ti_uia_loggers_LoggerStopMode_Object__delete__S)
                  00006760    00000020     ti.targets.arm.rtsarm.aem4f : Registry.oem4f (.text:xdc_runtime_Registry_findById__E)
                  00006780    00000020                                 : SysMin.oem4f (.text:xdc_runtime_SysMin_Module_startup__E)
                  000067a0    0000001e     sysbios.aem4f : m3_Hwi_asm_switch.obj (.text:ti_sysbios_family_xxx_Hwi_switchAndRunFunc)
                  000067be    00000002     --HOLE-- [fill = 0]
                  000067c0    0000001c     app_pem4f.oem4f (.text:ti_sysbios_family_arm_m3_Hwi_Object__destruct__S)
                  000067dc    00000004     --HOLE-- [fill = 0]
                  000067e0    0000001c     sysbios.aem4f : BIOS.obj (.text:ti_sysbios_gates_GateMutex_Instance_init__E)
                  000067fc    0000001c     app_pem4f.oem4f (.text:ti_sysbios_knl_Queue_Object__destruct__S)
                  00006818    0000001c     sysbios.aem4f : BIOS.obj (.text:ti_sysbios_knl_Task_enter__I)
                  00006834    0000001c     ti.targets.arm.rtsarm.aem4f : Error.oem4f (.text:xdc_runtime_Error_raiseX__E)
                  00006850    0000001c                                 : Memory.oem4f (.text:xdc_runtime_Memory_valloc__E)
                  0000686c    0000001c                                 : SysMin.oem4f (.text:xdc_runtime_SysMin_exit__E)
                  00006888    0000001c                                 : System.oem4f (.text:xdc_runtime_System_abort__E)
                  000068a4    0000001a     app_pem4f.oem4f (.text:ti_sysbios_family_arm_m3_Hwi_Handle__label__S)
                  000068be    0000001a     app_pem4f.oem4f (.text:ti_sysbios_gates_GateHwi_Handle__label__S)
                  000068d8    0000001a     app_pem4f.oem4f (.text:ti_sysbios_gates_GateMutex_Handle__label__S)
                  000068f2    0000001a     app_pem4f.oem4f (.text:ti_sysbios_heaps_HeapMem_Handle__label__S)
                  0000690c    0000001a     app_pem4f.oem4f (.text:ti_sysbios_knl_Swi_Handle__label__S)
                  00006926    0000001a     app_pem4f.oem4f (.text:ti_sysbios_knl_Task_Handle__label__S)
                  00006940    0000001a     app_pem4f.oem4f (.text:ti_uia_loggers_LoggerStopMode_Handle__label__S)
                  0000695a    0000001a     ti.uia.loggers.aem4f : LoggerStopMode.oem4f (.text:ti_uia_loggers_LoggerStopMode_Instance_init__E)
                  00006974    0000001a     app_pem4f.oem4f (.text:xdc_runtime_System_aprintf__E)
                  0000698e    0000001a     app_pem4f.oem4f (.text:xdc_runtime_System_printf__E)
                  000069a8    00000018     driverlib.lib : gpio.obj (.text:GPIOPinTypeGPIOOutput)
                  000069c0    00000018     drivers_tivaware.aem4f : I2C.oem4f (.text:I2C_open)
                  000069d8    00000018     rtsv7M4_T_le_v4SPD16_eabi.lib : args_main.obj (.text)
                  000069f0    00000018     app_pem4f.oem4f (.text:ti_sysbios_BIOS_rtsUnlock__I)
                  00006a08    00000018     app_pem4f.oem4f (.text:ti_sysbios_family_arm_lm4_Timer_Module__startupDone__F)
                  00006a20    00000018     app_pem4f.oem4f (.text:ti_sysbios_family_arm_m3_Hwi_Module__startupDone__F)
                  00006a38    00000018     sysbios.aem4f : m3_TaskSupport_asm.obj (.text:ti_sysbios_family_arm_m3_TaskSupport_swap__E)
                  00006a50    00000018                   : BIOS.obj (.text:ti_sysbios_gates_GateMutex_leave__E)
                  00006a68    00000018     ti.targets.arm.rtsarm.aem4f : Error.oem4f (.text:xdc_runtime_Error_check__E)
                  00006a80    00000018                                 : System.oem4f (.text:xdc_runtime_System_exit__E)
                  00006a98    00000018                                 : Text.oem4f (.text:xdc_runtime_Text_ropeText__E)
                  00006ab0    00000016     driverlib.lib : i2c.obj (.text:I2CMasterErr)
                  00006ac6    00000016     app_pem4f.oem4f (.text:ti_sysbios_BIOS_exitFunc__I)
                  00006adc    00000016     ti.uia.loggers.aem4f : LoggerStopMode.oem4f (.text:ti_uia_loggers_LoggerStopMode_disable__E)
                  00006af2    00000016                          : LoggerStopMode.oem4f (.text:ti_uia_loggers_LoggerStopMode_enable__E)
                  00006b08    00000014     rtsv7M4_T_le_v4SPD16_eabi.lib : _lock.obj (.text)
                  00006b1c    00000014                                   : strcpy.obj (.text)
                  00006b30    00000014                                   : strlen.obj (.text)
                  00006b44    00000014     app_pem4f.oem4f (.text:ti_sysbios_family_arm_m3_Hwi_Object__get__S)
                  00006b58    00000014     sysbios.aem4f : BIOS.obj (.text:ti_sysbios_family_arm_m3_Hwi_switchFromBootStack__E)
                  00006b6c    00000014     app_pem4f.oem4f (.text:ti_sysbios_heaps_HeapMem_Object__get__S)
                  00006b80    00000014     app_pem4f.oem4f (.text:ti_sysbios_knl_Swi_Object__get__S)
                  00006b94    00000012     driverlib.lib : gpio.obj (.text:GPIOPinTypeGPIOInput)
                  00006ba6    00000012                   : gpio.obj (.text:GPIOPinTypeI2C)
                  00006bb8    00000012                   : gpio.obj (.text:GPIOPinTypeI2CSCL)
                  00006bca    00000006                   : i2c.obj (.text:I2CMasterIntEnable)
                  00006bd0    00000012     sysbios.aem4f : BIOS.obj (.text:ti_sysbios_hal_Hwi_Module_startup__E)
                  00006be2    00000006     drivers_tivaware.aem4f : I2CTiva.oem4f (.text:I2CTiva_control)
                  00006be8    00000012     sysbios.aem4f : BIOS.obj (.text:ti_sysbios_knl_Event_sync__E)
                  00006bfa    00000012     app_pem4f.oem4f (.text:xdc_runtime_Startup_exec__I)
                  00006c0c    00000010     drivers_tivaware.aem4f : I2C.oem4f (.text:I2C_Params_init)
                  00006c1c    00000004     --HOLE-- [fill = 0]
                  00006c20    00000010     sysbios.aem4f : BIOS.obj (.text:ti_sysbios_BIOS_getCpuFreq__E)
                  00006c30    00000010                   : BIOS.obj (.text:ti_sysbios_BIOS_setThreadType__E)
                  00006c40    00000010                   : BIOS.obj (.text:ti_sysbios_BIOS_start__E)
                  00006c50    00000010                   : BIOS.obj (.text:ti_sysbios_family_arm_lm4_TimestampProvider_rolloverFunc__E)
                  00006c60    00000010                   : m3_TaskSupport_asm.obj (.text:ti_sysbios_family_arm_m3_TaskSupport_glue)
                  00006c70    00000010                   : BIOS.obj (.text:ti_sysbios_gates_GateMutex_Instance_finalize__E)
                  00006c80    00000010     app_pem4f.oem4f (.text:ti_sysbios_knl_Mailbox_Object__get__S)
                  00006c90    00000010     sysbios.aem4f : BIOS.obj (.text:ti_sysbios_knl_Swi_disable__E)
                  00006ca0    00000010     app_pem4f.oem4f (.text:ti_sysbios_knl_Task_Object__get__S)
                  00006cb0    00000010     sysbios.aem4f : BIOS.obj (.text:ti_sysbios_knl_Task_disable__E)
                  00006cc0    00000010     app_pem4f.oem4f (.text:ti_uia_loggers_LoggerStopMode_Object__get__S)
                  00006cd0    00000010     ti.uia.loggers.aem4f : LoggerStopMode.oem4f (.text:ti_uia_loggers_LoggerStopMode_isEmpty__E)
                  00006ce0    00000010     ti.targets.arm.rtsarm.aem4f : Gate.oem4f (.text:xdc_runtime_Gate_leaveSystem__E)
                  00006cf0    00000010                                 : Memory.oem4f (.text:xdc_runtime_Memory_free__E)
                  00006d00    00000010                                 : SysMin.oem4f (.text:xdc_runtime_SysMin_ready__E)
                  00006d10    00000010                                 : System.oem4f (.text:xdc_runtime_System_vsnprintf__E)
                  00006d20    00000010     app_pem4f.oem4f (.text:xdc_runtime_Text_visitRope__I)
                  00006d30    0000000e     rtsv7M4_T_le_v4SPD16_eabi.lib : copy_decompress_none.obj (.text:decompress:none)
                  00006d3e    00000002     --HOLE-- [fill = 0]
                  00006d40    0000000e     sysbios.aem4f : BIOS.obj (.text:ti_sysbios_knl_Idle_loop__E)
                  00006d4e    00000002     --HOLE-- [fill = 0]
                  00006d50    0000000e                   : BIOS.obj (.text:ti_sysbios_knl_Queue_empty__E)
                  00006d5e    00000002     --HOLE-- [fill = 0]
                  00006d60    0000000c     app_pem4f.oem4f (.text:.bootCodeSection:ti_catalog_arm_cortexm4_tiva_ce_Boot_init__I)
                  00006d6c    0000000c     rtsv7M4_T_le_v4SPD16_eabi.lib : copy_zero_init.obj (.text:decompress:ZI)
                  00006d78    0000000c     sysbios.aem4f : BIOS.obj (.text:ti_sysbios_family_arm_lm4_Timer_getMaxTicks__E)
                  00006d84    00000004     --HOLE-- [fill = 0]
                  00006d88    0000000c                   : BIOS.obj (.text:ti_sysbios_family_arm_lm4_TimestampProvider_startTimer__E)
                  00006d94    0000000c     app_pem4f.oem4f (.text:ti_sysbios_family_arm_m3_Hwi_Params__init__S)
                  00006da0    0000000c     sysbios.aem4f : BIOS.obj (.text:ti_sysbios_family_arm_m3_Hwi_disableFxn__E)
                  00006dac    00000004     --HOLE-- [fill = 0]
                  00006db0    0000000c                   : BIOS.obj (.text:ti_sysbios_family_arm_m3_TaskSupport_checkStack__E)
                  00006dbc    00000004     --HOLE-- [fill = 0]
                  00006dc0    0000000c                   : BIOS.obj (.text:ti_sysbios_family_arm_m3_TaskSupport_getStackAlignment__E)
                  00006dcc    00000004     --HOLE-- [fill = 0]
                  00006dd0    0000000c                   : BIOS.obj (.text:ti_sysbios_gates_GateHwi_enter__E)
                  00006ddc    0000000c     app_pem4f.oem4f (.text:ti_sysbios_knl_Queue_Object__get__S)
                  00006de8    0000000c     app_pem4f.oem4f (.text:ti_sysbios_knl_Semaphore_Params__init__S)
                  00006df4    0000000c     ti.targets.arm.rtsarm.aem4f : Error.oem4f (.text:xdc_runtime_Error_init__E)
                  00006e00    0000000c                                 : Gate.oem4f (.text:xdc_runtime_Gate_enterSystem__E)
                  00006e0c    0000000c                                 : Memory.oem4f (.text:xdc_runtime_Memory_calloc__E)
                  00006e18    0000000c                                 : Memory.oem4f (.text:xdc_runtime_Memory_getMaxDefaultTypeAlign__E)
                  00006e24    0000000a     driverlib.lib : i2c.obj (.text:I2CMasterDisable)
                  00006e2e    0000000a                   : i2c.obj (.text:I2CMasterEnable)
                  00006e38    0000000a     drivers_tivaware.aem4f : I2CTiva.oem4f (.text:I2CTiva_init)
                  00006e42    0000000a                            : I2C.oem4f (.text:I2C_close)
                  00006e4c    0000000a                            : I2C.oem4f (.text:I2C_transfer)
                  00006e56    0000000a     app_pem4f.oem4f (.text:xdc_runtime_IHeap_alloc)
                  00006e60    0000000a     app_pem4f.oem4f (.text:xdc_runtime_IHeap_free)
                  00006e6a    00000008     driverlib.lib : i2c.obj (.text:I2CMasterIntClear)
                  00006e72    00000008                   : i2c.obj (.text:I2CMasterSlaveAddrSet)
                  00006e7a    00000008     drivers_tivaware.aem4f : I2CTiva.oem4f (.text:I2CTiva_blockingCallback)
                  00006e82    00000008     sysbios.aem4f : BIOS.obj (.text:ti_sysbios_family_arm_lm4_Timer_masterDisable__I)
                  00006e8a    00000006     ti.targets.arm.rtsarm.aem4f : xdc_noinit.oem4f (.text:__xdc__init)
                  00006e90    00000008     sysbios.aem4f : BIOS.obj (.text:ti_sysbios_family_arm_m3_Hwi_doSwiRestore__I)
                  00006e98    00000008                   : BIOS.obj (.text:ti_sysbios_family_arm_m3_Hwi_startup__E)
                  00006ea0    00000006     rtsv7M4_T_le_v4SPD16_eabi.lib : copy_decompress_rle.obj (.text:decompress:rle24)
                  00006ea6    00000006     Boot.aem4f : Boot_sysctl.oem4f (.text:ti_catalog_arm_cortexm4_tiva_ce_Boot_sysCtlDelayI__I)
                  00006eac    00000004     --HOLE-- [fill = 0]
                  00006eb0    00000006     sysbios.aem4f : BIOS.obj (.text:ti_sysbios_family_arm_lm4_TimestampProvider_Module_startup__E)
                  00006eb6    00000002     --HOLE-- [fill = 0]
                  00006eb8    00000006                   : BIOS.obj (.text:ti_sysbios_family_arm_m3_Hwi_restoreFxn__E)
                  00006ebe    00000002     --HOLE-- [fill = 0]
                  00006ec0    00000006                   : BIOS.obj (.text:ti_sysbios_gates_GateHwi_leave__E)
                  00006ec6    00000002     --HOLE-- [fill = 0]
                  00006ec8    00000006                   : BIOS.obj (.text:ti_sysbios_heaps_HeapMem_isBlocking__E)
                  00006ece    00000002     --HOLE-- [fill = 0]
                  00006ed0    00000006                   : BIOS.obj (.text:ti_sysbios_knl_Queue_Instance_init__E)
                  00006ed6    00000002     --HOLE-- [fill = 0]
                  00006ed8    00000006                   : BIOS.obj (.text:ti_sysbios_knl_Swi_startup__E)
                  00006ede    00000006     ti.targets.arm.rtsarm.aem4f : System.oem4f (.text:xdc_runtime_System_Module_startup__E)
                  00006ee4    00000004     --HOLE-- [fill = 0]
                  00006ee8    00000004     sysbios.aem4f : BIOS.obj (.text:ti_sysbios_family_arm_lm4_Timer_getPeriod__E)
                  00006eec    00000004     --HOLE-- [fill = 0]
                  00006ef0    00000004                   : BIOS.obj (.text:ti_sysbios_gates_GateHwi_query__E)
                  00006ef4    00000004     --HOLE-- [fill = 0]
                  00006ef8    00000004                   : BIOS.obj (.text:ti_sysbios_gates_GateMutex_query__E)
                  00006efc    00000004     --HOLE-- [fill = 0]
                  00006f00    00000004                   : BIOS.obj (.text:ti_sysbios_knl_Task_startup__E)
                  00006f04    00000004     --HOLE-- [fill = 0]
                  00006f08    00000002                   : BIOS.obj (.text:ti_sysbios_gates_GateHwi_Instance_init__E)

.const     0    00006f0c    00002762     
                  00006f0c    00001e60     app_pem4f.oem4f (.const:xdc_runtime_Text_charTab__A)
                  00008d6c    00000104     app_pem4f.oem4f (.const:xdc_runtime_Text_nodeTab__A)
                  00008e70    00000090     driverlib.lib : gpio.obj (.const:g_pui32GPIOBaseAddrs)
                  00008f00    00000060     app_pem4f.oem4f (.const:ti_uia_loggers_LoggerStopMode_Module__FXNS__C)
                  00008f60    00000048     app_pem4f.oem4f (.const:.string)
                  00008fa8    0000003c     EK_TM4C123GXL.obj (.const:gpioHWAttrs)
                  00008fe4    0000003c     app_pem4f.oem4f (.const:ti_sysbios_knl_Task_Object__PARAMS__C)
                  00009020    00000030     app_pem4f.oem4f (.const:ti_sysbios_family_arm_m3_Hwi_Object__PARAMS__C)
                  00009050    0000002c     app_pem4f.oem4f (.const:xdc_runtime_Startup_sfxnTab__A)
                  0000907c    00000028     app_pem4f.oem4f (.const:ti_sysbios_heaps_HeapMem_Module__FXNS__C)
                  000090a4    00000028     app_pem4f.oem4f (.const:ti_uia_loggers_LoggerStopMode_Object__PARAMS__C)
                  000090cc    00000024     EK_TM4C123GXL.obj (.const:I2C_config)
                  000090f0    00000024     app_pem4f.oem4f (.const:ti_sysbios_gates_GateHwi_Module__FXNS__C)
                  00009114    00000024     app_pem4f.oem4f (.const:ti_sysbios_gates_GateMutex_Module__FXNS__C)
                  00009138    00000024     app_pem4f.oem4f (.const:ti_sysbios_heaps_HeapMem_Object__PARAMS__C)
                  0000915c    00000024     app_pem4f.oem4f (.const:ti_sysbios_knl_Semaphore_Object__PARAMS__C)
                  00009180    00000020     app_pem4f.oem4f (.const:ti_sysbios_family_arm_m3_Hwi_Object__DESC__C)
                  000091a0    00000020     app_pem4f.oem4f (.const:ti_sysbios_gates_GateHwi_Object__DESC__C)
                  000091c0    00000020     app_pem4f.oem4f (.const:ti_sysbios_gates_GateMutex_Object__DESC__C)
                  000091e0    00000020     app_pem4f.oem4f (.const:ti_sysbios_heaps_HeapMem_Object__DESC__C)
                  00009200    00000020     app_pem4f.oem4f (.const:ti_sysbios_knl_Queue_Object__DESC__C)
                  00009220    00000020     app_pem4f.oem4f (.const:ti_sysbios_knl_Semaphore_Object__DESC__C)
                  00009240    00000020     app_pem4f.oem4f (.const:ti_sysbios_knl_Task_Object__DESC__C)
                  00009260    00000020     app_pem4f.oem4f (.const:ti_uia_loggers_LoggerStopMode_Object__DESC__C)
                  00009280    0000001c     drivers_tivaware.aem4f : I2CTiva.oem4f (.const)
                  0000929c    00000018     EK_TM4C123GXL.obj (.const:GPIO_config)
                  000092b4    00000018     app_pem4f.oem4f (.const:ti_sysbios_gates_GateHwi_Object__PARAMS__C)
                  000092cc    00000018     app_pem4f.oem4f (.const:ti_sysbios_gates_GateMutex_Object__PARAMS__C)
                  000092e4    00000018     app_pem4f.oem4f (.const:ti_sysbios_knl_Queue_Object__PARAMS__C)
                  000092fc    00000016     app_pem4f.oem4f (.const:xdc_runtime_Startup_sfxnRts__A)
                  00009312    00000002     app_pem4f.oem4f (.const:ti_catalog_arm_cortexm4_tiva_ce_Boot_Module__id__C)
                  00009314    00000014     app_pem4f.oem4f (.const:xdc_runtime_Startup_firstFxns__A)
                  00009328    00000011     ti.targets.arm.rtsarm.aem4f : System.oem4f (.const:.string)
                  00009339    00000001     app_pem4f.oem4f (.const:xdc_runtime_Error_policy__C)
                  0000933a    00000002     app_pem4f.oem4f (.const:ti_sysbios_family_arm_lm4_TimestampProvider_useClockTimer__C)
                  0000933c    00000010     drivers_tivaware.aem4f : I2C.oem4f (.const)
                  0000934c    00000010     EK_TM4C123GXL.obj (.const:i2cTivaHWAttrs)
                  0000935c    00000008     app_pem4f.oem4f (.const:ti_sysbios_family_arm_m3_Hwi_excHookFuncs__A)
                  00009364    00000008     app_pem4f.oem4f (.const:ti_sysbios_knl_Idle_funcList__A)
                  0000936c    00000008     app_pem4f.oem4f (.const:ti_sysbios_knl_Idle_funcList__C)
                  00009374    00000008     app_pem4f.oem4f (.const:xdc_runtime_Startup_firstFxns__C)
                  0000937c    00000008     app_pem4f.oem4f (.const:xdc_runtime_Startup_lastFxns__C)
                  00009384    00000004     app_pem4f.oem4f (.const:ti_catalog_arm_cortexm4_tiva_ce_Boot_A_mustUseEnhancedClockMode__C)
                  00009388    00000004     app_pem4f.oem4f (.const:ti_catalog_arm_cortexm4_tiva_ce_Boot_Module__diagsEnabled__C)
                  0000938c    00000004     app_pem4f.oem4f (.const:ti_catalog_arm_cortexm4_tiva_ce_Boot_Module__diagsIncluded__C)
                  00009390    00000004     app_pem4f.oem4f (.const:ti_catalog_arm_cortexm4_tiva_ce_Boot_Module__diagsMask__C)
                  00009394    00000004     app_pem4f.oem4f (.const:ti_sysbios_family_arm_lm4_Timer_enableFunc__C)
                  00009398    00000004     app_pem4f.oem4f (.const:ti_sysbios_family_arm_lm4_Timer_numTimerDevices__C)
                  0000939c    00000004     app_pem4f.oem4f (.const:ti_sysbios_family_arm_lm4_Timer_startupNeeded__C)
                  000093a0    00000004     app_pem4f.oem4f (.const:ti_sysbios_family_arm_m3_Hwi_E_NMI__C)
                  000093a4    00000004     app_pem4f.oem4f (.const:ti_sysbios_family_arm_m3_Hwi_E_alreadyDefined__C)
                  000093a8    00000004     app_pem4f.oem4f (.const:ti_sysbios_family_arm_m3_Hwi_E_busFault__C)
                  000093ac    00000004     app_pem4f.oem4f (.const:ti_sysbios_family_arm_m3_Hwi_E_debugMon__C)
                  000093b0    00000004     app_pem4f.oem4f (.const:ti_sysbios_family_arm_m3_Hwi_E_hardFault__C)
                  000093b4    00000004     app_pem4f.oem4f (.const:ti_sysbios_family_arm_m3_Hwi_E_memFault__C)
                  000093b8    00000004     app_pem4f.oem4f (.const:ti_sysbios_family_arm_m3_Hwi_E_noIsr__C)
                  000093bc    00000004     app_pem4f.oem4f (.const:ti_sysbios_family_arm_m3_Hwi_E_reserved__C)
                  000093c0    00000004     app_pem4f.oem4f (.const:ti_sysbios_family_arm_m3_Hwi_E_svCall__C)
                  000093c4    00000004     app_pem4f.oem4f (.const:ti_sysbios_family_arm_m3_Hwi_E_usageFault__C)
                  000093c8    00000004     app_pem4f.oem4f (.const:ti_sysbios_family_arm_m3_Hwi_LD_end__C)
                  000093cc    00000004     app_pem4f.oem4f (.const:ti_sysbios_family_arm_m3_Hwi_LM_begin__C)
                  000093d0    00000004     app_pem4f.oem4f (.const:ti_sysbios_family_arm_m3_Hwi_Module__diagsEnabled__C)
                  000093d4    00000004     app_pem4f.oem4f (.const:ti_sysbios_family_arm_m3_Hwi_Module__diagsIncluded__C)
                  000093d8    00000004     app_pem4f.oem4f (.const:ti_sysbios_family_arm_m3_Hwi_Module__diagsMask__C)
                  000093dc    00000004     app_pem4f.oem4f (.const:ti_sysbios_family_arm_m3_Hwi_Module__loggerFxn1__C)
                  000093e0    00000004     app_pem4f.oem4f (.const:ti_sysbios_family_arm_m3_Hwi_Module__loggerFxn8__C)
                  000093e4    00000004     app_pem4f.oem4f (.const:ti_sysbios_family_arm_m3_Hwi_Module__loggerObj__C)
                  000093e8    00000004     app_pem4f.oem4f (.const:ti_sysbios_family_arm_m3_Hwi_NUM_INTERRUPTS__C)
                  000093ec    00000004     app_pem4f.oem4f (.const:ti_sysbios_family_arm_m3_Hwi_Object__count__C)
                  000093f0    00000004     app_pem4f.oem4f (.const:ti_sysbios_family_arm_m3_Hwi_ccr__C)
                  000093f4    00000004     app_pem4f.oem4f (.const:ti_sysbios_family_arm_m3_Hwi_excHandlerFunc__C)
                  000093f8    00000004     app_pem4f.oem4f (.const:ti_sysbios_family_arm_m3_Hwi_excHookFuncs__C)
                  000093fc    00000004     app_pem4f.oem4f (.const:ti_sysbios_family_arm_m3_Hwi_nullIsrFunc__C)
                  00009400    00000004     app_pem4f.oem4f (.const:ti_sysbios_family_arm_m3_Hwi_priGroup__C)
                  00009404    00000004     app_pem4f.oem4f (.const:ti_sysbios_family_arm_m3_TaskSupport_stackAlignment__C)
                  00009408    00000004     app_pem4f.oem4f (.const:ti_sysbios_gates_GateMutex_A_badContext__C)
                  0000940c    00000004     app_pem4f.oem4f (.const:ti_sysbios_gates_GateMutex_Instance_State_sem__O)
                  00009410    00000004     app_pem4f.oem4f (.const:ti_sysbios_gates_GateMutex_Module__diagsEnabled__C)
                  00009414    00000004     app_pem4f.oem4f (.const:ti_sysbios_gates_GateMutex_Module__diagsIncluded__C)
                  00009418    00000004     app_pem4f.oem4f (.const:ti_sysbios_gates_GateMutex_Module__diagsMask__C)
                  0000941c    00000004     app_pem4f.oem4f (.const:ti_sysbios_hal_Hwi_E_stackOverflow__C)
                  00009420    00000004     app_pem4f.oem4f (.const:ti_sysbios_heaps_HeapMem_A_align__C)
                  00009424    00000004     app_pem4f.oem4f (.const:ti_sysbios_heaps_HeapMem_A_heapSize__C)
                  00009428    00000004     app_pem4f.oem4f (.const:ti_sysbios_heaps_HeapMem_A_invalidFree__C)
                  0000942c    00000004     app_pem4f.oem4f (.const:ti_sysbios_heaps_HeapMem_A_zeroBlock__C)
                  00009430    00000004     app_pem4f.oem4f (.const:ti_sysbios_heaps_HeapMem_E_memory__C)
                  00009434    00000004     app_pem4f.oem4f (.const:ti_sysbios_heaps_HeapMem_Module__diagsEnabled__C)
                  00009438    00000004     app_pem4f.oem4f (.const:ti_sysbios_heaps_HeapMem_Module__diagsIncluded__C)
                  0000943c    00000004     app_pem4f.oem4f (.const:ti_sysbios_heaps_HeapMem_Module__diagsMask__C)
                  00009440    00000004     app_pem4f.oem4f (.const:ti_sysbios_heaps_HeapMem_Module__gateObj__C)
                  00009444    00000004     app_pem4f.oem4f (.const:ti_sysbios_heaps_HeapMem_Object__count__C)
                  00009448    00000004     app_pem4f.oem4f (.const:ti_sysbios_heaps_HeapMem_reqAlign__C)
                  0000944c    00000004     app_pem4f.oem4f (.const:ti_sysbios_knl_Clock_LM_begin__C)
                  00009450    00000004     app_pem4f.oem4f (.const:ti_sysbios_knl_Clock_LM_tick__C)
                  00009454    00000004     app_pem4f.oem4f (.const:ti_sysbios_knl_Clock_LW_delayed__C)
                  00009458    00000004     app_pem4f.oem4f (.const:ti_sysbios_knl_Clock_Module_State_clockQ__O)
                  0000945c    00000004     app_pem4f.oem4f (.const:ti_sysbios_knl_Clock_Module__diagsEnabled__C)
                  00009460    00000004     app_pem4f.oem4f (.const:ti_sysbios_knl_Clock_Module__diagsIncluded__C)
                  00009464    00000004     app_pem4f.oem4f (.const:ti_sysbios_knl_Clock_Module__diagsMask__C)
                  00009468    00000004     app_pem4f.oem4f (.const:ti_sysbios_knl_Clock_Module__loggerFxn1__C)
                  0000946c    00000004     app_pem4f.oem4f (.const:ti_sysbios_knl_Clock_Module__loggerFxn2__C)
                  00009470    00000004     app_pem4f.oem4f (.const:ti_sysbios_knl_Clock_Module__loggerObj__C)
                  00009474    00000004     app_pem4f.oem4f (.const:ti_sysbios_knl_Event_A_nullEventId__C)
                  00009478    00000004     app_pem4f.oem4f (.const:ti_sysbios_knl_Event_Instance_State_pendQ__O)
                  0000947c    00000004     app_pem4f.oem4f (.const:ti_sysbios_knl_Event_LM_post__C)
                  00009480    00000004     app_pem4f.oem4f (.const:ti_sysbios_knl_Event_Module__diagsEnabled__C)
                  00009484    00000004     app_pem4f.oem4f (.const:ti_sysbios_knl_Event_Module__diagsIncluded__C)
                  00009488    00000004     app_pem4f.oem4f (.const:ti_sysbios_knl_Event_Module__diagsMask__C)
                  0000948c    00000004     app_pem4f.oem4f (.const:ti_sysbios_knl_Event_Module__loggerFxn4__C)
                  00009490    00000004     app_pem4f.oem4f (.const:ti_sysbios_knl_Event_Module__loggerObj__C)
                  00009494    00000004     app_pem4f.oem4f (.const:ti_sysbios_knl_Mailbox_Instance_State_freeQue__O)
                  00009498    00000004     app_pem4f.oem4f (.const:ti_sysbios_knl_Mailbox_Object__count__C)
                  0000949c    00000004     app_pem4f.oem4f (.const:ti_sysbios_knl_Mailbox_maxTypeAlign__C)
                  000094a0    00000004     app_pem4f.oem4f (.const:ti_sysbios_knl_Semaphore_A_badContext__C)
                  000094a4    00000004     app_pem4f.oem4f (.const:ti_sysbios_knl_Semaphore_A_overflow__C)
                  000094a8    00000004     app_pem4f.oem4f (.const:ti_sysbios_knl_Semaphore_A_pendTaskDisabled__C)
                  000094ac    00000004     app_pem4f.oem4f (.const:ti_sysbios_knl_Semaphore_Instance_State_pendQ__O)
                  000094b0    00000004     app_pem4f.oem4f (.const:ti_sysbios_knl_Semaphore_LM_pend__C)
                  000094b4    00000004     app_pem4f.oem4f (.const:ti_sysbios_knl_Semaphore_LM_post__C)
                  000094b8    00000004     app_pem4f.oem4f (.const:ti_sysbios_knl_Semaphore_Module__diagsEnabled__C)
                  000094bc    00000004     app_pem4f.oem4f (.const:ti_sysbios_knl_Semaphore_Module__diagsIncluded__C)
                  000094c0    00000004     app_pem4f.oem4f (.const:ti_sysbios_knl_Semaphore_Module__diagsMask__C)
                  000094c4    00000004     app_pem4f.oem4f (.const:ti_sysbios_knl_Semaphore_Module__loggerFxn2__C)
                  000094c8    00000004     app_pem4f.oem4f (.const:ti_sysbios_knl_Semaphore_Module__loggerFxn4__C)
                  000094cc    00000004     app_pem4f.oem4f (.const:ti_sysbios_knl_Semaphore_Module__loggerObj__C)
                  000094d0    00000004     app_pem4f.oem4f (.const:ti_sysbios_knl_Semaphore_eventPost__C)
                  000094d4    00000004     app_pem4f.oem4f (.const:ti_sysbios_knl_Semaphore_eventSync__C)
                  000094d8    00000004     app_pem4f.oem4f (.const:ti_sysbios_knl_Swi_LD_end__C)
                  000094dc    00000004     app_pem4f.oem4f (.const:ti_sysbios_knl_Swi_LM_begin__C)
                  000094e0    00000004     app_pem4f.oem4f (.const:ti_sysbios_knl_Swi_LM_post__C)
                  000094e4    00000004     app_pem4f.oem4f (.const:ti_sysbios_knl_Swi_Module__diagsEnabled__C)
                  000094e8    00000004     app_pem4f.oem4f (.const:ti_sysbios_knl_Swi_Module__diagsIncluded__C)
                  000094ec    00000004     app_pem4f.oem4f (.const:ti_sysbios_knl_Swi_Module__diagsMask__C)
                  000094f0    00000004     app_pem4f.oem4f (.const:ti_sysbios_knl_Swi_Module__loggerFxn1__C)
                  000094f4    00000004     app_pem4f.oem4f (.const:ti_sysbios_knl_Swi_Module__loggerFxn4__C)
                  000094f8    00000004     app_pem4f.oem4f (.const:ti_sysbios_knl_Swi_Module__loggerObj__C)
                  000094fc    00000004     app_pem4f.oem4f (.const:ti_sysbios_knl_Swi_Object__count__C)
                  00009500    00000004     app_pem4f.oem4f (.const:ti_sysbios_knl_Task_A_badPriority__C)
                  00009504    00000004     app_pem4f.oem4f (.const:ti_sysbios_knl_Task_A_badTaskState__C)
                  00009508    00000004     app_pem4f.oem4f (.const:ti_sysbios_knl_Task_A_badThreadType__C)
                  0000950c    00000004     app_pem4f.oem4f (.const:ti_sysbios_knl_Task_A_noPendElem__C)
                  00009510    00000004     app_pem4f.oem4f (.const:ti_sysbios_knl_Task_E_spOutOfBounds__C)
                  00009514    00000004     app_pem4f.oem4f (.const:ti_sysbios_knl_Task_E_stackOverflow__C)
                  00009518    00000004     app_pem4f.oem4f (.const:ti_sysbios_knl_Task_LD_block__C)
                  0000951c    00000004     app_pem4f.oem4f (.const:ti_sysbios_knl_Task_LD_exit__C)
                  00009520    00000004     app_pem4f.oem4f (.const:ti_sysbios_knl_Task_LD_ready__C)
                  00009524    00000004     app_pem4f.oem4f (.const:ti_sysbios_knl_Task_LM_switch__C)
                  00009528    00000004     app_pem4f.oem4f (.const:ti_sysbios_knl_Task_Module_State_inactiveQ__O)
                  0000952c    00000004     app_pem4f.oem4f (.const:ti_sysbios_knl_Task_Module__diagsEnabled__C)
                  00009530    00000004     app_pem4f.oem4f (.const:ti_sysbios_knl_Task_Module__diagsIncluded__C)
                  00009534    00000004     app_pem4f.oem4f (.const:ti_sysbios_knl_Task_Module__diagsMask__C)
                  00009538    00000004     app_pem4f.oem4f (.const:ti_sysbios_knl_Task_Module__loggerFxn2__C)
                  0000953c    00000004     app_pem4f.oem4f (.const:ti_sysbios_knl_Task_Module__loggerFxn4__C)
                  00009540    00000004     app_pem4f.oem4f (.const:ti_sysbios_knl_Task_Module__loggerObj__C)
                  00009544    00000004     app_pem4f.oem4f (.const:ti_sysbios_knl_Task_Object__count__C)
                  00009548    00000004     app_pem4f.oem4f (.const:ti_sysbios_knl_Task_allBlockedFunc__C)
                  0000954c    00000004     app_pem4f.oem4f (.const:ti_sysbios_knl_Task_defaultStackHeap__C)
                  00009550    00000004     app_pem4f.oem4f (.const:ti_sysbios_knl_Task_defaultStackSize__C)
                  00009554    00000004     app_pem4f.oem4f (.const:ti_sysbios_knl_Task_numConstructedTasks__C)
                  00009558    00000004     app_pem4f.oem4f (.const:ti_sysbios_utils_Load_LS_cpuLoad__C)
                  0000955c    00000004     app_pem4f.oem4f (.const:ti_sysbios_utils_Load_LS_hwiLoad__C)
                  00009560    00000004     app_pem4f.oem4f (.const:ti_sysbios_utils_Load_Module__diagsEnabled__C)
                  00009564    00000004     app_pem4f.oem4f (.const:ti_sysbios_utils_Load_Module__diagsIncluded__C)
                  00009568    00000004     app_pem4f.oem4f (.const:ti_sysbios_utils_Load_Module__diagsMask__C)
                  0000956c    00000004     app_pem4f.oem4f (.const:ti_sysbios_utils_Load_Module__loggerFxn1__C)
                  00009570    00000004     app_pem4f.oem4f (.const:ti_sysbios_utils_Load_Module__loggerFxn2__C)
                  00009574    00000004     app_pem4f.oem4f (.const:ti_sysbios_utils_Load_Module__loggerObj__C)
                  00009578    00000004     app_pem4f.oem4f (.const:ti_sysbios_utils_Load_postUpdate__C)
                  0000957c    00000004     app_pem4f.oem4f (.const:ti_sysbios_utils_Load_windowInMs__C)
                  00009580    00000004     app_pem4f.oem4f (.const:ti_uia_loggers_LoggerStopMode_Module__diagsEnabled__C)
                  00009584    00000004     app_pem4f.oem4f (.const:ti_uia_loggers_LoggerStopMode_Module__diagsIncluded__C)
                  00009588    00000004     app_pem4f.oem4f (.const:ti_uia_loggers_LoggerStopMode_Module__diagsMask__C)
                  0000958c    00000004     app_pem4f.oem4f (.const:ti_uia_loggers_LoggerStopMode_Object__count__C)
                  00009590    00000004     app_pem4f.oem4f (.const:ti_uia_runtime_ILoggerSnapshot_Interface__BASE__C)
                  00009594    00000004     app_pem4f.oem4f (.const:ti_uia_runtime_IUIATransfer_Interface__BASE__C)
                  00009598    00000004     app_pem4f.oem4f (.const:xdc_runtime_Assert_E_assertFailed__C)
                  0000959c    00000004     app_pem4f.oem4f (.const:xdc_runtime_Core_A_initializedParams__C)
                  000095a0    00000004     app_pem4f.oem4f (.const:xdc_runtime_Core_Module__diagsEnabled__C)
                  000095a4    00000004     app_pem4f.oem4f (.const:xdc_runtime_Core_Module__diagsIncluded__C)
                  000095a8    00000004     app_pem4f.oem4f (.const:xdc_runtime_Core_Module__diagsMask__C)
                  000095ac    00000004     app_pem4f.oem4f (.const:xdc_runtime_Error_E_memory__C)
                  000095b0    00000004     app_pem4f.oem4f (.const:xdc_runtime_Error_Module__diagsEnabled__C)
                  000095b4    00000004     app_pem4f.oem4f (.const:xdc_runtime_Error_Module__diagsIncluded__C)
                  000095b8    00000004     app_pem4f.oem4f (.const:xdc_runtime_Error_Module__diagsMask__C)
                  000095bc    00000004     app_pem4f.oem4f (.const:xdc_runtime_Error_Module__loggerFxn8__C)
                  000095c0    00000004     app_pem4f.oem4f (.const:xdc_runtime_Error_Module__loggerObj__C)
                  000095c4    00000004     app_pem4f.oem4f (.const:xdc_runtime_Error_policyFxn__C)
                  000095c8    00000004     app_pem4f.oem4f (.const:xdc_runtime_Error_raiseHook__C)
                  000095cc    00000004     app_pem4f.oem4f (.const:xdc_runtime_IFilterLogger_Interface__BASE__C)
                  000095d0    00000004     app_pem4f.oem4f (.const:xdc_runtime_IGateProvider_Interface__BASE__C)
                  000095d4    00000004     app_pem4f.oem4f (.const:xdc_runtime_IHeap_Interface__BASE__C)
                  000095d8    00000004     app_pem4f.oem4f (.const:xdc_runtime_ILogger_Interface__BASE__C)
                  000095dc    00000004     app_pem4f.oem4f (.const:xdc_runtime_IModule_Interface__BASE__C)
                  000095e0    00000004     app_pem4f.oem4f (.const:xdc_runtime_Log_L_error__C)
                  000095e4    00000004     app_pem4f.oem4f (.const:xdc_runtime_Memory_defaultHeapInstance__C)
                  000095e8    00000004     app_pem4f.oem4f (.const:xdc_runtime_Startup_execImpl__C)
                  000095ec    00000004     app_pem4f.oem4f (.const:xdc_runtime_Startup_lastFxns__A)
                  000095f0    00000004     app_pem4f.oem4f (.const:xdc_runtime_Startup_maxPasses__C)
                  000095f4    00000004     app_pem4f.oem4f (.const:xdc_runtime_Startup_sfxnRts__C)
                  000095f8    00000004     app_pem4f.oem4f (.const:xdc_runtime_Startup_sfxnTab__C)
                  000095fc    00000004     app_pem4f.oem4f (.const:xdc_runtime_SysMin_bufSize__C)
                  00009600    00000004     app_pem4f.oem4f (.const:xdc_runtime_SysMin_outputFunc__C)
                  00009604    00000004     app_pem4f.oem4f (.const:xdc_runtime_System_Module__gateObj__C)
                  00009608    00000004     app_pem4f.oem4f (.const:xdc_runtime_System_abortFxn__C)
                  0000960c    00000004     app_pem4f.oem4f (.const:xdc_runtime_System_exitFxn__C)
                  00009610    00000004     app_pem4f.oem4f (.const:xdc_runtime_System_extendFxn__C)
                  00009614    00000004     app_pem4f.oem4f (.const:xdc_runtime_System_maxAtexitHandlers__C)
                  00009618    00000004     app_pem4f.oem4f (.const:xdc_runtime_Text_charTab__C)
                  0000961c    00000004     app_pem4f.oem4f (.const:xdc_runtime_Text_nameEmpty__C)
                  00009620    00000004     app_pem4f.oem4f (.const:xdc_runtime_Text_nameStatic__C)
                  00009624    00000004     app_pem4f.oem4f (.const:xdc_runtime_Text_nameUnknown__C)
                  00009628    00000004     app_pem4f.oem4f (.const:xdc_runtime_Text_nodeTab__C)
                  0000962c    00000004     app_pem4f.oem4f (.const:xdc_runtime_Text_visitRopeFxn__C)
                  00009630    00000002     app_pem4f.oem4f (.const:ti_sysbios_family_arm_m3_Hwi_Module__id__C)
                  00009632    00000002     app_pem4f.oem4f (.const:ti_sysbios_family_arm_m3_Hwi_Module__loggerDefined__C)
                  00009634    00000002     app_pem4f.oem4f (.const:ti_sysbios_gates_GateMutex_Module__id__C)
                  00009636    00000002     app_pem4f.oem4f (.const:ti_sysbios_hal_Hwi_Module__id__C)
                  00009638    00000002     app_pem4f.oem4f (.const:ti_sysbios_heaps_HeapMem_Module__id__C)
                  0000963a    00000002     app_pem4f.oem4f (.const:ti_sysbios_knl_Clock_Module__id__C)
                  0000963c    00000002     app_pem4f.oem4f (.const:ti_sysbios_knl_Clock_Module__loggerDefined__C)
                  0000963e    00000002     app_pem4f.oem4f (.const:ti_sysbios_knl_Event_Module__id__C)
                  00009640    00000002     app_pem4f.oem4f (.const:ti_sysbios_knl_Event_Module__loggerDefined__C)
                  00009642    00000002     app_pem4f.oem4f (.const:ti_sysbios_knl_Semaphore_Module__id__C)
                  00009644    00000002     app_pem4f.oem4f (.const:ti_sysbios_knl_Semaphore_Module__loggerDefined__C)
                  00009646    00000002     app_pem4f.oem4f (.const:ti_sysbios_knl_Swi_Module__id__C)
                  00009648    00000002     app_pem4f.oem4f (.const:ti_sysbios_knl_Swi_Module__loggerDefined__C)
                  0000964a    00000002     app_pem4f.oem4f (.const:ti_sysbios_knl_Task_Module__id__C)
                  0000964c    00000002     app_pem4f.oem4f (.const:ti_sysbios_knl_Task_Module__loggerDefined__C)
                  0000964e    00000002     app_pem4f.oem4f (.const:ti_sysbios_knl_Task_initStackFlag__C)
                  00009650    00000002     app_pem4f.oem4f (.const:ti_sysbios_utils_Load_Module__id__C)
                  00009652    00000002     app_pem4f.oem4f (.const:ti_sysbios_utils_Load_Module__loggerDefined__C)
                  00009654    00000002     app_pem4f.oem4f (.const:ti_sysbios_utils_Load_hwiEnabled__C)
                  00009656    00000002     app_pem4f.oem4f (.const:ti_sysbios_utils_Load_updateInIdle__C)
                  00009658    00000002     app_pem4f.oem4f (.const:ti_uia_loggers_LoggerStopMode_Module__id__C)
                  0000965a    00000002     app_pem4f.oem4f (.const:ti_uia_loggers_LoggerStopMode_isTimestampEnabled__C)
                  0000965c    00000002     app_pem4f.oem4f (.const:xdc_runtime_Core_Module__id__C)
                  0000965e    00000002     app_pem4f.oem4f (.const:xdc_runtime_Error_Module__loggerDefined__C)
                  00009660    00000002     app_pem4f.oem4f (.const:xdc_runtime_Error_maxDepth__C)
                  00009662    00000002     app_pem4f.oem4f (.const:xdc_runtime_Memory_Module__id__C)
                  00009664    00000002     app_pem4f.oem4f (.const:xdc_runtime_SysMin_flushAtExit__C)
                  00009666    00000002     app_pem4f.oem4f (.const:xdc_runtime_Text_charCnt__C)
                  00009668    00000002     app_pem4f.oem4f (.const:xdc_runtime_Text_isLoaded__C)
                  0000966a    00000002     app_pem4f.oem4f (.const:xdc_runtime_Text_registryModsLastId__C)
                  0000966c    00000002     app_pem4f.oem4f (.const:xdc_runtime_Text_unnamedModsLastId__C)

.cinit     0    00009670    00000458     
                  00009670    0000041d     (.cinit..data.load) [load image, compression = rle]
                  00009a8d    00000003     --HOLE-- [fill = 0]
                  00009a90    0000000c     (__TI_handler_table)
                  00009a9c    00000004     --HOLE-- [fill = 0]
                  00009aa0    00000008     (.cinit..bss.load) [load image, compression = zero_init]
                  00009aa8    00000008     (.cinit..vecs.load) [load image, compression = zero_init]
                  00009ab0    00000018     (__TI_cinit_table)

.bss       0    20000380    00002d30     UNINITIALIZED
                  20000380    00001000     app_pem4f.oem4f (.bss:ti_sysbios_heaps_HeapMem_Instance_State_0_buf__A)
                  20001380    00000800     app_pem4f.oem4f (.bss:taskStackSection)
                  20001b80    00000400     app_pem4f.oem4f (.bss:ti_uia_loggers_LoggerStopMode_Instance_State_1_packetArray__A)
                  20001f80    00000400     app_pem4f.oem4f (.bss:ti_uia_loggers_LoggerStopMode_Instance_State_2_packetArray__A)
                  20002380    00000400     app_pem4f.oem4f (.bss:xdc_runtime_SysMin_Module_State_0_outbuf__A)
                  20002780    00000360     app_pem4f.oem4f (.bss:ti_sysbios_family_arm_m3_Hwi_dispatchTable)
                  20002ae0    00000008     (.common:parmbuf)
                  20002ae8    00000018     --HOLE--
                  20002b00    00000200     app_pem4f.oem4f (.bss:ti_uia_loggers_LoggerStopMode_Instance_State_0_packetArray__A)
                  20002d00    00000120     rtsv7M4_T_le_v4SPD16_eabi.lib : trgmsg.obj (.bss:__CIOBUF_)
                  20002e20    00000100     EK_TM4C123GXL.obj (.bss:i2cTivaObjects)
                  20002f20    00000060     --HOLE--
                  20002f80    00000030     app_pem4f.oem4f (.bss:ti_uia_loggers_LoggerStopMode_Instance_State_0_hdr__A)
                  20002fb0    00000050     --HOLE--
                  20003000    00000030     app_pem4f.oem4f (.bss:ti_uia_loggers_LoggerStopMode_Instance_State_1_hdr__A)
                  20003030    00000050     --HOLE--
                  20003080    00000030     app_pem4f.oem4f (.bss:ti_uia_loggers_LoggerStopMode_Instance_State_2_hdr__A)

.TI.noinit 
*          0    20000380    00000000     UNINITIALIZED

.stack     0    200030b0    00001000     UNINITIALIZED
                  200030b0    00001000     --HOLE--

.data      0    200040b0    00000638     UNINITIALIZED
                  200040b0    00000180     app_pem4f.oem4f (.data)
                  20004230    0000009c     app_pem4f.oem4f (.data:ti_uia_loggers_LoggerStopMode_Object__table__V)
                  200042cc    00000098     app_pem4f.oem4f (.data:ti_sysbios_utils_Load_Module__state__V)
                  20004364    00000080     app_pem4f.oem4f (.data:ti_sysbios_family_arm_lm4_Timer_Object__table__V)
                  200043e4    00000080     app_pem4f.oem4f (.data:ti_sysbios_knl_Swi_Module_State_0_readyQ__A)
                  20004464    00000080     app_pem4f.oem4f (.data:ti_sysbios_knl_Task_Module_State_0_readyQ__A)
                  200044e4    0000004c     app_pem4f.oem4f (.data:ti_sysbios_knl_Task_Object__table__V)
                  20004530    00000044     app_pem4f.oem4f (.data:ti_sysbios_knl_Task_Module__state__V)
                  20004574    00000038     app_pem4f.oem4f (.data:ti_sysbios_gates_GateMutex_Object__table__V)
                  200045ac    00000034     app_pem4f.oem4f (.data:ti_sysbios_family_arm_m3_Hwi_Module__state__V)
                  200045e0    00000030     app_pem4f.oem4f (.data:ti_sysbios_family_arm_lm4_Timer_Module_State_0_device__A)
                  20004610    00000030     app_pem4f.oem4f (.data:ti_sysbios_family_arm_m3_Hwi_Object__table__V)
                  20004640    00000030     app_pem4f.oem4f (.data:ti_sysbios_knl_Swi_Object__table__V)
                  20004670    0000002c     app_pem4f.oem4f (.data:ti_sysbios_knl_Clock_Module__state__V)
                  2000469c    00000024     app_pem4f.oem4f (.data:ti_sysbios_BIOS_Module__state__V)
                  200046c0    00000008     drivers_tivaware.aem4f : GPIOTiva.oem4f (.data)
                  200046c8    00000008     rtsv7M4_T_le_v4SPD16_eabi.lib : _lock.obj (.data)
                  200046d0    00000008                                   : exit.obj (.data)
                  200046d8    00000008     ti.uia.runtime.aem4f : QueueDescriptor.oem4f (.data)
                  200046e0    00000004     drivers_tivaware.aem4f : I2C.oem4f (.data)
                  200046e4    00000004     rtsv7M4_T_le_v4SPD16_eabi.lib : stkdepth_vars.obj (.data)

.TI.persistent 
*          0    200040b0    00000000     UNINITIALIZED


LINKER GENERATED COPY TABLES

__TI_cinit_table @ 00009ab0 records: 3, size/record: 8, table size: 24
	.data: load addr=00009670, load size=0000041d bytes, run addr=200040b0, run size=00000638 bytes, compression=rle
	.bss: load addr=00009aa0, load size=00000008 bytes, run addr=20000380, run size=00002d30 bytes, compression=zero_init
	.vecs: load addr=00009aa8, load size=00000008 bytes, run addr=20000000, run size=00000360 bytes, compression=zero_init


LINKER GENERATED HANDLER TABLE

__TI_handler_table @ 00009a90 records: 3, size/record: 4, table size: 12
	index: 0, handler: __TI_zero_init
	index: 1, handler: __TI_decompress_rle24
	index: 2, handler: __TI_decompress_none


GLOBAL SYMBOLS: SORTED ALPHABETICALLY BY Name 

address   name                                                              
-------   ----                                                              
00005a95  C$$EXIT                                                           
00004fcb  C$$IO$$                                                           
00004985  EK_TM4C123GXL_initGPIO                                            
00005c31  EK_TM4C123GXL_initGeneral                                         
00004b19  EK_TM4C123GXL_initI2C                                             
00006391  GPIODirModeSet                                                    
000026fd  GPIOPadConfigSet                                                  
00005811  GPIOPinConfigure                                                  
00006b95  GPIOPinTypeGPIOInput                                              
000069a9  GPIOPinTypeGPIOOutput                                             
00006ba7  GPIOPinTypeI2C                                                    
00006bb9  GPIOPinTypeI2CSCL                                                 
0000506b  GPIOPinWrite                                                      
0000929c  GPIO_config                                                       
000064d5  GPIO_init                                                         
000063e5  GPIO_write                                                        
00000d69  HOSTclock                                                         
00000d31  HOSTclose                                                         
00000cf3  HOSTgetenv                                                        
00000c97  HOSTlseek                                                         
00000c45  HOSTopen                                                          
00000bf9  HOSTread                                                          
00000b9b  HOSTrename                                                        
00000b61  HOSTtime                                                          
00000b29  HOSTunlink                                                        
00000add  HOSTwrite                                                         
000007ad  I2CMasterControl                                                  
00001005  I2CMasterDataGet                                                  
00001475  I2CMasterDataPut                                                  
00006e25  I2CMasterDisable                                                  
00006e2f  I2CMasterEnable                                                   
00006ab1  I2CMasterErr                                                      
00005859  I2CMasterInitExpClk                                               
00006e6b  I2CMasterIntClear                                                 
000060f3  I2CMasterIntDisable                                               
00006bcb  I2CMasterIntEnable                                                
00006e73  I2CMasterSlaveAddrSet                                             
0000612b  I2CTiva_close                                                     
00006be3  I2CTiva_control                                                   
00009280  I2CTiva_fxnTable                                                  
00006e39  I2CTiva_init                                                      
00003345  I2CTiva_open                                                      
00004a99  I2CTiva_transfer                                                  
00006c0d  I2C_Params_init                                                   
00006e43  I2C_close                                                         
000090cc  I2C_config                                                        
0000933c  I2C_defaultParams                                                 
00005e65  I2C_init                                                          
000069c1  I2C_open                                                          
00006e4d  I2C_transfer                                                      
UNDEFED   SHT$$INIT_ARRAY$$Base                                             
UNDEFED   SHT$$INIT_ARRAY$$Limit                                            
00005f81  SysCtlPeripheralEnable                                            
200044e4  TSK_idle                                                          
00000000  __ASM__                                                           
20002d00  __CIOBUF_                                                         
0000007e  __ISA__                                                           
00000091  __PLAT__                                                          
200040b0  __STACK_END                                                       
00001000  __STACK_SIZE                                                      
200031b0  __STACK_TOP                                                       
000000b2  __TARG__                                                          
00009ab0  __TI_CINIT_Base                                                   
00009ac8  __TI_CINIT_Limit                                                  
00009a90  __TI_Handler_Table_Base                                           
00009a9c  __TI_Handler_Table_Limit                                          
00004309  __TI_auto_init                                                    
200046d0  __TI_cleanup_ptr                                                  
00006d31  __TI_decompress_none                                              
00006ea1  __TI_decompress_rle24                                             
200046d4  __TI_dtors_ptr                                                    
00004fcf  __TI_readmsg                                                      
00000000  __TI_static_base__                                                
00004f9d  __TI_writemsg                                                     
00006d6d  __TI_zero_init                                                    
000000d8  __TRDR__                                                          
00004c15  __aeabi_memclr                                                    
00004c15  __aeabi_memclr4                                                   
00004c15  __aeabi_memclr8                                                   
00004449  __aeabi_memcpy                                                    
00004449  __aeabi_memcpy4                                                   
00004449  __aeabi_memcpy8                                                   
00004c17  __aeabi_memset                                                    
[...]
000093fc  ti_sysbios_family_arm_m3_Hwi_nullIsrFunc__C                       
00009400  ti_sysbios_family_arm_m3_Hwi_priGroup__C                          
00009404  ti_sysbios_family_arm_m3_TaskSupport_stackAlignment__C            
00009408  ti_sysbios_gates_GateMutex_A_badContext__C                        
0000940c  ti_sysbios_gates_GateMutex_Instance_State_sem__O                  
00009410  ti_sysbios_gates_GateMutex_Module__diagsEnabled__C                
00009414  ti_sysbios_gates_GateMutex_Module__diagsIncluded__C               
00009418  ti_sysbios_gates_GateMutex_Module__diagsMask__C                   
0000941c  ti_sysbios_hal_Hwi_E_stackOverflow__C                             
00009420  ti_sysbios_heaps_HeapMem_A_align__C                               
00009424  ti_sysbios_heaps_HeapMem_A_heapSize__C                            
00009428  ti_sysbios_heaps_HeapMem_A_invalidFree__C                         
0000942c  ti_sysbios_heaps_HeapMem_A_zeroBlock__C                           
00009430  ti_sysbios_heaps_HeapMem_E_memory__C                              
00009434  ti_sysbios_heaps_HeapMem_Module__diagsEnabled__C                  
00009438  ti_sysbios_heaps_HeapMem_Module__diagsIncluded__C                 
0000943c  ti_sysbios_heaps_HeapMem_Module__diagsMask__C                     
00009440  ti_sysbios_heaps_HeapMem_Module__gateObj__C                       
00009444  ti_sysbios_heaps_HeapMem_Object__count__C                         
00009448  ti_sysbios_heaps_HeapMem_reqAlign__C                              
0000944c  ti_sysbios_knl_Clock_LM_begin__C                                  
00009450  ti_sysbios_knl_Clock_LM_tick__C                                   
00009454  ti_sysbios_knl_Clock_LW_delayed__C                                
00009458  ti_sysbios_knl_Clock_Module_State_clockQ__O                       
0000945c  ti_sysbios_knl_Clock_Module__diagsEnabled__C                      
00009460  ti_sysbios_knl_Clock_Module__diagsIncluded__C                     
00009464  ti_sysbios_knl_Clock_Module__diagsMask__C                         
00009468  ti_sysbios_knl_Clock_Module__loggerFxn1__C                        
0000946c  ti_sysbios_knl_Clock_Module__loggerFxn2__C                        
00009470  ti_sysbios_knl_Clock_Module__loggerObj__C                         
00009474  ti_sysbios_knl_Event_A_nullEventId__C                             
00009478  ti_sysbios_knl_Event_Instance_State_pendQ__O                      
0000947c  ti_sysbios_knl_Event_LM_post__C                                   
00009480  ti_sysbios_knl_Event_Module__diagsEnabled__C                      
00009484  ti_sysbios_knl_Event_Module__diagsIncluded__C                     
00009488  ti_sysbios_knl_Event_Module__diagsMask__C                         
0000948c  ti_sysbios_knl_Event_Module__loggerFxn4__C                        
00009490  ti_sysbios_knl_Event_Module__loggerObj__C                         
00009494  ti_sysbios_knl_Mailbox_Instance_State_freeQue__O                  
00009498  ti_sysbios_knl_Mailbox_Object__count__C                           
0000949c  ti_sysbios_knl_Mailbox_maxTypeAlign__C                            
000094a0  ti_sysbios_knl_Semaphore_A_badContext__C                          
000094a4  ti_sysbios_knl_Semaphore_A_overflow__C                            
000094a8  ti_sysbios_knl_Semaphore_A_pendTaskDisabled__C                    
000094ac  ti_sysbios_knl_Semaphore_Instance_State_pendQ__O                  
000094b0  ti_sysbios_knl_Semaphore_LM_pend__C                               
000094b4  ti_sysbios_knl_Semaphore_LM_post__C                               
000094b8  ti_sysbios_knl_Semaphore_Module__diagsEnabled__C                  
000094bc  ti_sysbios_knl_Semaphore_Module__diagsIncluded__C                 
000094c0  ti_sysbios_knl_Semaphore_Module__diagsMask__C                     
000094c4  ti_sysbios_knl_Semaphore_Module__loggerFxn2__C                    
000094c8  ti_sysbios_knl_Semaphore_Module__loggerFxn4__C                    
000094cc  ti_sysbios_knl_Semaphore_Module__loggerObj__C                     
000094d0  ti_sysbios_knl_Semaphore_eventPost__C                             
000094d4  ti_sysbios_knl_Semaphore_eventSync__C                             
000094d8  ti_sysbios_knl_Swi_LD_end__C                                      
000094dc  ti_sysbios_knl_Swi_LM_begin__C                                    
000094e0  ti_sysbios_knl_Swi_LM_post__C                                     
000094e4  ti_sysbios_knl_Swi_Module__diagsEnabled__C                        
000094e8  ti_sysbios_knl_Swi_Module__diagsIncluded__C                       
000094ec  ti_sysbios_knl_Swi_Module__diagsMask__C                           
000094f0  ti_sysbios_knl_Swi_Module__loggerFxn1__C                          
000094f4  ti_sysbios_knl_Swi_Module__loggerFxn4__C                          
000094f8  ti_sysbios_knl_Swi_Module__loggerObj__C                           
000094fc  ti_sysbios_knl_Swi_Object__count__C                               
00009500  ti_sysbios_knl_Task_A_badPriority__C                              
00009504  ti_sysbios_knl_Task_A_badTaskState__C                             
00009508  ti_sysbios_knl_Task_A_badThreadType__C                            
0000950c  ti_sysbios_knl_Task_A_noPendElem__C                               
00009510  ti_sysbios_knl_Task_E_spOutOfBounds__C                            
00009514  ti_sysbios_knl_Task_E_stackOverflow__C                            
00009518  ti_sysbios_knl_Task_LD_block__C                                   
0000951c  ti_sysbios_knl_Task_LD_exit__C                                    
00009520  ti_sysbios_knl_Task_LD_ready__C                                   
00009524  ti_sysbios_knl_Task_LM_switch__C                                  
00009528  ti_sysbios_knl_Task_Module_State_inactiveQ__O                     
0000952c  ti_sysbios_knl_Task_Module__diagsEnabled__C                       
00009530  ti_sysbios_knl_Task_Module__diagsIncluded__C                      
00009534  ti_sysbios_knl_Task_Module__diagsMask__C                          
00009538  ti_sysbios_knl_Task_Module__loggerFxn2__C                         
0000953c  ti_sysbios_knl_Task_Module__loggerFxn4__C                         
00009540  ti_sysbios_knl_Task_Module__loggerObj__C                          
00009544  ti_sysbios_knl_Task_Object__count__C                              
00009548  ti_sysbios_knl_Task_allBlockedFunc__C                             
0000954c  ti_sysbios_knl_Task_defaultStackHeap__C                           
00009550  ti_sysbios_knl_Task_defaultStackSize__C                           
00009554  ti_sysbios_knl_Task_numConstructedTasks__C                        
00009558  ti_sysbios_utils_Load_LS_cpuLoad__C                               
0000955c  ti_sysbios_utils_Load_LS_hwiLoad__C                               
00009560  ti_sysbios_utils_Load_Module__diagsEnabled__C                     
00009564  ti_sysbios_utils_Load_Module__diagsIncluded__C                    
00009568  ti_sysbios_utils_Load_Module__diagsMask__C                        
0000956c  ti_sysbios_utils_Load_Module__loggerFxn1__C                       
00009570  ti_sysbios_utils_Load_Module__loggerFxn2__C                       
00009574  ti_sysbios_utils_Load_Module__loggerObj__C                        
00009578  ti_sysbios_utils_Load_postUpdate__C                               
0000957c  ti_sysbios_utils_Load_windowInMs__C                               
00009580  ti_uia_loggers_LoggerStopMode_Module__diagsEnabled__C             
00009584  ti_uia_loggers_LoggerStopMode_Module__diagsIncluded__C            
00009588  ti_uia_loggers_LoggerStopMode_Module__diagsMask__C                
0000958c  ti_uia_loggers_LoggerStopMode_Object__count__C                    
00009590  ti_uia_runtime_ILoggerSnapshot_Interface__BASE__C                 
00009594  ti_uia_runtime_IUIATransfer_Interface__BASE__C                    
00009598  xdc_runtime_Assert_E_assertFailed__C                              
0000959c  xdc_runtime_Core_A_initializedParams__C                           
000095a0  xdc_runtime_Core_Module__diagsEnabled__C                          
000095a4  xdc_runtime_Core_Module__diagsIncluded__C                         
000095a8  xdc_runtime_Core_Module__diagsMask__C                             
000095ac  xdc_runtime_Error_E_memory__C                                     
000095b0  xdc_runtime_Error_Module__diagsEnabled__C                         
000095b4  xdc_runtime_Error_Module__diagsIncluded__C                        
000095b8  xdc_runtime_Error_Module__diagsMask__C                            
000095bc  xdc_runtime_Error_Module__loggerFxn8__C                           
000095c0  xdc_runtime_Error_Module__loggerObj__C                            
000095c4  xdc_runtime_Error_policyFxn__C                                    
000095c8  xdc_runtime_Error_raiseHook__C                                    
000095cc  xdc_runtime_IFilterLogger_Interface__BASE__C                      
000095d0  xdc_runtime_IGateProvider_Interface__BASE__C                      
000095d4  xdc_runtime_IHeap_Interface__BASE__C                              
000095d8  xdc_runtime_ILogger_Interface__BASE__C                            
000095dc  xdc_runtime_IModule_Interface__BASE__C                            
000095e0  xdc_runtime_Log_L_error__C                                        
000095e4  xdc_runtime_Memory_defaultHeapInstance__C                         
000095e8  xdc_runtime_Startup_execImpl__C                                   
000095ec  xdc_runtime_Startup_lastFxns__A                                   
000095f0  xdc_runtime_Startup_maxPasses__C                                  
000095f4  xdc_runtime_Startup_sfxnRts__C                                    
000095f8  xdc_runtime_Startup_sfxnTab__C                                    
000095fc  xdc_runtime_SysMin_bufSize__C                                     
00009600  xdc_runtime_SysMin_outputFunc__C                                  
00009604  xdc_runtime_System_Module__gateObj__C                             
00009608  xdc_runtime_System_abortFxn__C                                    
0000960c  xdc_runtime_System_exitFxn__C                                     
00009610  xdc_runtime_System_extendFxn__C                                   
00009614  xdc_runtime_System_maxAtexitHandlers__C                           
00009618  xdc_runtime_Text_charTab__C                                       
0000961c  xdc_runtime_Text_nameEmpty__C                                     
00009620  xdc_runtime_Text_nameStatic__C                                    
00009624  xdc_runtime_Text_nameUnknown__C                                   
00009628  xdc_runtime_Text_nodeTab__C                                       
0000962c  xdc_runtime_Text_visitRopeFxn__C                                  
00009630  ti_sysbios_family_arm_m3_Hwi_Module__id__C                        
00009632  ti_sysbios_family_arm_m3_Hwi_Module__loggerDefined__C             
00009634  ti_sysbios_gates_GateMutex_Module__id__C                          
00009636  ti_sysbios_hal_Hwi_Module__id__C                                  
00009638  ti_sysbios_heaps_HeapMem_Module__id__C                            
0000963a  ti_sysbios_knl_Clock_Module__id__C                                
0000963c  ti_sysbios_knl_Clock_Module__loggerDefined__C                     
0000963e  ti_sysbios_knl_Event_Module__id__C                                
00009640  ti_sysbios_knl_Event_Module__loggerDefined__C                     
00009642  ti_sysbios_knl_Semaphore_Module__id__C                            
00009644  ti_sysbios_knl_Semaphore_Module__loggerDefined__C                 
00009646  ti_sysbios_knl_Swi_Module__id__C                                  
00009648  ti_sysbios_knl_Swi_Module__loggerDefined__C                       
0000964a  ti_sysbios_knl_Task_Module__id__C                                 
0000964c  ti_sysbios_knl_Task_Module__loggerDefined__C                      
0000964e  ti_sysbios_knl_Task_initStackFlag__C                              
00009650  ti_sysbios_utils_Load_Module__id__C                               
00009652  ti_sysbios_utils_Load_Module__loggerDefined__C                    
00009654  ti_sysbios_utils_Load_hwiEnabled__C                               
00009656  ti_sysbios_utils_Load_updateInIdle__C                             
00009658  ti_uia_loggers_LoggerStopMode_Module__id__C                       
0000965a  ti_uia_loggers_LoggerStopMode_isTimestampEnabled__C               
0000965c  xdc_runtime_Core_Module__id__C                                    
0000965e  xdc_runtime_Error_Module__loggerDefined__C                        
00009660  xdc_runtime_Error_maxDepth__C                                     
00009662  xdc_runtime_Memory_Module__id__C                                  
00009664  xdc_runtime_SysMin_flushAtExit__C                                 
00009666  xdc_runtime_Text_charCnt__C                                       
00009668  xdc_runtime_Text_isLoaded__C                                      
0000966a  xdc_runtime_Text_registryModsLastId__C                            
0000966c  xdc_runtime_Text_unnamedModsLastId__C                             
00009a90  __TI_Handler_Table_Base                                           
00009a9c  __TI_Handler_Table_Limit                                          
00009ab0  __TI_CINIT_Base                                                   
00009ac8  __TI_CINIT_Limit                                                  
20000000  ti_sysbios_family_arm_m3_Hwi_ramVectors                           
20000380  ti_sysbios_heaps_HeapMem_Instance_State_0_buf__A                  
20001380  ti_sysbios_knl_Task_Instance_State_0_stack__A                     
20001b80  ti_uia_loggers_LoggerStopMode_Instance_State_1_packetArray__A     
20001f80  ti_uia_loggers_LoggerStopMode_Instance_State_2_packetArray__A     
20002380  xdc_runtime_SysMin_Module_State_0_outbuf__A                       
20002780  ti_sysbios_family_arm_m3_Hwi_dispatchTable                        
20002b00  ti_uia_loggers_LoggerStopMode_Instance_State_0_packetArray__A     
20002d00  __CIOBUF_                                                         
20002e20  i2cTivaObjects                                                    
20002f80  ti_uia_loggers_LoggerStopMode_Instance_State_0_hdr__A             
20003000  ti_uia_loggers_LoggerStopMode_Instance_State_1_hdr__A             
20003080  ti_uia_loggers_LoggerStopMode_Instance_State_2_hdr__A             
200030b0  __stack                                                           
200031b0  __STACK_TOP                                                       
200040b0  __STACK_END                                                       
200040b0  xdc_runtime_Diags_dictElems                                       
200040d0  ti_sysbios_family_arm_lm4_Timer_Module__root__V                   
200040d8  ti_sysbios_family_arm_lm4_Timer_Module_State_0_handles__A         
200040f0  ti_sysbios_family_arm_lm4_Timer_Module__state__V                  
200040fc  ti_sysbios_family_arm_lm4_TimestampProvider_Module__state__V      
20004104  ti_sysbios_family_arm_m3_Hwi_Module__root__V                      
2000410c  ti_sysbios_family_arm_m3_Hwi_Module_State_0_excActive__A          
20004110  ti_sysbios_family_arm_m3_Hwi_Module_State_0_excContext__A         
20004114  ti_sysbios_family_arm_m3_Hwi_Module_State_0_excStack__A           
20004118  ti_sysbios_gates_GateHwi_Module__root__V                          
20004120  ti_sysbios_gates_GateHwi_Object__table__V                         
20004124  ti_sysbios_gates_GateMutex_Module__root__V                        
2000412c  ti_sysbios_hal_Hwi_Module__root__V                                
20004134  ti_sysbios_heaps_HeapMem_Module__root__V                          
2000413c  ti_sysbios_heaps_HeapMem_Object__table__V                         
20004154  ti_sysbios_knl_Clock_Module__root__V                              
2000415c  ti_sysbios_knl_Event_Module__root__V                              
20004168  ti_sysbios_knl_Mailbox_Module__root__V                            
20004170  ti_sysbios_knl_Queue_Module__root__V                              
20004178  ti_sysbios_knl_Semaphore_Module__root__V                          
20004180  ti_sysbios_knl_Swi_Module__root__V                                
20004188  ti_sysbios_knl_Swi_Module__state__V                               
200041a4  ti_sysbios_knl_Task_Module__root__V                               
200041b0  ti_sysbios_knl_Task_Module_State_0_idleTask__A                    
200041b4  ti_sysbios_utils_Load_Module_State_0_taskStartTime__A             
200041b8  ti_sysbios_utils_Load_Module_State_0_runningTask__A               
200041bc  ti_uia_loggers_LoggerStopMode_Module__root__V                     
200041c4  ti_uia_loggers_LoggerStopMode_Module__state__V                    
200041cc  ti_uia_runtime_QueueDescriptor_Module__state__V                   
200041d8  xdc_runtime_Error_Module__state__V                                
200041da  xdc_runtime_Main_Module__root__V                                  
200041dc  xdc_runtime_Memory_Module__state__V                               
200041e0  xdc_runtime_Registry_Module__state__V                             
200041e8  xdc_runtime_Startup_Module__state__V                              
200041f0  xdc_runtime_SysMin_Module__state__V                               
200041fc  xdc_runtime_System_Module_State_0_atexitHandlers__A               
2000421c  xdc_runtime_System_Module__state__V                               
20004224  xdc_runtime_Text_Module__state__V                                 
2000422c  __xdc__init__addr                                                 
20004230  ti_uia_loggers_LoggerStopMode_Object__table__V                    
200042cc  ti_sysbios_utils_Load_Module__state__V                            
20004364  ti_sysbios_family_arm_lm4_Timer_Object__table__V                  
200043e4  ti_sysbios_knl_Swi_Module_State_0_readyQ__A                       
20004464  ti_sysbios_knl_Task_Module_State_0_readyQ__A                      
200044e4  TSK_idle                                                          
200044e4  ti_sysbios_knl_Task_Object__table__V                              
20004530  ti_sysbios_knl_Task_Module__state__V                              
20004574  ti_sysbios_gates_GateMutex_Object__table__V                       
200045ac  ti_sysbios_family_arm_m3_Hwi_Module__state__V                     
200045e0  ti_sysbios_family_arm_lm4_Timer_Module_State_0_device__A          
20004610  ti_sysbios_family_arm_m3_Hwi_Object__table__V                     
20004640  ti_sysbios_knl_Swi_Object__table__V                               
20004670  ti_sysbios_knl_Clock_Module__state__V                             
2000469c  ti_sysbios_BIOS_Module__state__V                                  
200046c8  _lock                                                             
200046cc  _unlock                                                           
200046d0  __TI_cleanup_ptr                                                  
200046d4  __TI_dtors_ptr                                                    
200046d8  ti_uia_runtime_QueueDescriptor_gPtrToFirstDescriptor              
200046dc  ti_uia_runtime_QueueDescriptor_gUpdateCount                       
200046e4  main_func_sp                                                      
e000e000  ti_sysbios_family_arm_m3_Hwi_nvic                                 
ffffffff  __binit__                                                         
ffffffff  __c_args__                                                        
ffffffff  binit                                                             
UNDEFED   SHT$$INIT_ARRAY$$Base                                             
UNDEFED   SHT$$INIT_ARRAY$$Limit                                            

[729 symbols]
