******************************************************************************
                  TI ARM Linker PC v5.2.0                      
******************************************************************************
>> Linked Fri Jan 16 11:12:54 2015

OUTPUT FILE NAME:   <havroc_CC3200.out>
ENTRY POINT SYMBOL: "_c_int00"  address: 200082e9


MEMORY CONFIGURATION

         name            origin    length      used     unused   attr    fill
----------------------  --------  ---------  --------  --------  ----  --------
  SRAM_CODE             20004000   00012fff  0000749e  0000bb61  RW X
  SRAM_DATA             20017000   00019000  00002848  000167b8  RW X


SEGMENT ALLOCATION MAP

run origin  load origin   length   init length attrs members
----------  ----------- ---------- ----------- ----- -------
20004000    20004000    000074a8   000074a8    r-x
  20004000    20004000    0000030c   0000030c    r-- .resetVecs
  20004310    20004310    0000514a   0000514a    r-x .text
  2000945c    2000945c    00001d00   00001d00    r-- .const
  2000b160    2000b160    00000348   00000348    r-- .cinit
20017000    20017000    00002448   00000000    rw-
  20017000    20017000    00002034   00000000    rw- .bss
  20019034    20019034    00000414   00000000    rw- .data
2002fc00    2002fc00    00000400   00000000    rw-
  2002fc00    2002fc00    00000400   00000000    rw- .stack


SECTION ALLOCATION MAP

 output                                  attributes/
section   page    origin      length       input sections
--------  ----  ----------  ----------   ----------------
.bootVecs 
*          0    00000000    00000008     DSECT
                  00000000    00000008     boot.aem4 : boot.oem4 (.bootVecs)

.vecs      0    20004000    00000000     DSECT

.resetVecs 
*          0    20004000    0000030c     
                  20004000    0000030c     app_pem4.oem4 (.resetVecs)

xdc.meta   0    00000000    000000f9     COPY SECTION
                  00000000    000000f9     app_pem4.oem4 (xdc.meta)

.init_array 
*          0    20004000    00000000     UNINITIALIZED

.text      0    20004310    0000514a     
                  20004310    00000430     sysbios.aem4 : BIOS.obj (.text:ti_sysbios_family_arm_m3_Hwi_excDumpRegs__I)
                  20004740    0000033c     ti.targets.arm.rtsarm.aem4 : System.oem4 (.text:xdc_runtime_System_doPrint__I)
                  20004a7c    00000004                                : LoggerBuf.oem4 (.text:LoggerBuf_instanceStartup)
                  20004a80    0000032c     sysbios.aem4 : BIOS.obj (.text:ti_sysbios_knl_Semaphore_pend__E)
                  20004dac    000002d4     rtsv7M4_T_le_eabi.lib : trgdrv.obj (.text)
                  20005080    00000254     sysbios.aem4 : BIOS.obj (.text:ti_sysbios_heaps_HeapMem_free__E)
                  200052d4    00000004     app_pem4.oem4 (.text:ti_sysbios_BIOS_RtsGateProxy_enter__E)
                  200052d8    00000240     sysbios.aem4 : BIOS.obj (.text:ti_sysbios_heaps_HeapMem_alloc__E)
                  20005518    000001fc                  : BIOS.obj (.text:ti_sysbios_family_arm_m3_Hwi_excHandlerMax__I)
                  20005714    00000004     app_pem4.oem4 (.text:ti_sysbios_BIOS_RtsGateProxy_leave__E)
                  20005718    0000019c     sysbios.aem4 : BIOS.obj (.text:ti_sysbios_knl_Task_Module_startup__E)
                  200058b4    00000004     app_pem4.oem4 (.text:ti_sysbios_family_arm_m3_TaskSupport_Module__startupDone__S)
                  200058b8    00000174     sysbios.aem4 : BIOS.obj (.text:ti_sysbios_family_arm_m3_Hwi_excBusFault__I)
                  20005a2c    00000004     app_pem4.oem4 (.text:ti_sysbios_heaps_HeapMem_Module_GateProxy_enter__E)
                  20005a30    00000164     sysbios.aem4 : BIOS.obj (.text:ti_sysbios_family_arm_m3_Hwi_excUsageFault__I)
                  20005b94    00000004     app_pem4.oem4 (.text:ti_sysbios_heaps_HeapMem_Module_GateProxy_leave__E)
                  20005b98    00000150     sysbios.aem4 : BIOS.obj (.text:ti_sysbios_knl_Event_post__E)
                  20005ce8    00000150                  : BIOS.obj (.text:ti_sysbios_knl_Semaphore_post__E)
                  20005e38    00000148                  : BIOS.obj (.text:ti_sysbios_family_arm_m3_Hwi_dispatchC__I)
                  20005f80    00000148                  : BIOS.obj (.text:ti_sysbios_family_arm_m3_Hwi_excMemFault__I)
                  200060c8    0000013c                  : BIOS.obj (.text:ti_sysbios_heaps_HeapMem_Instance_init__E)
                  20006204    00000004     app_pem4.oem4 (.text:ti_sysbios_knl_Clock_TimerProxy_getMaxTicks__E)
                  20006208    00000134     sysbios.aem4 : BIOS.obj (.text:ti_sysbios_knl_Clock_workFunc__E)
                  2000633c    00000130     ti.targets.arm.rtsarm.aem4 : LoggerBuf.oem4 (.text:xdc_runtime_LoggerBuf_write8__E)
                  2000646c    00000120                                : Error.oem4 (.text:xdc_runtime_Error_policyDefault__E)
                  2000658c    00000004     app_pem4.oem4 (.text:ti_sysbios_knl_Queue_destruct)
                  20006590    0000011c     sysbios.aem4 : BIOS.obj (.text:ti_sysbios_knl_Swi_run__I)
                  200066ac    00000104     ti.targets.arm.rtsarm.aem4 : Core-mem.oem4 (.text:xdc_runtime_Core_createObject__I)
                  200067b0    000000fc                                : Startup.oem4 (.text:xdc_runtime_Startup_startMods__I)
                  200068ac    000000f8     app_pem4.oem4 (.text:xdc_runtime_System_printfExtend__I)
                  200069a4    000000d4     ti.targets.arm.rtsarm.aem4 : LoggerBuf.oem4 (.text:xdc_runtime_LoggerBuf_write4__E)
                  20006a78    000000d0     sysbios.aem4 : m3_Hwi_asm.obj (.text:ti_sysbios_family_arm_m3_Hwi_dispatch__I)
                  20006b48    000000cc                  : BIOS.obj (.text:ti_sysbios_knl_Task_schedule__I)
                  20006c14    000000cc     ti.targets.arm.rtsarm.aem4 : Core-smem.oem4 (.text:xdc_runtime_Core_constructObject__I)
                  20006ce0    000000c4     sysbios.aem4 : BIOS.obj (.text:ti_sysbios_family_arm_m3_Hwi_Module_startup__E)
                  20006da4    00000004     app_pem4.oem4 (.text:ti_sysbios_knl_Semaphore_destruct)
                  20006da8    000000c0     sysbios.aem4 : BIOS.obj (.text:ti_sysbios_knl_Task_exit__E)
                  20006e68    000000bc                  : BIOS.obj (.text:ti_sysbios_family_arm_m3_Hwi_excDebugMon__I)
                  20006f24    00000004     ti.targets.arm.rtsarm.aem4 : Error.oem4 (.text:xdc_runtime_Error_getSite__E)
                  20006f28    000000bc     sysbios.aem4 : BIOS.obj (.text:ti_sysbios_family_arm_m3_Hwi_excHardFault__I)
                  20006fe4    00000004     app_pem4.oem4 (.text:xdc_runtime_LoggerBuf_Module_GateProxy_enter__E)
                  20006fe8    000000bc     sysbios.aem4 : BIOS.obj (.text:ti_sysbios_knl_Task_startCore__E)
                  200070a4    00000004     app_pem4.oem4 (.text:xdc_runtime_LoggerBuf_Module_GateProxy_leave__E)
                  200070a8    000000b4     sysbios.aem4 : BIOS.obj (.text:ti_sysbios_gates_GateMutex_enter__E)
                  2000715c    00000004     app_pem4.oem4 (.text:xdc_runtime_System_Module_GateProxy_enter__E)
                  20007160    000000b4     sysbios.aem4 : BIOS.obj (.text:ti_sysbios_knl_Task_checkStacks__E)
                  20007214    00000004     app_pem4.oem4 (.text:xdc_runtime_System_Module_GateProxy_leave__E)
                  20007218    000000ac     sysbios.aem4 : BIOS.obj (.text:ti_sysbios_knl_Swi_post__E)
                  200072c4    00000004     ti.targets.arm.rtsarm.aem4 : System.oem4 (.text:xdc_runtime_System_aprintf_va__F)
                  200072c8    000000a8     sysbios.aem4 : BIOS.obj (.text:ti_sysbios_knl_Task_blockI__E)
                  20007370    000000a0     auto_init.aem4 : auto_init.oem4 (.text)
                  20007410    0000009c     rtsv7M4_T_le_eabi.lib : memcpy_t2.obj (.text)
                  200074ac    0000009a     ti.targets.arm.rtsarm.aem4 : Text.oem4 (.text:xdc_runtime_Text_putSite__E)
                  20007546    00000002     app_pem4.oem4 (.text:ti_sysbios_BIOS_nullFunc__I)
                  20007548    00000094     ti.targets.arm.rtsarm.aem4 : Text.oem4 (.text:xdc_runtime_Text_putMod__E)
                  200075dc    00000004                                : System.oem4 (.text:xdc_runtime_System_printf_va__F)
                  200075e0    00000090     sysbios.aem4 : BIOS.obj (.text:ti_sysbios_knl_Task_unblockI__E)
                  20007670    00000088                  : BIOS.obj (.text:ti_sysbios_family_arm_m3_Hwi_initNVIC__E)
                  200076f8    00000088                  : BIOS.obj (.text:ti_sysbios_knl_Mailbox_Module_startup__E)
                  20007780    00000080     ti.targets.arm.rtsarm.aem4 : LoggerBuf.oem4 (.text:xdc_runtime_LoggerBuf_setFilterLevel__E)
                  20007800    0000007a     rtsv7M4_T_le_eabi.lib : memset_t2.obj (.text)
                  2000787a    00000006     ti.targets.arm.rtsarm.aem4 : xdc_noinit.oem4 (.text:__xdc__init)
                  20007880    00000070     sysbios.aem4 : BIOS.obj (.text:ti_sysbios_knl_Semaphore_Instance_init__E)
                  200078f0    00000070     ti.targets.arm.rtsarm.aem4 : Memory.oem4 (.text:xdc_runtime_Memory_alloc__E)
                  20007960    0000006c                                : Error.oem4 (.text:xdc_runtime_Error_print__E)
                  200079cc    0000006c                                : LoggerBuf.oem4 (.text:xdc_runtime_LoggerBuf_getFilterLevel__E)
                  20007a38    0000006a     rtsv7M4_T_le_eabi.lib : copy_decompress_rle.obj (.text)
                  20007aa2    00000002     app_pem4.oem4 (.text:xdc_runtime_Startup_reset__I)
                  20007aa4    00000068     rtsv7M4_T_le_eabi.lib : trgmsg.obj (.text)
                  20007b0c    00000066     ti.targets.arm.rtsarm.aem4 : Core-mem.oem4 (.text:xdc_runtime_Core_deleteObject__I)
                  20007b72    00000006     rtsv7M4_T_le_eabi.lib : copy_decompress_rle.obj (.text:decompress:rle24)
                  20007b78    00000064     sysbios.aem4 : BIOS.obj (.text:ti_sysbios_family_arm_m3_TimestampProvider_get64__E)
                  20007bdc    00000004     --HOLE-- [fill = 0]
                  20007be0    00000060                  : BIOS.obj (.text:ti_sysbios_knl_Clock_logTick__E)
                  20007c40    00000060     ti.targets.arm.rtsarm.aem4 : System.oem4 (.text:xdc_runtime_System_formatNum__I)
                  20007ca0    0000005c     sysbios.aem4 : BIOS.obj (.text:ti_sysbios_knl_Swi_restoreHwi__E)
                  20007cfc    00000004     --HOLE-- [fill = 0]
                  20007d00    0000005c                  : BIOS.obj (.text:ti_sysbios_knl_Swi_schedule__I)
                  20007d5c    0000005c     app_pem4.oem4 (.text:xdc_runtime_LoggerBuf_Object__create__S)
                  20007db8    0000005b     ti.targets.arm.rtsarm.aem4 : Text.oem4 (.text:xdc_runtime_Text_putLab__E)
                  20007e13    00000005     --HOLE-- [fill = 0]
                  20007e18    00000058     sysbios.aem4 : BIOS.obj (.text:ti_sysbios_family_arm_m3_Timer_setPeriod__E)
                  20007e70    00000054                  : BIOS.obj (.text:ti_sysbios_family_arm_m3_Timer_start__E)
                  20007ec4    00000050     ti.targets.arm.rtsarm.aem4 : Startup.oem4 (.text:xdc_runtime_Startup_exec__E)
                  20007f14    00000050                                : Text.oem4 (.text:xdc_runtime_Text_visitRope2__I)
                  20007f64    0000004c     rtsv7M4_T_le_eabi.lib : cpy_tbl.obj (.text)
                  20007fb0    0000004c     sysbios.aem4 : m3_TaskSupport_asm.obj (.text:ti_sysbios_family_arm_m3_TaskSupport_buildTaskStack)
                  20007ffc    00000004     --HOLE-- [fill = 0]
                  20008000    0000004c                  : BIOS.obj (.text:ti_sysbios_heaps_HeapMem_getStats__E)
                  2000804c    00000004     --HOLE-- [fill = 0]
                  20008050    0000004c                  : BIOS.obj (.text:ti_sysbios_knl_Swi_runLoop__I)
                  2000809c    00000004     --HOLE-- [fill = 0]
                  200080a0    0000004c                  : BIOS.obj (.text:ti_sysbios_knl_Task_allBlockedFunction__I)
                  200080ec    00000004     --HOLE-- [fill = 0]
                  200080f0    00000048                  : BIOS.obj (.text:ti_sysbios_family_arm_m3_Hwi_disableInterrupt__E)
                  20008138    00000048                  : BIOS.obj (.text:ti_sysbios_family_arm_m3_Hwi_enableInterrupt__E)
                  20008180    00000048                  : BIOS.obj (.text:ti_sysbios_family_arm_m3_Hwi_excReserved__I)
                  200081c8    00000048                  : m3_Hwi_asm_switch.obj (.text:ti_sysbios_family_arm_m3_Hwi_initStacks__E)
                  20008210    00000048                  : BIOS.obj (.text:ti_sysbios_family_arm_m3_Timer_initDevice__I)
                  20008258    00000048     ti.targets.arm.rtsarm.aem4 : Assert.oem4 (.text:xdc_runtime_Assert_raise__I)
                  200082a0    00000046                                : Core-params.oem4 (.text:xdc_runtime_Core_assignParams__I)
                  200082e6    00000002     --HOLE-- [fill = 0]
                  200082e8    00000044     boot.aem4 : boot.oem4 (.text)
                  2000832c    00000044     rtsv7M4_T_le_eabi.lib : exit.obj (.text)
                  20008370    00000044     sysbios.aem4 : BIOS.obj (.text:ti_sysbios_family_arm_m3_Hwi_getStackInfo__E)
                  200083b4    00000044     ti.targets.arm.rtsarm.aem4 : Error.oem4 (.text:xdc_runtime_Error_setX__E)
                  200083f8    00000044                                : LoggerBuf.oem4 (.text:xdc_runtime_LoggerBuf_filterOutEvent__I)
                  2000843c    00000044                                : SysMin.oem4 (.text:xdc_runtime_SysMin_flush__E)
                  20008480    00000042     rtsv7M4_T_le_eabi.lib : u_divt2.obj (.text)
                  200084c2    00000006     ti.targets.arm.rtsarm.aem4 : System.oem4 (.text:xdc_runtime_System_Module_startup__E)
                  200084c8    00000040     sysbios.aem4 : BIOS.obj (.text:ti_sysbios_family_arm_m3_Timer_Module_startup__E)
                  20008508    0000003c                  : BIOS.obj (.text:ti_sysbios_family_arm_m3_Hwi_excSvCall__I)
                  20008544    00000004     --HOLE-- [fill = 0]
                  20008548    0000003c                  : BIOS.obj (.text:ti_sysbios_family_arm_m3_TaskSupport_start__E)
                  20008584    00000004     --HOLE-- [fill = 0]
                  20008588    0000003c                  : BIOS.obj (.text:ti_sysbios_heaps_HeapMem_init__I)
                  200085c4    00000004     --HOLE-- [fill = 0]
                  200085c8    0000003c                  : BIOS.obj (.text:ti_sysbios_knl_Swi_startup__E)
                  20008604    0000003c     ti.targets.arm.rtsarm.aem4 : Text.oem4 (.text:xdc_runtime_Text_xprintf__I)
                  20008640    0000003a                                : LoggerBuf.oem4 (.text:xdc_runtime_LoggerBuf_Instance_init__E)
                  2000867a    00000006     --HOLE-- [fill = 0]
                  20008680    00000038     sysbios.aem4 : BIOS.obj (.text:ti_sysbios_family_arm_m3_Hwi_excNoIsr__I)
                  200086b8    00000038     ti.targets.arm.rtsarm.aem4 : SysMin.oem4 (.text:xdc_runtime_SysMin_putch__E)
                  200086f0    00000038                                : System.oem4 (.text:xdc_runtime_System_atexit__E)
                  20008728    00000034     sysbios.aem4 : BIOS.obj (.text:ti_sysbios_family_arm_m3_Hwi_excNmi__I)
                  2000875c    00000004     --HOLE-- [fill = 0]
                  20008760    00000034                  : BIOS.obj (.text:ti_sysbios_family_arm_m3_Timer_periodicStub__I)
                  20008794    00000004     --HOLE-- [fill = 0]
                  20008798    00000034                  : BIOS.obj (.text:ti_sysbios_hal_Hwi_checkStack)
                  200087cc    00000034     ti.targets.arm.rtsarm.aem4 : Core-label.oem4 (.text:xdc_runtime_Core_assignLabel__I)
                  20008800    00000033                                : Text.oem4 (.text:xdc_runtime_Text_printVisFxn__I)
                  20008833    00000005     --HOLE-- [fill = 0]
                  20008838    00000032     sysbios.aem4 : BIOS.obj (.text:ti_sysbios_hal_Hwi_initStack)
                  2000886a    00000006     --HOLE-- [fill = 0]
                  20008870    00000032                  : BIOS.obj (.text:ti_sysbios_knl_Semaphore_pendTimeout__I)
                  200088a2    00000002     --HOLE-- [fill = 0]
                  200088a4    00000030     app_pem4.oem4 (.text:ti_sysbios_BIOS_atExitFunc__I)
                  200088d4    00000030     app_pem4.oem4 (.text:ti_sysbios_gates_GateHwi_Object__create__S)
                  20008904    00000030     app_pem4.oem4 (.text:ti_sysbios_gates_GateMutex_Object__create__S)
                  20008934    00000030     app_pem4.oem4 (.text:ti_sysbios_heaps_HeapMem_Object__create__S)
                  20008964    00000030     app_pem4.oem4 (.text:ti_sysbios_knl_Semaphore_construct)
                  20008994    00000030     ti.targets.arm.rtsarm.aem4 : SysMin.oem4 (.text:xdc_runtime_SysMin_abort__E)
                  200089c4    00000030                                : System.oem4 (.text:xdc_runtime_System_processAtExit__E)
                  200089f4    0000002c     app_pem4.oem4 (.text:ti_sysbios_knl_Clock_doTick__I)
                  20008a20    0000002c     app_pem4.oem4 (.text:ti_sysbios_knl_Queue_construct)
                  20008a4c    00000004     --HOLE-- [fill = 0]
                  20008a50    0000002c     sysbios.aem4 : BIOS.obj (.text:ti_sysbios_knl_Task_restore__E)
                  20008a7c    0000002c     ti.targets.arm.rtsarm.aem4 : Text.oem4 (.text:xdc_runtime_Text_cordText__E)
                  20008aa8    0000002a                                : System.oem4 (.text:xdc_runtime_System_putchar__I)
                  20008ad2    00000006     --HOLE-- [fill = 0]
                  20008ad8    00000028     sysbios.aem4 : BIOS.obj (.text:ti_sysbios_knl_Semaphore_Instance_finalize__E)
                  20008b00    00000028                  : BIOS.obj (.text:ti_sysbios_knl_Swi_Module_startup__E)
                  20008b28    00000028     ti.targets.arm.rtsarm.aem4 : LoggerBuf.oem4 (.text:xdc_runtime_LoggerBuf_Module_startup__E)
                  20008b50    00000026                                : System.oem4 (.text:xdc_runtime_System_avprintf__E)
                  20008b76    00000002     --HOLE-- [fill = 0]
                  20008b78    00000024     app_pem4.oem4 (.text:ti_sysbios_BIOS_errorRaiseHook__I)
                  20008b9c    00000024     app_pem4.oem4 (.text:ti_sysbios_BIOS_registerRTSLock__I)
                  20008bc0    00000024     app_pem4.oem4 (.text:ti_sysbios_BIOS_removeRTSLock__I)
                  20008be4    00000024     app_pem4.oem4 (.text:ti_sysbios_BIOS_startFunc__I)
                  20008c08    00000024     sysbios.aem4 : BIOS.obj (.text:ti_sysbios_family_arm_m3_Hwi_doTaskRestore__I)
                  20008c2c    00000004     --HOLE-- [fill = 0]
                  20008c30    00000024                  : BIOS.obj (.text:ti_sysbios_family_arm_m3_Timer_startup__E)
                  20008c54    00000024     app_pem4.oem4 (.text:ti_sysbios_gates_GateMutex_Object__delete__S)
                  20008c78    00000024     sysbios.aem4 : BIOS.obj (.text:ti_sysbios_knl_Clock_Module_startup__E)
                  20008c9c    00000024     ti.targets.arm.rtsarm.aem4 : System.oem4 (.text:xdc_runtime_System_vprintf__E)
                  20008cc0    00000022     main.obj (.text)
                  20008ce2    00000022     app_pem4.oem4 (.text:xdc_runtime_SysMin_output__I)
                  20008d04    00000020     app_pem4.oem4 (.text:ti_sysbios_BIOS_rtsLock__I)
                  20008d24    00000020     sysbios.aem4 : m3_Hwi_asm.obj (.text:ti_sysbios_family_arm_m3_Hwi_excHandlerAsm__I)
                  20008d44    00000004     --HOLE-- [fill = 0]
                  20008d48    00000020                  : BIOS.obj (.text:ti_sysbios_family_arm_m3_Hwi_excHandler__I)
                  20008d68    00000020                  : BIOS.obj (.text:ti_sysbios_family_arm_m3_TimestampProvider_Module_startup__E)
                  20008d88    00000020     app_pem4.oem4 (.text:ti_sysbios_gates_GateHwi_Object__delete__S)
                  20008da8    00000020     app_pem4.oem4 (.text:ti_sysbios_heaps_HeapMem_Object__delete__S)
                  20008dc8    00000020     sysbios.aem4 : BIOS.obj (.text:ti_sysbios_knl_Idle_run__E)
                  20008de8    00000020     app_pem4.oem4 (.text:ti_sysbios_knl_Semaphore_Object__destruct__S)
                  20008e08    00000020     app_pem4.oem4 (.text:xdc_runtime_LoggerBuf_Object__delete__S)
                  20008e28    00000020     ti.targets.arm.rtsarm.aem4 : LoggerBuf.oem4 (.text:xdc_runtime_LoggerBuf_reset__E)
                  20008e48    00000020                                : Registry.oem4 (.text:xdc_runtime_Registry_findById__E)
                  20008e68    00000020                                : SysMin.oem4 (.text:xdc_runtime_SysMin_Module_startup__E)
                  20008e88    0000001e     sysbios.aem4 : m3_Hwi_asm_switch.obj (.text:ti_sysbios_family_xxx_Hwi_switchAndRunFunc)
                  20008ea6    00000002     --HOLE-- [fill = 0]
                  20008ea8    0000001c                  : BIOS.obj (.text:ti_sysbios_gates_GateMutex_Instance_init__E)
                  20008ec4    0000001c     app_pem4.oem4 (.text:ti_sysbios_knl_Queue_Object__destruct__S)
                  20008ee0    0000001c     sysbios.aem4 : BIOS.obj (.text:ti_sysbios_knl_Task_enter__I)
                  20008efc    0000001c     ti.targets.arm.rtsarm.aem4 : Error.oem4 (.text:xdc_runtime_Error_raiseX__E)
                  20008f18    0000001c                                : Memory.oem4 (.text:xdc_runtime_Memory_valloc__E)
                  20008f34    0000001c                                : SysMin.oem4 (.text:xdc_runtime_SysMin_exit__E)
                  20008f50    0000001c                                : System.oem4 (.text:xdc_runtime_System_abort__E)
                  20008f6c    0000001a     app_pem4.oem4 (.text:ti_sysbios_family_arm_m3_Hwi_Handle__label__S)
                  20008f86    0000001a     sysbios.aem4 : m3_Hwi_asm.obj (.text:ti_sysbios_family_arm_m3_Hwi_pendSV__I)
                  20008fa0    0000001a     app_pem4.oem4 (.text:ti_sysbios_gates_GateHwi_Handle__label__S)
                  20008fba    0000001a     app_pem4.oem4 (.text:ti_sysbios_gates_GateMutex_Handle__label__S)
                  20008fd4    0000001a     app_pem4.oem4 (.text:ti_sysbios_heaps_HeapMem_Handle__label__S)
                  20008fee    0000001a     app_pem4.oem4 (.text:ti_sysbios_knl_Swi_Handle__label__S)
                  20009008    0000001a     app_pem4.oem4 (.text:ti_sysbios_knl_Task_Handle__label__S)
                  20009022    0000001a     app_pem4.oem4 (.text:xdc_runtime_LoggerBuf_Handle__label__S)
                  2000903c    0000001a     app_pem4.oem4 (.text:xdc_runtime_System_aprintf__E)
                  20009056    0000001a     app_pem4.oem4 (.text:xdc_runtime_System_printf__E)
                  20009070    00000018     rtsv7M4_T_le_eabi.lib : args_main.obj (.text)
                  20009088    00000018     app_pem4.oem4 (.text:ti_sysbios_BIOS_rtsUnlock__I)
                  200090a0    00000018     app_pem4.oem4 (.text:ti_sysbios_family_arm_m3_Hwi_Module__startupDone__F)
                  200090b8    00000018     app_pem4.oem4 (.text:ti_sysbios_family_arm_m3_Timer_Module__startupDone__F)
                  200090d0    00000018     sysbios.aem4 : BIOS.obj (.text:ti_sysbios_gates_GateMutex_leave__E)
                  200090e8    00000018     ti.targets.arm.rtsarm.aem4 : Error.oem4 (.text:xdc_runtime_Error_check__E)
                  20009100    00000018                                : System.oem4 (.text:xdc_runtime_System_exit__E)
                  20009118    00000018                                : Text.oem4 (.text:xdc_runtime_Text_ropeText__E)
                  20009130    00000016     app_pem4.oem4 (.text:ti_sysbios_BIOS_exitFunc__I)
                  20009146    00000002     --HOLE-- [fill = 0]
                  20009148    00000014     rtsv7M4_T_le_eabi.lib : _lock.obj (.text)
                  2000915c    00000014                           : strcpy.obj (.text)
                  20009170    00000014                           : strlen.obj (.text)
                  20009184    00000014     app_pem4.oem4 (.text:ti_sysbios_family_arm_m3_Hwi_Object__get__S)
                  20009198    00000014     sysbios.aem4 : BIOS.obj (.text:ti_sysbios_family_arm_m3_Hwi_switchFromBootStack__E)
                  200091ac    00000014     app_pem4.oem4 (.text:ti_sysbios_heaps_HeapMem_Object__get__S)
                  200091c0    00000014     app_pem4.oem4 (.text:ti_sysbios_knl_Swi_Object__get__S)
                  200091d4    00000014     app_pem4.oem4 (.text:xdc_runtime_LoggerBuf_Object__get__S)
                  200091e8    00000012     sysbios.aem4 : BIOS.obj (.text:ti_sysbios_hal_Hwi_Module_startup__E)
                  200091fa    00000006     --HOLE-- [fill = 0]
                  20009200    00000012                  : BIOS.obj (.text:ti_sysbios_knl_Event_sync__E)
                  20009212    00000012     ti.targets.arm.rtsarm.aem4 : LoggerBuf.oem4 (.text:xdc_runtime_LoggerBuf_Instance_finalize__E)
                  20009224    00000012                                : LoggerBuf.oem4 (.text:xdc_runtime_LoggerBuf_write1__E)
                  20009236    00000012                                : LoggerBuf.oem4 (.text:xdc_runtime_LoggerBuf_write2__E)
                  20009248    00000012     app_pem4.oem4 (.text:xdc_runtime_Startup_exec__I)
                  2000925a    00000006     --HOLE-- [fill = 0]
                  20009260    00000010     sysbios.aem4 : BIOS.obj (.text:ti_sysbios_BIOS_setThreadType__E)
                  20009270    00000010                  : BIOS.obj (.text:ti_sysbios_BIOS_start__E)
                  20009280    00000010                  : m3_TaskSupport_asm.obj (.text:ti_sysbios_family_arm_m3_TaskSupport_glue)
                  20009290    00000010                  : m3_TaskSupport_asm.obj (.text:ti_sysbios_family_arm_m3_TaskSupport_swap__E)
                  200092a0    00000010                  : BIOS.obj (.text:ti_sysbios_gates_GateMutex_Instance_finalize__E)
                  200092b0    00000010     app_pem4.oem4 (.text:ti_sysbios_knl_Mailbox_Object__get__S)
                  200092c0    00000010     sysbios.aem4 : BIOS.obj (.text:ti_sysbios_knl_Swi_disable__E)
                  200092d0    00000010     app_pem4.oem4 (.text:ti_sysbios_knl_Task_Object__get__S)
                  200092e0    00000010     sysbios.aem4 : BIOS.obj (.text:ti_sysbios_knl_Task_disable__E)
                  200092f0    00000010     ti.targets.arm.rtsarm.aem4 : Gate.oem4 (.text:xdc_runtime_Gate_leaveSystem__E)
                  20009300    00000010                                : LoggerBuf.oem4 (.text:xdc_runtime_LoggerBuf_write0__E)
                  20009310    00000010                                : Memory.oem4 (.text:xdc_runtime_Memory_free__E)
                  20009320    00000010                                : SysMin.oem4 (.text:xdc_runtime_SysMin_ready__E)
                  20009330    00000010                                : System.oem4 (.text:xdc_runtime_System_vsnprintf__E)
                  20009340    00000010     app_pem4.oem4 (.text:xdc_runtime_Text_visitRope__I)
                  20009350    0000000e     rtsv7M4_T_le_eabi.lib : copy_decompress_none.obj (.text:decompress:none)
                  2000935e    00000002     --HOLE-- [fill = 0]
                  20009360    0000000e     sysbios.aem4 : BIOS.obj (.text:ti_sysbios_knl_Idle_loop__E)
                  2000936e    00000002     --HOLE-- [fill = 0]
                  20009370    0000000e                  : BIOS.obj (.text:ti_sysbios_knl_Queue_empty__E)
                  2000937e    0000000c     rtsv7M4_T_le_eabi.lib : copy_zero_init.obj (.text:decompress:ZI)
                  2000938a    00000006     --HOLE-- [fill = 0]
                  20009390    0000000c     sysbios.aem4 : BIOS.obj (.text:ti_sysbios_family_arm_m3_TaskSupport_checkStack__E)
                  2000939c    00000004     --HOLE-- [fill = 0]
                  200093a0    0000000c                  : BIOS.obj (.text:ti_sysbios_gates_GateHwi_enter__E)
                  200093ac    0000000c     app_pem4.oem4 (.text:ti_sysbios_knl_Queue_Object__get__S)
                  200093b8    0000000c     ti.targets.arm.rtsarm.aem4 : Error.oem4 (.text:xdc_runtime_Error_init__E)
                  200093c4    0000000c                                : Gate.oem4 (.text:xdc_runtime_Gate_enterSystem__E)
                  200093d0    0000000c                                : Memory.oem4 (.text:xdc_runtime_Memory_calloc__E)
                  200093dc    0000000c                                : Memory.oem4 (.text:xdc_runtime_Memory_getMaxDefaultTypeAlign__E)
                  200093e8    0000000a     app_pem4.oem4 (.text:xdc_runtime_IHeap_alloc)
                  200093f2    0000000a     app_pem4.oem4 (.text:xdc_runtime_IHeap_free)
                  200093fc    0000000a     ti.targets.arm.rtsarm.aem4 : LoggerBuf.oem4 (.text:xdc_runtime_LoggerBuf_disable__E)
                  20009406    0000000a                                : LoggerBuf.oem4 (.text:xdc_runtime_LoggerBuf_enable__E)
                  20009410    00000008     sysbios.aem4 : BIOS.obj (.text:ti_sysbios_family_arm_m3_Hwi_doSwiRestore__I)
                  20009418    00000008                  : BIOS.obj (.text:ti_sysbios_family_arm_m3_Hwi_startup__E)
                  20009420    00000006                  : BIOS.obj (.text:ti_sysbios_gates_GateHwi_leave__E)
                  20009426    00000002     --HOLE-- [fill = 0]
                  20009428    00000006                  : BIOS.obj (.text:ti_sysbios_heaps_HeapMem_isBlocking__E)
                  2000942e    00000002     --HOLE-- [fill = 0]
                  20009430    00000006                  : BIOS.obj (.text:ti_sysbios_knl_Queue_Instance_init__E)
                  20009436    00000002     --HOLE-- [fill = 0]
                  20009438    00000004                  : BIOS.obj (.text:ti_sysbios_family_arm_m3_Timer_getMaxTicks__E)
                  2000943c    00000004     --HOLE-- [fill = 0]
                  20009440    00000004                  : BIOS.obj (.text:ti_sysbios_gates_GateHwi_query__E)
                  20009444    00000004     --HOLE-- [fill = 0]
                  20009448    00000004                  : BIOS.obj (.text:ti_sysbios_gates_GateMutex_query__E)
                  2000944c    00000004     --HOLE-- [fill = 0]
                  20009450    00000004                  : BIOS.obj (.text:ti_sysbios_knl_Task_startup__E)
                  20009454    00000004     --HOLE-- [fill = 0]
                  20009458    00000002                  : BIOS.obj (.text:ti_sysbios_gates_GateHwi_Instance_init__E)

.const     0    2000945c    00001d00     
                  2000945c    000016e5     app_pem4.oem4 (.const:xdc_runtime_Text_charTab__A)
                  2000ab41    00000001     app_pem4.oem4 (.const:xdc_runtime_Error_policy__C)
                  2000ab42    000000b0     app_pem4.oem4 (.const:xdc_runtime_Text_nodeTab__A)
                  2000abf2    00000002     app_pem4.oem4 (.const:ti_sysbios_family_arm_m3_Hwi_Module__id__C)
                  2000abf4    00000048     app_pem4.oem4 (.const:.string)
                  2000ac3c    0000003c     app_pem4.oem4 (.const:xdc_runtime_LoggerBuf_Module__FXNS__C)
                  2000ac78    0000002c     app_pem4.oem4 (.const:xdc_runtime_Startup_sfxnTab__A)
                  2000aca4    00000028     app_pem4.oem4 (.const:ti_sysbios_heaps_HeapMem_Module__FXNS__C)
                  2000accc    00000024     app_pem4.oem4 (.const:ti_sysbios_gates_GateHwi_Module__FXNS__C)
                  2000acf0    00000024     app_pem4.oem4 (.const:ti_sysbios_gates_GateMutex_Module__FXNS__C)
                  2000ad14    00000024     app_pem4.oem4 (.const:ti_sysbios_heaps_HeapMem_Object__PARAMS__C)
                  2000ad38    00000024     app_pem4.oem4 (.const:ti_sysbios_knl_Semaphore_Object__PARAMS__C)
                  2000ad5c    00000024     app_pem4.oem4 (.const:xdc_runtime_LoggerBuf_Object__PARAMS__C)
                  2000ad80    00000020     app_pem4.oem4 (.const:ti_sysbios_gates_GateHwi_Object__DESC__C)
                  2000ada0    00000020     app_pem4.oem4 (.const:ti_sysbios_gates_GateMutex_Object__DESC__C)
                  2000adc0    00000020     app_pem4.oem4 (.const:ti_sysbios_heaps_HeapMem_Object__DESC__C)
                  2000ade0    00000020     app_pem4.oem4 (.const:ti_sysbios_knl_Queue_Object__DESC__C)
                  2000ae00    00000020     app_pem4.oem4 (.const:ti_sysbios_knl_Semaphore_Object__DESC__C)
                  2000ae20    00000020     app_pem4.oem4 (.const:xdc_runtime_LoggerBuf_Object__DESC__C)
                  2000ae40    00000018     app_pem4.oem4 (.const:ti_sysbios_gates_GateHwi_Object__PARAMS__C)
                  2000ae58    00000018     app_pem4.oem4 (.const:ti_sysbios_gates_GateMutex_Object__PARAMS__C)
                  2000ae70    00000018     app_pem4.oem4 (.const:ti_sysbios_knl_Queue_Object__PARAMS__C)
                  2000ae88    00000016     app_pem4.oem4 (.const:xdc_runtime_Startup_sfxnRts__A)
                  2000ae9e    00000011     ti.targets.arm.rtsarm.aem4 : System.oem4 (.const:.string)
                  2000aeaf    00000001     --HOLE-- [fill = 0]
                  2000aeb0    0000000c     app_pem4.oem4 (.const:xdc_runtime_Startup_firstFxns__A)
                  2000aebc    00000008     app_pem4.oem4 (.const:ti_sysbios_family_arm_m3_Hwi_excHookFuncs__A)
                  2000aec4    00000008     app_pem4.oem4 (.const:ti_sysbios_knl_Idle_funcList__C)
                  2000aecc    00000008     app_pem4.oem4 (.const:xdc_runtime_Startup_firstFxns__C)
                  2000aed4    00000008     app_pem4.oem4 (.const:xdc_runtime_Startup_lastFxns__C)
                  2000aedc    00000004     app_pem4.oem4 (.const:ti_sysbios_family_arm_m3_Hwi_E_NMI__C)
                  2000aee0    00000004     app_pem4.oem4 (.const:ti_sysbios_family_arm_m3_Hwi_E_busFault__C)
                  2000aee4    00000004     app_pem4.oem4 (.const:ti_sysbios_family_arm_m3_Hwi_E_debugMon__C)
                  2000aee8    00000004     app_pem4.oem4 (.const:ti_sysbios_family_arm_m3_Hwi_E_hardFault__C)
                  2000aeec    00000004     app_pem4.oem4 (.const:ti_sysbios_family_arm_m3_Hwi_E_memFault__C)
                  2000aef0    00000004     app_pem4.oem4 (.const:ti_sysbios_family_arm_m3_Hwi_E_noIsr__C)
                  2000aef4    00000004     app_pem4.oem4 (.const:ti_sysbios_family_arm_m3_Hwi_E_reserved__C)
                  2000aef8    00000004     app_pem4.oem4 (.const:ti_sysbios_family_arm_m3_Hwi_E_svCall__C)
                  2000aefc    00000004     app_pem4.oem4 (.const:ti_sysbios_family_arm_m3_Hwi_E_usageFault__C)
                  2000af00    00000004     app_pem4.oem4 (.const:ti_sysbios_family_arm_m3_Hwi_LD_end__C)
                  2000af04    00000004     app_pem4.oem4 (.const:ti_sysbios_family_arm_m3_Hwi_LM_begin__C)
                  2000af08    00000004     app_pem4.oem4 (.const:ti_sysbios_family_arm_m3_Hwi_Module__diagsEnabled__C)
                  2000af0c    00000004     app_pem4.oem4 (.const:ti_sysbios_family_arm_m3_Hwi_Module__diagsIncluded__C)
                  2000af10    00000004     app_pem4.oem4 (.const:ti_sysbios_family_arm_m3_Hwi_Module__diagsMask__C)
                  2000af14    00000004     app_pem4.oem4 (.const:ti_sysbios_family_arm_m3_Hwi_Module__loggerFxn1__C)
                  2000af18    00000004     app_pem4.oem4 (.const:ti_sysbios_family_arm_m3_Hwi_Module__loggerFxn8__C)
                  2000af1c    00000004     app_pem4.oem4 (.const:ti_sysbios_family_arm_m3_Hwi_Module__loggerObj__C)
                  2000af20    00000004     app_pem4.oem4 (.const:ti_sysbios_family_arm_m3_Hwi_NUM_INTERRUPTS__C)
                  2000af24    00000004     app_pem4.oem4 (.const:ti_sysbios_family_arm_m3_Hwi_Object__count__C)
                  2000af28    00000004     app_pem4.oem4 (.const:ti_sysbios_family_arm_m3_Hwi_ccr__C)
                  2000af2c    00000004     app_pem4.oem4 (.const:ti_sysbios_family_arm_m3_Hwi_excHandlerFunc__C)
                  2000af30    00000004     app_pem4.oem4 (.const:ti_sysbios_family_arm_m3_Hwi_excHookFuncs__C)
                  2000af34    00000004     app_pem4.oem4 (.const:ti_sysbios_family_arm_m3_Hwi_nullIsrFunc__C)
                  2000af38    00000004     app_pem4.oem4 (.const:ti_sysbios_family_arm_m3_Hwi_priGroup__C)
                  2000af3c    00000004     app_pem4.oem4 (.const:ti_sysbios_family_arm_m3_Timer_E_cannotSupport__C)
                  2000af40    00000004     app_pem4.oem4 (.const:ti_sysbios_family_arm_m3_Timer_startupNeeded__C)
                  2000af44    00000004     app_pem4.oem4 (.const:ti_sysbios_gates_GateMutex_A_badContext__C)
                  2000af48    00000004     app_pem4.oem4 (.const:ti_sysbios_gates_GateMutex_Instance_State_sem__O)
                  2000af4c    00000004     app_pem4.oem4 (.const:ti_sysbios_gates_GateMutex_Module__diagsEnabled__C)
                  2000af50    00000004     app_pem4.oem4 (.const:ti_sysbios_gates_GateMutex_Module__diagsIncluded__C)
                  2000af54    00000004     app_pem4.oem4 (.const:ti_sysbios_gates_GateMutex_Module__diagsMask__C)
                  2000af58    00000004     app_pem4.oem4 (.const:ti_sysbios_hal_Hwi_E_stackOverflow__C)
                  2000af5c    00000004     app_pem4.oem4 (.const:ti_sysbios_heaps_HeapMem_A_align__C)
                  2000af60    00000004     app_pem4.oem4 (.const:ti_sysbios_heaps_HeapMem_A_heapSize__C)
                  2000af64    00000004     app_pem4.oem4 (.const:ti_sysbios_heaps_HeapMem_A_invalidFree__C)
                  2000af68    00000004     app_pem4.oem4 (.const:ti_sysbios_heaps_HeapMem_A_zeroBlock__C)
                  2000af6c    00000004     app_pem4.oem4 (.const:ti_sysbios_heaps_HeapMem_E_memory__C)
                  2000af70    00000004     app_pem4.oem4 (.const:ti_sysbios_heaps_HeapMem_Module__diagsEnabled__C)
                  2000af74    00000004     app_pem4.oem4 (.const:ti_sysbios_heaps_HeapMem_Module__diagsIncluded__C)
                  2000af78    00000004     app_pem4.oem4 (.const:ti_sysbios_heaps_HeapMem_Module__diagsMask__C)
                  2000af7c    00000004     app_pem4.oem4 (.const:ti_sysbios_heaps_HeapMem_Module__gateObj__C)
                  2000af80    00000004     app_pem4.oem4 (.const:ti_sysbios_heaps_HeapMem_Object__count__C)
                  2000af84    00000004     app_pem4.oem4 (.const:ti_sysbios_heaps_HeapMem_reqAlign__C)
                  2000af88    00000004     app_pem4.oem4 (.const:ti_sysbios_knl_Clock_LM_begin__C)
                  2000af8c    00000004     app_pem4.oem4 (.const:ti_sysbios_knl_Clock_LM_tick__C)
                  2000af90    00000004     app_pem4.oem4 (.const:ti_sysbios_knl_Clock_LW_delayed__C)
                  2000af94    00000004     app_pem4.oem4 (.const:ti_sysbios_knl_Clock_Module_State_clockQ__O)
                  2000af98    00000004     app_pem4.oem4 (.const:ti_sysbios_knl_Clock_Module__diagsEnabled__C)
                  2000af9c    00000004     app_pem4.oem4 (.const:ti_sysbios_knl_Clock_Module__diagsIncluded__C)
                  2000afa0    00000004     app_pem4.oem4 (.const:ti_sysbios_knl_Clock_Module__diagsMask__C)
                  2000afa4    00000004     app_pem4.oem4 (.const:ti_sysbios_knl_Clock_Module__loggerFxn1__C)
                  2000afa8    00000004     app_pem4.oem4 (.const:ti_sysbios_knl_Clock_Module__loggerFxn2__C)
                  2000afac    00000004     app_pem4.oem4 (.const:ti_sysbios_knl_Clock_Module__loggerObj__C)
                  2000afb0    00000004     app_pem4.oem4 (.const:ti_sysbios_knl_Event_A_nullEventId__C)
                  2000afb4    00000004     app_pem4.oem4 (.const:ti_sysbios_knl_Event_Instance_State_pendQ__O)
                  2000afb8    00000004     app_pem4.oem4 (.const:ti_sysbios_knl_Event_LM_post__C)
                  2000afbc    00000004     app_pem4.oem4 (.const:ti_sysbios_knl_Event_Module__diagsEnabled__C)
                  2000afc0    00000004     app_pem4.oem4 (.const:ti_sysbios_knl_Event_Module__diagsIncluded__C)
                  2000afc4    00000004     app_pem4.oem4 (.const:ti_sysbios_knl_Event_Module__diagsMask__C)
                  2000afc8    00000004     app_pem4.oem4 (.const:ti_sysbios_knl_Event_Module__loggerFxn4__C)
                  2000afcc    00000004     app_pem4.oem4 (.const:ti_sysbios_knl_Event_Module__loggerObj__C)
                  2000afd0    00000004     app_pem4.oem4 (.const:ti_sysbios_knl_Idle_funcList__A)
                  2000afd4    00000004     app_pem4.oem4 (.const:ti_sysbios_knl_Mailbox_Instance_State_freeQue__O)
                  2000afd8    00000004     app_pem4.oem4 (.const:ti_sysbios_knl_Mailbox_Object__count__C)
                  2000afdc    00000004     app_pem4.oem4 (.const:ti_sysbios_knl_Mailbox_maxTypeAlign__C)
                  2000afe0    00000004     app_pem4.oem4 (.const:ti_sysbios_knl_Semaphore_A_badContext__C)
                  2000afe4    00000004     app_pem4.oem4 (.const:ti_sysbios_knl_Semaphore_A_overflow__C)
                  2000afe8    00000004     app_pem4.oem4 (.const:ti_sysbios_knl_Semaphore_A_pendTaskDisabled__C)
                  2000afec    00000004     app_pem4.oem4 (.const:ti_sysbios_knl_Semaphore_Instance_State_pendQ__O)
                  2000aff0    00000004     app_pem4.oem4 (.const:ti_sysbios_knl_Semaphore_LM_pend__C)
                  2000aff4    00000004     app_pem4.oem4 (.const:ti_sysbios_knl_Semaphore_LM_post__C)
                  2000aff8    00000004     app_pem4.oem4 (.const:ti_sysbios_knl_Semaphore_Module__diagsEnabled__C)
                  2000affc    00000004     app_pem4.oem4 (.const:ti_sysbios_knl_Semaphore_Module__diagsIncluded__C)
                  2000b000    00000004     app_pem4.oem4 (.const:ti_sysbios_knl_Semaphore_Module__diagsMask__C)
                  2000b004    00000004     app_pem4.oem4 (.const:ti_sysbios_knl_Semaphore_Module__loggerFxn2__C)
                  2000b008    00000004     app_pem4.oem4 (.const:ti_sysbios_knl_Semaphore_Module__loggerFxn4__C)
                  2000b00c    00000004     app_pem4.oem4 (.const:ti_sysbios_knl_Semaphore_Module__loggerObj__C)
                  2000b010    00000004     app_pem4.oem4 (.const:ti_sysbios_knl_Semaphore_eventPost__C)
                  2000b014    00000004     app_pem4.oem4 (.const:ti_sysbios_knl_Semaphore_eventSync__C)
                  2000b018    00000004     app_pem4.oem4 (.const:ti_sysbios_knl_Swi_LD_end__C)
                  2000b01c    00000004     app_pem4.oem4 (.const:ti_sysbios_knl_Swi_LM_begin__C)
                  2000b020    00000004     app_pem4.oem4 (.const:ti_sysbios_knl_Swi_LM_post__C)
                  2000b024    00000004     app_pem4.oem4 (.const:ti_sysbios_knl_Swi_Module__diagsEnabled__C)
                  2000b028    00000004     app_pem4.oem4 (.const:ti_sysbios_knl_Swi_Module__diagsIncluded__C)
                  2000b02c    00000004     app_pem4.oem4 (.const:ti_sysbios_knl_Swi_Module__diagsMask__C)
                  2000b030    00000004     app_pem4.oem4 (.const:ti_sysbios_knl_Swi_Module__loggerFxn1__C)
                  2000b034    00000004     app_pem4.oem4 (.const:ti_sysbios_knl_Swi_Module__loggerFxn4__C)
                  2000b038    00000004     app_pem4.oem4 (.const:ti_sysbios_knl_Swi_Module__loggerObj__C)
                  2000b03c    00000004     app_pem4.oem4 (.const:ti_sysbios_knl_Swi_Object__count__C)
                  2000b040    00000004     app_pem4.oem4 (.const:ti_sysbios_knl_Task_E_spOutOfBounds__C)
                  2000b044    00000004     app_pem4.oem4 (.const:ti_sysbios_knl_Task_E_stackOverflow__C)
                  2000b048    00000004     app_pem4.oem4 (.const:ti_sysbios_knl_Task_LD_block__C)
                  2000b04c    00000004     app_pem4.oem4 (.const:ti_sysbios_knl_Task_LD_exit__C)
                  2000b050    00000004     app_pem4.oem4 (.const:ti_sysbios_knl_Task_LD_ready__C)
                  2000b054    00000004     app_pem4.oem4 (.const:ti_sysbios_knl_Task_LM_switch__C)
                  2000b058    00000004     app_pem4.oem4 (.const:ti_sysbios_knl_Task_Module_State_inactiveQ__O)
                  2000b05c    00000004     app_pem4.oem4 (.const:ti_sysbios_knl_Task_Module__diagsEnabled__C)
                  2000b060    00000004     app_pem4.oem4 (.const:ti_sysbios_knl_Task_Module__diagsIncluded__C)
                  2000b064    00000004     app_pem4.oem4 (.const:ti_sysbios_knl_Task_Module__diagsMask__C)
                  2000b068    00000004     app_pem4.oem4 (.const:ti_sysbios_knl_Task_Module__loggerFxn2__C)
                  2000b06c    00000004     app_pem4.oem4 (.const:ti_sysbios_knl_Task_Module__loggerFxn4__C)
                  2000b070    00000004     app_pem4.oem4 (.const:ti_sysbios_knl_Task_Module__loggerObj__C)
                  2000b074    00000004     app_pem4.oem4 (.const:ti_sysbios_knl_Task_Object__count__C)
                  2000b078    00000004     app_pem4.oem4 (.const:ti_sysbios_knl_Task_allBlockedFunc__C)
                  2000b07c    00000004     app_pem4.oem4 (.const:ti_sysbios_knl_Task_numConstructedTasks__C)
                  2000b080    00000004     app_pem4.oem4 (.const:xdc_runtime_Assert_E_assertFailed__C)
                  2000b084    00000004     app_pem4.oem4 (.const:xdc_runtime_Core_A_initializedParams__C)
                  2000b088    00000004     app_pem4.oem4 (.const:xdc_runtime_Core_Module__diagsEnabled__C)
                  2000b08c    00000004     app_pem4.oem4 (.const:xdc_runtime_Core_Module__diagsIncluded__C)
                  2000b090    00000004     app_pem4.oem4 (.const:xdc_runtime_Core_Module__diagsMask__C)
                  2000b094    00000004     app_pem4.oem4 (.const:xdc_runtime_Error_E_memory__C)
                  2000b098    00000004     app_pem4.oem4 (.const:xdc_runtime_Error_Module__diagsEnabled__C)
                  2000b09c    00000004     app_pem4.oem4 (.const:xdc_runtime_Error_Module__diagsIncluded__C)
                  2000b0a0    00000004     app_pem4.oem4 (.const:xdc_runtime_Error_Module__diagsMask__C)
                  2000b0a4    00000004     app_pem4.oem4 (.const:xdc_runtime_Error_Module__loggerFxn8__C)
                  2000b0a8    00000004     app_pem4.oem4 (.const:xdc_runtime_Error_Module__loggerObj__C)
                  2000b0ac    00000004     app_pem4.oem4 (.const:xdc_runtime_Error_policyFxn__C)
                  2000b0b0    00000004     app_pem4.oem4 (.const:xdc_runtime_Error_raiseHook__C)
                  2000b0b4    00000004     app_pem4.oem4 (.const:xdc_runtime_IFilterLogger_Interface__BASE__C)
                  2000b0b8    00000004     app_pem4.oem4 (.const:xdc_runtime_IGateProvider_Interface__BASE__C)
                  2000b0bc    00000004     app_pem4.oem4 (.const:xdc_runtime_IHeap_Interface__BASE__C)
                  2000b0c0    00000004     app_pem4.oem4 (.const:xdc_runtime_ILogger_Interface__BASE__C)
                  2000b0c4    00000004     app_pem4.oem4 (.const:xdc_runtime_IModule_Interface__BASE__C)
                  2000b0c8    00000004     app_pem4.oem4 (.const:xdc_runtime_Log_L_error__C)
                  2000b0cc    00000004     app_pem4.oem4 (.const:xdc_runtime_LoggerBuf_E_badLevel__C)
                  2000b0d0    00000004     app_pem4.oem4 (.const:xdc_runtime_LoggerBuf_Module__gateObj__C)
                  2000b0d4    00000004     app_pem4.oem4 (.const:xdc_runtime_LoggerBuf_Object__count__C)
                  2000b0d8    00000004     app_pem4.oem4 (.const:xdc_runtime_LoggerBuf_statusLogger__C)
                  2000b0dc    00000004     app_pem4.oem4 (.const:xdc_runtime_Memory_defaultHeapInstance__C)
                  2000b0e0    00000004     app_pem4.oem4 (.const:xdc_runtime_Startup_execImpl__C)
                  2000b0e4    00000004     app_pem4.oem4 (.const:xdc_runtime_Startup_maxPasses__C)
                  2000b0e8    00000004     app_pem4.oem4 (.const:xdc_runtime_Startup_sfxnRts__C)
                  2000b0ec    00000004     app_pem4.oem4 (.const:xdc_runtime_Startup_sfxnTab__C)
                  2000b0f0    00000004     app_pem4.oem4 (.const:xdc_runtime_SysMin_bufSize__C)
                  2000b0f4    00000004     app_pem4.oem4 (.const:xdc_runtime_SysMin_outputFunc__C)
                  2000b0f8    00000004     app_pem4.oem4 (.const:xdc_runtime_System_Module__gateObj__C)
                  2000b0fc    00000004     app_pem4.oem4 (.const:xdc_runtime_System_abortFxn__C)
                  2000b100    00000004     app_pem4.oem4 (.const:xdc_runtime_System_exitFxn__C)
                  2000b104    00000004     app_pem4.oem4 (.const:xdc_runtime_System_extendFxn__C)
                  2000b108    00000004     app_pem4.oem4 (.const:xdc_runtime_System_maxAtexitHandlers__C)
                  2000b10c    00000004     app_pem4.oem4 (.const:xdc_runtime_Text_charTab__C)
                  2000b110    00000004     app_pem4.oem4 (.const:xdc_runtime_Text_nameEmpty__C)
                  2000b114    00000004     app_pem4.oem4 (.const:xdc_runtime_Text_nameStatic__C)
                  2000b118    00000004     app_pem4.oem4 (.const:xdc_runtime_Text_nameUnknown__C)
                  2000b11c    00000004     app_pem4.oem4 (.const:xdc_runtime_Text_nodeTab__C)
                  2000b120    00000004     app_pem4.oem4 (.const:xdc_runtime_Text_visitRopeFxn__C)
                  2000b124    00000002     app_pem4.oem4 (.const:ti_sysbios_family_arm_m3_Hwi_Module__loggerDefined__C)
                  2000b126    00000002     app_pem4.oem4 (.const:ti_sysbios_family_arm_m3_Timer_Module__id__C)
                  2000b128    00000002     app_pem4.oem4 (.const:ti_sysbios_family_arm_m3_TimestampProvider_configTimer__C)
                  2000b12a    00000002     app_pem4.oem4 (.const:ti_sysbios_gates_GateMutex_Module__id__C)
                  2000b12c    00000002     app_pem4.oem4 (.const:ti_sysbios_hal_Hwi_Module__id__C)
                  2000b12e    00000002     app_pem4.oem4 (.const:ti_sysbios_heaps_HeapMem_Module__id__C)
                  2000b130    00000002     app_pem4.oem4 (.const:ti_sysbios_knl_Clock_Module__id__C)
                  2000b132    00000002     app_pem4.oem4 (.const:ti_sysbios_knl_Clock_Module__loggerDefined__C)
                  2000b134    00000002     app_pem4.oem4 (.const:ti_sysbios_knl_Event_Module__id__C)
                  2000b136    00000002     app_pem4.oem4 (.const:ti_sysbios_knl_Event_Module__loggerDefined__C)
                  2000b138    00000002     app_pem4.oem4 (.const:ti_sysbios_knl_Semaphore_Module__id__C)
                  2000b13a    00000002     app_pem4.oem4 (.const:ti_sysbios_knl_Semaphore_Module__loggerDefined__C)
                  2000b13c    00000002     app_pem4.oem4 (.const:ti_sysbios_knl_Swi_Module__id__C)
                  2000b13e    00000002     app_pem4.oem4 (.const:ti_sysbios_knl_Swi_Module__loggerDefined__C)
                  2000b140    00000002     app_pem4.oem4 (.const:ti_sysbios_knl_Task_Module__id__C)
                  2000b142    00000002     app_pem4.oem4 (.const:ti_sysbios_knl_Task_Module__loggerDefined__C)
                  2000b144    00000002     app_pem4.oem4 (.const:ti_sysbios_knl_Task_initStackFlag__C)
                  2000b146    00000002     app_pem4.oem4 (.const:xdc_runtime_Core_Module__id__C)
                  2000b148    00000002     app_pem4.oem4 (.const:xdc_runtime_Error_Module__loggerDefined__C)
                  2000b14a    00000002     app_pem4.oem4 (.const:xdc_runtime_Error_maxDepth__C)
                  2000b14c    00000002     app_pem4.oem4 (.const:xdc_runtime_LoggerBuf_Module__id__C)
                  2000b14e    00000002     app_pem4.oem4 (.const:xdc_runtime_LoggerBuf_filterByLevel__C)
                  2000b150    00000002     app_pem4.oem4 (.const:xdc_runtime_Memory_Module__id__C)
                  2000b152    00000002     app_pem4.oem4 (.const:xdc_runtime_SysMin_flushAtExit__C)
                  2000b154    00000002     app_pem4.oem4 (.const:xdc_runtime_Text_charCnt__C)
                  2000b156    00000002     app_pem4.oem4 (.const:xdc_runtime_Text_isLoaded__C)
                  2000b158    00000002     app_pem4.oem4 (.const:xdc_runtime_Text_registryModsLastId__C)
                  2000b15a    00000002     app_pem4.oem4 (.const:xdc_runtime_Text_unnamedModsLastId__C)

.cinit     0    2000b160    00000348     
                  2000b160    00000321     (.cinit..data.load) [load image, compression = rle]
                  2000b481    00000003     --HOLE-- [fill = 0]
                  2000b484    0000000c     (__TI_handler_table)
                  2000b490    00000008     (.cinit..bss.load) [load image, compression = zero_init]
                  2000b498    00000010     (__TI_cinit_table)

.bss       0    20017000    00002034     UNINITIALIZED
                  20017000    00001000     app_pem4.oem4 (.bss:ti_sysbios_heaps_HeapMem_Instance_State_0_buf__A)
                  20018000    00000800     app_pem4.oem4 (.bss:taskStackSection)
                  20018800    0000030c     app_pem4.oem4 (.bss:ti_sysbios_family_arm_m3_Hwi_dispatchTable)
                  20018b0c    00000200     app_pem4.oem4 (.bss:xdc_runtime_LoggerBuf_Instance_State_0_entryArr__A)
                  20018d0c    00000200     app_pem4.oem4 (.bss:xdc_runtime_SysMin_Module_State_0_outbuf__A)
                  20018f0c    00000120     rtsv7M4_T_le_eabi.lib : trgmsg.obj (.bss:__CIOBUF_)
                  2001902c    00000008     (.common:parmbuf)

.data      0    20019034    00000414     UNINITIALIZED
                  20019034    00000130     app_pem4.oem4 (.data)
                  20019164    00000080     app_pem4.oem4 (.data:ti_sysbios_knl_Swi_Module_State_0_readyQ__A)
                  200191e4    00000080     app_pem4.oem4 (.data:ti_sysbios_knl_Task_Module_State_0_readyQ__A)
                  20019264    0000004c     app_pem4.oem4 (.data:ti_sysbios_knl_Task_Object__table__V)
                  200192b0    00000044     app_pem4.oem4 (.data:ti_sysbios_knl_Task_Module__state__V)
                  200192f4    00000038     app_pem4.oem4 (.data:ti_sysbios_gates_GateMutex_Object__table__V)
                  2001932c    00000034     app_pem4.oem4 (.data:ti_sysbios_family_arm_m3_Hwi_Module__state__V)
                  20019360    00000030     app_pem4.oem4 (.data:ti_sysbios_family_arm_m3_Timer_Object__table__V)
                  20019390    00000030     app_pem4.oem4 (.data:ti_sysbios_knl_Swi_Object__table__V)
                  200193c0    0000002c     app_pem4.oem4 (.data:ti_sysbios_knl_Clock_Module__state__V)
                  200193ec    00000024     app_pem4.oem4 (.data:ti_sysbios_BIOS_Module__state__V)
                  20019410    00000024     app_pem4.oem4 (.data:xdc_runtime_LoggerBuf_Object__table__V)
                  20019434    00000008     rtsv7M4_T_le_eabi.lib : _lock.obj (.data)
                  2001943c    00000008                           : exit.obj (.data)
                  20019444    00000004                           : stkdepth_vars.obj (.data)

.TI.noinit 
*          0    20017000    00000000     UNINITIALIZED

.TI.persistent 
*          0    20019034    00000000     UNINITIALIZED

.stack     0    2002fc00    00000400     UNINITIALIZED
                  2002fc00    00000400     --HOLE--


LINKER GENERATED COPY TABLES

__TI_cinit_table @ 2000b498 records: 2, size/record: 8, table size: 16
	.data: load addr=2000b160, load size=00000321 bytes, run addr=20019034, run size=00000414 bytes, compression=rle
	.bss: load addr=2000b490, load size=00000008 bytes, run addr=20017000, run size=00002034 bytes, compression=zero_init


LINKER GENERATED HANDLER TABLE

__TI_handler_table @ 2000b484 records: 3, size/record: 4, table size: 12
	index: 0, handler: __TI_decompress_rle24
	index: 1, handler: __TI_decompress_none
	index: 2, handler: __TI_zero_init


GLOBAL SYMBOLS: SORTED ALPHABETICALLY BY Name 

address   name                                                        
-------   ----                                                        
2000832d  C$$EXIT                                                     
20007ad3  C$$IO$$                                                     
20005039  HOSTclock                                                   
20005001  HOSTclose                                                   
20004fc3  HOSTgetenv                                                  
20004f67  HOSTlseek                                                   
20004f15  HOSTopen                                                    
20004ec9  HOSTread                                                    
20004e6b  HOSTrename                                                  
20004e31  HOSTtime                                                    
20004df9  HOSTunlink                                                  
20004dad  HOSTwrite                                                   
20004a7d  LoggerBuf_instanceStartup                                   
UNDEFED   SHT$$INIT_ARRAY$$Base                                       
UNDEFED   SHT$$INIT_ARRAY$$Limit                                      
20019264  TSK_idle                                                    
00000000  __ASM__                                                     
20018f0c  __CIOBUF_                                                   
00000072  __ISA__                                                     
00000085  __PLAT__                                                    
20030000  __STACK_END                                                 
00000400  __STACK_SIZE                                                
000000ac  __TARG__                                                    
2000b498  __TI_CINIT_Base                                             
2000b4a8  __TI_CINIT_Limit                                            
2000b484  __TI_Handler_Table_Base                                     
2000b490  __TI_Handler_Table_Limit                                    
20007371  __TI_auto_init                                              
2001943c  __TI_cleanup_ptr                                            
20009351  __TI_decompress_none                                        
20007b73  __TI_decompress_rle24                                       
20019440  __TI_dtors_ptr                                              
20007ad7  __TI_readmsg                                                
2000b160  __TI_static_base__                                          
20007aa5  __TI_writemsg                                               
2000937f  __TI_zero_init                                              
000000d1  __TRDR__                                                    
20007801  __aeabi_memclr                                              
20007801  __aeabi_memclr4                                             
20007801  __aeabi_memclr8                                             
20007411  __aeabi_memcpy                                              
20007411  __aeabi_memcpy4                                             
20007411  __aeabi_memcpy8                                             
20007803  __aeabi_memset                                              
20007803  __aeabi_memset4                                             
20007803  __aeabi_memset8                                             
20008481  __aeabi_uidiv                                               
20008481  __aeabi_uidivmod                                            
ffffffff  __binit__                                                   
ffffffff  __c_args__                                                  
2002fc00  __stack                                                     
2000787b  __xdc__init                                                 
20019160  __xdc__init__addr                                           
20009071  _args_main                                                  
200082e9  _c_int00                                                    
20019434  _lock                                                       
20009157  _nop                                                        
2000914f  _register_lock                                              
20009149  _register_unlock                                            
20019438  _unlock                                                     
20008331  abort                                                       
ffffffff  binit                                                       
20007f65  copy_in                                                     
20008339  exit                                                        
20008cc1  main                                                        
20019444  main_func_sp                                                
20007411  memcpy                                                      
20007809  memset                                                      
2000915d  strcpy                                                      
20009171  strlen                                                      
200193ec  ti_sysbios_BIOS_Module__state__V                            
20008fbb  ti_sysbios_BIOS_RtsGateProxy_Handle__label__S               
20008c55  ti_sysbios_BIOS_RtsGateProxy_Object__delete__S              
200052d5  ti_sysbios_BIOS_RtsGateProxy_enter__E                       
20005715  ti_sysbios_BIOS_RtsGateProxy_leave__E                       
20009449  ti_sysbios_BIOS_RtsGateProxy_query__E                       
200088a5  ti_sysbios_BIOS_atExitFunc__I                               
20008b79  ti_sysbios_BIOS_errorRaiseHook__I                           
20009131  ti_sysbios_BIOS_exitFunc__I                                 
20007547  ti_sysbios_BIOS_nullFunc__I                                 
20008b9d  ti_sysbios_BIOS_registerRTSLock__I                          
20008bc1  ti_sysbios_BIOS_removeRTSLock__I                            
20008d05  ti_sysbios_BIOS_rtsLock__I                                  
20009089  ti_sysbios_BIOS_rtsUnlock__I                                
20009261  ti_sysbios_BIOS_setThreadType__E                            
20008be5  ti_sysbios_BIOS_startFunc__I                                
20009271  ti_sysbios_BIOS_start__E                                    
2000aedc  ti_sysbios_family_arm_m3_Hwi_E_NMI__C                       
2000aee0  ti_sysbios_family_arm_m3_Hwi_E_busFault__C                  
2000aee4  ti_sysbios_family_arm_m3_Hwi_E_debugMon__C                  
2000aee8  ti_sysbios_family_arm_m3_Hwi_E_hardFault__C                 
2000aeec  ti_sysbios_family_arm_m3_Hwi_E_memFault__C                  
2000aef0  ti_sysbios_family_arm_m3_Hwi_E_noIsr__C                     
2000aef4  ti_sysbios_family_arm_m3_Hwi_E_reserved__C                  
2000aef8  ti_sysbios_family_arm_m3_Hwi_E_svCall__C                    
2000aefc  ti_sysbios_family_arm_m3_Hwi_E_usageFault__C                
20008f6d  ti_sysbios_family_arm_m3_Hwi_Handle__label__S               
2000af00  ti_sysbios_family_arm_m3_Hwi_LD_end__C                      
2000af04  ti_sysbios_family_arm_m3_Hwi_LM_begin__C                    
20019054  ti_sysbios_family_arm_m3_Hwi_Module_State_0_excActive__A    
20019058  ti_sysbios_family_arm_m3_Hwi_Module_State_0_excContext__A   
2001905c  ti_sysbios_family_arm_m3_Hwi_Module_State_0_excStack__A     
2000af08  ti_sysbios_family_arm_m3_Hwi_Module__diagsEnabled__C        
2000af0c  ti_sysbios_family_arm_m3_Hwi_Module__diagsIncluded__C       
2000af10  ti_sysbios_family_arm_m3_Hwi_Module__diagsMask__C           
2000abf2  ti_sysbios_family_arm_m3_Hwi_Module__id__C                  
2000b124  ti_sysbios_family_arm_m3_Hwi_Module__loggerDefined__C       
2000af14  ti_sysbios_family_arm_m3_Hwi_Module__loggerFxn1__C          
2000af18  ti_sysbios_family_arm_m3_Hwi_Module__loggerFxn8__C          
2000af1c  ti_sysbios_family_arm_m3_Hwi_Module__loggerObj__C           
20019034  ti_sysbios_family_arm_m3_Hwi_Module__root__V                
200090a1  ti_sysbios_family_arm_m3_Hwi_Module__startupDone__F         
200090a1  ti_sysbios_family_arm_m3_Hwi_Module__startupDone__S         
2001932c  ti_sysbios_family_arm_m3_Hwi_Module__state__V               
20006ce1  ti_sysbios_family_arm_m3_Hwi_Module_startup__E              
2000af20  ti_sysbios_family_arm_m3_Hwi_NUM_INTERRUPTS__C              
2000af24  ti_sysbios_family_arm_m3_Hwi_Object__count__C               
20009185  ti_sysbios_family_arm_m3_Hwi_Object__get__S                 
2001903c  ti_sysbios_family_arm_m3_Hwi_Object__table__V               
2000af28  ti_sysbios_family_arm_m3_Hwi_ccr__C                         
200080f1  ti_sysbios_family_arm_m3_Hwi_disableInterrupt__E            
20005e39  ti_sysbios_family_arm_m3_Hwi_dispatchC__I                   
20018800  ti_sysbios_family_arm_m3_Hwi_dispatchTable                  
20006a79  ti_sysbios_family_arm_m3_Hwi_dispatch__I                    
20009411  ti_sysbios_family_arm_m3_Hwi_doSwiRestore__I                
20008c09  ti_sysbios_family_arm_m3_Hwi_doTaskRestore__I               
20008139  ti_sysbios_family_arm_m3_Hwi_enableInterrupt__E             
200058b9  ti_sysbios_family_arm_m3_Hwi_excBusFault__I                 
20006e69  ti_sysbios_family_arm_m3_Hwi_excDebugMon__I                 
20004311  ti_sysbios_family_arm_m3_Hwi_excDumpRegs__I                 
20008d25  ti_sysbios_family_arm_m3_Hwi_excHandlerAsm__I               
2000af2c  ti_sysbios_family_arm_m3_Hwi_excHandlerFunc__C              
20005519  ti_sysbios_family_arm_m3_Hwi_excHandlerMax__I               
20008d49  ti_sysbios_family_arm_m3_Hwi_excHandler__I                  
20006f29  ti_sysbios_family_arm_m3_Hwi_excHardFault__I                
2000aebc  ti_sysbios_family_arm_m3_Hwi_excHookFuncs__A                
2000af30  ti_sysbios_family_arm_m3_Hwi_excHookFuncs__C                
20005f81  ti_sysbios_family_arm_m3_Hwi_excMemFault__I                 
20008729  ti_sysbios_family_arm_m3_Hwi_excNmi__I                      
20008681  ti_sysbios_family_arm_m3_Hwi_excNoIsr__I                    
20008181  ti_sysbios_family_arm_m3_Hwi_excReserved__I                 
20008509  ti_sysbios_family_arm_m3_Hwi_excSvCall__I                   
20005a31  ti_sysbios_family_arm_m3_Hwi_excUsageFault__I               
20008371  ti_sysbios_family_arm_m3_Hwi_getStackInfo__E                
20007671  ti_sysbios_family_arm_m3_Hwi_initNVIC__E                    
200081c9  ti_sysbios_family_arm_m3_Hwi_initStacks__E                  
2000af34  ti_sysbios_family_arm_m3_Hwi_nullIsrFunc__C                 
e000e000  ti_sysbios_family_arm_m3_Hwi_nvic                           
20008f87  ti_sysbios_family_arm_m3_Hwi_pendSV__I                      
2000af38  ti_sysbios_family_arm_m3_Hwi_priGroup__C                    
20004000  ti_sysbios_family_arm_m3_Hwi_resetVectors                   
20008f9f  ti_sysbios_family_arm_m3_Hwi_return                         
20009419  ti_sysbios_family_arm_m3_Hwi_startup__E                     
20009199  ti_sysbios_family_arm_m3_Hwi_switchFromBootStack__E         
200058b5  ti_sysbios_family_arm_m3_TaskSupport_Module__startupDone__S 
20007fb1  ti_sysbios_family_arm_m3_TaskSupport_buildTaskStack         
20009391  ti_sysbios_family_arm_m3_TaskSupport_checkStack__E          
20009281  ti_sysbios_family_arm_m3_TaskSupport_glue                   
20008549  ti_sysbios_family_arm_m3_TaskSupport_start__E               
20009291  ti_sysbios_family_arm_m3_TaskSupport_swap__E                
2000af3c  ti_sysbios_family_arm_m3_Timer_E_cannotSupport__C           
2000b126  ti_sysbios_family_arm_m3_Timer_Module__id__C                
20019060  ti_sysbios_family_arm_m3_Timer_Module__root__V              
200090b9  ti_sysbios_family_arm_m3_Timer_Module__startupDone__F       
200090b9  ti_sysbios_family_arm_m3_Timer_Module__startupDone__S       
20019068  ti_sysbios_family_arm_m3_Timer_Module__state__V             
200084c9  ti_sysbios_family_arm_m3_Timer_Module_startup__E            
20019360  ti_sysbios_family_arm_m3_Timer_Object__table__V             
20009439  ti_sysbios_family_arm_m3_Timer_getMaxTicks__E               
20008211  ti_sysbios_family_arm_m3_Timer_initDevice__I                
20008761  ti_sysbios_family_arm_m3_Timer_periodicStub__I              
20007e19  ti_sysbios_family_arm_m3_Timer_setPeriod__E                 
20007e71  ti_sysbios_family_arm_m3_Timer_start__E                     
2000af40  ti_sysbios_family_arm_m3_Timer_startupNeeded__C             
20008c31  ti_sysbios_family_arm_m3_Timer_startup__E                   
20019074  ti_sysbios_family_arm_m3_TimestampProvider_Module__state__V 
20008d69  ti_sysbios_family_arm_m3_TimestampProvider_Module_startup__E
2000b128  ti_sysbios_family_arm_m3_TimestampProvider_configTimer__C   
20007b79  ti_sysbios_family_arm_m3_TimestampProvider_get64__E         
20008e89  ti_sysbios_family_xxx_Hwi_switchAndRunFunc                  
20008fa1  ti_sysbios_gates_GateHwi_Handle__label__S                   
20009459  ti_sysbios_gates_GateHwi_Instance_init__E                   
2000accc  ti_sysbios_gates_GateHwi_Module__FXNS__C                    
20019078  ti_sysbios_gates_GateHwi_Module__root__V                    
2000ad80  ti_sysbios_gates_GateHwi_Object__DESC__C                    
2000ae40  ti_sysbios_gates_GateHwi_Object__PARAMS__C                  
200088d5  ti_sysbios_gates_GateHwi_Object__create__S                  
20008d89  ti_sysbios_gates_GateHwi_Object__delete__S                  
20019080  ti_sysbios_gates_GateHwi_Object__table__V                   
200093a1  ti_sysbios_gates_GateHwi_enter__E                           
20009421  ti_sysbios_gates_GateHwi_leave__E                           
20009441  ti_sysbios_gates_GateHwi_query__E                           
2000af44  ti_sysbios_gates_GateMutex_A_badContext__C                  
20008fbb  ti_sysbios_gates_GateMutex_Handle__label__S                 
2000af48  ti_sysbios_gates_GateMutex_Instance_State_sem__O            
200092a1  ti_sysbios_gates_GateMutex_Instance_finalize__E             
20008ea9  ti_sysbios_gates_GateMutex_Instance_init__E                 
2000acf0  ti_sysbios_gates_GateMutex_Module__FXNS__C                  
2000af4c  ti_sysbios_gates_GateMutex_Module__diagsEnabled__C          
2000af50  ti_sysbios_gates_GateMutex_Module__diagsIncluded__C         
2000af54  ti_sysbios_gates_GateMutex_Module__diagsMask__C             
2000b12a  ti_sysbios_gates_GateMutex_Module__id__C                    
20019084  ti_sysbios_gates_GateMutex_Module__root__V                  
2000ada0  ti_sysbios_gates_GateMutex_Object__DESC__C                  
2000ae58  ti_sysbios_gates_GateMutex_Object__PARAMS__C                
20008905  ti_sysbios_gates_GateMutex_Object__create__S                
20008c55  ti_sysbios_gates_GateMutex_Object__delete__S                
200192f4  ti_sysbios_gates_GateMutex_Object__table__V                 
200070a9  ti_sysbios_gates_GateMutex_enter__E                         
200090d1  ti_sysbios_gates_GateMutex_leave__E                         
20009449  ti_sysbios_gates_GateMutex_query__E                         
2000af58  ti_sysbios_hal_Hwi_E_stackOverflow__C                       
20008f6d  ti_sysbios_hal_Hwi_HwiProxy_Handle__label__S                
200090a1  ti_sysbios_hal_Hwi_HwiProxy_Module__startupDone__S          
200080f1  ti_sysbios_hal_Hwi_HwiProxy_disableInterrupt__E             
20008139  ti_sysbios_hal_Hwi_HwiProxy_enableInterrupt__E              
20008371  ti_sysbios_hal_Hwi_HwiProxy_getStackInfo__E                 
20009419  ti_sysbios_hal_Hwi_HwiProxy_startup__E                      
20009199  ti_sysbios_hal_Hwi_HwiProxy_switchFromBootStack__E          
2000b12c  ti_sysbios_hal_Hwi_Module__id__C                            
2001908c  ti_sysbios_hal_Hwi_Module__root__V                          
200091e9  ti_sysbios_hal_Hwi_Module_startup__E                        
20008799  ti_sysbios_hal_Hwi_checkStack                               
20008839  ti_sysbios_hal_Hwi_initStack                                
2000af5c  ti_sysbios_heaps_HeapMem_A_align__C                         
2000af60  ti_sysbios_heaps_HeapMem_A_heapSize__C                      
2000af64  ti_sysbios_heaps_HeapMem_A_invalidFree__C                   
2000af68  ti_sysbios_heaps_HeapMem_A_zeroBlock__C                     
2000af6c  ti_sysbios_heaps_HeapMem_E_memory__C                        
20008fd5  ti_sysbios_heaps_HeapMem_Handle__label__S                   
20017000  ti_sysbios_heaps_HeapMem_Instance_State_0_buf__A            
200060c9  ti_sysbios_heaps_HeapMem_Instance_init__E                   
20008fbb  ti_sysbios_heaps_HeapMem_Module_GateProxy_Handle__label__S  
20008c55  ti_sysbios_heaps_HeapMem_Module_GateProxy_Object__delete__S 
20005a2d  ti_sysbios_heaps_HeapMem_Module_GateProxy_enter__E          
20005b95  ti_sysbios_heaps_HeapMem_Module_GateProxy_leave__E          
20009449  ti_sysbios_heaps_HeapMem_Module_GateProxy_query__E          
2000aca4  ti_sysbios_heaps_HeapMem_Module__FXNS__C                    
2000af70  ti_sysbios_heaps_HeapMem_Module__diagsEnabled__C            
2000af74  ti_sysbios_heaps_HeapMem_Module__diagsIncluded__C           
2000af78  ti_sysbios_heaps_HeapMem_Module__diagsMask__C               
2000af7c  ti_sysbios_heaps_HeapMem_Module__gateObj__C                 
2000b12e  ti_sysbios_heaps_HeapMem_Module__id__C                      
20019094  ti_sysbios_heaps_HeapMem_Module__root__V                    
2000adc0  ti_sysbios_heaps_HeapMem_Object__DESC__C                    
2000ad14  ti_sysbios_heaps_HeapMem_Object__PARAMS__C                  
2000af80  ti_sysbios_heaps_HeapMem_Object__count__C                   
20008935  ti_sysbios_heaps_HeapMem_Object__create__S                  
20008da9  ti_sysbios_heaps_HeapMem_Object__delete__S                  
200091ad  ti_sysbios_heaps_HeapMem_Object__get__S                     
2001909c  ti_sysbios_heaps_HeapMem_Object__table__V                   
200052d9  ti_sysbios_heaps_HeapMem_alloc__E                           
20005081  ti_sysbios_heaps_HeapMem_free__E                            
20008001  ti_sysbios_heaps_HeapMem_getStats__E                        
20008589  ti_sysbios_heaps_HeapMem_init__I                            
20009429  ti_sysbios_heaps_HeapMem_isBlocking__E                      
2000af84  ti_sysbios_heaps_HeapMem_reqAlign__C                        
2000af88  ti_sysbios_knl_Clock_LM_begin__C                            
2000af8c  ti_sysbios_knl_Clock_LM_tick__C                             
2000af90  ti_sysbios_knl_Clock_LW_delayed__C                          
2000af94  ti_sysbios_knl_Clock_Module_State_clockQ__O                 
2000af98  ti_sysbios_knl_Clock_Module__diagsEnabled__C                
2000af9c  ti_sysbios_knl_Clock_Module__diagsIncluded__C               
2000afa0  ti_sysbios_knl_Clock_Module__diagsMask__C                   
2000b130  ti_sysbios_knl_Clock_Module__id__C                          
2000b132  ti_sysbios_knl_Clock_Module__loggerDefined__C               
2000afa4  ti_sysbios_knl_Clock_Module__loggerFxn1__C                  
2000afa8  ti_sysbios_knl_Clock_Module__loggerFxn2__C                  
2000afac  ti_sysbios_knl_Clock_Module__loggerObj__C                   
200190b4  ti_sysbios_knl_Clock_Module__root__V                        
200193c0  ti_sysbios_knl_Clock_Module__state__V                       
20008c79  ti_sysbios_knl_Clock_Module_startup__E                      
200090b9  ti_sysbios_knl_Clock_TimerProxy_Module__startupDone__S      
20006205  ti_sysbios_knl_Clock_TimerProxy_getMaxTicks__E              
20008c31  ti_sysbios_knl_Clock_TimerProxy_startup__E                  
200089f5  ti_sysbios_knl_Clock_doTick__I                              
20007be1  ti_sysbios_knl_Clock_logTick__E                             
20006209  ti_sysbios_knl_Clock_workFunc__E                            
2000afb0  ti_sysbios_knl_Event_A_nullEventId__C                       
2000afb4  ti_sysbios_knl_Event_Instance_State_pendQ__O                
2000afb8  ti_sysbios_knl_Event_LM_post__C                             
2000afbc  ti_sysbios_knl_Event_Module__diagsEnabled__C                
2000afc0  ti_sysbios_knl_Event_Module__diagsIncluded__C               
2000afc4  ti_sysbios_knl_Event_Module__diagsMask__C                   
2000b134  ti_sysbios_knl_Event_Module__id__C                          
2000b136  ti_sysbios_knl_Event_Module__loggerDefined__C               
2000afc8  ti_sysbios_knl_Event_Module__loggerFxn4__C                  
2000afcc  ti_sysbios_knl_Event_Module__loggerObj__C                   
200190bc  ti_sysbios_knl_Event_Module__root__V                        
20005b99  ti_sysbios_knl_Event_post__E                                
20009201  ti_sysbios_knl_Event_sync__E                                
2000afd0  ti_sysbios_knl_Idle_funcList__A                             
2000aec4  ti_sysbios_knl_Idle_funcList__C                             
20009361  ti_sysbios_knl_Idle_loop__E                                 
20008dc9  ti_sysbios_knl_Idle_run__E                                  
2000afd4  ti_sysbios_knl_Mailbox_Instance_State_freeQue__O            
200190c4  ti_sysbios_knl_Mailbox_Module__root__V                      
200076f9  ti_sysbios_knl_Mailbox_Module_startup__E                    
2000afd8  ti_sysbios_knl_Mailbox_Object__count__C                     
200092b1  ti_sysbios_knl_Mailbox_Object__get__S                       
2000afdc  ti_sysbios_knl_Mailbox_maxTypeAlign__C                      
20009431  ti_sysbios_knl_Queue_Instance_init__E                       
200190cc  ti_sysbios_knl_Queue_Module__root__V                        
2000ade0  ti_sysbios_knl_Queue_Object__DESC__C                        
2000ae70  ti_sysbios_knl_Queue_Object__PARAMS__C                      
20008ec5  ti_sysbios_knl_Queue_Object__destruct__S                    
200093ad  ti_sysbios_knl_Queue_Object__get__S                         
20008a21  ti_sysbios_knl_Queue_construct                              
2000658d  ti_sysbios_knl_Queue_destruct                               
20009371  ti_sysbios_knl_Queue_empty__E                               
2000afe0  ti_sysbios_knl_Semaphore_A_badContext__C                    
2000afe4  ti_sysbios_knl_Semaphore_A_overflow__C                      
2000afe8  ti_sysbios_knl_Semaphore_A_pendTaskDisabled__C              
2000afec  ti_sysbios_knl_Semaphore_Instance_State_pendQ__O            
20008ad9  ti_sysbios_knl_Semaphore_Instance_finalize__E               
20007881  ti_sysbios_knl_Semaphore_Instance_init__E                   
2000aff0  ti_sysbios_knl_Semaphore_LM_pend__C                         
2000aff4  ti_sysbios_knl_Semaphore_LM_post__C                         
2000aff8  ti_sysbios_knl_Semaphore_Module__diagsEnabled__C            
2000affc  ti_sysbios_knl_Semaphore_Module__diagsIncluded__C           
2000b000  ti_sysbios_knl_Semaphore_Module__diagsMask__C               
2000b138  ti_sysbios_knl_Semaphore_Module__id__C                      
2000b13a  ti_sysbios_knl_Semaphore_Module__loggerDefined__C           
2000b004  ti_sysbios_knl_Semaphore_Module__loggerFxn2__C              
2000b008  ti_sysbios_knl_Semaphore_Module__loggerFxn4__C              
2000b00c  ti_sysbios_knl_Semaphore_Module__loggerObj__C               
200190d4  ti_sysbios_knl_Semaphore_Module__root__V                    
2000ae00  ti_sysbios_knl_Semaphore_Object__DESC__C                    
2000ad38  ti_sysbios_knl_Semaphore_Object__PARAMS__C                  
[...]
20009439  ti_sysbios_family_arm_m3_Timer_getMaxTicks__E               
20009441  ti_sysbios_gates_GateHwi_query__E                           
20009441  xdc_runtime_LoggerBuf_Module_GateProxy_query__E             
20009441  xdc_runtime_Main_Module_GateProxy_query__E                  
20009441  xdc_runtime_System_Module_GateProxy_query__E                
20009449  ti_sysbios_BIOS_RtsGateProxy_query__E                       
20009449  ti_sysbios_gates_GateMutex_query__E                         
20009449  ti_sysbios_heaps_HeapMem_Module_GateProxy_query__E          
20009451  ti_sysbios_knl_Task_startup__E                              
20009459  ti_sysbios_gates_GateHwi_Instance_init__E                   
2000945c  xdc_runtime_Text_charTab__A                                 
2000ab41  xdc_runtime_Error_policy__C                                 
2000ab42  xdc_runtime_Text_nodeTab__A                                 
2000abf2  ti_sysbios_family_arm_m3_Hwi_Module__id__C                  
2000ac3c  xdc_runtime_LoggerBuf_Module__FXNS__C                       
2000ac78  xdc_runtime_Startup_sfxnTab__A                              
2000aca4  ti_sysbios_heaps_HeapMem_Module__FXNS__C                    
2000accc  ti_sysbios_gates_GateHwi_Module__FXNS__C                    
2000acf0  ti_sysbios_gates_GateMutex_Module__FXNS__C                  
2000ad14  ti_sysbios_heaps_HeapMem_Object__PARAMS__C                  
2000ad38  ti_sysbios_knl_Semaphore_Object__PARAMS__C                  
2000ad5c  xdc_runtime_LoggerBuf_Object__PARAMS__C                     
2000ad80  ti_sysbios_gates_GateHwi_Object__DESC__C                    
2000ada0  ti_sysbios_gates_GateMutex_Object__DESC__C                  
2000adc0  ti_sysbios_heaps_HeapMem_Object__DESC__C                    
2000ade0  ti_sysbios_knl_Queue_Object__DESC__C                        
2000ae00  ti_sysbios_knl_Semaphore_Object__DESC__C                    
2000ae20  xdc_runtime_LoggerBuf_Object__DESC__C                       
2000ae40  ti_sysbios_gates_GateHwi_Object__PARAMS__C                  
2000ae58  ti_sysbios_gates_GateMutex_Object__PARAMS__C                
2000ae70  ti_sysbios_knl_Queue_Object__PARAMS__C                      
2000ae88  xdc_runtime_Startup_sfxnRts__A                              
2000aeb0  xdc_runtime_Startup_firstFxns__A                            
2000aebc  ti_sysbios_family_arm_m3_Hwi_excHookFuncs__A                
2000aec4  ti_sysbios_knl_Idle_funcList__C                             
2000aecc  xdc_runtime_Startup_firstFxns__C                            
2000aed4  xdc_runtime_Startup_lastFxns__C                             
2000aedc  ti_sysbios_family_arm_m3_Hwi_E_NMI__C                       
2000aee0  ti_sysbios_family_arm_m3_Hwi_E_busFault__C                  
2000aee4  ti_sysbios_family_arm_m3_Hwi_E_debugMon__C                  
2000aee8  ti_sysbios_family_arm_m3_Hwi_E_hardFault__C                 
2000aeec  ti_sysbios_family_arm_m3_Hwi_E_memFault__C                  
2000aef0  ti_sysbios_family_arm_m3_Hwi_E_noIsr__C                     
2000aef4  ti_sysbios_family_arm_m3_Hwi_E_reserved__C                  
2000aef8  ti_sysbios_family_arm_m3_Hwi_E_svCall__C                    
2000aefc  ti_sysbios_family_arm_m3_Hwi_E_usageFault__C                
2000af00  ti_sysbios_family_arm_m3_Hwi_LD_end__C                      
2000af04  ti_sysbios_family_arm_m3_Hwi_LM_begin__C                    
2000af08  ti_sysbios_family_arm_m3_Hwi_Module__diagsEnabled__C        
2000af0c  ti_sysbios_family_arm_m3_Hwi_Module__diagsIncluded__C       
2000af10  ti_sysbios_family_arm_m3_Hwi_Module__diagsMask__C           
2000af14  ti_sysbios_family_arm_m3_Hwi_Module__loggerFxn1__C          
2000af18  ti_sysbios_family_arm_m3_Hwi_Module__loggerFxn8__C          
2000af1c  ti_sysbios_family_arm_m3_Hwi_Module__loggerObj__C           
2000af20  ti_sysbios_family_arm_m3_Hwi_NUM_INTERRUPTS__C              
2000af24  ti_sysbios_family_arm_m3_Hwi_Object__count__C               
2000af28  ti_sysbios_family_arm_m3_Hwi_ccr__C                         
2000af2c  ti_sysbios_family_arm_m3_Hwi_excHandlerFunc__C              
2000af30  ti_sysbios_family_arm_m3_Hwi_excHookFuncs__C                
2000af34  ti_sysbios_family_arm_m3_Hwi_nullIsrFunc__C                 
2000af38  ti_sysbios_family_arm_m3_Hwi_priGroup__C                    
2000af3c  ti_sysbios_family_arm_m3_Timer_E_cannotSupport__C           
2000af40  ti_sysbios_family_arm_m3_Timer_startupNeeded__C             
2000af44  ti_sysbios_gates_GateMutex_A_badContext__C                  
2000af48  ti_sysbios_gates_GateMutex_Instance_State_sem__O            
2000af4c  ti_sysbios_gates_GateMutex_Module__diagsEnabled__C          
2000af50  ti_sysbios_gates_GateMutex_Module__diagsIncluded__C         
2000af54  ti_sysbios_gates_GateMutex_Module__diagsMask__C             
2000af58  ti_sysbios_hal_Hwi_E_stackOverflow__C                       
2000af5c  ti_sysbios_heaps_HeapMem_A_align__C                         
2000af60  ti_sysbios_heaps_HeapMem_A_heapSize__C                      
2000af64  ti_sysbios_heaps_HeapMem_A_invalidFree__C                   
2000af68  ti_sysbios_heaps_HeapMem_A_zeroBlock__C                     
2000af6c  ti_sysbios_heaps_HeapMem_E_memory__C                        
2000af70  ti_sysbios_heaps_HeapMem_Module__diagsEnabled__C            
2000af74  ti_sysbios_heaps_HeapMem_Module__diagsIncluded__C           
2000af78  ti_sysbios_heaps_HeapMem_Module__diagsMask__C               
2000af7c  ti_sysbios_heaps_HeapMem_Module__gateObj__C                 
2000af80  ti_sysbios_heaps_HeapMem_Object__count__C                   
2000af84  ti_sysbios_heaps_HeapMem_reqAlign__C                        
2000af88  ti_sysbios_knl_Clock_LM_begin__C                            
2000af8c  ti_sysbios_knl_Clock_LM_tick__C                             
2000af90  ti_sysbios_knl_Clock_LW_delayed__C                          
2000af94  ti_sysbios_knl_Clock_Module_State_clockQ__O                 
2000af98  ti_sysbios_knl_Clock_Module__diagsEnabled__C                
2000af9c  ti_sysbios_knl_Clock_Module__diagsIncluded__C               
2000afa0  ti_sysbios_knl_Clock_Module__diagsMask__C                   
2000afa4  ti_sysbios_knl_Clock_Module__loggerFxn1__C                  
2000afa8  ti_sysbios_knl_Clock_Module__loggerFxn2__C                  
2000afac  ti_sysbios_knl_Clock_Module__loggerObj__C                   
2000afb0  ti_sysbios_knl_Event_A_nullEventId__C                       
2000afb4  ti_sysbios_knl_Event_Instance_State_pendQ__O                
2000afb8  ti_sysbios_knl_Event_LM_post__C                             
2000afbc  ti_sysbios_knl_Event_Module__diagsEnabled__C                
2000afc0  ti_sysbios_knl_Event_Module__diagsIncluded__C               
2000afc4  ti_sysbios_knl_Event_Module__diagsMask__C                   
2000afc8  ti_sysbios_knl_Event_Module__loggerFxn4__C                  
2000afcc  ti_sysbios_knl_Event_Module__loggerObj__C                   
2000afd0  ti_sysbios_knl_Idle_funcList__A                             
2000afd4  ti_sysbios_knl_Mailbox_Instance_State_freeQue__O            
2000afd8  ti_sysbios_knl_Mailbox_Object__count__C                     
2000afdc  ti_sysbios_knl_Mailbox_maxTypeAlign__C                      
2000afe0  ti_sysbios_knl_Semaphore_A_badContext__C                    
2000afe4  ti_sysbios_knl_Semaphore_A_overflow__C                      
2000afe8  ti_sysbios_knl_Semaphore_A_pendTaskDisabled__C              
2000afec  ti_sysbios_knl_Semaphore_Instance_State_pendQ__O            
2000aff0  ti_sysbios_knl_Semaphore_LM_pend__C                         
2000aff4  ti_sysbios_knl_Semaphore_LM_post__C                         
2000aff8  ti_sysbios_knl_Semaphore_Module__diagsEnabled__C            
2000affc  ti_sysbios_knl_Semaphore_Module__diagsIncluded__C           
2000b000  ti_sysbios_knl_Semaphore_Module__diagsMask__C               
2000b004  ti_sysbios_knl_Semaphore_Module__loggerFxn2__C              
2000b008  ti_sysbios_knl_Semaphore_Module__loggerFxn4__C              
2000b00c  ti_sysbios_knl_Semaphore_Module__loggerObj__C               
2000b010  ti_sysbios_knl_Semaphore_eventPost__C                       
2000b014  ti_sysbios_knl_Semaphore_eventSync__C                       
2000b018  ti_sysbios_knl_Swi_LD_end__C                                
2000b01c  ti_sysbios_knl_Swi_LM_begin__C                              
2000b020  ti_sysbios_knl_Swi_LM_post__C                               
2000b024  ti_sysbios_knl_Swi_Module__diagsEnabled__C                  
2000b028  ti_sysbios_knl_Swi_Module__diagsIncluded__C                 
2000b02c  ti_sysbios_knl_Swi_Module__diagsMask__C                     
2000b030  ti_sysbios_knl_Swi_Module__loggerFxn1__C                    
2000b034  ti_sysbios_knl_Swi_Module__loggerFxn4__C                    
2000b038  ti_sysbios_knl_Swi_Module__loggerObj__C                     
2000b03c  ti_sysbios_knl_Swi_Object__count__C                         
2000b040  ti_sysbios_knl_Task_E_spOutOfBounds__C                      
2000b044  ti_sysbios_knl_Task_E_stackOverflow__C                      
2000b048  ti_sysbios_knl_Task_LD_block__C                             
2000b04c  ti_sysbios_knl_Task_LD_exit__C                              
2000b050  ti_sysbios_knl_Task_LD_ready__C                             
2000b054  ti_sysbios_knl_Task_LM_switch__C                            
2000b058  ti_sysbios_knl_Task_Module_State_inactiveQ__O               
2000b05c  ti_sysbios_knl_Task_Module__diagsEnabled__C                 
2000b060  ti_sysbios_knl_Task_Module__diagsIncluded__C                
2000b064  ti_sysbios_knl_Task_Module__diagsMask__C                    
2000b068  ti_sysbios_knl_Task_Module__loggerFxn2__C                   
2000b06c  ti_sysbios_knl_Task_Module__loggerFxn4__C                   
2000b070  ti_sysbios_knl_Task_Module__loggerObj__C                    
2000b074  ti_sysbios_knl_Task_Object__count__C                        
2000b078  ti_sysbios_knl_Task_allBlockedFunc__C                       
2000b07c  ti_sysbios_knl_Task_numConstructedTasks__C                  
2000b080  xdc_runtime_Assert_E_assertFailed__C                        
2000b084  xdc_runtime_Core_A_initializedParams__C                     
2000b088  xdc_runtime_Core_Module__diagsEnabled__C                    
2000b08c  xdc_runtime_Core_Module__diagsIncluded__C                   
2000b090  xdc_runtime_Core_Module__diagsMask__C                       
2000b094  xdc_runtime_Error_E_memory__C                               
2000b098  xdc_runtime_Error_Module__diagsEnabled__C                   
2000b09c  xdc_runtime_Error_Module__diagsIncluded__C                  
2000b0a0  xdc_runtime_Error_Module__diagsMask__C                      
2000b0a4  xdc_runtime_Error_Module__loggerFxn8__C                     
2000b0a8  xdc_runtime_Error_Module__loggerObj__C                      
2000b0ac  xdc_runtime_Error_policyFxn__C                              
2000b0b0  xdc_runtime_Error_raiseHook__C                              
2000b0b4  xdc_runtime_IFilterLogger_Interface__BASE__C                
2000b0b8  xdc_runtime_IGateProvider_Interface__BASE__C                
2000b0bc  xdc_runtime_IHeap_Interface__BASE__C                        
2000b0c0  xdc_runtime_ILogger_Interface__BASE__C                      
2000b0c4  xdc_runtime_IModule_Interface__BASE__C                      
2000b0c8  xdc_runtime_Log_L_error__C                                  
2000b0cc  xdc_runtime_LoggerBuf_E_badLevel__C                         
2000b0d0  xdc_runtime_LoggerBuf_Module__gateObj__C                    
2000b0d4  xdc_runtime_LoggerBuf_Object__count__C                      
2000b0d8  xdc_runtime_LoggerBuf_statusLogger__C                       
2000b0dc  xdc_runtime_Memory_defaultHeapInstance__C                   
2000b0e0  xdc_runtime_Startup_execImpl__C                             
2000b0e4  xdc_runtime_Startup_maxPasses__C                            
2000b0e8  xdc_runtime_Startup_sfxnRts__C                              
2000b0ec  xdc_runtime_Startup_sfxnTab__C                              
2000b0f0  xdc_runtime_SysMin_bufSize__C                               
2000b0f4  xdc_runtime_SysMin_outputFunc__C                            
2000b0f8  xdc_runtime_System_Module__gateObj__C                       
2000b0fc  xdc_runtime_System_abortFxn__C                              
2000b100  xdc_runtime_System_exitFxn__C                               
2000b104  xdc_runtime_System_extendFxn__C                             
2000b108  xdc_runtime_System_maxAtexitHandlers__C                     
2000b10c  xdc_runtime_Text_charTab__C                                 
2000b110  xdc_runtime_Text_nameEmpty__C                               
2000b114  xdc_runtime_Text_nameStatic__C                              
2000b118  xdc_runtime_Text_nameUnknown__C                             
2000b11c  xdc_runtime_Text_nodeTab__C                                 
2000b120  xdc_runtime_Text_visitRopeFxn__C                            
2000b124  ti_sysbios_family_arm_m3_Hwi_Module__loggerDefined__C       
2000b126  ti_sysbios_family_arm_m3_Timer_Module__id__C                
2000b128  ti_sysbios_family_arm_m3_TimestampProvider_configTimer__C   
2000b12a  ti_sysbios_gates_GateMutex_Module__id__C                    
2000b12c  ti_sysbios_hal_Hwi_Module__id__C                            
2000b12e  ti_sysbios_heaps_HeapMem_Module__id__C                      
2000b130  ti_sysbios_knl_Clock_Module__id__C                          
2000b132  ti_sysbios_knl_Clock_Module__loggerDefined__C               
2000b134  ti_sysbios_knl_Event_Module__id__C                          
2000b136  ti_sysbios_knl_Event_Module__loggerDefined__C               
2000b138  ti_sysbios_knl_Semaphore_Module__id__C                      
2000b13a  ti_sysbios_knl_Semaphore_Module__loggerDefined__C           
2000b13c  ti_sysbios_knl_Swi_Module__id__C                            
2000b13e  ti_sysbios_knl_Swi_Module__loggerDefined__C                 
2000b140  ti_sysbios_knl_Task_Module__id__C                           
2000b142  ti_sysbios_knl_Task_Module__loggerDefined__C                
2000b144  ti_sysbios_knl_Task_initStackFlag__C                        
2000b146  xdc_runtime_Core_Module__id__C                              
2000b148  xdc_runtime_Error_Module__loggerDefined__C                  
2000b14a  xdc_runtime_Error_maxDepth__C                               
2000b14c  xdc_runtime_LoggerBuf_Module__id__C                         
2000b14e  xdc_runtime_LoggerBuf_filterByLevel__C                      
2000b150  xdc_runtime_Memory_Module__id__C                            
2000b152  xdc_runtime_SysMin_flushAtExit__C                           
2000b154  xdc_runtime_Text_charCnt__C                                 
2000b156  xdc_runtime_Text_isLoaded__C                                
2000b158  xdc_runtime_Text_registryModsLastId__C                      
2000b15a  xdc_runtime_Text_unnamedModsLastId__C                       
2000b160  __TI_static_base__                                          
2000b484  __TI_Handler_Table_Base                                     
2000b490  __TI_Handler_Table_Limit                                    
2000b498  __TI_CINIT_Base                                             
2000b4a8  __TI_CINIT_Limit                                            
20017000  ti_sysbios_heaps_HeapMem_Instance_State_0_buf__A            
20018000  ti_sysbios_knl_Task_Instance_State_0_stack__A               
20018800  ti_sysbios_family_arm_m3_Hwi_dispatchTable                  
20018b0c  xdc_runtime_LoggerBuf_Instance_State_0_entryArr__A          
20018d0c  xdc_runtime_SysMin_Module_State_0_outbuf__A                 
20018f0c  __CIOBUF_                                                   
20019034  ti_sysbios_family_arm_m3_Hwi_Module__root__V                
2001903c  ti_sysbios_family_arm_m3_Hwi_Object__table__V               
20019054  ti_sysbios_family_arm_m3_Hwi_Module_State_0_excActive__A    
20019058  ti_sysbios_family_arm_m3_Hwi_Module_State_0_excContext__A   
2001905c  ti_sysbios_family_arm_m3_Hwi_Module_State_0_excStack__A     
20019060  ti_sysbios_family_arm_m3_Timer_Module__root__V              
20019068  ti_sysbios_family_arm_m3_Timer_Module__state__V             
20019074  ti_sysbios_family_arm_m3_TimestampProvider_Module__state__V 
20019078  ti_sysbios_gates_GateHwi_Module__root__V                    
20019080  ti_sysbios_gates_GateHwi_Object__table__V                   
20019084  ti_sysbios_gates_GateMutex_Module__root__V                  
2001908c  ti_sysbios_hal_Hwi_Module__root__V                          
20019094  ti_sysbios_heaps_HeapMem_Module__root__V                    
2001909c  ti_sysbios_heaps_HeapMem_Object__table__V                   
200190b4  ti_sysbios_knl_Clock_Module__root__V                        
200190bc  ti_sysbios_knl_Event_Module__root__V                        
200190c4  ti_sysbios_knl_Mailbox_Module__root__V                      
200190cc  ti_sysbios_knl_Queue_Module__root__V                        
200190d4  ti_sysbios_knl_Semaphore_Module__root__V                    
200190dc  ti_sysbios_knl_Swi_Module__root__V                          
200190e4  ti_sysbios_knl_Swi_Module__state__V                         
20019100  ti_sysbios_knl_Task_Module__root__V                         
20019108  ti_sysbios_knl_Task_Module_State_0_idleTask__A              
2001910c  xdc_runtime_Error_Module__state__V                          
20019110  xdc_runtime_LoggerBuf_Module__root__V                       
20019118  xdc_runtime_LoggerBuf_Module__state__V                      
20019120  xdc_runtime_Memory_Module__state__V                         
20019124  xdc_runtime_Registry_Module__state__V                       
2001912c  xdc_runtime_Startup_Module__state__V                        
20019134  xdc_runtime_SysMin_Module__state__V                         
20019140  xdc_runtime_System_Module_State_0_atexitHandlers__A         
20019150  xdc_runtime_System_Module__state__V                         
20019158  xdc_runtime_Text_Module__state__V                           
20019160  __xdc__init__addr                                           
20019164  ti_sysbios_knl_Swi_Module_State_0_readyQ__A                 
200191e4  ti_sysbios_knl_Task_Module_State_0_readyQ__A                
20019264  TSK_idle                                                    
20019264  ti_sysbios_knl_Task_Object__table__V                        
200192b0  ti_sysbios_knl_Task_Module__state__V                        
200192f4  ti_sysbios_gates_GateMutex_Object__table__V                 
2001932c  ti_sysbios_family_arm_m3_Hwi_Module__state__V               
20019360  ti_sysbios_family_arm_m3_Timer_Object__table__V             
20019390  ti_sysbios_knl_Swi_Object__table__V                         
200193c0  ti_sysbios_knl_Clock_Module__state__V                       
200193ec  ti_sysbios_BIOS_Module__state__V                            
20019410  xdc_runtime_LoggerBuf_Object__table__V                      
20019434  _lock                                                       
20019438  _unlock                                                     
2001943c  __TI_cleanup_ptr                                            
20019440  __TI_dtors_ptr                                              
20019444  main_func_sp                                                
2002fc00  __stack                                                     
20030000  __STACK_END                                                 
e000e000  ti_sysbios_family_arm_m3_Hwi_nvic                           
ffffffff  __binit__                                                   
ffffffff  __c_args__                                                  
ffffffff  binit                                                       
UNDEFED   SHT$$INIT_ARRAY$$Base                                       
UNDEFED   SHT$$INIT_ARRAY$$Limit                                      

[585 symbols]
