******************************************************************************
                  TI ARM Linker PC v5.2.0                      
******************************************************************************
>> Linked Sun Jan 18 18:22:22 2015

OUTPUT FILE NAME:   <havroc_CC3200.out>
ENTRY POINT SYMBOL: "_c_int00"  address: 20008fc1


MEMORY CONFIGURATION

         name            origin    length      used     unused   attr    fill
----------------------  --------  ---------  --------  --------  ----  --------
  SRAM                  20004000   0002c000  0000d0a5  0001ef5b  RW X


SEGMENT ALLOCATION MAP

run origin  load origin   length   init length attrs members
----------  ----------- ---------- ----------- ----- -------
20004000    20004000    000062a2   000062a2    r-x
  20004000    20004000    0000030c   0000030c    r-- .resetVecs
  20004310    20004310    00005f92   00005f92    r-x .text
2000a400    2000a400    00002e30   00000000    rw-
  2000a400    2000a400    00002e30   00000000    rw- .bss
2000d230    2000d230    0000268e   0000268e    r--
  2000d230    2000d230    0000268e   0000268e    r-- .const
2000f8c0    2000f8c0    00001581   00000000    rw-
  2000f8c0    2000f8c0    00001000   00000000    rw- .stack
  200108c0    200108c0    00000581   00000000    rw- .data
20010e48    20010e48    000003c8   000003c8    r--
  20010e48    20010e48    000003c8   000003c8    r-- .cinit


SECTION ALLOCATION MAP

 output                                  attributes/
section   page    origin      length       input sections
--------  ----  ----------  ----------   ----------------
.bootVecs 
*          0    00000000    00000008     DSECT
                  00000000    00000008     boot.aem4 : boot.oem4 (.bootVecs)

.vecs      0    20004000    00000000     DSECT

.resetVecs 
*          0    20004000    0000030c     
                  20004000    0000030c     empty_pem4.oem4 (.resetVecs)

xdc.meta   0    00000000    000000fb     COPY SECTION
                  00000000    000000fb     empty_pem4.oem4 (xdc.meta)

.text      0    20004310    00005f92     
                  20004310    00000430     sysbios.aem4 : BIOS.obj (.text:ti_sysbios_family_arm_m3_Hwi_excDumpRegs__I)
                  20004740    0000033c     ti.targets.arm.rtsarm.aem4 : System.oem4 (.text:xdc_runtime_System_doPrint__I)
                  20004a7c    00000004     empty_pem4.oem4 (.text:ti_sysbios_BIOS_RtsGateProxy_enter__E)
                  20004a80    0000032c     sysbios.aem4 : BIOS.obj (.text:ti_sysbios_knl_Semaphore_pend__E)
                  20004dac    000002d4     rtsv7M4_T_le_eabi.lib : trgdrv.obj (.text)
                  20005080    00000254     sysbios.aem4 : BIOS.obj (.text:ti_sysbios_heaps_HeapMem_free__E)
                  200052d4    00000004     empty_pem4.oem4 (.text:ti_sysbios_BIOS_RtsGateProxy_leave__E)
                  200052d8    00000240     sysbios.aem4 : BIOS.obj (.text:ti_sysbios_heaps_HeapMem_alloc__E)
                  20005518    000001fc                  : BIOS.obj (.text:ti_sysbios_family_arm_m3_Hwi_excHandlerMax__I)
                  20005714    00000004     empty_pem4.oem4 (.text:ti_sysbios_family_arm_m3_TaskSupport_Module__startupDone__S)
                  20005718    0000019c     sysbios.aem4 : BIOS.obj (.text:ti_sysbios_knl_Task_Module_startup__E)
                  200058b4    00000004     empty_pem4.oem4 (.text:ti_sysbios_heaps_HeapMem_Module_GateProxy_enter__E)
                  200058b8    00000174     sysbios.aem4 : BIOS.obj (.text:ti_sysbios_family_arm_m3_Hwi_excBusFault__I)
                  20005a2c    00000004     empty_pem4.oem4 (.text:ti_sysbios_heaps_HeapMem_Module_GateProxy_leave__E)
                  20005a30    00000164     sysbios.aem4 : BIOS.obj (.text:ti_sysbios_family_arm_m3_Hwi_excUsageFault__I)
                  20005b94    00000004     empty_pem4.oem4 (.text:ti_sysbios_knl_Clock_TimerProxy_getMaxTicks__E)
                  20005b98    00000150     sysbios.aem4 : BIOS.obj (.text:ti_sysbios_knl_Event_post__E)
                  20005ce8    00000150                  : BIOS.obj (.text:ti_sysbios_knl_Semaphore_post__E)
                  20005e38    00000148                  : BIOS.obj (.text:ti_sysbios_family_arm_m3_Hwi_dispatchC__I)
                  20005f80    00000148                  : BIOS.obj (.text:ti_sysbios_family_arm_m3_Hwi_excMemFault__I)
                  200060c8    0000013c                  : BIOS.obj (.text:ti_sysbios_heaps_HeapMem_Instance_init__E)
                  20006204    00000138     empty_pem4.oem4 (.text:ti_uia_loggers_LoggerStopMode_writeMemoryRange__E)
                  2000633c    00000004     empty_pem4.oem4 (.text:ti_sysbios_knl_Queue_destruct)
                  20006340    00000134     sysbios.aem4 : BIOS.obj (.text:ti_sysbios_knl_Clock_workFunc__E)
                  20006474    00000120     ti.targets.arm.rtsarm.aem4 : Error.oem4 (.text:xdc_runtime_Error_policyDefault__E)
                  20006594    00000004     empty_pem4.oem4 (.text:ti_sysbios_knl_Semaphore_destruct)
                  20006598    0000011c     sysbios.aem4 : BIOS.obj (.text:ti_sysbios_knl_Swi_run__I)
                  200066b4    00000118     empty_pem4.oem4 (.text:ti_uia_loggers_LoggerStopMode_write8__E)
                  200067cc    00000104     ti.targets.arm.rtsarm.aem4 : Core-mem.oem4 (.text:xdc_runtime_Core_createObject__I)
                  200068d0    00000100     empty_pem4.oem4 (.text:ti_uia_loggers_LoggerStopMode_write4__E)
                  200069d0    000000fc     ti.targets.arm.rtsarm.aem4 : Startup.oem4 (.text:xdc_runtime_Startup_startMods__I)
                  20006acc    000000f8     empty_pem4.oem4 (.text:xdc_runtime_System_printfExtend__I)
                  20006bc4    000000f4     empty_pem4.oem4 (.text:ti_uia_loggers_LoggerStopMode_write2__E)
                  20006cb8    000000f0     empty_pem4.oem4 (.text:ti_uia_loggers_LoggerStopMode_write1__E)
                  20006da8    000000ec     CC3200_LP.obj (.text)
                  20006e94    000000e8     gpio_ccware.aem4 : GPIO.oem4 (.text:GPIO_write)
                  20006f7c    000000e4     empty_pem4.oem4 (.text:ti_uia_loggers_LoggerStopMode_write0__E)
                  20007060    000000d0     sysbios.aem4 : m3_Hwi_asm.obj (.text:ti_sysbios_family_arm_m3_Hwi_dispatch__I)
                  20007130    000000cc                  : BIOS.obj (.text:ti_sysbios_knl_Task_schedule__I)
                  200071fc    000000cc     ti.targets.arm.rtsarm.aem4 : Core-smem.oem4 (.text:xdc_runtime_Core_constructObject__I)
                  200072c8    000000c4     sysbios.aem4 : BIOS.obj (.text:ti_sysbios_family_arm_m3_Hwi_Module_startup__E)
                  2000738c    00000004     ti.uia.loggers.aem4 : LoggerStopMode.oem4 (.text:ti_uia_loggers_LoggerStopMode_getContents__E)
                  20007390    000000bc     sysbios.aem4 : BIOS.obj (.text:ti_sysbios_family_arm_m3_Hwi_excDebugMon__I)
                  2000744c    00000004     empty_pem4.oem4 (.text:ti_uia_loggers_LoggerStopMode_getFilterLevel__E)
                  20007450    000000bc     sysbios.aem4 : BIOS.obj (.text:ti_sysbios_family_arm_m3_Hwi_excHardFault__I)
                  2000750c    00000004     ti.uia.loggers.aem4 : LoggerStopMode.oem4 (.text:ti_uia_loggers_LoggerStopMode_getInstanceId__E)
                  20007510    000000bc     sysbios.aem4 : BIOS.obj (.text:ti_sysbios_knl_Task_startCore__E)
                  200075cc    00000004     ti.uia.loggers.aem4 : LoggerStopMode.oem4 (.text:ti_uia_loggers_LoggerStopMode_getMaxLength__E)
                  200075d0    000000b4     sysbios.aem4 : BIOS.obj (.text:ti_sysbios_gates_GateMutex_enter__E)
                  20007684    00000004     ti.uia.loggers.aem4 : LoggerStopMode.oem4 (.text:ti_uia_loggers_LoggerStopMode_getPriority__E)
                  20007688    000000b4     sysbios.aem4 : BIOS.obj (.text:ti_sysbios_knl_Task_checkStacks__E)
                  2000773c    00000004     ti.uia.loggers.aem4 : LoggerStopMode.oem4 (.text:ti_uia_loggers_LoggerStopMode_getTransferType__E)
                  20007740    000000b0     sysbios.aem4 : BIOS.obj (.text:ti_sysbios_utils_Load_idleFxn__E)
                  200077f0    000000ac                  : BIOS.obj (.text:ti_sysbios_knl_Swi_post__E)
                  2000789c    00000004     ti.targets.arm.rtsarm.aem4 : Error.oem4 (.text:xdc_runtime_Error_getSite__E)
                  200078a0    000000ac     sysbios.aem4 : BIOS.obj (.text:ti_sysbios_utils_Load_updateLoads__E)
                  2000794c    00000004     empty_pem4.oem4 (.text:xdc_runtime_System_Module_GateProxy_enter__E)
                  20007950    000000a8     sysbios.aem4 : BIOS.obj (.text:ti_sysbios_knl_Task_blockI__E)
                  200079f8    000000a0     auto_init.aem4 : auto_init.oem4 (.text)
                  20007a98    000000a0     sysbios.aem4 : BIOS.obj (.text:ti_sysbios_family_arm_m3_Hwi_Instance_init__E)
                  20007b38    0000009c     rtsv7M4_T_le_eabi.lib : memcpy_t2.obj (.text)
                  20007bd4    0000009a     ti.targets.arm.rtsarm.aem4 : Text.oem4 (.text:xdc_runtime_Text_putSite__E)
                  20007c6e    00000002     empty_pem4.oem4 (.text:ti_sysbios_BIOS_nullFunc__I)
                  20007c70    00000098     sysbios.aem4 : BIOS.obj (.text:ti_sysbios_knl_Task_exit__E)
                  20007d08    00000094     main.obj (.text)
                  20007d9c    00000094     ti.targets.arm.rtsarm.aem4 : Text.oem4 (.text:xdc_runtime_Text_putMod__E)
                  20007e30    00000090     sysbios.aem4 : BIOS.obj (.text:ti_sysbios_knl_Task_unblockI__E)
                  20007ec0    00000090     ti.uia.loggers.aem4 : LoggerStopMode.oem4 (.text:ti_uia_loggers_LoggerStopMode_initQueueDescriptor__E)
                  20007f50    00000088     driverlib.a : pin.obj (.text:PinConfigSet)
                  20007fd8    00000088     sysbios.aem4 : BIOS.obj (.text:ti_sysbios_family_arm_m3_Hwi_initNVIC__E)
                  20008060    00000088                  : BIOS.obj (.text:ti_sysbios_knl_Mailbox_Module_startup__E)
                  200080e8    0000007c                  : BIOS.obj (.text:ti_sysbios_family_arm_m3_Timer_Module_startup__E)
                  20008164    00000004     empty_pem4.oem4 (.text:xdc_runtime_System_Module_GateProxy_leave__E)
                  20008168    0000007c     sysbios.aem4 : BIOS.obj (.text:ti_sysbios_utils_Load_logLoads__I)
                  200081e4    0000007a     rtsv7M4_T_le_eabi.lib : memset_t2.obj (.text)
                  2000825e    00000002     empty_pem4.oem4 (.text:ti_uia_loggers_LoggerStopMode_setFilterLevel__E)
                  20008260    00000074     sysbios.aem4 : BIOS.obj (.text:ti_sysbios_family_arm_m3_Hwi_postInit__I)
                  200082d4    00000004     ti.targets.arm.rtsarm.aem4 : System.oem4 (.text:xdc_runtime_System_aprintf_va__F)
                  200082d8    00000070     sysbios.aem4 : BIOS.obj (.text:ti_sysbios_knl_Semaphore_Instance_init__E)
                  20008348    00000070     ti.uia.runtime.aem4 : QueueDescriptor.oem4 (.text:ti_uia_runtime_QueueDescriptor_addToList__E)
                  200083b8    00000070     ti.targets.arm.rtsarm.aem4 : Memory.oem4 (.text:xdc_runtime_Memory_alloc__E)
                  20008428    0000006c     sysbios.aem4 : BIOS.obj (.text:ti_sysbios_utils_Load_updateThreadContexts__E)
                  20008494    0000006c     ti.targets.arm.rtsarm.aem4 : Error.oem4 (.text:xdc_runtime_Error_print__E)
                  20008500    0000006a     rtsv7M4_T_le_eabi.lib : copy_decompress_rle.obj (.text)
                  2000856a    0000006a     ti.uia.loggers.aem4 : LoggerStopMode.oem4 (.text:ti_uia_loggers_LoggerStopMode_flush__E)
                  200085d4    00000068     rtsv7M4_T_le_eabi.lib : trgmsg.obj (.text)
                  2000863c    00000066     ti.targets.arm.rtsarm.aem4 : Core-mem.oem4 (.text:xdc_runtime_Core_deleteObject__I)
                  200086a2    00000006                                : xdc_noinit.oem4 (.text:__xdc__init)
                  200086a8    00000064     sysbios.aem4 : BIOS.obj (.text:ti_sysbios_family_arm_m3_TimestampProvider_get64__E)
                  2000870c    00000004     ti.targets.arm.rtsarm.aem4 : System.oem4 (.text:xdc_runtime_System_printf_va__F)
                  20008710    00000060     sysbios.aem4 : BIOS.obj (.text:ti_sysbios_knl_Clock_logTick__E)
                  20008770    00000060                  : BIOS.obj (.text:ti_sysbios_utils_Load_logCPULoad__I)
                  200087d0    00000060     ti.targets.arm.rtsarm.aem4 : System.oem4 (.text:xdc_runtime_System_formatNum__I)
                  20008830    0000005c     sysbios.aem4 : BIOS.obj (.text:ti_sysbios_knl_Swi_restoreHwi__E)
                  2000888c    00000002     ti.uia.loggers.aem4 : LoggerStopMode.oem4 (.text:ti_uia_loggers_LoggerStopMode_setPriority__E)
                  2000888e    00000002     empty_pem4.oem4 (.text:xdc_runtime_Startup_reset__I)
                  20008890    0000005c     sysbios.aem4 : BIOS.obj (.text:ti_sysbios_knl_Swi_schedule__I)
                  200088ec    0000005b     ti.targets.arm.rtsarm.aem4 : Text.oem4 (.text:xdc_runtime_Text_putLab__E)
                  20008947    00000001     --HOLE-- [fill = 0]
                  20008948    00000058     driverlib.a : prcm.obj (.text:PRCMPeripheralReset)
                  200089a0    00000058     empty_pem4.oem4 (.text:ti_sysbios_family_arm_m3_Hwi_construct)
                  200089f8    00000058     sysbios.aem4 : BIOS.obj (.text:ti_sysbios_family_arm_m3_Timer_setPeriod__E)
                  20008a50    00000054                  : BIOS.obj (.text:ti_sysbios_family_arm_m3_Timer_start__E)
                  20008aa4    00000004     --HOLE-- [fill = 0]
                  20008aa8    00000054                  : BIOS.obj (.text:ti_sysbios_family_arm_m3_TimestampProvider_get32__E)
                  20008afc    00000004     --HOLE-- [fill = 0]
                  20008b00    00000054                  : BIOS.obj (.text:ti_sysbios_utils_Load_updateCurrentThreadTime__E)
                  20008b54    00000050     ti.targets.arm.rtsarm.aem4 : Startup.oem4 (.text:xdc_runtime_Startup_exec__E)
                  20008ba4    00000050                                : Text.oem4 (.text:xdc_runtime_Text_visitRope2__I)
                  20008bf4    0000004c     rtsv7M4_T_le_eabi.lib : cpy_tbl.obj (.text)
                  20008c40    0000004c     sysbios.aem4 : m3_TaskSupport_asm.obj (.text:ti_sysbios_family_arm_m3_TaskSupport_buildTaskStack)
                  20008c8c    00000004     --HOLE-- [fill = 0]
                  20008c90    0000004c                  : BIOS.obj (.text:ti_sysbios_heaps_HeapMem_getStats__E)
                  20008cdc    00000004     --HOLE-- [fill = 0]
                  20008ce0    0000004c                  : BIOS.obj (.text:ti_sysbios_knl_Swi_runLoop__I)
                  20008d2c    00000004     --HOLE-- [fill = 0]
                  20008d30    0000004c                  : BIOS.obj (.text:ti_sysbios_knl_Task_allBlockedFunction__I)
                  20008d7c    0000004c     ti.uia.loggers.aem4 : LoggerStopMode.oem4 (.text:ti_uia_loggers_LoggerStopMode_Module_startup__E)
                  20008dc8    00000048     sysbios.aem4 : BIOS.obj (.text:ti_sysbios_family_arm_m3_Hwi_disableInterrupt__E)
                  20008e10    00000048                  : BIOS.obj (.text:ti_sysbios_family_arm_m3_Hwi_enableInterrupt__E)
                  20008e58    00000048                  : BIOS.obj (.text:ti_sysbios_family_arm_m3_Hwi_excReserved__I)
                  20008ea0    00000048                  : m3_Hwi_asm_switch.obj (.text:ti_sysbios_family_arm_m3_Hwi_initStacks__E)
                  20008ee8    00000048     ti.uia.loggers.aem4 : LoggerStopMode.oem4 (.text:ti_uia_loggers_LoggerStopMode_initBuffer__I)
                  20008f30    00000048     ti.targets.arm.rtsarm.aem4 : Assert.oem4 (.text:xdc_runtime_Assert_raise__I)
                  20008f78    00000046                                : Core-params.oem4 (.text:xdc_runtime_Core_assignParams__I)
                  20008fbe    00000002     --HOLE-- [fill = 0]
                  20008fc0    00000044     boot.aem4 : boot.oem4 (.text)
                  20009004    00000044     empty_rom_pin_mux_config.obj (.text)
                  20009048    00000044     rtsv7M4_T_le_eabi.lib : exit.obj (.text)
                  2000908c    00000004     --HOLE-- [fill = 0]
                  20009090    00000044     sysbios.aem4 : BIOS.obj (.text:ti_sysbios_family_arm_m3_Hwi_getStackInfo__E)
                  200090d4    00000044     ti.targets.arm.rtsarm.aem4 : Error.oem4 (.text:xdc_runtime_Error_setX__E)
                  20009118    00000044                                : SysMin.oem4 (.text:xdc_runtime_SysMin_flush__E)
                  2000915c    00000042     rtsv7M4_T_le_eabi.lib : u_divt2.obj (.text)
                  2000919e    00000002     --HOLE-- [fill = 0]
                  200091a0    00000040     driverlib.a : pin.obj (.text:PinModeSet)
                  200091e0    0000003c                 : prcm.obj (.text:PRCMPeripheralClkEnable)
                  2000921c    00000004     --HOLE-- [fill = 0]
                  20009220    0000003c     sysbios.aem4 : BIOS.obj (.text:ti_sysbios_family_arm_m3_Hwi_excSvCall__I)
                  2000925c    00000004     --HOLE-- [fill = 0]
                  20009260    0000003c                  : BIOS.obj (.text:ti_sysbios_family_arm_m3_TaskSupport_start__E)
                  2000929c    00000004     --HOLE-- [fill = 0]
                  200092a0    0000003c                  : BIOS.obj (.text:ti_sysbios_heaps_HeapMem_init__I)
                  200092dc    00000004     --HOLE-- [fill = 0]
                  200092e0    0000003c                  : BIOS.obj (.text:ti_sysbios_knl_Swi_startup__E)
                  2000931c    0000003c     ti.targets.arm.rtsarm.aem4 : Text.oem4 (.text:xdc_runtime_Text_xprintf__I)
                  20009358    00000038     sysbios.aem4 : BIOS.obj (.text:ti_sysbios_family_arm_m3_Hwi_excNoIsr__I)
                  20009390    00000038                  : BIOS.obj (.text:ti_sysbios_knl_Task_processVitalTaskFlag__I)
                  200093c8    00000038     ti.targets.arm.rtsarm.aem4 : SysMin.oem4 (.text:xdc_runtime_SysMin_putch__E)
                  20009400    00000038                                : System.oem4 (.text:xdc_runtime_System_atexit__E)
                  20009438    00000036     driverlib.a : gpio.obj (.text:GPIODirModeSet)
                  2000946e    00000002     --HOLE-- [fill = 0]
                  20009470    00000034     sysbios.aem4 : BIOS.obj (.text:ti_sysbios_family_arm_m3_Hwi_excNmi__I)
                  200094a4    00000004     --HOLE-- [fill = 0]
                  200094a8    00000034                  : BIOS.obj (.text:ti_sysbios_family_arm_m3_Timer_periodicStub__I)
                  200094dc    00000004     --HOLE-- [fill = 0]
                  200094e0    00000034                  : BIOS.obj (.text:ti_sysbios_hal_Hwi_checkStack)
                  20009514    00000034     ti.uia.loggers.aem4 : LoggerStopMode.oem4 (.text:ti_uia_loggers_LoggerStopMode_reset__E)
                  20009548    00000034     ti.targets.arm.rtsarm.aem4 : Core-label.oem4 (.text:xdc_runtime_Core_assignLabel__I)
                  2000957c    00000033                                : Text.oem4 (.text:xdc_runtime_Text_printVisFxn__I)
                  200095af    00000001     --HOLE-- [fill = 0]
                  200095b0    00000032     sysbios.aem4 : BIOS.obj (.text:ti_sysbios_hal_Hwi_initStack)
                  200095e2    00000006     rtsv7M4_T_le_eabi.lib : copy_decompress_rle.obj (.text:decompress:rle24)
                  200095e8    00000032     sysbios.aem4 : BIOS.obj (.text:ti_sysbios_knl_Semaphore_pendTimeout__I)
                  2000961a    00000030     driverlib.a : pin.obj (.text:PinTypeGPIO)
                  2000964a    00000002     --HOLE-- [fill = 0]
                  2000964c    00000030     empty_pem4.oem4 (.text:ti_sysbios_BIOS_atExitFunc__I)
                  2000967c    00000030     empty_pem4.oem4 (.text:ti_sysbios_gates_GateHwi_Object__create__S)
                  200096ac    00000030     empty_pem4.oem4 (.text:ti_sysbios_gates_GateMutex_Object__create__S)
                  200096dc    00000030     empty_pem4.oem4 (.text:ti_sysbios_heaps_HeapMem_Object__create__S)
                  2000970c    00000030     empty_pem4.oem4 (.text:ti_sysbios_knl_Semaphore_construct)
                  2000973c    00000030     empty_pem4.oem4 (.text:ti_uia_loggers_LoggerStopMode_Object__create__S)
                  2000976c    00000030     ti.targets.arm.rtsarm.aem4 : SysMin.oem4 (.text:xdc_runtime_SysMin_abort__E)
                  2000979c    00000030                                : System.oem4 (.text:xdc_runtime_System_processAtExit__E)
                  200097cc    0000002c     empty_pem4.oem4 (.text:ti_sysbios_knl_Clock_doTick__I)
                  200097f8    0000002c     empty_pem4.oem4 (.text:ti_sysbios_knl_Queue_construct)
                  20009824    00000004     --HOLE-- [fill = 0]
                  20009828    0000002c     sysbios.aem4 : BIOS.obj (.text:ti_sysbios_knl_Task_restore__E)
                  20009854    0000002c     ti.targets.arm.rtsarm.aem4 : Text.oem4 (.text:xdc_runtime_Text_cordText__E)
                  20009880    0000002a                                : System.oem4 (.text:xdc_runtime_System_putchar__I)
                  200098aa    00000006                                : System.oem4 (.text:xdc_runtime_System_Module_startup__E)
                  200098b0    00000028     sysbios.aem4 : BIOS.obj (.text:ti_sysbios_family_arm_m3_Hwi_Instance_finalize__E)
                  200098d8    00000028                  : BIOS.obj (.text:ti_sysbios_knl_Semaphore_Instance_finalize__E)
                  20009900    00000028                  : BIOS.obj (.text:ti_sysbios_knl_Swi_Module_startup__E)
                  20009928    00000026     ti.targets.arm.rtsarm.aem4 : System.oem4 (.text:xdc_runtime_System_avprintf__E)
                  2000994e    00000002     --HOLE-- [fill = 0]
                  20009950    00000024     gpio_ccware.aem4 : GPIO.oem4 (.text:GPIO_init)
                  20009974    00000024     empty_pem4.oem4 (.text:ti_sysbios_BIOS_errorRaiseHook__I)
                  20009998    00000024     empty_pem4.oem4 (.text:ti_sysbios_BIOS_registerRTSLock__I)
                  200099bc    00000024     empty_pem4.oem4 (.text:ti_sysbios_BIOS_removeRTSLock__I)
                  200099e0    00000024     empty_pem4.oem4 (.text:ti_sysbios_BIOS_startFunc__I)
                  20009a04    00000004     --HOLE-- [fill = 0]
                  20009a08    00000024     sysbios.aem4 : BIOS.obj (.text:ti_sysbios_family_arm_m3_Hwi_doTaskRestore__I)
                  20009a2c    00000004     --HOLE-- [fill = 0]
                  20009a30    00000024                  : BIOS.obj (.text:ti_sysbios_family_arm_m3_Timer_startup__E)
                  20009a54    00000024     empty_pem4.oem4 (.text:ti_sysbios_gates_GateMutex_Object__delete__S)
                  20009a78    00000024     sysbios.aem4 : BIOS.obj (.text:ti_sysbios_knl_Clock_Module_startup__E)
                  20009a9c    00000024     ti.targets.arm.rtsarm.aem4 : System.oem4 (.text:xdc_runtime_System_vprintf__E)
                  20009ac0    00000022     empty_pem4.oem4 (.text:xdc_runtime_SysMin_output__I)
                  20009ae2    00000020     driverlib.a : gpio.obj (.text:GPIOPinWrite)
                  20009b02    00000002     --HOLE-- [fill = 0]
                  20009b04    00000020     empty_pem4.oem4 (.text:ti_sysbios_BIOS_rtsLock__I)
                  20009b24    00000020     sysbios.aem4 : m3_Hwi_asm.obj (.text:ti_sysbios_family_arm_m3_Hwi_excHandlerAsm__I)
                  20009b44    00000004     --HOLE-- [fill = 0]
                  20009b48    00000020                  : BIOS.obj (.text:ti_sysbios_family_arm_m3_Hwi_excHandler__I)
                  20009b68    00000020                  : BIOS.obj (.text:ti_sysbios_family_arm_m3_TimestampProvider_Module_startup__E)
                  20009b88    00000020     empty_pem4.oem4 (.text:ti_sysbios_gates_GateHwi_Object__delete__S)
                  20009ba8    00000020     empty_pem4.oem4 (.text:ti_sysbios_heaps_HeapMem_Object__delete__S)
                  20009bc8    00000020     sysbios.aem4 : BIOS.obj (.text:ti_sysbios_knl_Idle_run__E)
                  20009be8    00000020     empty_pem4.oem4 (.text:ti_sysbios_knl_Semaphore_Object__destruct__S)
                  20009c08    00000020     empty_pem4.oem4 (.text:ti_uia_loggers_LoggerStopMode_Object__delete__S)
                  20009c28    00000020     ti.targets.arm.rtsarm.aem4 : Registry.oem4 (.text:xdc_runtime_Registry_findById__E)
                  20009c48    00000020                                : SysMin.oem4 (.text:xdc_runtime_SysMin_Module_startup__E)
                  20009c68    0000001e     sysbios.aem4 : m3_Hwi_asm_switch.obj (.text:ti_sysbios_family_xxx_Hwi_switchAndRunFunc)
                  20009c86    00000002     --HOLE-- [fill = 0]
                  20009c88    0000001c                  : BIOS.obj (.text:ti_sysbios_gates_GateMutex_Instance_init__E)
                  20009ca4    0000001c     empty_pem4.oem4 (.text:ti_sysbios_knl_Queue_Object__destruct__S)
                  20009cc0    0000001c     sysbios.aem4 : BIOS.obj (.text:ti_sysbios_knl_Task_enter__I)
                  20009cdc    0000001c     ti.targets.arm.rtsarm.aem4 : Error.oem4 (.text:xdc_runtime_Error_raiseX__E)
                  20009cf8    0000001c                                : Memory.oem4 (.text:xdc_runtime_Memory_valloc__E)
                  20009d14    0000001c                                : SysMin.oem4 (.text:xdc_runtime_SysMin_exit__E)
                  20009d30    0000001c                                : System.oem4 (.text:xdc_runtime_System_abort__E)
                  20009d4c    0000001a     empty_pem4.oem4 (.text:ti_sysbios_family_arm_m3_Hwi_Handle__label__S)
                  20009d66    0000001a     sysbios.aem4 : m3_Hwi_asm.obj (.text:ti_sysbios_family_arm_m3_Hwi_pendSV__I)
                  20009d80    0000001a     empty_pem4.oem4 (.text:ti_sysbios_gates_GateHwi_Handle__label__S)
                  20009d9a    0000001a     empty_pem4.oem4 (.text:ti_sysbios_gates_GateMutex_Handle__label__S)
                  20009db4    0000001a     empty_pem4.oem4 (.text:ti_sysbios_heaps_HeapMem_Handle__label__S)
                  20009dce    0000001a     empty_pem4.oem4 (.text:ti_sysbios_knl_Swi_Handle__label__S)
                  20009de8    0000001a     empty_pem4.oem4 (.text:ti_sysbios_knl_Task_Handle__label__S)
                  20009e02    0000001a     empty_pem4.oem4 (.text:ti_uia_loggers_LoggerStopMode_Handle__label__S)
                  20009e1c    0000001a     ti.uia.loggers.aem4 : LoggerStopMode.oem4 (.text:ti_uia_loggers_LoggerStopMode_Instance_init__E)
                  20009e36    0000001a     empty_pem4.oem4 (.text:xdc_runtime_System_aprintf__E)
                  20009e50    0000001a     empty_pem4.oem4 (.text:xdc_runtime_System_printf__E)
                  20009e6a    00000002     --HOLE-- [fill = 0]
                  20009e6c    00000018     rtsv7M4_T_le_eabi.lib : args_main.obj (.text)
                  20009e84    00000018     empty_pem4.oem4 (.text:ti_sysbios_BIOS_rtsUnlock__I)
                  20009e9c    00000018     empty_pem4.oem4 (.text:ti_sysbios_family_arm_m3_Hwi_Module__startupDone__F)
                  20009eb4    00000018     empty_pem4.oem4 (.text:ti_sysbios_family_arm_m3_Timer_Module__startupDone__F)
                  20009ecc    00000004     --HOLE-- [fill = 0]
                  20009ed0    00000018     sysbios.aem4 : BIOS.obj (.text:ti_sysbios_gates_GateMutex_leave__E)
                  20009ee8    00000018     ti.targets.arm.rtsarm.aem4 : Error.oem4 (.text:xdc_runtime_Error_check__E)
                  20009f00    00000018                                : System.oem4 (.text:xdc_runtime_System_exit__E)
                  20009f18    00000018                                : Text.oem4 (.text:xdc_runtime_Text_ropeText__E)
                  20009f30    00000016     empty_pem4.oem4 (.text:ti_sysbios_BIOS_exitFunc__I)
                  20009f46    00000016     ti.uia.loggers.aem4 : LoggerStopMode.oem4 (.text:ti_uia_loggers_LoggerStopMode_disable__E)
                  20009f5c    00000016                         : LoggerStopMode.oem4 (.text:ti_uia_loggers_LoggerStopMode_enable__E)
                  20009f72    00000002     --HOLE-- [fill = 0]
                  20009f74    00000014     rtsv7M4_T_le_eabi.lib : _lock.obj (.text)
                  20009f88    00000014                           : strcpy.obj (.text)
                  20009f9c    00000014                           : strlen.obj (.text)
                  20009fb0    00000014     empty_pem4.oem4 (.text:ti_sysbios_family_arm_m3_Hwi_Object__get__S)
                  20009fc4    00000004     --HOLE-- [fill = 0]
                  20009fc8    00000014     sysbios.aem4 : BIOS.obj (.text:ti_sysbios_family_arm_m3_Hwi_switchFromBootStack__E)
                  20009fdc    00000014     empty_pem4.oem4 (.text:ti_sysbios_heaps_HeapMem_Object__get__S)
                  20009ff0    00000014     empty_pem4.oem4 (.text:ti_sysbios_knl_Swi_Object__get__S)
                  2000a004    00000014     driverlib.a : udma.obj (.text:uDMAControlBaseSet)
                  2000a018    00000012     sysbios.aem4 : BIOS.obj (.text:ti_sysbios_hal_Hwi_Module_startup__E)
                  2000a02a    00000006     --HOLE-- [fill = 0]
                  2000a030    00000012                  : BIOS.obj (.text:ti_sysbios_knl_Event_sync__E)
                  2000a042    00000012     empty_pem4.oem4 (.text:xdc_runtime_Startup_exec__I)
                  2000a054    00000004     --HOLE-- [fill = 0]
                  2000a058    00000010     sysbios.aem4 : BIOS.obj (.text:ti_sysbios_BIOS_getCpuFreq__E)
                  2000a068    00000010                  : BIOS.obj (.text:ti_sysbios_BIOS_setThreadType__E)
                  2000a078    00000010                  : BIOS.obj (.text:ti_sysbios_BIOS_start__E)
                  2000a088    00000010                  : m3_TaskSupport_asm.obj (.text:ti_sysbios_family_arm_m3_TaskSupport_glue)
                  2000a098    00000010                  : m3_TaskSupport_asm.obj (.text:ti_sysbios_family_arm_m3_TaskSupport_swap__E)
                  2000a0a8    00000010                  : BIOS.obj (.text:ti_sysbios_gates_GateMutex_Instance_finalize__E)
                  2000a0b8    00000010     empty_pem4.oem4 (.text:ti_sysbios_knl_Mailbox_Object__get__S)
                  2000a0c8    00000010     sysbios.aem4 : BIOS.obj (.text:ti_sysbios_knl_Swi_disable__E)
                  2000a0d8    00000010     empty_pem4.oem4 (.text:ti_sysbios_knl_Task_Object__get__S)
                  2000a0e8    00000010     sysbios.aem4 : BIOS.obj (.text:ti_sysbios_knl_Task_disable__E)
                  2000a0f8    00000010     empty_pem4.oem4 (.text:ti_uia_loggers_LoggerStopMode_Object__get__S)
                  2000a108    00000010     ti.uia.loggers.aem4 : LoggerStopMode.oem4 (.text:ti_uia_loggers_LoggerStopMode_isEmpty__E)
                  2000a118    00000010     ti.targets.arm.rtsarm.aem4 : Gate.oem4 (.text:xdc_runtime_Gate_leaveSystem__E)
                  2000a128    00000010                                : Memory.oem4 (.text:xdc_runtime_Memory_free__E)
                  2000a138    00000010                                : SysMin.oem4 (.text:xdc_runtime_SysMin_ready__E)
                  2000a148    00000010                                : System.oem4 (.text:xdc_runtime_System_vsnprintf__E)
                  2000a158    00000010     empty_pem4.oem4 (.text:xdc_runtime_Text_visitRope__I)
                  2000a168    0000000e     rtsv7M4_T_le_eabi.lib : copy_decompress_none.obj (.text:decompress:none)
                  2000a176    00000002     --HOLE-- [fill = 0]
                  2000a178    0000000e     sysbios.aem4 : BIOS.obj (.text:ti_sysbios_knl_Idle_loop__E)
                  2000a186    00000002     --HOLE-- [fill = 0]
                  2000a188    0000000e                  : BIOS.obj (.text:ti_sysbios_knl_Queue_empty__E)
                  2000a196    0000000c     rtsv7M4_T_le_eabi.lib : copy_zero_init.obj (.text:decompress:ZI)
                  2000a1a2    00000002     --HOLE-- [fill = 0]
                  2000a1a4    0000000c     empty_pem4.oem4 (.text:ti_sysbios_family_arm_m3_Hwi_Params__init__S)
                  2000a1b0    0000000c     sysbios.aem4 : BIOS.obj (.text:ti_sysbios_family_arm_m3_Hwi_disableFxn__E)
                  2000a1bc    00000004     --HOLE-- [fill = 0]
                  2000a1c0    0000000c                  : BIOS.obj (.text:ti_sysbios_family_arm_m3_TaskSupport_checkStack__E)
                  2000a1cc    00000004     --HOLE-- [fill = 0]
                  2000a1d0    0000000c                  : BIOS.obj (.text:ti_sysbios_gates_GateHwi_enter__E)
                  2000a1dc    0000000c     empty_pem4.oem4 (.text:ti_sysbios_knl_Queue_Object__get__S)
                  2000a1e8    0000000c     driverlib.a : udma.obj (.text:uDMAEnable)
                  2000a1f4    0000000c                 : udma.obj (.text:uDMAErrorStatusClear)
                  2000a200    0000000c                 : udma.obj (.text:uDMAErrorStatusGet)
                  2000a20c    0000000c     ti.targets.arm.rtsarm.aem4 : Error.oem4 (.text:xdc_runtime_Error_init__E)
                  2000a218    0000000c                                : Gate.oem4 (.text:xdc_runtime_Gate_enterSystem__E)
                  2000a224    0000000c                                : Memory.oem4 (.text:xdc_runtime_Memory_calloc__E)
                  2000a230    0000000c                                : Memory.oem4 (.text:xdc_runtime_Memory_getMaxDefaultTypeAlign__E)
                  2000a23c    0000000a     empty_pem4.oem4 (.text:xdc_runtime_IHeap_alloc)
                  2000a246    0000000a     empty_pem4.oem4 (.text:xdc_runtime_IHeap_free)
                  2000a250    00000008     sysbios.aem4 : BIOS.obj (.text:ti_sysbios_family_arm_m3_Hwi_doSwiRestore__I)
                  2000a258    00000008                  : BIOS.obj (.text:ti_sysbios_family_arm_m3_Hwi_startup__E)
                  2000a260    00000006                  : BIOS.obj (.text:ti_sysbios_family_arm_m3_Hwi_restoreFxn__E)
                  2000a266    00000002     --HOLE-- [fill = 0]
                  2000a268    00000006                  : BIOS.obj (.text:ti_sysbios_gates_GateHwi_leave__E)
                  2000a26e    00000002     --HOLE-- [fill = 0]
                  2000a270    00000006                  : BIOS.obj (.text:ti_sysbios_heaps_HeapMem_isBlocking__E)
                  2000a276    00000002     --HOLE-- [fill = 0]
                  2000a278    00000006                  : BIOS.obj (.text:ti_sysbios_knl_Queue_Instance_init__E)
                  2000a27e    00000002     --HOLE-- [fill = 0]
                  2000a280    00000004                  : BIOS.obj (.text:ti_sysbios_family_arm_m3_Timer_getMaxTicks__E)
                  2000a284    00000004     --HOLE-- [fill = 0]
                  2000a288    00000004                  : BIOS.obj (.text:ti_sysbios_gates_GateHwi_query__E)
                  2000a28c    00000004     --HOLE-- [fill = 0]
                  2000a290    00000004                  : BIOS.obj (.text:ti_sysbios_gates_GateMutex_query__E)
                  2000a294    00000004     --HOLE-- [fill = 0]
                  2000a298    00000004                  : BIOS.obj (.text:ti_sysbios_knl_Task_startup__E)
                  2000a29c    00000004     --HOLE-- [fill = 0]
                  2000a2a0    00000002                  : BIOS.obj (.text:ti_sysbios_gates_GateHwi_Instance_init__E)

.bss       0    2000a400    00002e30     UNINITIALIZED
                  2000a400    00001000     empty_pem4.oem4 (.bss:ti_sysbios_heaps_HeapMem_Instance_State_0_buf__A)
                  2000b400    00000800     empty_pem4.oem4 (.bss:taskStackSection)
                  2000bc00    00000400     empty_pem4.oem4 (.bss:ti_uia_loggers_LoggerStopMode_Instance_State_1_packetArray__A)
                  2000c000    00000400     empty_pem4.oem4 (.bss:ti_uia_loggers_LoggerStopMode_Instance_State_2_packetArray__A)
                  2000c400    00000400     empty_pem4.oem4 (.bss:xdc_runtime_SysMin_Module_State_0_outbuf__A)
                  2000c800    0000030c     empty_pem4.oem4 (.bss:ti_sysbios_family_arm_m3_Hwi_dispatchTable)
                  2000cb0c    0000001c     (.common:hwiStruct)
                  2000cb28    00000008     (.common:parmbuf)
                  2000cb30    00000050     --HOLE--
                  2000cb80    00000030     empty_pem4.oem4 (.bss:ti_uia_loggers_LoggerStopMode_Instance_State_0_hdr__A)
                  2000cbb0    00000050     --HOLE--
                  2000cc00    00000200     CC3200_LP.obj (.bss:CC3200_LP_DMAControlTable)
                  2000ce00    00000200     empty_pem4.oem4 (.bss:ti_uia_loggers_LoggerStopMode_Instance_State_0_packetArray__A)
                  2000d000    00000120     rtsv7M4_T_le_eabi.lib : trgmsg.obj (.bss:__CIOBUF_)
                  2000d120    00000060     --HOLE--
                  2000d180    00000030     empty_pem4.oem4 (.bss:ti_uia_loggers_LoggerStopMode_Instance_State_1_hdr__A)
                  2000d1b0    00000050     --HOLE--
                  2000d200    00000030     empty_pem4.oem4 (.bss:ti_uia_loggers_LoggerStopMode_Instance_State_2_hdr__A)

.TI.noinit 
*          0    2000a400    00000000     UNINITIALIZED

.const     0    2000d230    0000268e     
                  2000d230    00001d70     empty_pem4.oem4 (.const:xdc_runtime_Text_charTab__A)
                  2000efa0    00000100     driverlib.a : pin.obj (.const:g_ulPinToPadMap)
                  2000f0a0    000000e8     empty_pem4.oem4 (.const:xdc_runtime_Text_nodeTab__A)
                  2000f188    000000a8     driverlib.a : prcm.obj (.const:PRCM_PeriphRegsList)
                  2000f230    00000060     empty_pem4.oem4 (.const:ti_uia_loggers_LoggerStopMode_Module__FXNS__C)
                  2000f290    00000048     empty_pem4.oem4 (.const:.string)
                  2000f2d8    0000003c     CC3200_LP.obj (.const:gpioHWAttrs)
                  2000f314    00000030     empty_pem4.oem4 (.const:ti_sysbios_family_arm_m3_Hwi_Object__PARAMS__C)
                  2000f344    0000002c     empty_pem4.oem4 (.const:xdc_runtime_Startup_sfxnTab__A)
                  2000f370    00000028     empty_pem4.oem4 (.const:ti_sysbios_heaps_HeapMem_Module__FXNS__C)
                  2000f398    00000028     empty_pem4.oem4 (.const:ti_uia_loggers_LoggerStopMode_Object__PARAMS__C)
                  2000f3c0    00000024     empty_pem4.oem4 (.const:ti_sysbios_gates_GateHwi_Module__FXNS__C)
                  2000f3e4    00000024     empty_pem4.oem4 (.const:ti_sysbios_gates_GateMutex_Module__FXNS__C)
                  2000f408    00000024     empty_pem4.oem4 (.const:ti_sysbios_heaps_HeapMem_Object__PARAMS__C)
                  2000f42c    00000024     empty_pem4.oem4 (.const:ti_sysbios_knl_Semaphore_Object__PARAMS__C)
                  2000f450    00000020     empty_pem4.oem4 (.const:ti_sysbios_family_arm_m3_Hwi_Object__DESC__C)
                  2000f470    00000020     empty_pem4.oem4 (.const:ti_sysbios_gates_GateHwi_Object__DESC__C)
                  2000f490    00000020     empty_pem4.oem4 (.const:ti_sysbios_gates_GateMutex_Object__DESC__C)
                  2000f4b0    00000020     empty_pem4.oem4 (.const:ti_sysbios_heaps_HeapMem_Object__DESC__C)
                  2000f4d0    00000020     empty_pem4.oem4 (.const:ti_sysbios_knl_Queue_Object__DESC__C)
                  2000f4f0    00000020     empty_pem4.oem4 (.const:ti_sysbios_knl_Semaphore_Object__DESC__C)
                  2000f510    00000020     empty_pem4.oem4 (.const:ti_uia_loggers_LoggerStopMode_Object__DESC__C)
                  2000f530    00000018     CC3200_LP.obj (.const)
                  2000f548    00000018     empty_pem4.oem4 (.const:ti_sysbios_gates_GateHwi_Object__PARAMS__C)
                  2000f560    00000018     empty_pem4.oem4 (.const:ti_sysbios_gates_GateMutex_Object__PARAMS__C)
                  2000f578    00000018     empty_pem4.oem4 (.const:ti_sysbios_knl_Queue_Object__PARAMS__C)
                  2000f590    00000016     empty_pem4.oem4 (.const:xdc_runtime_Startup_sfxnRts__A)
                  2000f5a6    00000011     ti.targets.arm.rtsarm.aem4 : System.oem4 (.const:.string)
                  2000f5b7    00000001     empty_pem4.oem4 (.const:xdc_runtime_Error_policy__C)
                  2000f5b8    0000000c     empty_pem4.oem4 (.const:xdc_runtime_Startup_firstFxns__A)
                  2000f5c4    00000008     empty_pem4.oem4 (.const:ti_sysbios_family_arm_m3_Hwi_excHookFuncs__A)
                  2000f5cc    00000008     empty_pem4.oem4 (.const:ti_sysbios_knl_Idle_funcList__A)
                  2000f5d4    00000008     empty_pem4.oem4 (.const:ti_sysbios_knl_Idle_funcList__C)
                  2000f5dc    00000008     empty_pem4.oem4 (.const:xdc_runtime_Startup_firstFxns__C)
                  2000f5e4    00000008     empty_pem4.oem4 (.const:xdc_runtime_Startup_lastFxns__C)
                  2000f5ec    00000004     empty_pem4.oem4 (.const:ti_sysbios_family_arm_m3_Hwi_E_NMI__C)
                  2000f5f0    00000004     empty_pem4.oem4 (.const:ti_sysbios_family_arm_m3_Hwi_E_alreadyDefined__C)
                  2000f5f4    00000004     empty_pem4.oem4 (.const:ti_sysbios_family_arm_m3_Hwi_E_busFault__C)
                  2000f5f8    00000004     empty_pem4.oem4 (.const:ti_sysbios_family_arm_m3_Hwi_E_debugMon__C)
                  2000f5fc    00000004     empty_pem4.oem4 (.const:ti_sysbios_family_arm_m3_Hwi_E_hardFault__C)
                  2000f600    00000004     empty_pem4.oem4 (.const:ti_sysbios_family_arm_m3_Hwi_E_memFault__C)
                  2000f604    00000004     empty_pem4.oem4 (.const:ti_sysbios_family_arm_m3_Hwi_E_noIsr__C)
                  2000f608    00000004     empty_pem4.oem4 (.const:ti_sysbios_family_arm_m3_Hwi_E_reserved__C)
                  2000f60c    00000004     empty_pem4.oem4 (.const:ti_sysbios_family_arm_m3_Hwi_E_svCall__C)
                  2000f610    00000004     empty_pem4.oem4 (.const:ti_sysbios_family_arm_m3_Hwi_E_usageFault__C)
                  2000f614    00000004     empty_pem4.oem4 (.const:ti_sysbios_family_arm_m3_Hwi_LD_end__C)
                  2000f618    00000004     empty_pem4.oem4 (.const:ti_sysbios_family_arm_m3_Hwi_LM_begin__C)
                  2000f61c    00000004     empty_pem4.oem4 (.const:ti_sysbios_family_arm_m3_Hwi_Module__diagsEnabled__C)
                  2000f620    00000004     empty_pem4.oem4 (.const:ti_sysbios_family_arm_m3_Hwi_Module__diagsIncluded__C)
                  2000f624    00000004     empty_pem4.oem4 (.const:ti_sysbios_family_arm_m3_Hwi_Module__diagsMask__C)
                  2000f628    00000004     empty_pem4.oem4 (.const:ti_sysbios_family_arm_m3_Hwi_Module__loggerFxn1__C)
                  2000f62c    00000004     empty_pem4.oem4 (.const:ti_sysbios_family_arm_m3_Hwi_Module__loggerFxn8__C)
                  2000f630    00000004     empty_pem4.oem4 (.const:ti_sysbios_family_arm_m3_Hwi_Module__loggerObj__C)
                  2000f634    00000004     empty_pem4.oem4 (.const:ti_sysbios_family_arm_m3_Hwi_NUM_INTERRUPTS__C)
                  2000f638    00000004     empty_pem4.oem4 (.const:ti_sysbios_family_arm_m3_Hwi_Object__count__C)
                  2000f63c    00000004     empty_pem4.oem4 (.const:ti_sysbios_family_arm_m3_Hwi_ccr__C)
                  2000f640    00000004     empty_pem4.oem4 (.const:ti_sysbios_family_arm_m3_Hwi_excHandlerFunc__C)
                  2000f644    00000004     empty_pem4.oem4 (.const:ti_sysbios_family_arm_m3_Hwi_excHookFuncs__C)
                  2000f648    00000004     empty_pem4.oem4 (.const:ti_sysbios_family_arm_m3_Hwi_nullIsrFunc__C)
                  2000f64c    00000004     empty_pem4.oem4 (.const:ti_sysbios_family_arm_m3_Hwi_priGroup__C)
                  2000f650    00000004     empty_pem4.oem4 (.const:ti_sysbios_family_arm_m3_Timer_E_cannotSupport__C)
                  2000f654    00000004     empty_pem4.oem4 (.const:ti_sysbios_family_arm_m3_Timer_startupNeeded__C)
                  2000f658    00000004     empty_pem4.oem4 (.const:ti_sysbios_gates_GateMutex_A_badContext__C)
                  2000f65c    00000004     empty_pem4.oem4 (.const:ti_sysbios_gates_GateMutex_Instance_State_sem__O)
                  2000f660    00000004     empty_pem4.oem4 (.const:ti_sysbios_gates_GateMutex_Module__diagsEnabled__C)
                  2000f664    00000004     empty_pem4.oem4 (.const:ti_sysbios_gates_GateMutex_Module__diagsIncluded__C)
                  2000f668    00000004     empty_pem4.oem4 (.const:ti_sysbios_gates_GateMutex_Module__diagsMask__C)
                  2000f66c    00000004     empty_pem4.oem4 (.const:ti_sysbios_hal_Hwi_E_stackOverflow__C)
                  2000f670    00000004     empty_pem4.oem4 (.const:ti_sysbios_heaps_HeapMem_A_align__C)
                  2000f674    00000004     empty_pem4.oem4 (.const:ti_sysbios_heaps_HeapMem_A_heapSize__C)
                  2000f678    00000004     empty_pem4.oem4 (.const:ti_sysbios_heaps_HeapMem_A_invalidFree__C)
                  2000f67c    00000004     empty_pem4.oem4 (.const:ti_sysbios_heaps_HeapMem_A_zeroBlock__C)
                  2000f680    00000004     empty_pem4.oem4 (.const:ti_sysbios_heaps_HeapMem_E_memory__C)
                  2000f684    00000004     empty_pem4.oem4 (.const:ti_sysbios_heaps_HeapMem_Module__diagsEnabled__C)
                  2000f688    00000004     empty_pem4.oem4 (.const:ti_sysbios_heaps_HeapMem_Module__diagsIncluded__C)
                  2000f68c    00000004     empty_pem4.oem4 (.const:ti_sysbios_heaps_HeapMem_Module__diagsMask__C)
                  2000f690    00000004     empty_pem4.oem4 (.const:ti_sysbios_heaps_HeapMem_Module__gateObj__C)
                  2000f694    00000004     empty_pem4.oem4 (.const:ti_sysbios_heaps_HeapMem_Object__count__C)
                  2000f698    00000004     empty_pem4.oem4 (.const:ti_sysbios_heaps_HeapMem_reqAlign__C)
                  2000f69c    00000004     empty_pem4.oem4 (.const:ti_sysbios_knl_Clock_LM_begin__C)
                  2000f6a0    00000004     empty_pem4.oem4 (.const:ti_sysbios_knl_Clock_LM_tick__C)
                  2000f6a4    00000004     empty_pem4.oem4 (.const:ti_sysbios_knl_Clock_LW_delayed__C)
                  2000f6a8    00000004     empty_pem4.oem4 (.const:ti_sysbios_knl_Clock_Module_State_clockQ__O)
                  2000f6ac    00000004     empty_pem4.oem4 (.const:ti_sysbios_knl_Clock_Module__diagsEnabled__C)
                  2000f6b0    00000004     empty_pem4.oem4 (.const:ti_sysbios_knl_Clock_Module__diagsIncluded__C)
                  2000f6b4    00000004     empty_pem4.oem4 (.const:ti_sysbios_knl_Clock_Module__diagsMask__C)
                  2000f6b8    00000004     empty_pem4.oem4 (.const:ti_sysbios_knl_Clock_Module__loggerFxn1__C)
                  2000f6bc    00000004     empty_pem4.oem4 (.const:ti_sysbios_knl_Clock_Module__loggerFxn2__C)
                  2000f6c0    00000004     empty_pem4.oem4 (.const:ti_sysbios_knl_Clock_Module__loggerObj__C)
                  2000f6c4    00000004     empty_pem4.oem4 (.const:ti_sysbios_knl_Event_A_nullEventId__C)
                  2000f6c8    00000004     empty_pem4.oem4 (.const:ti_sysbios_knl_Event_Instance_State_pendQ__O)
                  2000f6cc    00000004     empty_pem4.oem4 (.const:ti_sysbios_knl_Event_LM_post__C)
                  2000f6d0    00000004     empty_pem4.oem4 (.const:ti_sysbios_knl_Event_Module__diagsEnabled__C)
                  2000f6d4    00000004     empty_pem4.oem4 (.const:ti_sysbios_knl_Event_Module__diagsIncluded__C)
                  2000f6d8    00000004     empty_pem4.oem4 (.const:ti_sysbios_knl_Event_Module__diagsMask__C)
                  2000f6dc    00000004     empty_pem4.oem4 (.const:ti_sysbios_knl_Event_Module__loggerFxn4__C)
                  2000f6e0    00000004     empty_pem4.oem4 (.const:ti_sysbios_knl_Event_Module__loggerObj__C)
                  2000f6e4    00000004     empty_pem4.oem4 (.const:ti_sysbios_knl_Mailbox_Instance_State_freeQue__O)
                  2000f6e8    00000004     empty_pem4.oem4 (.const:ti_sysbios_knl_Mailbox_Object__count__C)
                  2000f6ec    00000004     empty_pem4.oem4 (.const:ti_sysbios_knl_Mailbox_maxTypeAlign__C)
                  2000f6f0    00000004     empty_pem4.oem4 (.const:ti_sysbios_knl_Semaphore_A_badContext__C)
                  2000f6f4    00000004     empty_pem4.oem4 (.const:ti_sysbios_knl_Semaphore_A_overflow__C)
                  2000f6f8    00000004     empty_pem4.oem4 (.const:ti_sysbios_knl_Semaphore_A_pendTaskDisabled__C)
                  2000f6fc    00000004     empty_pem4.oem4 (.const:ti_sysbios_knl_Semaphore_Instance_State_pendQ__O)
                  2000f700    00000004     empty_pem4.oem4 (.const:ti_sysbios_knl_Semaphore_LM_pend__C)
                  2000f704    00000004     empty_pem4.oem4 (.const:ti_sysbios_knl_Semaphore_LM_post__C)
                  2000f708    00000004     empty_pem4.oem4 (.const:ti_sysbios_knl_Semaphore_Module__diagsEnabled__C)
                  2000f70c    00000004     empty_pem4.oem4 (.const:ti_sysbios_knl_Semaphore_Module__diagsIncluded__C)
                  2000f710    00000004     empty_pem4.oem4 (.const:ti_sysbios_knl_Semaphore_Module__diagsMask__C)
                  2000f714    00000004     empty_pem4.oem4 (.const:ti_sysbios_knl_Semaphore_Module__loggerFxn2__C)
                  2000f718    00000004     empty_pem4.oem4 (.const:ti_sysbios_knl_Semaphore_Module__loggerFxn4__C)
                  2000f71c    00000004     empty_pem4.oem4 (.const:ti_sysbios_knl_Semaphore_Module__loggerObj__C)
                  2000f720    00000004     empty_pem4.oem4 (.const:ti_sysbios_knl_Semaphore_eventPost__C)
                  2000f724    00000004     empty_pem4.oem4 (.const:ti_sysbios_knl_Semaphore_eventSync__C)
                  2000f728    00000004     empty_pem4.oem4 (.const:ti_sysbios_knl_Swi_LD_end__C)
                  2000f72c    00000004     empty_pem4.oem4 (.const:ti_sysbios_knl_Swi_LM_begin__C)
                  2000f730    00000004     empty_pem4.oem4 (.const:ti_sysbios_knl_Swi_LM_post__C)
                  2000f734    00000004     empty_pem4.oem4 (.const:ti_sysbios_knl_Swi_Module__diagsEnabled__C)
                  2000f738    00000004     empty_pem4.oem4 (.const:ti_sysbios_knl_Swi_Module__diagsIncluded__C)
                  2000f73c    00000004     empty_pem4.oem4 (.const:ti_sysbios_knl_Swi_Module__diagsMask__C)
                  2000f740    00000004     empty_pem4.oem4 (.const:ti_sysbios_knl_Swi_Module__loggerFxn1__C)
                  2000f744    00000004     empty_pem4.oem4 (.const:ti_sysbios_knl_Swi_Module__loggerFxn4__C)
                  2000f748    00000004     empty_pem4.oem4 (.const:ti_sysbios_knl_Swi_Module__loggerObj__C)
                  2000f74c    00000004     empty_pem4.oem4 (.const:ti_sysbios_knl_Swi_Object__count__C)
                  2000f750    00000004     empty_pem4.oem4 (.const:ti_sysbios_knl_Task_E_spOutOfBounds__C)
                  2000f754    00000004     empty_pem4.oem4 (.const:ti_sysbios_knl_Task_E_stackOverflow__C)
                  2000f758    00000004     empty_pem4.oem4 (.const:ti_sysbios_knl_Task_LD_block__C)
                  2000f75c    00000004     empty_pem4.oem4 (.const:ti_sysbios_knl_Task_LD_exit__C)
                  2000f760    00000004     empty_pem4.oem4 (.const:ti_sysbios_knl_Task_LD_ready__C)
                  2000f764    00000004     empty_pem4.oem4 (.const:ti_sysbios_knl_Task_LM_switch__C)
                  2000f768    00000004     empty_pem4.oem4 (.const:ti_sysbios_knl_Task_Module_State_inactiveQ__O)
                  2000f76c    00000004     empty_pem4.oem4 (.const:ti_sysbios_knl_Task_Module__diagsEnabled__C)
                  2000f770    00000004     empty_pem4.oem4 (.const:ti_sysbios_knl_Task_Module__diagsIncluded__C)
                  2000f774    00000004     empty_pem4.oem4 (.const:ti_sysbios_knl_Task_Module__diagsMask__C)
                  2000f778    00000004     empty_pem4.oem4 (.const:ti_sysbios_knl_Task_Module__loggerFxn2__C)
                  2000f77c    00000004     empty_pem4.oem4 (.const:ti_sysbios_knl_Task_Module__loggerFxn4__C)
                  2000f780    00000004     empty_pem4.oem4 (.const:ti_sysbios_knl_Task_Module__loggerObj__C)
                  2000f784    00000004     empty_pem4.oem4 (.const:ti_sysbios_knl_Task_Object__count__C)
                  2000f788    00000004     empty_pem4.oem4 (.const:ti_sysbios_knl_Task_allBlockedFunc__C)
                  2000f78c    00000004     empty_pem4.oem4 (.const:ti_sysbios_knl_Task_numConstructedTasks__C)
                  2000f790    00000004     empty_pem4.oem4 (.const:ti_sysbios_utils_Load_LS_cpuLoad__C)
                  2000f794    00000004     empty_pem4.oem4 (.const:ti_sysbios_utils_Load_LS_hwiLoad__C)
                  2000f798    00000004     empty_pem4.oem4 (.const:ti_sysbios_utils_Load_Module__diagsEnabled__C)
                  2000f79c    00000004     empty_pem4.oem4 (.const:ti_sysbios_utils_Load_Module__diagsIncluded__C)
                  2000f7a0    00000004     empty_pem4.oem4 (.const:ti_sysbios_utils_Load_Module__diagsMask__C)
                  2000f7a4    00000004     empty_pem4.oem4 (.const:ti_sysbios_utils_Load_Module__loggerFxn1__C)
                  2000f7a8    00000004     empty_pem4.oem4 (.const:ti_sysbios_utils_Load_Module__loggerFxn2__C)
                  2000f7ac    00000004     empty_pem4.oem4 (.const:ti_sysbios_utils_Load_Module__loggerObj__C)
                  2000f7b0    00000004     empty_pem4.oem4 (.const:ti_sysbios_utils_Load_postUpdate__C)
                  2000f7b4    00000004     empty_pem4.oem4 (.const:ti_sysbios_utils_Load_windowInMs__C)
                  2000f7b8    00000004     empty_pem4.oem4 (.const:ti_uia_loggers_LoggerStopMode_Module__diagsEnabled__C)
                  2000f7bc    00000004     empty_pem4.oem4 (.const:ti_uia_loggers_LoggerStopMode_Module__diagsIncluded__C)
                  2000f7c0    00000004     empty_pem4.oem4 (.const:ti_uia_loggers_LoggerStopMode_Module__diagsMask__C)
                  2000f7c4    00000004     empty_pem4.oem4 (.const:ti_uia_loggers_LoggerStopMode_Object__count__C)
                  2000f7c8    00000004     empty_pem4.oem4 (.const:ti_uia_runtime_ILoggerSnapshot_Interface__BASE__C)
                  2000f7cc    00000004     empty_pem4.oem4 (.const:ti_uia_runtime_IUIATransfer_Interface__BASE__C)
                  2000f7d0    00000004     empty_pem4.oem4 (.const:xdc_runtime_Assert_E_assertFailed__C)
                  2000f7d4    00000004     empty_pem4.oem4 (.const:xdc_runtime_Core_A_initializedParams__C)
                  2000f7d8    00000004     empty_pem4.oem4 (.const:xdc_runtime_Core_Module__diagsEnabled__C)
                  2000f7dc    00000004     empty_pem4.oem4 (.const:xdc_runtime_Core_Module__diagsIncluded__C)
                  2000f7e0    00000004     empty_pem4.oem4 (.const:xdc_runtime_Core_Module__diagsMask__C)
                  2000f7e4    00000004     empty_pem4.oem4 (.const:xdc_runtime_Error_E_memory__C)
                  2000f7e8    00000004     empty_pem4.oem4 (.const:xdc_runtime_Error_Module__diagsEnabled__C)
                  2000f7ec    00000004     empty_pem4.oem4 (.const:xdc_runtime_Error_Module__diagsIncluded__C)
                  2000f7f0    00000004     empty_pem4.oem4 (.const:xdc_runtime_Error_Module__diagsMask__C)
                  2000f7f4    00000004     empty_pem4.oem4 (.const:xdc_runtime_Error_Module__loggerFxn8__C)
                  2000f7f8    00000004     empty_pem4.oem4 (.const:xdc_runtime_Error_Module__loggerObj__C)
                  2000f7fc    00000004     empty_pem4.oem4 (.const:xdc_runtime_Error_policyFxn__C)
                  2000f800    00000004     empty_pem4.oem4 (.const:xdc_runtime_Error_raiseHook__C)
                  2000f804    00000004     empty_pem4.oem4 (.const:xdc_runtime_IFilterLogger_Interface__BASE__C)
                  2000f808    00000004     empty_pem4.oem4 (.const:xdc_runtime_IGateProvider_Interface__BASE__C)
                  2000f80c    00000004     empty_pem4.oem4 (.const:xdc_runtime_IHeap_Interface__BASE__C)
                  2000f810    00000004     empty_pem4.oem4 (.const:xdc_runtime_ILogger_Interface__BASE__C)
                  2000f814    00000004     empty_pem4.oem4 (.const:xdc_runtime_IModule_Interface__BASE__C)
                  2000f818    00000004     empty_pem4.oem4 (.const:xdc_runtime_Log_L_error__C)
                  2000f81c    00000004     empty_pem4.oem4 (.const:xdc_runtime_Main_Module__diagsEnabled__C)
                  2000f820    00000004     empty_pem4.oem4 (.const:xdc_runtime_Main_Module__diagsIncluded__C)
                  2000f824    00000004     empty_pem4.oem4 (.const:xdc_runtime_Main_Module__diagsMask__C)
                  2000f828    00000004     empty_pem4.oem4 (.const:xdc_runtime_Main_Module__loggerFxn4__C)
                  2000f82c    00000004     empty_pem4.oem4 (.const:xdc_runtime_Main_Module__loggerObj__C)
                  2000f830    00000004     empty_pem4.oem4 (.const:xdc_runtime_Memory_defaultHeapInstance__C)
                  2000f834    00000004     empty_pem4.oem4 (.const:xdc_runtime_Startup_execImpl__C)
                  2000f838    00000004     empty_pem4.oem4 (.const:xdc_runtime_Startup_maxPasses__C)
                  2000f83c    00000004     empty_pem4.oem4 (.const:xdc_runtime_Startup_sfxnRts__C)
                  2000f840    00000004     empty_pem4.oem4 (.const:xdc_runtime_Startup_sfxnTab__C)
                  2000f844    00000004     empty_pem4.oem4 (.const:xdc_runtime_SysMin_bufSize__C)
                  2000f848    00000004     empty_pem4.oem4 (.const:xdc_runtime_SysMin_outputFunc__C)
                  2000f84c    00000004     empty_pem4.oem4 (.const:xdc_runtime_System_Module__gateObj__C)
                  2000f850    00000004     empty_pem4.oem4 (.const:xdc_runtime_System_abortFxn__C)
                  2000f854    00000004     empty_pem4.oem4 (.const:xdc_runtime_System_exitFxn__C)
                  2000f858    00000004     empty_pem4.oem4 (.const:xdc_runtime_System_extendFxn__C)
                  2000f85c    00000004     empty_pem4.oem4 (.const:xdc_runtime_System_maxAtexitHandlers__C)
                  2000f860    00000004     empty_pem4.oem4 (.const:xdc_runtime_Text_charTab__C)
                  2000f864    00000004     empty_pem4.oem4 (.const:xdc_runtime_Text_nameEmpty__C)
                  2000f868    00000004     empty_pem4.oem4 (.const:xdc_runtime_Text_nameStatic__C)
                  2000f86c    00000004     empty_pem4.oem4 (.const:xdc_runtime_Text_nameUnknown__C)
                  2000f870    00000004     empty_pem4.oem4 (.const:xdc_runtime_Text_nodeTab__C)
                  2000f874    00000004     empty_pem4.oem4 (.const:xdc_runtime_Text_visitRopeFxn__C)
                  2000f878    00000002     empty_pem4.oem4 (.const:ti_sysbios_family_arm_m3_Hwi_Module__id__C)
                  2000f87a    00000002     empty_pem4.oem4 (.const:ti_sysbios_family_arm_m3_Hwi_Module__loggerDefined__C)
                  2000f87c    00000002     empty_pem4.oem4 (.const:ti_sysbios_family_arm_m3_Timer_Module__id__C)
                  2000f87e    00000002     empty_pem4.oem4 (.const:ti_sysbios_family_arm_m3_TimestampProvider_configTimer__C)
                  2000f880    00000002     empty_pem4.oem4 (.const:ti_sysbios_gates_GateMutex_Module__id__C)
                  2000f882    00000002     empty_pem4.oem4 (.const:ti_sysbios_hal_Hwi_Module__id__C)
                  2000f884    00000002     empty_pem4.oem4 (.const:ti_sysbios_heaps_HeapMem_Module__id__C)
                  2000f886    00000002     empty_pem4.oem4 (.const:ti_sysbios_knl_Clock_Module__id__C)
                  2000f888    00000002     empty_pem4.oem4 (.const:ti_sysbios_knl_Clock_Module__loggerDefined__C)
                  2000f88a    00000002     empty_pem4.oem4 (.const:ti_sysbios_knl_Event_Module__id__C)
                  2000f88c    00000002     empty_pem4.oem4 (.const:ti_sysbios_knl_Event_Module__loggerDefined__C)
                  2000f88e    00000002     empty_pem4.oem4 (.const:ti_sysbios_knl_Semaphore_Module__id__C)
                  2000f890    00000002     empty_pem4.oem4 (.const:ti_sysbios_knl_Semaphore_Module__loggerDefined__C)
                  2000f892    00000002     empty_pem4.oem4 (.const:ti_sysbios_knl_Swi_Module__id__C)
                  2000f894    00000002     empty_pem4.oem4 (.const:ti_sysbios_knl_Swi_Module__loggerDefined__C)
                  2000f896    00000002     empty_pem4.oem4 (.const:ti_sysbios_knl_Task_Module__id__C)
                  2000f898    00000002     empty_pem4.oem4 (.const:ti_sysbios_knl_Task_Module__loggerDefined__C)
                  2000f89a    00000002     empty_pem4.oem4 (.const:ti_sysbios_knl_Task_initStackFlag__C)
                  2000f89c    00000002     empty_pem4.oem4 (.const:ti_sysbios_utils_Load_Module__id__C)
                  2000f89e    00000002     empty_pem4.oem4 (.const:ti_sysbios_utils_Load_Module__loggerDefined__C)
                  2000f8a0    00000002     empty_pem4.oem4 (.const:ti_sysbios_utils_Load_hwiEnabled__C)
                  2000f8a2    00000002     empty_pem4.oem4 (.const:ti_sysbios_utils_Load_updateInIdle__C)
                  2000f8a4    00000002     empty_pem4.oem4 (.const:ti_uia_loggers_LoggerStopMode_Module__id__C)
                  2000f8a6    00000002     empty_pem4.oem4 (.const:ti_uia_loggers_LoggerStopMode_isTimestampEnabled__C)
                  2000f8a8    00000002     empty_pem4.oem4 (.const:xdc_runtime_Core_Module__id__C)
                  2000f8aa    00000002     empty_pem4.oem4 (.const:xdc_runtime_Error_Module__loggerDefined__C)
                  2000f8ac    00000002     empty_pem4.oem4 (.const:xdc_runtime_Error_maxDepth__C)
                  2000f8ae    00000002     empty_pem4.oem4 (.const:xdc_runtime_Main_Module__id__C)
                  2000f8b0    00000002     empty_pem4.oem4 (.const:xdc_runtime_Main_Module__loggerDefined__C)
                  2000f8b2    00000002     empty_pem4.oem4 (.const:xdc_runtime_Memory_Module__id__C)
                  2000f8b4    00000002     empty_pem4.oem4 (.const:xdc_runtime_SysMin_flushAtExit__C)
                  2000f8b6    00000002     empty_pem4.oem4 (.const:xdc_runtime_Text_charCnt__C)
                  2000f8b8    00000002     empty_pem4.oem4 (.const:xdc_runtime_Text_isLoaded__C)
                  2000f8ba    00000002     empty_pem4.oem4 (.const:xdc_runtime_Text_registryModsLastId__C)
                  2000f8bc    00000002     empty_pem4.oem4 (.const:xdc_runtime_Text_unnamedModsLastId__C)

.stack     0    2000f8c0    00001000     UNINITIALIZED
                  2000f8c0    00001000     --HOLE--

.data      0    200108c0    00000581     UNINITIALIZED
                  200108c0    0000017c     empty_pem4.oem4 (.data)
                  20010a3c    0000009c     empty_pem4.oem4 (.data:ti_uia_loggers_LoggerStopMode_Object__table__V)
                  20010ad8    00000098     empty_pem4.oem4 (.data:ti_sysbios_utils_Load_Module__state__V)
                  20010b70    00000080     empty_pem4.oem4 (.data:ti_sysbios_knl_Swi_Module_State_0_readyQ__A)
                  20010bf0    00000080     empty_pem4.oem4 (.data:ti_sysbios_knl_Task_Module_State_0_readyQ__A)
                  20010c70    0000004c     empty_pem4.oem4 (.data:ti_sysbios_knl_Task_Object__table__V)
                  20010cbc    00000044     empty_pem4.oem4 (.data:ti_sysbios_knl_Task_Module__state__V)
                  20010d00    00000038     empty_pem4.oem4 (.data:ti_sysbios_gates_GateMutex_Object__table__V)
                  20010d38    00000034     empty_pem4.oem4 (.data:ti_sysbios_family_arm_m3_Hwi_Module__state__V)
                  20010d6c    00000030     empty_pem4.oem4 (.data:ti_sysbios_family_arm_m3_Timer_Object__table__V)
                  20010d9c    00000030     empty_pem4.oem4 (.data:ti_sysbios_knl_Swi_Object__table__V)
                  20010dcc    0000002c     empty_pem4.oem4 (.data:ti_sysbios_knl_Clock_Module__state__V)
                  20010df8    00000024     empty_pem4.oem4 (.data:ti_sysbios_BIOS_Module__state__V)
                  20010e1c    00000008     gpio_ccware.aem4 : GPIO.oem4 (.data)
                  20010e24    00000008     rtsv7M4_T_le_eabi.lib : _lock.obj (.data)
                  20010e2c    00000008                           : exit.obj (.data)
                  20010e34    00000008     ti.uia.runtime.aem4 : QueueDescriptor.oem4 (.data)
                  20010e3c    00000004     rtsv7M4_T_le_eabi.lib : stkdepth_vars.obj (.data)
                  20010e40    00000001     CC3200_LP.obj (.data)

.TI.persistent 
*          0    200108c0    00000000     UNINITIALIZED

.cinit     0    20010e48    000003c8     
                  20010e48    000003a3     (.cinit..data.load) [load image, compression = rle]
                  200111eb    00000001     --HOLE-- [fill = 0]
                  200111ec    0000000c     (__TI_handler_table)
                  200111f8    00000008     (.cinit..bss.load) [load image, compression = zero_init]
                  20011200    00000010     (__TI_cinit_table)

.init_array 
*          0    20004000    00000000     UNINITIALIZED


LINKER GENERATED COPY TABLES

__TI_cinit_table @ 20011200 records: 2, size/record: 8, table size: 16
	.data: load addr=20010e48, load size=000003a3 bytes, run addr=200108c0, run size=00000581 bytes, compression=rle
	.bss: load addr=200111f8, load size=00000008 bytes, run addr=2000a400, run size=00002e30 bytes, compression=zero_init


LINKER GENERATED HANDLER TABLE

__TI_handler_table @ 200111ec records: 3, size/record: 4, table size: 12
	index: 0, handler: __TI_decompress_rle24
	index: 1, handler: __TI_decompress_none
	index: 2, handler: __TI_zero_init


GLOBAL SYMBOLS: SORTED ALPHABETICALLY BY Name 

address   name                                                         
-------   ----                                                         
20009049  C$$EXIT                                                      
20008603  C$$IO$$                                                      
20006ddb  CC3200_LP_initDMA                                            
20006e3b  CC3200_LP_initGPIO                                           
20006e33  CC3200_LP_initGeneral                                        
20009439  GPIODirModeSet                                               
20009ae3  GPIOPinWrite                                                 
2000f530  GPIO_config                                                  
20009951  GPIO_init                                                    
20006e95  GPIO_write                                                   
20005039  HOSTclock                                                    
20005001  HOSTclose                                                    
20004fc3  HOSTgetenv                                                   
20004f67  HOSTlseek                                                    
20004f15  HOSTopen                                                     
20004ec9  HOSTread                                                     
20004e6b  HOSTrename                                                   
20004e31  HOSTtime                                                     
20004df9  HOSTunlink                                                   
20004dad  HOSTwrite                                                    
200091e1  PRCMPeripheralClkEnable                                      
20008949  PRCMPeripheralReset                                          
20007f51  PinConfigSet                                                 
200091a1  PinModeSet                                                   
20009005  PinMuxConfig                                                 
2000961b  PinTypeGPIO                                                  
UNDEFED   SHT$$INIT_ARRAY$$Base                                        
UNDEFED   SHT$$INIT_ARRAY$$Limit                                       
20010c70  TSK_idle                                                     
00000000  __ASM__                                                      
2000d000  __CIOBUF_                                                    
00000074  __ISA__                                                      
00000087  __PLAT__                                                     
200108c0  __STACK_END                                                  
00001000  __STACK_SIZE                                                 
200108c0  __STACK_TOP                                                  
000000ae  __TARG__                                                     
20011200  __TI_CINIT_Base                                              
20011210  __TI_CINIT_Limit                                             
200111ec  __TI_Handler_Table_Base                                      
200111f8  __TI_Handler_Table_Limit                                     
200079f9  __TI_auto_init                                               
20010e2c  __TI_cleanup_ptr                                             
2000a169  __TI_decompress_none                                         
200095e3  __TI_decompress_rle24                                        
20010e30  __TI_dtors_ptr                                               
20008607  __TI_readmsg                                                 
20010e48  __TI_static_base__                                           
200085d5  __TI_writemsg                                                
2000a197  __TI_zero_init                                               
000000d3  __TRDR__                                                     
200081e5  __aeabi_memclr                                               
200081e5  __aeabi_memclr4                                              
200081e5  __aeabi_memclr8                                              
20007b39  __aeabi_memcpy                                               
20007b39  __aeabi_memcpy4                                              
20007b39  __aeabi_memcpy8                                              
200081e7  __aeabi_memset                                               
200081e7  __aeabi_memset4                                              
200081e7  __aeabi_memset8                                              
2000915d  __aeabi_uidiv                                                
2000915d  __aeabi_uidivmod                                             
ffffffff  __binit__                                                    
ffffffff  __c_args__                                                   
2000f8c0  __stack                                                      
200086a3  __xdc__init                                                  
20010a38  __xdc__init__addr                                            
20009e6d  _args_main                                                   
20008fc1  _c_int00                                                     
20010e24  _lock                                                        
20009f83  _nop                                                         
20009f7b  _register_lock                                               
20009f75  _register_unlock                                             
20010e28  _unlock                                                      
2000904d  abort                                                        
ffffffff  binit                                                        
20008bf5  copy_in                                                      
20009055  exit                                                         
2000f2d8  gpioHWAttrs                                                  
20007d09  main                                                         
20010e3c  main_func_sp                                                 
20007b39  memcpy                                                       
200081ed  memset                                                       
20009f89  strcpy                                                       
20009f9d  strlen                                                       
20010df8  ti_sysbios_BIOS_Module__state__V                             
20009d9b  ti_sysbios_BIOS_RtsGateProxy_Handle__label__S                
20009a55  ti_sysbios_BIOS_RtsGateProxy_Object__delete__S               
20004a7d  ti_sysbios_BIOS_RtsGateProxy_enter__E                        
200052d5  ti_sysbios_BIOS_RtsGateProxy_leave__E                        
2000a291  ti_sysbios_BIOS_RtsGateProxy_query__E                        
2000964d  ti_sysbios_BIOS_atExitFunc__I                                
20009975  ti_sysbios_BIOS_errorRaiseHook__I                            
20009f31  ti_sysbios_BIOS_exitFunc__I                                  
2000a059  ti_sysbios_BIOS_getCpuFreq__E                                
20007c6f  ti_sysbios_BIOS_nullFunc__I                                  
20009999  ti_sysbios_BIOS_registerRTSLock__I                           
200099bd  ti_sysbios_BIOS_removeRTSLock__I                             
20009b05  ti_sysbios_BIOS_rtsLock__I                                   
20009e85  ti_sysbios_BIOS_rtsUnlock__I                                 
2000a069  ti_sysbios_BIOS_setThreadType__E                             
200099e1  ti_sysbios_BIOS_startFunc__I                                 
2000a079  ti_sysbios_BIOS_start__E                                     
2000f5ec  ti_sysbios_family_arm_m3_Hwi_E_NMI__C                        
2000f5f0  ti_sysbios_family_arm_m3_Hwi_E_alreadyDefined__C             
2000f5f4  ti_sysbios_family_arm_m3_Hwi_E_busFault__C                   
2000f5f8  ti_sysbios_family_arm_m3_Hwi_E_debugMon__C                   
2000f5fc  ti_sysbios_family_arm_m3_Hwi_E_hardFault__C                  
2000f600  ti_sysbios_family_arm_m3_Hwi_E_memFault__C                   
2000f604  ti_sysbios_family_arm_m3_Hwi_E_noIsr__C                      
2000f608  ti_sysbios_family_arm_m3_Hwi_E_reserved__C                   
2000f60c  ti_sysbios_family_arm_m3_Hwi_E_svCall__C                     
2000f610  ti_sysbios_family_arm_m3_Hwi_E_usageFault__C                 
20009d4d  ti_sysbios_family_arm_m3_Hwi_Handle__label__S                
200098b1  ti_sysbios_family_arm_m3_Hwi_Instance_finalize__E            
20007a99  ti_sysbios_family_arm_m3_Hwi_Instance_init__E                
2000f614  ti_sysbios_family_arm_m3_Hwi_LD_end__C                       
2000f618  ti_sysbios_family_arm_m3_Hwi_LM_begin__C                     
20010900  ti_sysbios_family_arm_m3_Hwi_Module_State_0_excActive__A     
20010904  ti_sysbios_family_arm_m3_Hwi_Module_State_0_excContext__A    
20010908  ti_sysbios_family_arm_m3_Hwi_Module_State_0_excStack__A      
2000f61c  ti_sysbios_family_arm_m3_Hwi_Module__diagsEnabled__C         
2000f620  ti_sysbios_family_arm_m3_Hwi_Module__diagsIncluded__C        
2000f624  ti_sysbios_family_arm_m3_Hwi_Module__diagsMask__C            
2000f878  ti_sysbios_family_arm_m3_Hwi_Module__id__C                   
2000f87a  ti_sysbios_family_arm_m3_Hwi_Module__loggerDefined__C        
2000f628  ti_sysbios_family_arm_m3_Hwi_Module__loggerFxn1__C           
2000f62c  ti_sysbios_family_arm_m3_Hwi_Module__loggerFxn8__C           
2000f630  ti_sysbios_family_arm_m3_Hwi_Module__loggerObj__C            
200108e0  ti_sysbios_family_arm_m3_Hwi_Module__root__V                 
20009e9d  ti_sysbios_family_arm_m3_Hwi_Module__startupDone__F          
20009e9d  ti_sysbios_family_arm_m3_Hwi_Module__startupDone__S          
20010d38  ti_sysbios_family_arm_m3_Hwi_Module__state__V                
200072c9  ti_sysbios_family_arm_m3_Hwi_Module_startup__E               
2000f634  ti_sysbios_family_arm_m3_Hwi_NUM_INTERRUPTS__C               
2000f450  ti_sysbios_family_arm_m3_Hwi_Object__DESC__C                 
2000f314  ti_sysbios_family_arm_m3_Hwi_Object__PARAMS__C               
2000f638  ti_sysbios_family_arm_m3_Hwi_Object__count__C                
20009fb1  ti_sysbios_family_arm_m3_Hwi_Object__get__S                  
200108e8  ti_sysbios_family_arm_m3_Hwi_Object__table__V                
2000a1a5  ti_sysbios_family_arm_m3_Hwi_Params__init__S                 
2000f63c  ti_sysbios_family_arm_m3_Hwi_ccr__C                          
200089a1  ti_sysbios_family_arm_m3_Hwi_construct                       
2000a1b1  ti_sysbios_family_arm_m3_Hwi_disableFxn__E                   
20008dc9  ti_sysbios_family_arm_m3_Hwi_disableInterrupt__E             
20005e39  ti_sysbios_family_arm_m3_Hwi_dispatchC__I                    
2000c800  ti_sysbios_family_arm_m3_Hwi_dispatchTable                   
20007061  ti_sysbios_family_arm_m3_Hwi_dispatch__I                     
2000a251  ti_sysbios_family_arm_m3_Hwi_doSwiRestore__I                 
20009a09  ti_sysbios_family_arm_m3_Hwi_doTaskRestore__I                
20008e11  ti_sysbios_family_arm_m3_Hwi_enableInterrupt__E              
200058b9  ti_sysbios_family_arm_m3_Hwi_excBusFault__I                  
20007391  ti_sysbios_family_arm_m3_Hwi_excDebugMon__I                  
20004311  ti_sysbios_family_arm_m3_Hwi_excDumpRegs__I                  
20009b25  ti_sysbios_family_arm_m3_Hwi_excHandlerAsm__I                
2000f640  ti_sysbios_family_arm_m3_Hwi_excHandlerFunc__C               
20005519  ti_sysbios_family_arm_m3_Hwi_excHandlerMax__I                
20009b49  ti_sysbios_family_arm_m3_Hwi_excHandler__I                   
20007451  ti_sysbios_family_arm_m3_Hwi_excHardFault__I                 
2000f5c4  ti_sysbios_family_arm_m3_Hwi_excHookFuncs__A                 
2000f644  ti_sysbios_family_arm_m3_Hwi_excHookFuncs__C                 
20005f81  ti_sysbios_family_arm_m3_Hwi_excMemFault__I                  
20009471  ti_sysbios_family_arm_m3_Hwi_excNmi__I                       
20009359  ti_sysbios_family_arm_m3_Hwi_excNoIsr__I                     
20008e59  ti_sysbios_family_arm_m3_Hwi_excReserved__I                  
20009221  ti_sysbios_family_arm_m3_Hwi_excSvCall__I                    
20005a31  ti_sysbios_family_arm_m3_Hwi_excUsageFault__I                
20009091  ti_sysbios_family_arm_m3_Hwi_getStackInfo__E                 
20007fd9  ti_sysbios_family_arm_m3_Hwi_initNVIC__E                     
20008ea1  ti_sysbios_family_arm_m3_Hwi_initStacks__E                   
2000f648  ti_sysbios_family_arm_m3_Hwi_nullIsrFunc__C                  
e000e000  ti_sysbios_family_arm_m3_Hwi_nvic                            
20009d67  ti_sysbios_family_arm_m3_Hwi_pendSV__I                       
20008261  ti_sysbios_family_arm_m3_Hwi_postInit__I                     
2000f64c  ti_sysbios_family_arm_m3_Hwi_priGroup__C                     
20004000  ti_sysbios_family_arm_m3_Hwi_resetVectors                    
2000a261  ti_sysbios_family_arm_m3_Hwi_restoreFxn__E                   
20009d7f  ti_sysbios_family_arm_m3_Hwi_return                          
2000a259  ti_sysbios_family_arm_m3_Hwi_startup__E                      
20009fc9  ti_sysbios_family_arm_m3_Hwi_switchFromBootStack__E          
20005715  ti_sysbios_family_arm_m3_TaskSupport_Module__startupDone__S  
20008c41  ti_sysbios_family_arm_m3_TaskSupport_buildTaskStack          
2000a1c1  ti_sysbios_family_arm_m3_TaskSupport_checkStack__E           
2000a089  ti_sysbios_family_arm_m3_TaskSupport_glue                    
20009261  ti_sysbios_family_arm_m3_TaskSupport_start__E                
2000a099  ti_sysbios_family_arm_m3_TaskSupport_swap__E                 
2000f650  ti_sysbios_family_arm_m3_Timer_E_cannotSupport__C            
2000f87c  ti_sysbios_family_arm_m3_Timer_Module__id__C                 
2001090c  ti_sysbios_family_arm_m3_Timer_Module__root__V               
20009eb5  ti_sysbios_family_arm_m3_Timer_Module__startupDone__F        
20009eb5  ti_sysbios_family_arm_m3_Timer_Module__startupDone__S        
20010914  ti_sysbios_family_arm_m3_Timer_Module__state__V              
[...]
2000f5b8  xdc_runtime_Startup_firstFxns__A                             
2000f5c4  ti_sysbios_family_arm_m3_Hwi_excHookFuncs__A                 
2000f5cc  ti_sysbios_knl_Idle_funcList__A                              
2000f5d4  ti_sysbios_knl_Idle_funcList__C                              
2000f5dc  xdc_runtime_Startup_firstFxns__C                             
2000f5e4  xdc_runtime_Startup_lastFxns__C                              
2000f5ec  ti_sysbios_family_arm_m3_Hwi_E_NMI__C                        
2000f5f0  ti_sysbios_family_arm_m3_Hwi_E_alreadyDefined__C             
2000f5f4  ti_sysbios_family_arm_m3_Hwi_E_busFault__C                   
2000f5f8  ti_sysbios_family_arm_m3_Hwi_E_debugMon__C                   
2000f5fc  ti_sysbios_family_arm_m3_Hwi_E_hardFault__C                  
2000f600  ti_sysbios_family_arm_m3_Hwi_E_memFault__C                   
2000f604  ti_sysbios_family_arm_m3_Hwi_E_noIsr__C                      
2000f608  ti_sysbios_family_arm_m3_Hwi_E_reserved__C                   
2000f60c  ti_sysbios_family_arm_m3_Hwi_E_svCall__C                     
2000f610  ti_sysbios_family_arm_m3_Hwi_E_usageFault__C                 
2000f614  ti_sysbios_family_arm_m3_Hwi_LD_end__C                       
2000f618  ti_sysbios_family_arm_m3_Hwi_LM_begin__C                     
2000f61c  ti_sysbios_family_arm_m3_Hwi_Module__diagsEnabled__C         
2000f620  ti_sysbios_family_arm_m3_Hwi_Module__diagsIncluded__C        
2000f624  ti_sysbios_family_arm_m3_Hwi_Module__diagsMask__C            
2000f628  ti_sysbios_family_arm_m3_Hwi_Module__loggerFxn1__C           
2000f62c  ti_sysbios_family_arm_m3_Hwi_Module__loggerFxn8__C           
2000f630  ti_sysbios_family_arm_m3_Hwi_Module__loggerObj__C            
2000f634  ti_sysbios_family_arm_m3_Hwi_NUM_INTERRUPTS__C               
2000f638  ti_sysbios_family_arm_m3_Hwi_Object__count__C                
2000f63c  ti_sysbios_family_arm_m3_Hwi_ccr__C                          
2000f640  ti_sysbios_family_arm_m3_Hwi_excHandlerFunc__C               
2000f644  ti_sysbios_family_arm_m3_Hwi_excHookFuncs__C                 
2000f648  ti_sysbios_family_arm_m3_Hwi_nullIsrFunc__C                  
2000f64c  ti_sysbios_family_arm_m3_Hwi_priGroup__C                     
2000f650  ti_sysbios_family_arm_m3_Timer_E_cannotSupport__C            
2000f654  ti_sysbios_family_arm_m3_Timer_startupNeeded__C              
2000f658  ti_sysbios_gates_GateMutex_A_badContext__C                   
2000f65c  ti_sysbios_gates_GateMutex_Instance_State_sem__O             
2000f660  ti_sysbios_gates_GateMutex_Module__diagsEnabled__C           
2000f664  ti_sysbios_gates_GateMutex_Module__diagsIncluded__C          
2000f668  ti_sysbios_gates_GateMutex_Module__diagsMask__C              
2000f66c  ti_sysbios_hal_Hwi_E_stackOverflow__C                        
2000f670  ti_sysbios_heaps_HeapMem_A_align__C                          
2000f674  ti_sysbios_heaps_HeapMem_A_heapSize__C                       
2000f678  ti_sysbios_heaps_HeapMem_A_invalidFree__C                    
2000f67c  ti_sysbios_heaps_HeapMem_A_zeroBlock__C                      
2000f680  ti_sysbios_heaps_HeapMem_E_memory__C                         
2000f684  ti_sysbios_heaps_HeapMem_Module__diagsEnabled__C             
2000f688  ti_sysbios_heaps_HeapMem_Module__diagsIncluded__C            
2000f68c  ti_sysbios_heaps_HeapMem_Module__diagsMask__C                
2000f690  ti_sysbios_heaps_HeapMem_Module__gateObj__C                  
2000f694  ti_sysbios_heaps_HeapMem_Object__count__C                    
2000f698  ti_sysbios_heaps_HeapMem_reqAlign__C                         
2000f69c  ti_sysbios_knl_Clock_LM_begin__C                             
2000f6a0  ti_sysbios_knl_Clock_LM_tick__C                              
2000f6a4  ti_sysbios_knl_Clock_LW_delayed__C                           
2000f6a8  ti_sysbios_knl_Clock_Module_State_clockQ__O                  
2000f6ac  ti_sysbios_knl_Clock_Module__diagsEnabled__C                 
2000f6b0  ti_sysbios_knl_Clock_Module__diagsIncluded__C                
2000f6b4  ti_sysbios_knl_Clock_Module__diagsMask__C                    
2000f6b8  ti_sysbios_knl_Clock_Module__loggerFxn1__C                   
2000f6bc  ti_sysbios_knl_Clock_Module__loggerFxn2__C                   
2000f6c0  ti_sysbios_knl_Clock_Module__loggerObj__C                    
2000f6c4  ti_sysbios_knl_Event_A_nullEventId__C                        
2000f6c8  ti_sysbios_knl_Event_Instance_State_pendQ__O                 
2000f6cc  ti_sysbios_knl_Event_LM_post__C                              
2000f6d0  ti_sysbios_knl_Event_Module__diagsEnabled__C                 
2000f6d4  ti_sysbios_knl_Event_Module__diagsIncluded__C                
2000f6d8  ti_sysbios_knl_Event_Module__diagsMask__C                    
2000f6dc  ti_sysbios_knl_Event_Module__loggerFxn4__C                   
2000f6e0  ti_sysbios_knl_Event_Module__loggerObj__C                    
2000f6e4  ti_sysbios_knl_Mailbox_Instance_State_freeQue__O             
2000f6e8  ti_sysbios_knl_Mailbox_Object__count__C                      
2000f6ec  ti_sysbios_knl_Mailbox_maxTypeAlign__C                       
2000f6f0  ti_sysbios_knl_Semaphore_A_badContext__C                     
2000f6f4  ti_sysbios_knl_Semaphore_A_overflow__C                       
2000f6f8  ti_sysbios_knl_Semaphore_A_pendTaskDisabled__C               
2000f6fc  ti_sysbios_knl_Semaphore_Instance_State_pendQ__O             
2000f700  ti_sysbios_knl_Semaphore_LM_pend__C                          
2000f704  ti_sysbios_knl_Semaphore_LM_post__C                          
2000f708  ti_sysbios_knl_Semaphore_Module__diagsEnabled__C             
2000f70c  ti_sysbios_knl_Semaphore_Module__diagsIncluded__C            
2000f710  ti_sysbios_knl_Semaphore_Module__diagsMask__C                
2000f714  ti_sysbios_knl_Semaphore_Module__loggerFxn2__C               
2000f718  ti_sysbios_knl_Semaphore_Module__loggerFxn4__C               
2000f71c  ti_sysbios_knl_Semaphore_Module__loggerObj__C                
2000f720  ti_sysbios_knl_Semaphore_eventPost__C                        
2000f724  ti_sysbios_knl_Semaphore_eventSync__C                        
2000f728  ti_sysbios_knl_Swi_LD_end__C                                 
2000f72c  ti_sysbios_knl_Swi_LM_begin__C                               
2000f730  ti_sysbios_knl_Swi_LM_post__C                                
2000f734  ti_sysbios_knl_Swi_Module__diagsEnabled__C                   
2000f738  ti_sysbios_knl_Swi_Module__diagsIncluded__C                  
2000f73c  ti_sysbios_knl_Swi_Module__diagsMask__C                      
2000f740  ti_sysbios_knl_Swi_Module__loggerFxn1__C                     
2000f744  ti_sysbios_knl_Swi_Module__loggerFxn4__C                     
2000f748  ti_sysbios_knl_Swi_Module__loggerObj__C                      
2000f74c  ti_sysbios_knl_Swi_Object__count__C                          
2000f750  ti_sysbios_knl_Task_E_spOutOfBounds__C                       
2000f754  ti_sysbios_knl_Task_E_stackOverflow__C                       
2000f758  ti_sysbios_knl_Task_LD_block__C                              
2000f75c  ti_sysbios_knl_Task_LD_exit__C                               
2000f760  ti_sysbios_knl_Task_LD_ready__C                              
2000f764  ti_sysbios_knl_Task_LM_switch__C                             
2000f768  ti_sysbios_knl_Task_Module_State_inactiveQ__O                
2000f76c  ti_sysbios_knl_Task_Module__diagsEnabled__C                  
2000f770  ti_sysbios_knl_Task_Module__diagsIncluded__C                 
2000f774  ti_sysbios_knl_Task_Module__diagsMask__C                     
2000f778  ti_sysbios_knl_Task_Module__loggerFxn2__C                    
2000f77c  ti_sysbios_knl_Task_Module__loggerFxn4__C                    
2000f780  ti_sysbios_knl_Task_Module__loggerObj__C                     
2000f784  ti_sysbios_knl_Task_Object__count__C                         
2000f788  ti_sysbios_knl_Task_allBlockedFunc__C                        
2000f78c  ti_sysbios_knl_Task_numConstructedTasks__C                   
2000f790  ti_sysbios_utils_Load_LS_cpuLoad__C                          
2000f794  ti_sysbios_utils_Load_LS_hwiLoad__C                          
2000f798  ti_sysbios_utils_Load_Module__diagsEnabled__C                
2000f79c  ti_sysbios_utils_Load_Module__diagsIncluded__C               
2000f7a0  ti_sysbios_utils_Load_Module__diagsMask__C                   
2000f7a4  ti_sysbios_utils_Load_Module__loggerFxn1__C                  
2000f7a8  ti_sysbios_utils_Load_Module__loggerFxn2__C                  
2000f7ac  ti_sysbios_utils_Load_Module__loggerObj__C                   
2000f7b0  ti_sysbios_utils_Load_postUpdate__C                          
2000f7b4  ti_sysbios_utils_Load_windowInMs__C                          
2000f7b8  ti_uia_loggers_LoggerStopMode_Module__diagsEnabled__C        
2000f7bc  ti_uia_loggers_LoggerStopMode_Module__diagsIncluded__C       
2000f7c0  ti_uia_loggers_LoggerStopMode_Module__diagsMask__C           
2000f7c4  ti_uia_loggers_LoggerStopMode_Object__count__C               
2000f7c8  ti_uia_runtime_ILoggerSnapshot_Interface__BASE__C            
2000f7cc  ti_uia_runtime_IUIATransfer_Interface__BASE__C               
2000f7d0  xdc_runtime_Assert_E_assertFailed__C                         
2000f7d4  xdc_runtime_Core_A_initializedParams__C                      
2000f7d8  xdc_runtime_Core_Module__diagsEnabled__C                     
2000f7dc  xdc_runtime_Core_Module__diagsIncluded__C                    
2000f7e0  xdc_runtime_Core_Module__diagsMask__C                        
2000f7e4  xdc_runtime_Error_E_memory__C                                
2000f7e8  xdc_runtime_Error_Module__diagsEnabled__C                    
2000f7ec  xdc_runtime_Error_Module__diagsIncluded__C                   
2000f7f0  xdc_runtime_Error_Module__diagsMask__C                       
2000f7f4  xdc_runtime_Error_Module__loggerFxn8__C                      
2000f7f8  xdc_runtime_Error_Module__loggerObj__C                       
2000f7fc  xdc_runtime_Error_policyFxn__C                               
2000f800  xdc_runtime_Error_raiseHook__C                               
2000f804  xdc_runtime_IFilterLogger_Interface__BASE__C                 
2000f808  xdc_runtime_IGateProvider_Interface__BASE__C                 
2000f80c  xdc_runtime_IHeap_Interface__BASE__C                         
2000f810  xdc_runtime_ILogger_Interface__BASE__C                       
2000f814  xdc_runtime_IModule_Interface__BASE__C                       
2000f818  xdc_runtime_Log_L_error__C                                   
2000f81c  xdc_runtime_Main_Module__diagsEnabled__C                     
2000f820  xdc_runtime_Main_Module__diagsIncluded__C                    
2000f824  xdc_runtime_Main_Module__diagsMask__C                        
2000f828  xdc_runtime_Main_Module__loggerFxn4__C                       
2000f82c  xdc_runtime_Main_Module__loggerObj__C                        
2000f830  xdc_runtime_Memory_defaultHeapInstance__C                    
2000f834  xdc_runtime_Startup_execImpl__C                              
2000f838  xdc_runtime_Startup_maxPasses__C                             
2000f83c  xdc_runtime_Startup_sfxnRts__C                               
2000f840  xdc_runtime_Startup_sfxnTab__C                               
2000f844  xdc_runtime_SysMin_bufSize__C                                
2000f848  xdc_runtime_SysMin_outputFunc__C                             
2000f84c  xdc_runtime_System_Module__gateObj__C                        
2000f850  xdc_runtime_System_abortFxn__C                               
2000f854  xdc_runtime_System_exitFxn__C                                
2000f858  xdc_runtime_System_extendFxn__C                              
2000f85c  xdc_runtime_System_maxAtexitHandlers__C                      
2000f860  xdc_runtime_Text_charTab__C                                  
2000f864  xdc_runtime_Text_nameEmpty__C                                
2000f868  xdc_runtime_Text_nameStatic__C                               
2000f86c  xdc_runtime_Text_nameUnknown__C                              
2000f870  xdc_runtime_Text_nodeTab__C                                  
2000f874  xdc_runtime_Text_visitRopeFxn__C                             
2000f878  ti_sysbios_family_arm_m3_Hwi_Module__id__C                   
2000f87a  ti_sysbios_family_arm_m3_Hwi_Module__loggerDefined__C        
2000f87c  ti_sysbios_family_arm_m3_Timer_Module__id__C                 
2000f87e  ti_sysbios_family_arm_m3_TimestampProvider_configTimer__C    
2000f880  ti_sysbios_gates_GateMutex_Module__id__C                     
2000f882  ti_sysbios_hal_Hwi_Module__id__C                             
2000f884  ti_sysbios_heaps_HeapMem_Module__id__C                       
2000f886  ti_sysbios_knl_Clock_Module__id__C                           
2000f888  ti_sysbios_knl_Clock_Module__loggerDefined__C                
2000f88a  ti_sysbios_knl_Event_Module__id__C                           
2000f88c  ti_sysbios_knl_Event_Module__loggerDefined__C                
2000f88e  ti_sysbios_knl_Semaphore_Module__id__C                       
2000f890  ti_sysbios_knl_Semaphore_Module__loggerDefined__C            
2000f892  ti_sysbios_knl_Swi_Module__id__C                             
2000f894  ti_sysbios_knl_Swi_Module__loggerDefined__C                  
2000f896  ti_sysbios_knl_Task_Module__id__C                            
2000f898  ti_sysbios_knl_Task_Module__loggerDefined__C                 
2000f89a  ti_sysbios_knl_Task_initStackFlag__C                         
2000f89c  ti_sysbios_utils_Load_Module__id__C                          
2000f89e  ti_sysbios_utils_Load_Module__loggerDefined__C               
2000f8a0  ti_sysbios_utils_Load_hwiEnabled__C                          
2000f8a2  ti_sysbios_utils_Load_updateInIdle__C                        
2000f8a4  ti_uia_loggers_LoggerStopMode_Module__id__C                  
2000f8a6  ti_uia_loggers_LoggerStopMode_isTimestampEnabled__C          
2000f8a8  xdc_runtime_Core_Module__id__C                               
2000f8aa  xdc_runtime_Error_Module__loggerDefined__C                   
2000f8ac  xdc_runtime_Error_maxDepth__C                                
2000f8ae  xdc_runtime_Main_Module__id__C                               
2000f8b0  xdc_runtime_Main_Module__loggerDefined__C                    
2000f8b2  xdc_runtime_Memory_Module__id__C                             
2000f8b4  xdc_runtime_SysMin_flushAtExit__C                            
2000f8b6  xdc_runtime_Text_charCnt__C                                  
2000f8b8  xdc_runtime_Text_isLoaded__C                                 
2000f8ba  xdc_runtime_Text_registryModsLastId__C                       
2000f8bc  xdc_runtime_Text_unnamedModsLastId__C                        
2000f8c0  __stack                                                      
200108c0  __STACK_END                                                  
200108c0  __STACK_TOP                                                  
200108c0  xdc_runtime_Diags_dictElems                                  
200108e0  ti_sysbios_family_arm_m3_Hwi_Module__root__V                 
200108e8  ti_sysbios_family_arm_m3_Hwi_Object__table__V                
20010900  ti_sysbios_family_arm_m3_Hwi_Module_State_0_excActive__A     
20010904  ti_sysbios_family_arm_m3_Hwi_Module_State_0_excContext__A    
20010908  ti_sysbios_family_arm_m3_Hwi_Module_State_0_excStack__A      
2001090c  ti_sysbios_family_arm_m3_Timer_Module__root__V               
20010914  ti_sysbios_family_arm_m3_Timer_Module__state__V              
20010920  ti_sysbios_family_arm_m3_TimestampProvider_Module__state__V  
20010924  ti_sysbios_gates_GateHwi_Module__root__V                     
2001092c  ti_sysbios_gates_GateHwi_Object__table__V                    
20010930  ti_sysbios_gates_GateMutex_Module__root__V                   
20010938  ti_sysbios_hal_Hwi_Module__root__V                           
20010940  ti_sysbios_heaps_HeapMem_Module__root__V                     
20010948  ti_sysbios_heaps_HeapMem_Object__table__V                    
20010960  ti_sysbios_knl_Clock_Module__root__V                         
20010968  ti_sysbios_knl_Event_Module__root__V                         
20010974  ti_sysbios_knl_Mailbox_Module__root__V                       
2001097c  ti_sysbios_knl_Queue_Module__root__V                         
20010984  ti_sysbios_knl_Semaphore_Module__root__V                     
2001098c  ti_sysbios_knl_Swi_Module__root__V                           
20010994  ti_sysbios_knl_Swi_Module__state__V                          
200109b0  ti_sysbios_knl_Task_Module__root__V                          
200109bc  ti_sysbios_knl_Task_Module_State_0_idleTask__A               
200109c0  ti_sysbios_utils_Load_Module_State_0_taskStartTime__A        
200109c4  ti_sysbios_utils_Load_Module_State_0_runningTask__A          
200109c8  ti_uia_loggers_LoggerStopMode_Module__root__V                
200109d0  ti_uia_loggers_LoggerStopMode_Module__state__V               
200109d8  ti_uia_runtime_QueueDescriptor_Module__state__V              
200109e4  xdc_runtime_Error_Module__state__V                           
200109e6  xdc_runtime_Main_Module__root__V                             
200109e8  xdc_runtime_Memory_Module__state__V                          
200109ec  xdc_runtime_Registry_Module__state__V                        
200109f4  xdc_runtime_Startup_Module__state__V                         
200109fc  xdc_runtime_SysMin_Module__state__V                          
20010a08  xdc_runtime_System_Module_State_0_atexitHandlers__A          
20010a28  xdc_runtime_System_Module__state__V                          
20010a30  xdc_runtime_Text_Module__state__V                            
20010a38  __xdc__init__addr                                            
20010a3c  ti_uia_loggers_LoggerStopMode_Object__table__V               
20010ad8  ti_sysbios_utils_Load_Module__state__V                       
20010b70  ti_sysbios_knl_Swi_Module_State_0_readyQ__A                  
20010bf0  ti_sysbios_knl_Task_Module_State_0_readyQ__A                 
20010c70  TSK_idle                                                     
20010c70  ti_sysbios_knl_Task_Object__table__V                         
20010cbc  ti_sysbios_knl_Task_Module__state__V                         
20010d00  ti_sysbios_gates_GateMutex_Object__table__V                  
20010d38  ti_sysbios_family_arm_m3_Hwi_Module__state__V                
20010d6c  ti_sysbios_family_arm_m3_Timer_Object__table__V              
20010d9c  ti_sysbios_knl_Swi_Object__table__V                          
20010dcc  ti_sysbios_knl_Clock_Module__state__V                        
20010df8  ti_sysbios_BIOS_Module__state__V                             
20010e24  _lock                                                        
20010e28  _unlock                                                      
20010e2c  __TI_cleanup_ptr                                             
20010e30  __TI_dtors_ptr                                               
20010e34  ti_uia_runtime_QueueDescriptor_gPtrToFirstDescriptor         
20010e38  ti_uia_runtime_QueueDescriptor_gUpdateCount                  
20010e3c  main_func_sp                                                 
20010e48  __TI_static_base__                                           
200111ec  __TI_Handler_Table_Base                                      
200111f8  __TI_Handler_Table_Limit                                     
20011200  __TI_CINIT_Base                                              
20011210  __TI_CINIT_Limit                                             
e000e000  ti_sysbios_family_arm_m3_Hwi_nvic                            
ffffffff  __binit__                                                    
ffffffff  __c_args__                                                   
ffffffff  binit                                                        
UNDEFED   SHT$$INIT_ARRAY$$Base                                        
UNDEFED   SHT$$INIT_ARRAY$$Limit                                       

[670 symbols]
