******************************************************************************
                  TI ARM Linker PC v5.1.6                      
******************************************************************************
>> Linked Tue Jan 20 01:18:04 2015

OUTPUT FILE NAME:   <udp_socket.out>
ENTRY POINT SYMBOL: "_c_int00"  address: 20009a2d


MEMORY CONFIGURATION

         name            origin    length      used     unused   attr    fill
----------------------  --------  ---------  --------  --------  ----  --------
  SRAM_CODE             20004000   00013000  000067b6  0000c84a  RW X
  SRAM_DATA             20017000   00019000  00001762  0001789e  RW X


SEGMENT ALLOCATION MAP

run origin  load origin   length   init length attrs members
----------  ----------- ---------- ----------- ----- -------
20004000    20004000    000067b8   000067b8    r-x
  20004000    20004000    00000400   00000400    r-- .intvecs
  20004400    20004400    00005d2a   00005d2a    r-x .text
  2000a12c    2000a12c    00000634   00000634    r-- .const
  2000a760    2000a760    00000058   00000058    r-- .cinit
20017000    20017000    00000f64   00000000    rw-
  20017000    20017000    00000800   00000000    rw- .sysmem
  20017800    20017800    0000055a   00000000    rw- .bss
  20017d5c    20017d5c    00000208   00000000    rw- .data
2002f800    2002f800    00000800   00000000    rw-
  2002f800    2002f800    00000800   00000000    rw- .stack


SECTION ALLOCATION MAP

 output                                  attributes/
section   page    origin      length       input sections
--------  ----  ----------  ----------   ----------------
.init_array 
*          0    20004000    00000000     UNINITIALIZED

.intvecs   0    20004000    00000400     
                  20004000    00000400     startup_ccs.obj (.intvecs)

.text      0    20004400    00005d2a     
                  20004400    00000ec0     rtsv7M4_T_le_eabi.lib : _printfi.obj (.text)
                  200052c0    00000aa4     main.obj (.text)
                  20005d64    000003cc     rtsv7M4_T_le_eabi.lib : memory.obj (.text)
                  20006130    000003b4     simplelink.a : driver.obj (.text:_SlDrvMsgRead)
                  200064e4    0000034c                  : driver.obj (.text:_SlAsyncEventGenericHandler)
                  20006830    0000026c     uart_if.obj (.text)
                  20006a9c    00000200     udma_if.obj (.text)
                  20006c9c    000001f4     rtsv7M4_T_le_eabi.lib : ull_div_t2.obj (.text)
                  20006e90    000001b6                           : fd_add_t2.obj (.text)
                  20007046    00000002     driverlib.a : interrupt.obj (.text:IntDefaultHandler)
                  20007048    0000019c     simplelink.a : wlan.obj (.text:sl_WlanConnect)
                  200071e4    00000140                  : driver.obj (.text:_SlDrvRxHdrRead)
                  20007324    00000136     rtsv7M4_T_le_eabi.lib : fd_div_t2.obj (.text)
                  2000745a    00000002     --HOLE-- [fill = 0]
                  2000745c    00000134     driverlib.a : prcm.obj (.text:PRCMCC3200MCUInit)
                  20007590    00000128     simplelink.a : cc_pal.obj (.text:spi_Open)
                  200076b8    00000118                  : driver.obj (.text:_SlDrvWaitForPoolObj)
                  200077d0    00000114                  : driver.obj (.text:_SlDrvMsgWrite)
                  200078e4    0000010c                  : driver.obj (.text:_SlDrvReleasePoolObj)
                  200079f0    000000fc     rtsv7M4_T_le_eabi.lib : fd_mul_t2.obj (.text)
                  20007aec    000000f0     driverlib.a : udma.obj (.text:uDMAChannelTransferSet)
                  20007bdc    000000ec     simplelink.a : cc_pal.obj (.text:spi_Write)
                  20007cc8    000000cc                  : device.obj (.text:sl_Stop)
                  20007d94    000000cc                  : cc_pal.obj (.text:spi_Read)
                  20007e60    000000c8                  : device.obj (.text:sl_Start)
                  20007f28    000000bc                  : driver.obj (.text:_SlDrvMsgReadCmdCtx)
                  20007fe4    000000b2                  : netapp.obj (.text:_SlDrvNetAppEventHandler)
                  20008096    00000002     --HOLE-- [fill = 0]
                  20008098    000000a8     driverlib.a : interrupt.obj (.text:IntDisable)
                  20008140    000000a8                 : interrupt.obj (.text:IntEnable)
                  200081e8    000000a0                 : spi.obj (.text:SPIConfigSetExpClk)
                  20008288    0000009c     rtsv7M4_T_le_eabi.lib : memcpy_t2.obj (.text)
                  20008324    00000098     simplelink.a : driver.obj (.text:_SlFindAndSetActiveObj)
                  200083bc    00000094     driverlib.a : prcm.obj (.text:PRCMPeripheralClockGet)
                  20008450    00000094     simplelink.a : driver.obj (.text:_SlDrvClassifyRxMsg)
                  200084e4    00000094                  : driver.obj (.text:_SlDrvMsgReadSpawnCtx)
                  20008578    00000094     rtsv7M4_T_le_eabi.lib : auto_init.obj (.text)
                  2000860c    00000090     simplelink.a : driver.obj (.text:_SlDrvDriverCBInit)
                  2000869c    00000088     driverlib.a : pin.obj (.text:PinConfigSet)
                  20008724    00000088     simplelink.a : driver.obj (.text:_SlDrvCmdOp)
                  200087ac    00000088     rtsv7M4_T_le_eabi.lib : vsnprintf.obj (.text)
                  20008834    00000088     simplelink.a : netapp.obj (.text:sl_NetAppMDNSRegisterUnregisterService)
                  200088bc    00000086     rtsv7M4_T_le_eabi.lib : fd_cmp_t2.obj (.text:__aeabi_cdcmple)
                  20008942    00000086                           : fd_cmp_t2.obj (.text:__aeabi_cdrcmple)
                  200089c8    00000084     simplelink.a : netapp.obj (.text:_sl_HandleAsync_DnsGetHostByName)
                  20008a4c    00000080                  : cc_pal.obj (.text:NwpPowerOnPreamble)
                  20008acc    0000007c                  : device.obj (.text:sl_DevGet)
                  20008b48    00000078                  : cc_pal.obj (.text:SetupDMAReceive)
                  20008bc0    00000078                  : device.obj (.text:_sl_HandleAsync_InitComplete)
                  20008c38    00000078                  : netapp.obj (.text:_sl_HandleAsync_PingResponse)
                  20008cb0    00000078     rtsv7M4_T_le_eabi.lib : memset_t2.obj (.text)
                  20008d28    00000076     driverlib.a : uart.obj (.text:UARTConfigSetExpClk)
                  20008d9e    00000002     --HOLE-- [fill = 0]
                  20008da0    00000074     simplelink.a : cc_pal.obj (.text:spi_Close)
                  20008e14    0000006c                  : socket.obj (.text:_sl_HandleAsync_Connect)
                  20008e80    00000068                  : socket.obj (.text:_sl_HandleAsync_Accept)
                  20008ee8    00000068                  : netapp.obj (.text:_sl_HandleAsync_DnsGetHostByService)
                  20008f50    00000064     driverlib.a : udma.obj (.text:uDMAChannelAttributeDisable)
                  20008fb4    00000064                 : udma.obj (.text:uDMAChannelAttributeEnable)
                  20009018    00000060     simplelink.a : driver.obj (.text:_SlDrvDriverCBDeinit)
                  20009078    0000005e     rtsv7M4_T_le_eabi.lib : copy_decompress_rle.obj (.text)
                  200090d6    00000002     --HOLE-- [fill = 0]
                  200090d8    0000005c     simplelink.a : socket.obj (.text:_sl_HandleAsync_Select)
                  20009134    0000005a     rtsv7M4_T_le_eabi.lib : ltoa.obj (.text)
                  2000918e    00000002     --HOLE-- [fill = 0]
                  20009190    00000058     driverlib.a : interrupt.obj (.text:IntPendClear)
                  200091e8    00000058                 : prcm.obj (.text:PRCMPeripheralReset)
                  20009240    00000058     simplelink.a : device.obj (.text:_sl_HandleAsync_Stop)
                  20009298    00000054     driverlib.a : interrupt.obj (.text:IntPrioritySet)
                  200092ec    00000054     simplelink.a : netapp.obj (.text:sl_NetAppSendTokenValue)
                  20009340    0000004c     driverlib.a : spi.obj (.text:SPIIntEnable)
                  2000938c    0000004c                 : spi.obj (.text:SPIIntNumberGet)
                  200093d8    0000004c     rtsv7M4_T_le_eabi.lib : atoi.obj (.text)
                  20009424    0000004c     driverlib.a : udma.obj (.text:uDMAChannelAssign)
                  20009470    0000004a     simplelink.a : device.obj (.text:_sl_GetStartResponseConvert)
                  200094ba    00000002     --HOLE-- [fill = 0]
                  200094bc    00000048     driverlib.a : spi.obj (.text:SPIIntClear)
                  20009504    00000048     rtsv7M4_T_le_eabi.lib : fd_toi_t2.obj (.text)
                  2000954c    00000048     simplelink.a : wlan.obj (.text:sl_WlanSet)
                  20009594    00000044     driverlib.a : spi.obj (.text:SPIDmaMaskGet)
                  200095d8    00000044     rtsv7M4_T_le_eabi.lib : cpy_tbl.obj (.text)
                  2000961c    00000044                           : exit.obj (.text)
                  20009660    00000044                           : xdtest.obj (.text)
                  200096a4    00000044     simplelink.a : netcfg.obj (.text:sl_NetCfgSet)
                  200096e8    00000040     driverlib.a : pin.obj (.text:PinModeSet)
                  20009728    00000040     simplelink.a : driver.obj (.text:_SlDrvRxIrqHandler)
                  20009768    00000040                  : nonos.obj (.text:_SlNonOsMainLoopTask)
                  200097a8    00000040                  : driver.obj (.text:_SlRemoveFromList)
                  200097e8    00000040                  : wlan.obj (.text:sl_WlanPolicySet)
                  20009828    00000040                  : wlan.obj (.text:sl_WlanRxFilterSet)
                  20009868    0000003c                  : cc_pal.obj (.text:NwpPowerOff)
                  200098a4    0000003c     driverlib.a : prcm.obj (.text:PRCMPeripheralClkEnable)
                  200098e0    0000003c     simplelink.a : driver.obj (.text:_SlDrvObjInit)
                  2000991c    0000003c     driverlib.a : udma.obj (.text:uDMAChannelControlSet)
                  20009958    00000038     simplelink.a : cc_pal.obj (.text:NwpRegisterInterruptHandler)
                  20009990    00000034     driverlib.a : prcm.obj (.text:PRCMPeripheralStatusGet)
                  200099c4    00000034                 : spi.obj (.text:SPIFIFOLevelSet)
                  200099f8    00000034     simplelink.a : driver.obj (.text:_SlDrvBasicCmd)
                  20009a2c    00000034     rtsv7M4_T_le_eabi.lib : boot.obj (.text)
                  20009a60    00000030     simplelink.a : cc_pal.obj (.text:NwpPowerOn)
                  20009a90    00000030     driverlib.a : uart.obj (.text:UARTDisable)
                  20009ac0    00000030     simplelink.a : flowcont.obj (.text:_SlDrvFlowContDeinit)
                  20009af0    00000030                  : flowcont.obj (.text:_SlDrvFlowContInit)
                  20009b20    00000030                  : nonos.obj (.text:_SlNonOsSemGet)
                  20009b50    0000002e     rtsv7M4_T_le_eabi.lib : i_tofd_t2.obj (.text)
                  20009b7e    00000002     --HOLE-- [fill = 0]
                  20009b80    0000002c     driverlib.a : prcm.obj (.text:PRCMSysResetCauseGet)
                  20009bac    00000028                 : prcm.obj (.text:PRCMPeripheralClkDisable)
                  20009bd4    00000028     simplelink.a : wlan.obj (.text:sl_WlanSetMode)
                  20009bfc    00000024                  : cc_pal.obj (.text:DmaSpiSwIntHandler)
                  20009c20    00000024     driverlib.a : interrupt.obj (.text:IntUnregister)
                  20009c44    00000024                 : uart.obj (.text:UARTEnable)
                  20009c68    00000024     rtsv7M4_T_le_eabi.lib : memmov.obj (.text)
                  20009c8c    00000024     simplelink.a : wlan.obj (.text:sl_WlanProfileDel)
                  20009cb0    00000022     driverlib.a : spi.obj (.text:SPIReset)
                  20009cd2    00000022                 : spi.obj (.text:SPIWordCountSet)
                  20009cf4    00000020                 : interrupt.obj (.text:IntRegister)
                  20009d14    00000020     simplelink.a : driver.obj (.text:_SlDrvCmdSend)
                  20009d34    00000020                  : nonos.obj (.text:_SlNonOsSpawn)
                  20009d54    0000001e     driverlib.a : uart.obj (.text:UARTCharPut)
                  20009d72    00000002     --HOLE-- [fill = 0]
                  20009d74    0000001c     simplelink.a : driver.obj (.text:_SlDrvObjDeInit)
                  20009d90    0000001c     pinmux.obj (.text)
                  20009dac    0000001c     rtsv7M4_T_le_eabi.lib : memccpy.obj (.text)
                  20009dc8    0000001c     driverlib.a : udma.obj (.text:uDMAChannelDisable)
                  20009de4    0000001c                 : udma.obj (.text:uDMAChannelEnable)
                  20009e00    0000001c                 : udma.obj (.text:uDMAChannelRequest)
                  20009e1c    0000001a     simplelink.a : netapp.obj (.text:CopyPingResultsToReport)
                  20009e36    0000001a     driverlib.a : pin.obj (.text:PinTypeUART)
                  20009e50    0000001a                 : spi.obj (.text:SPIDmaDisable)
                  20009e6a    0000001a                 : spi.obj (.text:SPIDmaEnable)
                  20009e84    0000001a                 : spi.obj (.text:SPIFIFODisable)
                  20009e9e    0000001a                 : spi.obj (.text:SPIFIFOEnable)
                  20009eb8    0000001a                 : spi.obj (.text:SPIIntUnregister)
                  20009ed2    0000001a     simplelink.a : device.obj (.text:_SlDrvDeviceEventHandler)
                  20009eec    00000018     driverlib.a : spi.obj (.text:SPICSDisable)
                  20009f04    00000018                 : spi.obj (.text:SPICSEnable)
                  20009f1c    00000018                 : spi.obj (.text:SPIDisable)
                  20009f34    00000018                 : spi.obj (.text:SPIEnable)
                  20009f4c    00000018     rtsv7M4_T_le_eabi.lib : args_main.obj (.text)
                  20009f64    00000018                           : ll_mul_t2.obj (.text)
                  20009f7c    00000016     driverlib.a : prcm.obj (.text:PRCMHIBRegRead)
                  20009f92    00000016                 : prcm.obj (.text:PRCMHIBRegWrite)
                  20009fa8    00000016                 : uart.obj (.text:UARTCharGet)
                  20009fbe    00000016                 : udma.obj (.text:uDMAIntRegister)
                  20009fd4    00000014                 : cpu.obj (.text:CPUcpsie)
                  20009fe8    00000014                 : interrupt.obj (.text:IntVTableBaseSet)
                  20009ffc    00000014     simplelink.a : driver.obj (.text:_SlDrvShiftDWord)
                  2000a010    00000014     rtsv7M4_T_le_eabi.lib : _lock.obj (.text)
                  2000a024    00000014                           : strlen.obj (.text)
                  2000a038    00000014     driverlib.a : udma.obj (.text:uDMAControlBaseSet)
                  2000a04c    00000014                 : udma.obj (.text:uDMAIntClear)
                  2000a060    00000012     rtsv7M4_T_le_eabi.lib : copy_zero_init.obj (.text:decompress:ZI)
                  2000a072    00000012     simplelink.a : netapp.obj (.text:sl_NetAppMDNSUnRegisterService)
                  2000a084    00000012     driverlib.a : udma.obj (.text:uDMAIntUnregister)
                  2000a096    00000002     --HOLE-- [fill = 0]
                  2000a098    00000010     simplelink.a : cc_pal.obj (.text:NwpMaskInterrupt)
                  2000a0a8    0000000e     rtsv7M4_T_le_eabi.lib : copy_decompress_none.obj (.text:decompress:none)
                  2000a0b6    0000000e                           : xdclass.obj (.text)
                  2000a0c4    0000000e     startup_ccs.obj (.text)
                  2000a0d2    00000002     --HOLE-- [fill = 0]
                  2000a0d4    0000000c     simplelink.a : cc_pal.obj (.text:NwpUnMaskInterrupt)
                  2000a0e0    0000000c     driverlib.a : udma.obj (.text:uDMADisable)
                  2000a0ec    0000000c                 : udma.obj (.text:uDMAEnable)
                  2000a0f8    0000000c                 : udma.obj (.text:uDMAIntStatus)
                  2000a104    0000000a                 : interrupt.obj (.text:IntMasterEnable)
                  2000a10e    00000008     simplelink.a : nonos.obj (.text:_SlNonOsSemSet)
                  2000a116    00000008                  : wlan.obj (.text:sl_WlanDisconnect)
                  2000a11e    00000006     driverlib.a : utils.obj (.text:UtilsDelay)
                  2000a124    00000006     rtsv7M4_T_le_eabi.lib : copy_decompress_rle.obj (.text:decompress:rle24)

.const     0    2000a12c    00000634     
                  2000a12c    00000102     rtsv7M4_T_le_eabi.lib : ctype.obj (.const:.string:_ctypes_)
                  2000a22e    00000002     --HOLE-- [fill = 0]
                  2000a230    00000100     driverlib.a : pin.obj (.const:g_ulPinToPadMap)
                  2000a330    000000ec     simplelink.a : wlan.obj (.const)
                  2000a41c    000000d4     driverlib.a : interrupt.obj (.const:g_pulRegs)
                  2000a4f0    000000a8                 : prcm.obj (.const:PRCM_PeriphRegsList)
                  2000a598    00000080                 : interrupt.obj (.const)
                  2000a618    0000004c     simplelink.a : driver.obj (.const)
                  2000a664    0000002c     main.obj (.const:$P$T1$2)
                  2000a690    00000028     simplelink.a : netapp.obj (.const)
                  2000a6b8    00000024     driverlib.a : spi.obj (.const:g_ppulSPIIntMap)
                  2000a6dc    00000022     main.obj (.const:.string:$P$T0$1)
                  2000a6fe    00000002     --HOLE-- [fill = 0]
                  2000a700    00000020     main.obj (.const)
                  2000a720    00000018     driverlib.a : spi.obj (.const)
                  2000a738    00000014     simplelink.a : device.obj (.const)
                  2000a74c    0000000c     main.obj (.const:.string)
                  2000a758    00000008     simplelink.a : netcfg.obj (.const)

.cinit     0    2000a760    00000058     
                  2000a760    00000034     (.cinit..data.load) [load image, compression = rle]
                  2000a794    0000000c     (__TI_handler_table)
                  2000a7a0    00000008     (.cinit..bss.load) [load image, compression = zero_init]
                  2000a7a8    00000010     (__TI_cinit_table)

.sysmem    0    20017000    00000800     UNINITIALIZED
                  20017000    00000008     rtsv7M4_T_le_eabi.lib : memory.obj (.sysmem)
                  20017008    000007f8     --HOLE--

.bss       0    20017800    0000055a     UNINITIALIZED
                  20017800    00000400     udma_if.obj (.bss:gpCtlTbl)
                  20017c00    00000100     udma_if.obj (.bss:gfpAppCallbackHndl)
                  20017d00    00000028     simplelink.a : nonos.obj (.bss:g__SlNonOsCB)
                  20017d28    00000024     main.obj (.bss:g_ucConnectionSSID)
                  20017d4c    00000008     (.common:g_ucConnectionBSSID)
                  20017d54    00000004     (.common:__Errorlog)
                  20017d58    00000001     (.common:g_cDummy)
                  20017d59    00000001     (.common:iDone)

.data      0    20017d5c    00000208     UNINITIALIZED
                  20017d5c    00000170     simplelink.a : driver.obj (.data)
                  20017ecc    0000005c                  : cc_pal.obj (.data)
                  20017f28    0000001c     main.obj (.data)
                  20017f44    0000000c     rtsv7M4_T_le_eabi.lib : memory.obj (.data)
                  20017f50    00000008                           : _lock.obj (.data)
                  20017f58    00000008                           : exit.obj (.data)
                  20017f60    00000004                           : stkdepth_vars.obj (.data)

.stack     0    2002f800    00000800     UNINITIALIZED
                  2002f800    00000800     --HOLE--


LINKER GENERATED COPY TABLES

__TI_cinit_table @ 2000a7a8 records: 2, size/record: 8, table size: 16
	.data: load addr=2000a760, load size=00000034 bytes, run addr=20017d5c, run size=00000208 bytes, compression=rle
	.bss: load addr=2000a7a0, load size=00000008 bytes, run addr=20017800, run size=0000055a bytes, compression=zero_init


LINKER GENERATED HANDLER TABLE

__TI_handler_table @ 2000a794 records: 3, size/record: 4, table size: 12
	index: 0, handler: __TI_decompress_rle24
	index: 1, handler: __TI_decompress_none
	index: 2, handler: __TI_zero_init


GLOBAL SYMBOLS: SORTED ALPHABETICALLY BY Name 

address    name
--------   ----
2000961d   C$$EXIT
20009fd5   CPUcpsie
20006871   ClearTerm
20009e1d   CopyPingResultsToReport
20006c43   DMASetupTransfer
20006ab3   DmaErrorIntHandler
20009bfd   DmaSpiSwIntHandler
20006a9d   DmaSwIntHandler
2000687b   Error
200068b3   GetCmd
20006831   InitTerm
20008099   IntDisable
20008141   IntEnable
2000a105   IntMasterEnable
20009191   IntPendClear
20009299   IntPrioritySet
20009cf5   IntRegister
20009c21   IntUnregister
20009fe9   IntVTableBaseSet
2000684f   Message
2000a099   NwpMaskInterrupt
20009869   NwpPowerOff
20009a61   NwpPowerOn
20008a4d   NwpPowerOnPreamble
20009959   NwpRegisterInterruptHandler
2000a0d5   NwpUnMaskInterrupt
2000745d   PRCMCC3200MCUInit
20009f7d   PRCMHIBRegRead
20009f93   PRCMHIBRegWrite
20009bad   PRCMPeripheralClkDisable
200098a5   PRCMPeripheralClkEnable
200083bd   PRCMPeripheralClockGet
200091e9   PRCMPeripheralReset
20009991   PRCMPeripheralStatusGet
20009b81   PRCMSysResetCauseGet
2000869d   PinConfigSet
200096e9   PinModeSet
20009d91   PinMuxConfig
20009e37   PinTypeUART
200069dd   Report
2000a0c5   ResetISR
UNDEFED    SHT$$INIT_ARRAY$$Base
UNDEFED    SHT$$INIT_ARRAY$$Limit
20009eed   SPICSDisable
20009f05   SPICSEnable
200081e9   SPIConfigSetExpClk
20009f1d   SPIDisable
20009e51   SPIDmaDisable
20009e6b   SPIDmaEnable
20009f35   SPIEnable
20009e85   SPIFIFODisable
20009e9f   SPIFIFOEnable
200099c5   SPIFIFOLevelSet
200094bd   SPIIntClear
20009341   SPIIntEnable
20009eb9   SPIIntUnregister
20009cb1   SPIReset
20009cd3   SPIWordCountSet
20006b45   SetupTransfer
2000549d   SimpleLinkGeneralEventHandler
20005485   SimpleLinkHttpServerCallback
200053d1   SimpleLinkNetAppEventHandler
200054b7   SimpleLinkSockEventHandler
200052c1   SimpleLinkWlanEventHandler
20006945   TrimSpace
20009fa9   UARTCharGet
20009d55   UARTCharPut
20008d29   UARTConfigSetExpClk
20009a91   UARTDisable
20009c45   UARTEnable
20006b17   UDMAChannelSelect
20006c2f   UDMADeInit
20006abf   UDMAInit
20006b89   UDMASetupAutoMemTransfer
20006bbd   UDMASetupPingPongTransfer
20006c17   UDMAStartTransfer
20006c23   UDMAStopTransfer
2000a11f   UtilsDelay
2000a0b7   _Dclass
20009661   _Dtest
2000a62c   _SlActionLookupTable
200064e5   _SlAsyncEventGenericHandler
2000a744   _SlDeviceGetCmdCtrl
2000a748   _SlDeviceSetCmdCtrl
200099f9   _SlDrvBasicCmd
20008451   _SlDrvClassifyRxMsg
20008725   _SlDrvCmdOp
20009d15   _SlDrvCmdSend
20009ed3   _SlDrvDeviceEventHandler
20009019   _SlDrvDriverCBDeinit
2000860d   _SlDrvDriverCBInit
20009ac1   _SlDrvFlowContDeinit
20009af1   _SlDrvFlowContInit
20006131   _SlDrvMsgRead
20007f29   _SlDrvMsgReadCmdCtx
200084e5   _SlDrvMsgReadSpawnCtx
200077d1   _SlDrvMsgWrite
20007fe5   _SlDrvNetAppEventHandler
20009d75   _SlDrvObjDeInit
200098e1   _SlDrvObjInit
200078e5   _SlDrvReleasePoolObj
200071e5   _SlDrvRxHdrRead
20009729   _SlDrvRxIrqHandler
20009ffd   _SlDrvShiftDWord
200076b9   _SlDrvWaitForPoolObj
2000a740   _SlEventMaskGetCmdCtrl
2000a73c   _SlEventMaskSetCmdCtrl
20008325   _SlFindAndSetActiveObj
2000a6a8   _SlGetHostByNameCtrl
2000a6a4   _SlGetHostByServiceCtrl
2000a69c   _SlGetServiceListeCtrl
2000a6b4   _SlNetAppGetCmdCtrl
2000a6b0   _SlNetAppSendTokenValueCmdCtrl
2000a6ac   _SlNetAppSetCmdCtrl
2000a694   _SlNetAppStartCtrl
2000a698   _SlNetAppStopCtrl
2000a75c   _SlNetCfgGetCmdCtrl
2000a758   _SlNetCfgSetCmdCtrl
20009769   _SlNonOsMainLoopTask
20009b21   _SlNonOsSemGet
2000a10f   _SlNonOsSemSet
20009d35   _SlNonOsSpawn
2000a338   _SlPolicyGetCmdCtrl
2000a334   _SlPolicySetCmdCtrl
2000a340   _SlProfileDelCmdCtrl
2000a33c   _SlProfileGetCmdCtrl
2000a6a0   _SlRegisterServiceCtrl
200097a9   _SlRemoveFromList
2000a348   _SlRxFilterAddtCmdCtrl
2000a350   _SlRxFilterGetCmdCtrl
2000a34c   _SlRxFilterSetCmdCtrl
2000a354   _SlSmartConfigStartCmdCtrl
2000a738   _SlStopCmdCtrl
2000a360   _SlWlanCfgGetCmdCtrl
2000a35c   _SlWlanCfgSetCmdCtrl
2000a344   _SlWlanGetNetworkListCtrl
2000a358   _SlWlanSetModeCmdCtrl
20030000   __STACK_END
00000800   __STACK_SIZE
00000800   __SYSMEM_SIZE
2000a7a8   __TI_CINIT_Base
2000a7b8   __TI_CINIT_Limit
2000a794   __TI_Handler_Table_Base
2000a7a0   __TI_Handler_Table_Limit
00000001   __TI_args_main
20008579   __TI_auto_init
20017f58   __TI_cleanup_ptr
2000a0a9   __TI_decompress_none
2000a125   __TI_decompress_rle24
20017f5c   __TI_dtors_ptr
20004fb7   __TI_printfi
2000a760   __TI_static_base__
2000a061   __TI_zero_init
200088bd   __aeabi_cdcmpeq
200088bd   __aeabi_cdcmple
20008943   __aeabi_cdrcmple
20009505   __aeabi_d2iz
20006e9b   __aeabi_dadd
20007325   __aeabi_ddiv
200079f1   __aeabi_dmul
20006e91   __aeabi_dsub
20009b51   __aeabi_i2d
20009f65   __aeabi_lmul
20008cb1   __aeabi_memclr
20008cb1   __aeabi_memclr4
20008cb1   __aeabi_memclr8
20008289   __aeabi_memcpy
20008289   __aeabi_memcpy4
20008289   __aeabi_memcpy8
20008cb3   __aeabi_memset
20008cb3   __aeabi_memset4
20008cb3   __aeabi_memset8
20006c9d   __aeabi_uldivmod
ffffffff   __binit__
ffffffff   __c_args__
2002f800   __stack
20009f4d   _args_main
20009a2d   _c_int00
2000a12c   _ctypes_
20017f50   _lock
2000a01f   _nop
2000a017   _register_lock
2000a011   _register_unlock
20009471   _sl_GetStartResponseConvert
20008e81   _sl_HandleAsync_Accept
20008e15   _sl_HandleAsync_Connect
200089c9   _sl_HandleAsync_DnsGetHostByName
20008ee9   _sl_HandleAsync_DnsGetHostByService
20008bc1   _sl_HandleAsync_InitComplete
20008c39   _sl_HandleAsync_PingResponse
200090d9   _sl_HandleAsync_Select
20009241   _sl_HandleAsync_Stop
20017000   _sys_memory
20017f54   _unlock
20009621   abort
200093d9   atoi
ffffffff   binit
200060f9   calloc
200095d9   copy_in
20009629   exit
20005e53   free
20017d60   gFirstCmdMode
2000a624   g_H2NCnysPattern
2000a61c   g_H2NSyncPattern
20017ecc   g_SpiFd
20017d68   g_StatMem
20017d00   g__SlNonOsCB
20017d58   g_cDummy
20017d64   g_pCB
20017ed0   g_pHostIntHdl
20004000   g_pfnVectors
20017d4c   g_ucConnectionBSSID
20017d28   g_ucConnectionSSID
20017ed4   g_ucDMAEnabled
20017ed8   g_ucDinDout
20017f3c   g_ucSimplelinkstarted
20017f34   g_uiPortNum
20017f30   g_ulDestinationIp
20017f2c   g_ulGatewayIP
20017f40   g_ulIpAddr
20017f38   g_ulPacketCount
20017f28   g_ulStatus
20017c00   gfpAppCallbackHndl
20017800   gpCtlTbl
20017d59   iDone
20009135   ltoa
20005b09   main
20017f60   main_func_sp
20005df1   malloc
20006019   memalign
20009dad   memccpy
20008289   memcpy
20009c69   memmove
20008cb9   memset
20005d65   minit
20017d5c   pPingCallBackFunc
20005f13   realloc
20008acd   sl_DevGet
20008835   sl_NetAppMDNSRegisterUnregisterService
2000a073   sl_NetAppMDNSUnRegisterService
200092ed   sl_NetAppSendTokenValue
200096a5   sl_NetCfgSet
20007e61   sl_Start
20007cc9   sl_Stop
20007049   sl_WlanConnect
2000a117   sl_WlanDisconnect
200097e9   sl_WlanPolicySet
20009c8d   sl_WlanProfileDel
20009829   sl_WlanRxFilterSet
2000954d   sl_WlanSet
20009bd5   sl_WlanSetMode
20008da1   spi_Close
20007591   spi_Open
20007d95   spi_Read
20007bdd   spi_Write
2000a025   strlen
20009425   uDMAChannelAssign
20008f51   uDMAChannelAttributeDisable
20008fb5   uDMAChannelAttributeEnable
2000991d   uDMAChannelControlSet
20009dc9   uDMAChannelDisable
20009de5   uDMAChannelEnable
20009e01   uDMAChannelRequest
20007aed   uDMAChannelTransferSet
2000a039   uDMAControlBaseSet
2000a0e1   uDMADisable
2000a0ed   uDMAEnable
2000a04d   uDMAIntClear
20009fbf   uDMAIntRegister
2000a0f9   uDMAIntStatus
2000a085   uDMAIntUnregister
200087ad   vsnprintf


GLOBAL SYMBOLS: SORTED BY Symbol Address 

address    name
--------   ----
00000001   __TI_args_main
00000800   __STACK_SIZE
00000800   __SYSMEM_SIZE
20004000   g_pfnVectors
20004fb7   __TI_printfi
200052c1   SimpleLinkWlanEventHandler
200053d1   SimpleLinkNetAppEventHandler
20005485   SimpleLinkHttpServerCallback
2000549d   SimpleLinkGeneralEventHandler
200054b7   SimpleLinkSockEventHandler
20005b09   main
20005d65   minit
20005df1   malloc
20005e53   free
20005f13   realloc
20006019   memalign
200060f9   calloc
20006131   _SlDrvMsgRead
200064e5   _SlAsyncEventGenericHandler
20006831   InitTerm
2000684f   Message
20006871   ClearTerm
2000687b   Error
200068b3   GetCmd
20006945   TrimSpace
200069dd   Report
20006a9d   DmaSwIntHandler
20006ab3   DmaErrorIntHandler
20006abf   UDMAInit
20006b17   UDMAChannelSelect
20006b45   SetupTransfer
20006b89   UDMASetupAutoMemTransfer
20006bbd   UDMASetupPingPongTransfer
20006c17   UDMAStartTransfer
20006c23   UDMAStopTransfer
20006c2f   UDMADeInit
20006c43   DMASetupTransfer
20006c9d   __aeabi_uldivmod
20006e91   __aeabi_dsub
20006e9b   __aeabi_dadd
20007049   sl_WlanConnect
200071e5   _SlDrvRxHdrRead
20007325   __aeabi_ddiv
2000745d   PRCMCC3200MCUInit
20007591   spi_Open
200076b9   _SlDrvWaitForPoolObj
200077d1   _SlDrvMsgWrite
200078e5   _SlDrvReleasePoolObj
200079f1   __aeabi_dmul
20007aed   uDMAChannelTransferSet
20007bdd   spi_Write
20007cc9   sl_Stop
20007d95   spi_Read
20007e61   sl_Start
20007f29   _SlDrvMsgReadCmdCtx
20007fe5   _SlDrvNetAppEventHandler
20008099   IntDisable
20008141   IntEnable
200081e9   SPIConfigSetExpClk
20008289   __aeabi_memcpy
20008289   __aeabi_memcpy4
20008289   __aeabi_memcpy8
20008289   memcpy
20008325   _SlFindAndSetActiveObj
200083bd   PRCMPeripheralClockGet
20008451   _SlDrvClassifyRxMsg
200084e5   _SlDrvMsgReadSpawnCtx
20008579   __TI_auto_init
2000860d   _SlDrvDriverCBInit
2000869d   PinConfigSet
20008725   _SlDrvCmdOp
200087ad   vsnprintf
20008835   sl_NetAppMDNSRegisterUnregisterService
200088bd   __aeabi_cdcmpeq
200088bd   __aeabi_cdcmple
20008943   __aeabi_cdrcmple
200089c9   _sl_HandleAsync_DnsGetHostByName
20008a4d   NwpPowerOnPreamble
20008acd   sl_DevGet
20008bc1   _sl_HandleAsync_InitComplete
20008c39   _sl_HandleAsync_PingResponse
20008cb1   __aeabi_memclr
20008cb1   __aeabi_memclr4
20008cb1   __aeabi_memclr8
20008cb3   __aeabi_memset
20008cb3   __aeabi_memset4
20008cb3   __aeabi_memset8
20008cb9   memset
20008d29   UARTConfigSetExpClk
20008da1   spi_Close
20008e15   _sl_HandleAsync_Connect
20008e81   _sl_HandleAsync_Accept
20008ee9   _sl_HandleAsync_DnsGetHostByService
20008f51   uDMAChannelAttributeDisable
20008fb5   uDMAChannelAttributeEnable
20009019   _SlDrvDriverCBDeinit
200090d9   _sl_HandleAsync_Select
20009135   ltoa
20009191   IntPendClear
200091e9   PRCMPeripheralReset
20009241   _sl_HandleAsync_Stop
20009299   IntPrioritySet
200092ed   sl_NetAppSendTokenValue
20009341   SPIIntEnable
200093d9   atoi
20009425   uDMAChannelAssign
20009471   _sl_GetStartResponseConvert
200094bd   SPIIntClear
20009505   __aeabi_d2iz
2000954d   sl_WlanSet
200095d9   copy_in
2000961d   C$$EXIT
20009621   abort
20009629   exit
20009661   _Dtest
200096a5   sl_NetCfgSet
200096e9   PinModeSet
20009729   _SlDrvRxIrqHandler
20009769   _SlNonOsMainLoopTask
200097a9   _SlRemoveFromList
200097e9   sl_WlanPolicySet
20009829   sl_WlanRxFilterSet
20009869   NwpPowerOff
200098a5   PRCMPeripheralClkEnable
200098e1   _SlDrvObjInit
2000991d   uDMAChannelControlSet
20009959   NwpRegisterInterruptHandler
20009991   PRCMPeripheralStatusGet
200099c5   SPIFIFOLevelSet
200099f9   _SlDrvBasicCmd
20009a2d   _c_int00
20009a61   NwpPowerOn
20009a91   UARTDisable
20009ac1   _SlDrvFlowContDeinit
20009af1   _SlDrvFlowContInit
20009b21   _SlNonOsSemGet
20009b51   __aeabi_i2d
20009b81   PRCMSysResetCauseGet
20009bad   PRCMPeripheralClkDisable
20009bd5   sl_WlanSetMode
20009bfd   DmaSpiSwIntHandler
20009c21   IntUnregister
20009c45   UARTEnable
20009c69   memmove
20009c8d   sl_WlanProfileDel
20009cb1   SPIReset
20009cd3   SPIWordCountSet
20009cf5   IntRegister
20009d15   _SlDrvCmdSend
20009d35   _SlNonOsSpawn
20009d55   UARTCharPut
20009d75   _SlDrvObjDeInit
20009d91   PinMuxConfig
20009dad   memccpy
20009dc9   uDMAChannelDisable
20009de5   uDMAChannelEnable
20009e01   uDMAChannelRequest
20009e1d   CopyPingResultsToReport
20009e37   PinTypeUART
20009e51   SPIDmaDisable
20009e6b   SPIDmaEnable
20009e85   SPIFIFODisable
20009e9f   SPIFIFOEnable
20009eb9   SPIIntUnregister
20009ed3   _SlDrvDeviceEventHandler
20009eed   SPICSDisable
20009f05   SPICSEnable
20009f1d   SPIDisable
20009f35   SPIEnable
20009f4d   _args_main
20009f65   __aeabi_lmul
20009f7d   PRCMHIBRegRead
20009f93   PRCMHIBRegWrite
20009fa9   UARTCharGet
20009fbf   uDMAIntRegister
20009fd5   CPUcpsie
20009fe9   IntVTableBaseSet
20009ffd   _SlDrvShiftDWord
2000a011   _register_unlock
2000a017   _register_lock
2000a01f   _nop
2000a025   strlen
2000a039   uDMAControlBaseSet
2000a04d   uDMAIntClear
2000a061   __TI_zero_init
2000a073   sl_NetAppMDNSUnRegisterService
2000a085   uDMAIntUnregister
2000a099   NwpMaskInterrupt
2000a0a9   __TI_decompress_none
2000a0b7   _Dclass
2000a0c5   ResetISR
2000a0d5   NwpUnMaskInterrupt
2000a0e1   uDMADisable
2000a0ed   uDMAEnable
2000a0f9   uDMAIntStatus
2000a105   IntMasterEnable
2000a10f   _SlNonOsSemSet
2000a117   sl_WlanDisconnect
2000a11f   UtilsDelay
2000a125   __TI_decompress_rle24
2000a12c   _ctypes_
2000a334   _SlPolicySetCmdCtrl
2000a338   _SlPolicyGetCmdCtrl
2000a33c   _SlProfileGetCmdCtrl
2000a340   _SlProfileDelCmdCtrl
2000a344   _SlWlanGetNetworkListCtrl
2000a348   _SlRxFilterAddtCmdCtrl
2000a34c   _SlRxFilterSetCmdCtrl
2000a350   _SlRxFilterGetCmdCtrl
2000a354   _SlSmartConfigStartCmdCtrl
2000a358   _SlWlanSetModeCmdCtrl
2000a35c   _SlWlanCfgSetCmdCtrl
2000a360   _SlWlanCfgGetCmdCtrl
2000a61c   g_H2NSyncPattern
2000a624   g_H2NCnysPattern
2000a62c   _SlActionLookupTable
2000a694   _SlNetAppStartCtrl
2000a698   _SlNetAppStopCtrl
2000a69c   _SlGetServiceListeCtrl
2000a6a0   _SlRegisterServiceCtrl
2000a6a4   _SlGetHostByServiceCtrl
2000a6a8   _SlGetHostByNameCtrl
2000a6ac   _SlNetAppSetCmdCtrl
2000a6b0   _SlNetAppSendTokenValueCmdCtrl
2000a6b4   _SlNetAppGetCmdCtrl
2000a738   _SlStopCmdCtrl
2000a73c   _SlEventMaskSetCmdCtrl
2000a740   _SlEventMaskGetCmdCtrl
2000a744   _SlDeviceGetCmdCtrl
2000a748   _SlDeviceSetCmdCtrl
2000a758   _SlNetCfgSetCmdCtrl
2000a75c   _SlNetCfgGetCmdCtrl
2000a760   __TI_static_base__
2000a794   __TI_Handler_Table_Base
2000a7a0   __TI_Handler_Table_Limit
2000a7a8   __TI_CINIT_Base
2000a7b8   __TI_CINIT_Limit
20017000   _sys_memory
20017800   gpCtlTbl
20017c00   gfpAppCallbackHndl
20017d00   g__SlNonOsCB
20017d28   g_ucConnectionSSID
20017d4c   g_ucConnectionBSSID
20017d58   g_cDummy
20017d59   iDone
20017d5c   pPingCallBackFunc
20017d60   gFirstCmdMode
20017d64   g_pCB
20017d68   g_StatMem
20017ecc   g_SpiFd
20017ed0   g_pHostIntHdl
20017ed4   g_ucDMAEnabled
20017ed8   g_ucDinDout
20017f28   g_ulStatus
20017f2c   g_ulGatewayIP
20017f30   g_ulDestinationIp
20017f34   g_uiPortNum
20017f38   g_ulPacketCount
20017f3c   g_ucSimplelinkstarted
20017f40   g_ulIpAddr
20017f50   _lock
20017f54   _unlock
20017f58   __TI_cleanup_ptr
20017f5c   __TI_dtors_ptr
20017f60   main_func_sp
2002f800   __stack
20030000   __STACK_END
ffffffff   __binit__
ffffffff   __c_args__
ffffffff   binit
UNDEFED    SHT$$INIT_ARRAY$$Base
UNDEFED    SHT$$INIT_ARRAY$$Limit

[272 symbols]
