<?xml version="1.0"?>
<link_info>
   <banner>TI ARM Linker PC v5.1.6</banner>
   <copyright>Copyright (c) 1996-2014 Texas Instruments Incorporated</copyright>
   <link_time>0x54bdf31c</link_time>
   <link_errors>0x0</link_errors>
   <output_file>udp_socket.out</output_file>
   <entry_point>
      <name>_c_int00</name>
      <address>0x20009a2d</address>
   </entry_point>
   <input_file_list>
      <input_file id="fl-2">
         <path>.\</path>
         <kind>object</kind>
         <file>main.obj</file>
         <name>main.obj</name>
      </input_file>
      <input_file id="fl-3">
         <path>.\</path>
         <kind>object</kind>
         <file>pinmux.obj</file>
         <name>pinmux.obj</name>
      </input_file>
      <input_file id="fl-4">
         <path>.\</path>
         <kind>object</kind>
         <file>startup_ccs.obj</file>
         <name>startup_ccs.obj</name>
      </input_file>
      <input_file id="fl-5">
         <path>.\</path>
         <kind>object</kind>
         <file>uart_if.obj</file>
         <name>uart_if.obj</name>
      </input_file>
      <input_file id="fl-6">
         <path>.\</path>
         <kind>object</kind>
         <file>udma_if.obj</file>
         <name>udma_if.obj</name>
      </input_file>
      <input_file id="fl-135">
         <path>c:\ti\ccsv6\tools\compiler\arm_5.1.6\lib\</path>
         <kind>archive</kind>
         <file>rtsv7M4_T_le_eabi.lib</file>
         <name>boot.obj</name>
      </input_file>
      <input_file id="fl-136">
         <path>c:\ti\ccsv6\tools\compiler\arm_5.1.6\lib\</path>
         <kind>archive</kind>
         <file>rtsv7M4_T_le_eabi.lib</file>
         <name>copy_decompress_none.obj</name>
      </input_file>
      <input_file id="fl-137">
         <path>c:\ti\ccsv6\tools\compiler\arm_5.1.6\lib\</path>
         <kind>archive</kind>
         <file>rtsv7M4_T_le_eabi.lib</file>
         <name>copy_decompress_rle.obj</name>
      </input_file>
      <input_file id="fl-138">
         <path>c:\ti\ccsv6\tools\compiler\arm_5.1.6\lib\</path>
         <kind>archive</kind>
         <file>rtsv7M4_T_le_eabi.lib</file>
         <name>copy_zero_init.obj</name>
      </input_file>
      <input_file id="fl-139">
         <path>c:\ti\ccsv6\tools\compiler\arm_5.1.6\lib\</path>
         <kind>archive</kind>
         <file>rtsv7M4_T_le_eabi.lib</file>
         <name>exit.obj</name>
      </input_file>
      <input_file id="fl-13a">
         <path>c:\ti\ccsv6\tools\compiler\arm_5.1.6\lib\</path>
         <kind>archive</kind>
         <file>rtsv7M4_T_le_eabi.lib</file>
         <name>memcpy_t2.obj</name>
      </input_file>
      <input_file id="fl-13b">
         <path>c:\ti\ccsv6\tools\compiler\arm_5.1.6\lib\</path>
         <kind>archive</kind>
         <file>rtsv7M4_T_le_eabi.lib</file>
         <name>memmov.obj</name>
      </input_file>
      <input_file id="fl-13c">
         <path>c:\ti\ccsv6\tools\compiler\arm_5.1.6\lib\</path>
         <kind>archive</kind>
         <file>rtsv7M4_T_le_eabi.lib</file>
         <name>memory.obj</name>
      </input_file>
      <input_file id="fl-13d">
         <path>c:\ti\ccsv6\tools\compiler\arm_5.1.6\lib\</path>
         <kind>archive</kind>
         <file>rtsv7M4_T_le_eabi.lib</file>
         <name>memset_t2.obj</name>
      </input_file>
      <input_file id="fl-13e">
         <path>c:\ti\ccsv6\tools\compiler\arm_5.1.6\lib\</path>
         <kind>archive</kind>
         <file>rtsv7M4_T_le_eabi.lib</file>
         <name>stkdepth_vars.obj</name>
      </input_file>
      <input_file id="fl-13f">
         <path>c:\ti\ccsv6\tools\compiler\arm_5.1.6\lib\</path>
         <kind>archive</kind>
         <file>rtsv7M4_T_le_eabi.lib</file>
         <name>strlen.obj</name>
      </input_file>
      <input_file id="fl-140">
         <path>c:\ti\ccsv6\tools\compiler\arm_5.1.6\lib\</path>
         <kind>archive</kind>
         <file>rtsv7M4_T_le_eabi.lib</file>
         <name>vsnprintf.obj</name>
      </input_file>
      <input_file id="fl-141">
         <path>c:\ti\ccsv6\tools\compiler\arm_5.1.6\lib\</path>
         <kind>archive</kind>
         <file>rtsv7M4_T_le_eabi.lib</file>
         <name>_lock.obj</name>
      </input_file>
      <input_file id="fl-142">
         <path>c:\ti\ccsv6\tools\compiler\arm_5.1.6\lib\</path>
         <kind>archive</kind>
         <file>rtsv7M4_T_le_eabi.lib</file>
         <name>_printfi.obj</name>
      </input_file>
      <input_file id="fl-143">
         <path>c:\ti\ccsv6\tools\compiler\arm_5.1.6\lib\</path>
         <kind>archive</kind>
         <file>rtsv7M4_T_le_eabi.lib</file>
         <name>args_main.obj</name>
      </input_file>
      <input_file id="fl-144">
         <path>c:\ti\ccsv6\tools\compiler\arm_5.1.6\lib\</path>
         <kind>archive</kind>
         <file>rtsv7M4_T_le_eabi.lib</file>
         <name>atoi.obj</name>
      </input_file>
      <input_file id="fl-145">
         <path>c:\ti\ccsv6\tools\compiler\arm_5.1.6\lib\</path>
         <kind>archive</kind>
         <file>rtsv7M4_T_le_eabi.lib</file>
         <name>auto_init.obj</name>
      </input_file>
      <input_file id="fl-146">
         <path>c:\ti\ccsv6\tools\compiler\arm_5.1.6\lib\</path>
         <kind>archive</kind>
         <file>rtsv7M4_T_le_eabi.lib</file>
         <name>cpy_tbl.obj</name>
      </input_file>
      <input_file id="fl-147">
         <path>c:\ti\ccsv6\tools\compiler\arm_5.1.6\lib\</path>
         <kind>archive</kind>
         <file>rtsv7M4_T_le_eabi.lib</file>
         <name>ctype.obj</name>
      </input_file>
      <input_file id="fl-148">
         <path>c:\ti\ccsv6\tools\compiler\arm_5.1.6\lib\</path>
         <kind>archive</kind>
         <file>rtsv7M4_T_le_eabi.lib</file>
         <name>fd_add_t2.obj</name>
      </input_file>
      <input_file id="fl-149">
         <path>c:\ti\ccsv6\tools\compiler\arm_5.1.6\lib\</path>
         <kind>archive</kind>
         <file>rtsv7M4_T_le_eabi.lib</file>
         <name>fd_cmp_t2.obj</name>
      </input_file>
      <input_file id="fl-14a">
         <path>c:\ti\ccsv6\tools\compiler\arm_5.1.6\lib\</path>
         <kind>archive</kind>
         <file>rtsv7M4_T_le_eabi.lib</file>
         <name>fd_div_t2.obj</name>
      </input_file>
      <input_file id="fl-14b">
         <path>c:\ti\ccsv6\tools\compiler\arm_5.1.6\lib\</path>
         <kind>archive</kind>
         <file>rtsv7M4_T_le_eabi.lib</file>
         <name>fd_mul_t2.obj</name>
      </input_file>
      <input_file id="fl-14c">
         <path>c:\ti\ccsv6\tools\compiler\arm_5.1.6\lib\</path>
         <kind>archive</kind>
         <file>rtsv7M4_T_le_eabi.lib</file>
         <name>fd_toi_t2.obj</name>
      </input_file>
      <input_file id="fl-14d">
         <path>c:\ti\ccsv6\tools\compiler\arm_5.1.6\lib\</path>
         <kind>archive</kind>
         <file>rtsv7M4_T_le_eabi.lib</file>
         <name>i_tofd_t2.obj</name>
      </input_file>
      <input_file id="fl-14e">
         <path>c:\ti\ccsv6\tools\compiler\arm_5.1.6\lib\</path>
         <kind>archive</kind>
         <file>rtsv7M4_T_le_eabi.lib</file>
         <name>ll_mul_t2.obj</name>
      </input_file>
      <input_file id="fl-14f">
         <path>c:\ti\ccsv6\tools\compiler\arm_5.1.6\lib\</path>
         <kind>archive</kind>
         <file>rtsv7M4_T_le_eabi.lib</file>
         <name>ltoa.obj</name>
      </input_file>
      <input_file id="fl-150">
         <path>c:\ti\ccsv6\tools\compiler\arm_5.1.6\lib\</path>
         <kind>archive</kind>
         <file>rtsv7M4_T_le_eabi.lib</file>
         <name>memccpy.obj</name>
      </input_file>
      <input_file id="fl-151">
         <path>c:\ti\ccsv6\tools\compiler\arm_5.1.6\lib\</path>
         <kind>archive</kind>
         <file>rtsv7M4_T_le_eabi.lib</file>
         <name>ull_div_t2.obj</name>
      </input_file>
      <input_file id="fl-152">
         <path>c:\ti\ccsv6\tools\compiler\arm_5.1.6\lib\</path>
         <kind>archive</kind>
         <file>rtsv7M4_T_le_eabi.lib</file>
         <name>xdclass.obj</name>
      </input_file>
      <input_file id="fl-153">
         <path>c:\ti\ccsv6\tools\compiler\arm_5.1.6\lib\</path>
         <kind>archive</kind>
         <file>rtsv7M4_T_le_eabi.lib</file>
         <name>xdtest.obj</name>
      </input_file>
      <input_file id="fl-154">
         <path>C:\ti\CC3200SDK_1.0.0\cc3200-sdk\example\udp_socket\ccs\\..\..\..\simplelink\ccs\NON_OS\</path>
         <kind>archive</kind>
         <file>simplelink.a</file>
         <name>device.obj</name>
      </input_file>
      <input_file id="fl-155">
         <path>C:\ti\CC3200SDK_1.0.0\cc3200-sdk\example\udp_socket\ccs\\..\..\..\simplelink\ccs\NON_OS\</path>
         <kind>archive</kind>
         <file>simplelink.a</file>
         <name>driver.obj</name>
      </input_file>
      <input_file id="fl-156">
         <path>C:\ti\CC3200SDK_1.0.0\cc3200-sdk\example\udp_socket\ccs\\..\..\..\simplelink\ccs\NON_OS\</path>
         <kind>archive</kind>
         <file>simplelink.a</file>
         <name>flowcont.obj</name>
      </input_file>
      <input_file id="fl-157">
         <path>C:\ti\CC3200SDK_1.0.0\cc3200-sdk\example\udp_socket\ccs\\..\..\..\simplelink\ccs\NON_OS\</path>
         <kind>archive</kind>
         <file>simplelink.a</file>
         <name>netapp.obj</name>
      </input_file>
      <input_file id="fl-158">
         <path>C:\ti\CC3200SDK_1.0.0\cc3200-sdk\example\udp_socket\ccs\\..\..\..\simplelink\ccs\NON_OS\</path>
         <kind>archive</kind>
         <file>simplelink.a</file>
         <name>netcfg.obj</name>
      </input_file>
      <input_file id="fl-159">
         <path>C:\ti\CC3200SDK_1.0.0\cc3200-sdk\example\udp_socket\ccs\\..\..\..\simplelink\ccs\NON_OS\</path>
         <kind>archive</kind>
         <file>simplelink.a</file>
         <name>nonos.obj</name>
      </input_file>
      <input_file id="fl-15a">
         <path>C:\ti\CC3200SDK_1.0.0\cc3200-sdk\example\udp_socket\ccs\\..\..\..\simplelink\ccs\NON_OS\</path>
         <kind>archive</kind>
         <file>simplelink.a</file>
         <name>socket.obj</name>
      </input_file>
      <input_file id="fl-15b">
         <path>C:\ti\CC3200SDK_1.0.0\cc3200-sdk\example\udp_socket\ccs\\..\..\..\simplelink\ccs\NON_OS\</path>
         <kind>archive</kind>
         <file>simplelink.a</file>
         <name>wlan.obj</name>
      </input_file>
      <input_file id="fl-15c">
         <path>C:\ti\CC3200SDK_1.0.0\cc3200-sdk\example\udp_socket\ccs\\..\..\..\simplelink\ccs\NON_OS\</path>
         <kind>archive</kind>
         <file>simplelink.a</file>
         <name>cc_pal.obj</name>
      </input_file>
      <input_file id="fl-15d">
         <path>C:\ti\CC3200SDK_1.0.0\cc3200-sdk\example\udp_socket\ccs\\..\..\..\driverlib\ccs\Release\</path>
         <kind>archive</kind>
         <file>driverlib.a</file>
         <name>interrupt.obj</name>
      </input_file>
      <input_file id="fl-15e">
         <path>C:\ti\CC3200SDK_1.0.0\cc3200-sdk\example\udp_socket\ccs\\..\..\..\driverlib\ccs\Release\</path>
         <kind>archive</kind>
         <file>driverlib.a</file>
         <name>pin.obj</name>
      </input_file>
      <input_file id="fl-15f">
         <path>C:\ti\CC3200SDK_1.0.0\cc3200-sdk\example\udp_socket\ccs\\..\..\..\driverlib\ccs\Release\</path>
         <kind>archive</kind>
         <file>driverlib.a</file>
         <name>prcm.obj</name>
      </input_file>
      <input_file id="fl-160">
         <path>C:\ti\CC3200SDK_1.0.0\cc3200-sdk\example\udp_socket\ccs\\..\..\..\driverlib\ccs\Release\</path>
         <kind>archive</kind>
         <file>driverlib.a</file>
         <name>spi.obj</name>
      </input_file>
      <input_file id="fl-161">
         <path>C:\ti\CC3200SDK_1.0.0\cc3200-sdk\example\udp_socket\ccs\\..\..\..\driverlib\ccs\Release\</path>
         <kind>archive</kind>
         <file>driverlib.a</file>
         <name>uart.obj</name>
      </input_file>
      <input_file id="fl-162">
         <path>C:\ti\CC3200SDK_1.0.0\cc3200-sdk\example\udp_socket\ccs\\..\..\..\driverlib\ccs\Release\</path>
         <kind>archive</kind>
         <file>driverlib.a</file>
         <name>udma.obj</name>
      </input_file>
      <input_file id="fl-163">
         <path>C:\ti\CC3200SDK_1.0.0\cc3200-sdk\example\udp_socket\ccs\\..\..\..\driverlib\ccs\Release\</path>
         <kind>archive</kind>
         <file>driverlib.a</file>
         <name>utils.obj</name>
      </input_file>
      <input_file id="fl-164">
         <path>C:\ti\CC3200SDK_1.0.0\cc3200-sdk\example\udp_socket\ccs\\..\..\..\driverlib\ccs\Release\</path>
         <kind>archive</kind>
         <file>driverlib.a</file>
         <name>cpu.obj</name>
      </input_file>
      <input_file id="fl-165">
         <path>C:\ti\CC3200SDK_1.0.0\cc3200-sdk\example\udp_socket\ccs\\..\..\..\driverlib\ccs\Release\</path>
         <kind>archive</kind>
         <file>driverlib.a</file>
         <name>flash.obj</name>
      </input_file>
      <input_file id="fl-166">
         <path>c:\ti\ccsv6\tools\compiler\arm_5.1.6\lib\</path>
         <kind>archive</kind>
         <file>rtsv7M4_T_le_eabi.lib</file>
         <name>ll_lsr_t2.obj</name>
      </input_file>
   </input_file_list>
   <object_component_list>
      <object_component id="oc-e">
         <name>.intvecs</name>
         <load_address>0x20004000</load_address>
         <run_address>0x20004000</run_address>
         <size>0x400</size>
         <input_file_ref idref="fl-4"/>
      </object_component>
      <object_component id="oc-326">
         <name>.text</name>
         <load_address>0x20004400</load_address>
         <run_address>0x20004400</run_address>
         <size>0xec0</size>
         <input_file_ref idref="fl-142"/>
      </object_component>
      <object_component id="oc-7d">
         <name>.text</name>
         <load_address>0x200052c0</load_address>
         <run_address>0x200052c0</run_address>
         <size>0xaa4</size>
         <input_file_ref idref="fl-2"/>
      </object_component>
      <object_component id="oc-19a">
         <name>.text</name>
         <load_address>0x20005d64</load_address>
         <run_address>0x20005d64</run_address>
         <size>0x3cc</size>
         <input_file_ref idref="fl-13c"/>
      </object_component>
      <object_component id="oc-505">
         <name>.text:_SlDrvMsgRead</name>
         <load_address>0x20006130</load_address>
         <run_address>0x20006130</run_address>
         <size>0x3b4</size>
         <input_file_ref idref="fl-155"/>
      </object_component>
      <object_component id="oc-50b">
         <name>.text:_SlAsyncEventGenericHandler</name>
         <load_address>0x200064e4</load_address>
         <run_address>0x200064e4</run_address>
         <size>0x34c</size>
         <input_file_ref idref="fl-155"/>
      </object_component>
      <object_component id="oc-b0">
         <name>.text</name>
         <load_address>0x20006830</load_address>
         <run_address>0x20006830</run_address>
         <size>0x26c</size>
         <input_file_ref idref="fl-5"/>
      </object_component>
      <object_component id="oc-13d">
         <name>.text</name>
         <load_address>0x20006a9c</load_address>
         <run_address>0x20006a9c</run_address>
         <size>0x200</size>
         <input_file_ref idref="fl-6"/>
      </object_component>
      <object_component id="oc-47d">
         <name>.text</name>
         <load_address>0x20006c9c</load_address>
         <run_address>0x20006c9c</run_address>
         <size>0x1f4</size>
         <input_file_ref idref="fl-151"/>
      </object_component>
      <object_component id="oc-4ab">
         <name>.text</name>
         <load_address>0x20006e90</load_address>
         <run_address>0x20006e90</run_address>
         <size>0x1b6</size>
         <input_file_ref idref="fl-148"/>
      </object_component>
      <object_component id="oc-4fa">
         <name>.text:IntDefaultHandler</name>
         <load_address>0x20007046</load_address>
         <run_address>0x20007046</run_address>
         <size>0x2</size>
         <input_file_ref idref="fl-15d"/>
      </object_component>
      <object_component id="oc-11f">
         <name>.text:sl_WlanConnect</name>
         <load_address>0x20007048</load_address>
         <run_address>0x20007048</run_address>
         <size>0x19c</size>
         <input_file_ref idref="fl-15b"/>
      </object_component>
      <object_component id="oc-58d">
         <name>.text:_SlDrvRxHdrRead</name>
         <load_address>0x200071e4</load_address>
         <run_address>0x200071e4</run_address>
         <size>0x140</size>
         <input_file_ref idref="fl-155"/>
      </object_component>
      <object_component id="oc-491">
         <name>.text</name>
         <load_address>0x20007324</load_address>
         <run_address>0x20007324</run_address>
         <size>0x136</size>
         <input_file_ref idref="fl-14a"/>
      </object_component>
      <object_component id="oc-137">
         <name>.text:PRCMCC3200MCUInit</name>
         <load_address>0x2000745c</load_address>
         <run_address>0x2000745c</run_address>
         <size>0x134</size>
         <input_file_ref idref="fl-15f"/>
      </object_component>
      <object_component id="oc-1d5">
         <name>.text:spi_Open</name>
         <load_address>0x20007590</load_address>
         <run_address>0x20007590</run_address>
         <size>0x128</size>
         <input_file_ref idref="fl-15c"/>
      </object_component>
      <object_component id="oc-1db">
         <name>.text:_SlDrvWaitForPoolObj</name>
         <load_address>0x200076b8</load_address>
         <run_address>0x200076b8</run_address>
         <size>0x118</size>
         <input_file_ref idref="fl-155"/>
      </object_component>
      <object_component id="oc-3f7">
         <name>.text:_SlDrvMsgWrite</name>
         <load_address>0x200077d0</load_address>
         <run_address>0x200077d0</run_address>
         <size>0x114</size>
         <input_file_ref idref="fl-155"/>
      </object_component>
      <object_component id="oc-1ff">
         <name>.text:_SlDrvReleasePoolObj</name>
         <load_address>0x200078e4</load_address>
         <run_address>0x200078e4</run_address>
         <size>0x10c</size>
         <input_file_ref idref="fl-155"/>
      </object_component>
      <object_component id="oc-48c">
         <name>.text</name>
         <load_address>0x200079f0</load_address>
         <run_address>0x200079f0</run_address>
         <size>0xfc</size>
         <input_file_ref idref="fl-14b"/>
      </object_component>
      <object_component id="oc-2da">
         <name>.text:uDMAChannelTransferSet</name>
         <load_address>0x20007aec</load_address>
         <run_address>0x20007aec</run_address>
         <size>0xf0</size>
         <input_file_ref idref="fl-162"/>
      </object_component>
      <object_component id="oc-512">
         <name>.text:spi_Write</name>
         <load_address>0x20007bdc</load_address>
         <run_address>0x20007bdc</run_address>
         <size>0xec</size>
         <input_file_ref idref="fl-15c"/>
      </object_component>
      <object_component id="oc-dc">
         <name>.text:sl_Stop</name>
         <load_address>0x20007cc8</load_address>
         <run_address>0x20007cc8</run_address>
         <size>0xcc</size>
         <input_file_ref idref="fl-154"/>
      </object_component>
      <object_component id="oc-599">
         <name>.text:spi_Read</name>
         <load_address>0x20007d94</load_address>
         <run_address>0x20007d94</run_address>
         <size>0xcc</size>
         <input_file_ref idref="fl-15c"/>
      </object_component>
      <object_component id="oc-ca">
         <name>.text:sl_Start</name>
         <load_address>0x20007e60</load_address>
         <run_address>0x20007e60</run_address>
         <size>0xc8</size>
         <input_file_ref idref="fl-154"/>
      </object_component>
      <object_component id="oc-3fd">
         <name>.text:_SlDrvMsgReadCmdCtx</name>
         <load_address>0x20007f28</load_address>
         <run_address>0x20007f28</run_address>
         <size>0xbc</size>
         <input_file_ref idref="fl-155"/>
      </object_component>
      <object_component id="oc-5e6">
         <name>.text:_SlDrvNetAppEventHandler</name>
         <load_address>0x20007fe4</load_address>
         <run_address>0x20007fe4</run_address>
         <size>0xb2</size>
         <input_file_ref idref="fl-157"/>
      </object_component>
      <object_component id="oc-3b1">
         <name>.text:IntDisable</name>
         <load_address>0x20008098</load_address>
         <run_address>0x20008098</run_address>
         <size>0xa8</size>
         <input_file_ref idref="fl-15d"/>
      </object_component>
      <object_component id="oc-131">
         <name>.text:IntEnable</name>
         <load_address>0x20008140</load_address>
         <run_address>0x20008140</run_address>
         <size>0xa8</size>
         <input_file_ref idref="fl-15d"/>
      </object_component>
      <object_component id="oc-362">
         <name>.text:SPIConfigSetExpClk</name>
         <load_address>0x200081e8</load_address>
         <run_address>0x200081e8</run_address>
         <size>0xa0</size>
         <input_file_ref idref="fl-160"/>
      </object_component>
      <object_component id="oc-4a">
         <name>.text</name>
         <load_address>0x20008288</load_address>
         <run_address>0x20008288</run_address>
         <size>0x9c</size>
         <input_file_ref idref="fl-13a"/>
      </object_component>
      <object_component id="oc-59f">
         <name>.text:_SlFindAndSetActiveObj</name>
         <load_address>0x20008324</load_address>
         <run_address>0x20008324</run_address>
         <size>0x98</size>
         <input_file_ref idref="fl-155"/>
      </object_component>
      <object_component id="oc-176">
         <name>.text:PRCMPeripheralClockGet</name>
         <load_address>0x200083bc</load_address>
         <run_address>0x200083bc</run_address>
         <size>0x94</size>
         <input_file_ref idref="fl-15f"/>
      </object_component>
      <object_component id="oc-593">
         <name>.text:_SlDrvClassifyRxMsg</name>
         <load_address>0x20008450</load_address>
         <run_address>0x20008450</run_address>
         <size>0x94</size>
         <input_file_ref idref="fl-155"/>
      </object_component>
      <object_component id="oc-3e0">
         <name>.text:_SlDrvMsgReadSpawnCtx</name>
         <load_address>0x200084e4</load_address>
         <run_address>0x200084e4</run_address>
         <size>0x94</size>
         <input_file_ref idref="fl-155"/>
      </object_component>
      <object_component id="oc-35">
         <name>.text</name>
         <load_address>0x20008578</load_address>
         <run_address>0x20008578</run_address>
         <size>0x94</size>
         <input_file_ref idref="fl-145"/>
      </object_component>
      <object_component id="oc-1cf">
         <name>.text:_SlDrvDriverCBInit</name>
         <load_address>0x2000860c</load_address>
         <run_address>0x2000860c</run_address>
         <size>0x90</size>
         <input_file_ref idref="fl-155"/>
      </object_component>
      <object_component id="oc-474">
         <name>.text:PinConfigSet</name>
         <load_address>0x2000869c</load_address>
         <run_address>0x2000869c</run_address>
         <size>0x88</size>
         <input_file_ref idref="fl-15e"/>
      </object_component>
      <object_component id="oc-221">
         <name>.text:_SlDrvCmdOp</name>
         <load_address>0x20008724</load_address>
         <run_address>0x20008724</run_address>
         <size>0x88</size>
         <input_file_ref idref="fl-155"/>
      </object_component>
      <object_component id="oc-188">
         <name>.text</name>
         <load_address>0x200087ac</load_address>
         <run_address>0x200087ac</run_address>
         <size>0x88</size>
         <input_file_ref idref="fl-140"/>
      </object_component>
      <object_component id="oc-262">
         <name>.text:sl_NetAppMDNSRegisterUnregisterService</name>
         <load_address>0x20008834</load_address>
         <run_address>0x20008834</run_address>
         <size>0x88</size>
         <input_file_ref idref="fl-157"/>
      </object_component>
      <object_component id="oc-487">
         <name>.text:__aeabi_cdcmple</name>
         <load_address>0x200088bc</load_address>
         <run_address>0x200088bc</run_address>
         <size>0x86</size>
         <input_file_ref idref="fl-149"/>
      </object_component>
      <object_component id="oc-496">
         <name>.text:__aeabi_cdrcmple</name>
         <load_address>0x20008942</load_address>
         <run_address>0x20008942</run_address>
         <size>0x86</size>
         <input_file_ref idref="fl-149"/>
      </object_component>
      <object_component id="oc-537">
         <name>.text:_sl_HandleAsync_DnsGetHostByName</name>
         <load_address>0x200089c8</load_address>
         <run_address>0x200089c8</run_address>
         <size>0x84</size>
         <input_file_ref idref="fl-157"/>
      </object_component>
      <object_component id="oc-1c9">
         <name>.text:NwpPowerOnPreamble</name>
         <load_address>0x20008a4c</load_address>
         <run_address>0x20008a4c</run_address>
         <size>0x80</size>
         <input_file_ref idref="fl-15c"/>
      </object_component>
      <object_component id="oc-e2">
         <name>.text:sl_DevGet</name>
         <load_address>0x20008acc</load_address>
         <run_address>0x20008acc</run_address>
         <size>0x7c</size>
         <input_file_ref idref="fl-154"/>
      </object_component>
      <object_component id="oc-5f3">
         <name>.text:SetupDMAReceive</name>
         <load_address>0x20008b48</load_address>
         <run_address>0x20008b48</run_address>
         <size>0x78</size>
         <input_file_ref idref="fl-15c"/>
      </object_component>
      <object_component id="oc-614">
         <name>.text:_sl_HandleAsync_InitComplete</name>
         <load_address>0x20008bc0</load_address>
         <run_address>0x20008bc0</run_address>
         <size>0x78</size>
         <input_file_ref idref="fl-154"/>
      </object_component>
      <object_component id="oc-543">
         <name>.text:_sl_HandleAsync_PingResponse</name>
         <load_address>0x20008c38</load_address>
         <run_address>0x20008c38</run_address>
         <size>0x78</size>
         <input_file_ref idref="fl-157"/>
      </object_component>
      <object_component id="oc-b6">
         <name>.text</name>
         <load_address>0x20008cb0</load_address>
         <run_address>0x20008cb0</run_address>
         <size>0x78</size>
         <input_file_ref idref="fl-13d"/>
      </object_component>
      <object_component id="oc-17c">
         <name>.text:UARTConfigSetExpClk</name>
         <load_address>0x20008d28</load_address>
         <run_address>0x20008d28</run_address>
         <size>0x76</size>
         <input_file_ref idref="fl-161"/>
      </object_component>
      <object_component id="oc-232">
         <name>.text:spi_Close</name>
         <load_address>0x20008da0</load_address>
         <run_address>0x20008da0</run_address>
         <size>0x74</size>
         <input_file_ref idref="fl-15c"/>
      </object_component>
      <object_component id="oc-52b">
         <name>.text:_sl_HandleAsync_Connect</name>
         <load_address>0x20008e14</load_address>
         <run_address>0x20008e14</run_address>
         <size>0x6c</size>
         <input_file_ref idref="fl-15a"/>
      </object_component>
      <object_component id="oc-525">
         <name>.text:_sl_HandleAsync_Accept</name>
         <load_address>0x20008e80</load_address>
         <run_address>0x20008e80</run_address>
         <size>0x68</size>
         <input_file_ref idref="fl-15a"/>
      </object_component>
      <object_component id="oc-53d">
         <name>.text:_sl_HandleAsync_DnsGetHostByService</name>
         <load_address>0x20008ee8</load_address>
         <run_address>0x20008ee8</run_address>
         <size>0x68</size>
         <input_file_ref idref="fl-157"/>
      </object_component>
      <object_component id="oc-2c8">
         <name>.text:uDMAChannelAttributeDisable</name>
         <load_address>0x20008f50</load_address>
         <run_address>0x20008f50</run_address>
         <size>0x64</size>
         <input_file_ref idref="fl-162"/>
      </object_component>
      <object_component id="oc-2d4">
         <name>.text:uDMAChannelAttributeEnable</name>
         <load_address>0x20008fb4</load_address>
         <run_address>0x20008fb4</run_address>
         <size>0x64</size>
         <input_file_ref idref="fl-162"/>
      </object_component>
      <object_component id="oc-238">
         <name>.text:_SlDrvDriverCBDeinit</name>
         <load_address>0x20009018</load_address>
         <run_address>0x20009018</run_address>
         <size>0x60</size>
         <input_file_ref idref="fl-155"/>
      </object_component>
      <object_component id="oc-5d">
         <name>.text</name>
         <load_address>0x20009078</load_address>
         <run_address>0x20009078</run_address>
         <size>0x5e</size>
         <input_file_ref idref="fl-137"/>
      </object_component>
      <object_component id="oc-531">
         <name>.text:_sl_HandleAsync_Select</name>
         <load_address>0x200090d8</load_address>
         <run_address>0x200090d8</run_address>
         <size>0x5c</size>
         <input_file_ref idref="fl-15a"/>
      </object_component>
      <object_component id="oc-4a0">
         <name>.text</name>
         <load_address>0x20009134</load_address>
         <run_address>0x20009134</run_address>
         <size>0x5a</size>
         <input_file_ref idref="fl-14f"/>
      </object_component>
      <object_component id="oc-3bd">
         <name>.text:IntPendClear</name>
         <load_address>0x20009190</load_address>
         <run_address>0x20009190</run_address>
         <size>0x58</size>
         <input_file_ref idref="fl-15d"/>
      </object_component>
      <object_component id="oc-291">
         <name>.text:PRCMPeripheralReset</name>
         <load_address>0x200091e8</load_address>
         <run_address>0x200091e8</run_address>
         <size>0x58</size>
         <input_file_ref idref="fl-15f"/>
      </object_component>
      <object_component id="oc-549">
         <name>.text:_sl_HandleAsync_Stop</name>
         <load_address>0x20009240</load_address>
         <run_address>0x20009240</run_address>
         <size>0x58</size>
         <input_file_ref idref="fl-154"/>
      </object_component>
      <object_component id="oc-386">
         <name>.text:IntPrioritySet</name>
         <load_address>0x20009298</load_address>
         <run_address>0x20009298</run_address>
         <size>0x54</size>
         <input_file_ref idref="fl-15d"/>
      </object_component>
      <object_component id="oc-60d">
         <name>.text:sl_NetAppSendTokenValue</name>
         <load_address>0x200092ec</load_address>
         <run_address>0x200092ec</run_address>
         <size>0x54</size>
         <input_file_ref idref="fl-157"/>
      </object_component>
      <object_component id="oc-38c">
         <name>.text:SPIIntEnable</name>
         <load_address>0x20009340</load_address>
         <run_address>0x20009340</run_address>
         <size>0x4c</size>
         <input_file_ref idref="fl-160"/>
      </object_component>
      <object_component id="oc-51a">
         <name>.text:SPIIntNumberGet</name>
         <load_address>0x2000938c</load_address>
         <run_address>0x2000938c</run_address>
         <size>0x4c</size>
         <input_file_ref idref="fl-160"/>
      </object_component>
      <object_component id="oc-4bc">
         <name>.text</name>
         <load_address>0x200093d8</load_address>
         <run_address>0x200093d8</run_address>
         <size>0x4c</size>
         <input_file_ref idref="fl-144"/>
      </object_component>
      <object_component id="oc-2c2">
         <name>.text:uDMAChannelAssign</name>
         <load_address>0x20009424</load_address>
         <run_address>0x20009424</run_address>
         <size>0x4c</size>
         <input_file_ref idref="fl-162"/>
      </object_component>
      <object_component id="oc-205">
         <name>.text:_sl_GetStartResponseConvert</name>
         <load_address>0x20009470</load_address>
         <run_address>0x20009470</run_address>
         <size>0x4a</size>
         <input_file_ref idref="fl-154"/>
      </object_component>
      <object_component id="oc-4ed">
         <name>.text:SPIIntClear</name>
         <load_address>0x200094bc</load_address>
         <run_address>0x200094bc</run_address>
         <size>0x48</size>
         <input_file_ref idref="fl-160"/>
      </object_component>
      <object_component id="oc-49b">
         <name>.text</name>
         <load_address>0x20009504</load_address>
         <run_address>0x20009504</run_address>
         <size>0x48</size>
         <input_file_ref idref="fl-14c"/>
      </object_component>
      <object_component id="oc-100">
         <name>.text:sl_WlanSet</name>
         <load_address>0x2000954c</load_address>
         <run_address>0x2000954c</run_address>
         <size>0x48</size>
         <input_file_ref idref="fl-15b"/>
      </object_component>
      <object_component id="oc-4e3">
         <name>.text:SPIDmaMaskGet</name>
         <load_address>0x20009594</load_address>
         <run_address>0x20009594</run_address>
         <size>0x44</size>
         <input_file_ref idref="fl-160"/>
      </object_component>
      <object_component id="oc-76">
         <name>.text</name>
         <load_address>0x200095d8</load_address>
         <run_address>0x200095d8</run_address>
         <size>0x44</size>
         <input_file_ref idref="fl-146"/>
      </object_component>
      <object_component id="oc-40">
         <name>.text</name>
         <load_address>0x2000961c</load_address>
         <run_address>0x2000961c</run_address>
         <size>0x44</size>
         <input_file_ref idref="fl-139"/>
      </object_component>
      <object_component id="oc-570">
         <name>.text</name>
         <load_address>0x20009660</load_address>
         <run_address>0x20009660</run_address>
         <size>0x44</size>
         <input_file_ref idref="fl-153"/>
      </object_component>
      <object_component id="oc-fa">
         <name>.text:sl_NetCfgSet</name>
         <load_address>0x200096a4</load_address>
         <run_address>0x200096a4</run_address>
         <size>0x44</size>
         <input_file_ref idref="fl-158"/>
      </object_component>
      <object_component id="oc-46e">
         <name>.text:PinModeSet</name>
         <load_address>0x200096e8</load_address>
         <run_address>0x200096e8</run_address>
         <size>0x40</size>
         <input_file_ref idref="fl-15e"/>
      </object_component>
      <object_component id="oc-20e">
         <name>.text:_SlDrvRxIrqHandler</name>
         <load_address>0x20009728</load_address>
         <run_address>0x20009728</run_address>
         <size>0x40</size>
         <input_file_ref idref="fl-155"/>
      </object_component>
      <object_component id="oc-d0">
         <name>.text:_SlNonOsMainLoopTask</name>
         <load_address>0x20009768</load_address>
         <run_address>0x20009768</run_address>
         <size>0x40</size>
         <input_file_ref idref="fl-159"/>
      </object_component>
      <object_component id="oc-3c5">
         <name>.text:_SlRemoveFromList</name>
         <load_address>0x200097a8</load_address>
         <run_address>0x200097a8</run_address>
         <size>0x40</size>
         <input_file_ref idref="fl-155"/>
      </object_component>
      <object_component id="oc-e8">
         <name>.text:sl_WlanPolicySet</name>
         <load_address>0x200097e8</load_address>
         <run_address>0x200097e8</run_address>
         <size>0x40</size>
         <input_file_ref idref="fl-15b"/>
      </object_component>
      <object_component id="oc-10f">
         <name>.text:sl_WlanRxFilterSet</name>
         <load_address>0x20009828</load_address>
         <run_address>0x20009828</run_address>
         <size>0x40</size>
         <input_file_ref idref="fl-15b"/>
      </object_component>
      <object_component id="oc-1ed">
         <name>.text:NwpPowerOff</name>
         <load_address>0x20009868</load_address>
         <run_address>0x20009868</run_address>
         <size>0x3c</size>
         <input_file_ref idref="fl-15c"/>
      </object_component>
      <object_component id="oc-28b">
         <name>.text:PRCMPeripheralClkEnable</name>
         <load_address>0x200098a4</load_address>
         <run_address>0x200098a4</run_address>
         <size>0x3c</size>
         <input_file_ref idref="fl-15f"/>
      </object_component>
      <object_component id="oc-343">
         <name>.text:_SlDrvObjInit</name>
         <load_address>0x200098e0</load_address>
         <run_address>0x200098e0</run_address>
         <size>0x3c</size>
         <input_file_ref idref="fl-155"/>
      </object_component>
      <object_component id="oc-2ce">
         <name>.text:uDMAChannelControlSet</name>
         <load_address>0x2000991c</load_address>
         <run_address>0x2000991c</run_address>
         <size>0x3c</size>
         <input_file_ref idref="fl-162"/>
      </object_component>
      <object_component id="oc-1f3">
         <name>.text:NwpRegisterInterruptHandler</name>
         <load_address>0x20009958</load_address>
         <run_address>0x20009958</run_address>
         <size>0x38</size>
         <input_file_ref idref="fl-15c"/>
      </object_component>
      <object_component id="oc-368">
         <name>.text:PRCMPeripheralStatusGet</name>
         <load_address>0x20009990</load_address>
         <run_address>0x20009990</run_address>
         <size>0x34</size>
         <input_file_ref idref="fl-15f"/>
      </object_component>
      <object_component id="oc-37a">
         <name>.text:SPIFIFOLevelSet</name>
         <load_address>0x200099c4</load_address>
         <run_address>0x200099c4</run_address>
         <size>0x34</size>
         <input_file_ref idref="fl-160"/>
      </object_component>
      <object_component id="oc-24f">
         <name>.text:_SlDrvBasicCmd</name>
         <load_address>0x200099f8</load_address>
         <run_address>0x200099f8</run_address>
         <size>0x34</size>
         <input_file_ref idref="fl-155"/>
      </object_component>
      <object_component id="oc-11">
         <name>.text</name>
         <load_address>0x20009a2c</load_address>
         <run_address>0x20009a2c</run_address>
         <size>0x34</size>
         <input_file_ref idref="fl-135"/>
      </object_component>
      <object_component id="oc-1f9">
         <name>.text:NwpPowerOn</name>
         <load_address>0x20009a60</load_address>
         <run_address>0x20009a60</run_address>
         <size>0x30</size>
         <input_file_ref idref="fl-15c"/>
      </object_component>
      <object_component id="oc-318">
         <name>.text:UARTDisable</name>
         <load_address>0x20009a90</load_address>
         <run_address>0x20009a90</run_address>
         <size>0x30</size>
         <input_file_ref idref="fl-161"/>
      </object_component>
      <object_component id="oc-41c">
         <name>.text:_SlDrvFlowContDeinit</name>
         <load_address>0x20009ac0</load_address>
         <run_address>0x20009ac0</run_address>
         <size>0x30</size>
         <input_file_ref idref="fl-156"/>
      </object_component>
      <object_component id="oc-349">
         <name>.text:_SlDrvFlowContInit</name>
         <load_address>0x20009af0</load_address>
         <run_address>0x20009af0</run_address>
         <size>0x30</size>
         <input_file_ref idref="fl-156"/>
      </object_component>
      <object_component id="oc-1e1">
         <name>.text:_SlNonOsSemGet</name>
         <load_address>0x20009b20</load_address>
         <run_address>0x20009b20</run_address>
         <size>0x30</size>
         <input_file_ref idref="fl-159"/>
      </object_component>
      <object_component id="oc-4a6">
         <name>.text</name>
         <load_address>0x20009b50</load_address>
         <run_address>0x20009b50</run_address>
         <size>0x2e</size>
         <input_file_ref idref="fl-14d"/>
      </object_component>
      <object_component id="oc-29d">
         <name>.text:PRCMSysResetCauseGet</name>
         <load_address>0x20009b80</load_address>
         <run_address>0x20009b80</run_address>
         <size>0x2c</size>
         <input_file_ref idref="fl-15f"/>
      </object_component>
      <object_component id="oc-297">
         <name>.text:PRCMPeripheralClkDisable</name>
         <load_address>0x20009bac</load_address>
         <run_address>0x20009bac</run_address>
         <size>0x28</size>
         <input_file_ref idref="fl-15f"/>
      </object_component>
      <object_component id="oc-d6">
         <name>.text:sl_WlanSetMode</name>
         <load_address>0x20009bd4</load_address>
         <run_address>0x20009bd4</run_address>
         <size>0x28</size>
         <input_file_ref idref="fl-15b"/>
      </object_component>
      <object_component id="oc-39b">
         <name>.text:DmaSpiSwIntHandler</name>
         <load_address>0x20009bfc</load_address>
         <run_address>0x20009bfc</run_address>
         <size>0x24</size>
         <input_file_ref idref="fl-15c"/>
      </object_component>
      <object_component id="oc-3b7">
         <name>.text:IntUnregister</name>
         <load_address>0x20009c20</load_address>
         <run_address>0x20009c20</run_address>
         <size>0x24</size>
         <input_file_ref idref="fl-15d"/>
      </object_component>
      <object_component id="oc-31e">
         <name>.text:UARTEnable</name>
         <load_address>0x20009c44</load_address>
         <run_address>0x20009c44</run_address>
         <size>0x24</size>
         <input_file_ref idref="fl-161"/>
      </object_component>
      <object_component id="oc-194">
         <name>.text</name>
         <load_address>0x20009c68</load_address>
         <run_address>0x20009c68</run_address>
         <size>0x24</size>
         <input_file_ref idref="fl-13b"/>
      </object_component>
      <object_component id="oc-ee">
         <name>.text:sl_WlanProfileDel</name>
         <load_address>0x20009c8c</load_address>
         <run_address>0x20009c8c</run_address>
         <size>0x24</size>
         <input_file_ref idref="fl-15b"/>
      </object_component>
      <object_component id="oc-35c">
         <name>.text:SPIReset</name>
         <load_address>0x20009cb0</load_address>
         <run_address>0x20009cb0</run_address>
         <size>0x22</size>
         <input_file_ref idref="fl-160"/>
      </object_component>
      <object_component id="oc-5b3">
         <name>.text:SPIWordCountSet</name>
         <load_address>0x20009cd2</load_address>
         <run_address>0x20009cd2</run_address>
         <size>0x22</size>
         <input_file_ref idref="fl-160"/>
      </object_component>
      <object_component id="oc-380">
         <name>.text:IntRegister</name>
         <load_address>0x20009cf4</load_address>
         <run_address>0x20009cf4</run_address>
         <size>0x20</size>
         <input_file_ref idref="fl-15d"/>
      </object_component>
      <object_component id="oc-61c">
         <name>.text:_SlDrvCmdSend</name>
         <load_address>0x20009d14</load_address>
         <run_address>0x20009d14</run_address>
         <size>0x20</size>
         <input_file_ref idref="fl-155"/>
      </object_component>
      <object_component id="oc-3da">
         <name>.text:_SlNonOsSpawn</name>
         <load_address>0x20009d34</load_address>
         <run_address>0x20009d34</run_address>
         <size>0x20</size>
         <input_file_ref idref="fl-159"/>
      </object_component>
      <object_component id="oc-182">
         <name>.text:UARTCharPut</name>
         <load_address>0x20009d54</load_address>
         <run_address>0x20009d54</run_address>
         <size>0x1e</size>
         <input_file_ref idref="fl-161"/>
      </object_component>
      <object_component id="oc-422">
         <name>.text:_SlDrvObjDeInit</name>
         <load_address>0x20009d74</load_address>
         <run_address>0x20009d74</run_address>
         <size>0x1c</size>
         <input_file_ref idref="fl-155"/>
      </object_component>
      <object_component id="oc-143">
         <name>.text</name>
         <load_address>0x20009d90</load_address>
         <run_address>0x20009d90</run_address>
         <size>0x1c</size>
         <input_file_ref idref="fl-3"/>
      </object_component>
      <object_component id="oc-4b6">
         <name>.text</name>
         <load_address>0x20009dac</load_address>
         <run_address>0x20009dac</run_address>
         <size>0x1c</size>
         <input_file_ref idref="fl-150"/>
      </object_component>
      <object_component id="oc-2ec">
         <name>.text:uDMAChannelDisable</name>
         <load_address>0x20009dc8</load_address>
         <run_address>0x20009dc8</run_address>
         <size>0x1c</size>
         <input_file_ref idref="fl-162"/>
      </object_component>
      <object_component id="oc-2e0">
         <name>.text:uDMAChannelEnable</name>
         <load_address>0x20009de4</load_address>
         <run_address>0x20009de4</run_address>
         <size>0x1c</size>
         <input_file_ref idref="fl-162"/>
      </object_component>
      <object_component id="oc-2e6">
         <name>.text:uDMAChannelRequest</name>
         <load_address>0x20009e00</load_address>
         <run_address>0x20009e00</run_address>
         <size>0x1c</size>
         <input_file_ref idref="fl-162"/>
      </object_component>
      <object_component id="oc-5c6">
         <name>.text:CopyPingResultsToReport</name>
         <load_address>0x20009e1c</load_address>
         <run_address>0x20009e1c</run_address>
         <size>0x1a</size>
         <input_file_ref idref="fl-157"/>
      </object_component>
      <object_component id="oc-30d">
         <name>.text:PinTypeUART</name>
         <load_address>0x20009e36</load_address>
         <run_address>0x20009e36</run_address>
         <size>0x1a</size>
         <input_file_ref idref="fl-15e"/>
      </object_component>
      <object_component id="oc-414">
         <name>.text:SPIDmaDisable</name>
         <load_address>0x20009e50</load_address>
         <run_address>0x20009e50</run_address>
         <size>0x1a</size>
         <input_file_ref idref="fl-160"/>
      </object_component>
      <object_component id="oc-374">
         <name>.text:SPIDmaEnable</name>
         <load_address>0x20009e6a</load_address>
         <run_address>0x20009e6a</run_address>
         <size>0x1a</size>
         <input_file_ref idref="fl-160"/>
      </object_component>
      <object_component id="oc-40e">
         <name>.text:SPIFIFODisable</name>
         <load_address>0x20009e84</load_address>
         <run_address>0x20009e84</run_address>
         <size>0x1a</size>
         <input_file_ref idref="fl-160"/>
      </object_component>
      <object_component id="oc-36e">
         <name>.text:SPIFIFOEnable</name>
         <load_address>0x20009e9e</load_address>
         <run_address>0x20009e9e</run_address>
         <size>0x1a</size>
         <input_file_ref idref="fl-160"/>
      </object_component>
      <object_component id="oc-408">
         <name>.text:SPIIntUnregister</name>
         <load_address>0x20009eb8</load_address>
         <run_address>0x20009eb8</run_address>
         <size>0x1a</size>
         <input_file_ref idref="fl-160"/>
      </object_component>
      <object_component id="oc-5ec">
         <name>.text:_SlDrvDeviceEventHandler</name>
         <load_address>0x20009ed2</load_address>
         <run_address>0x20009ed2</run_address>
         <size>0x1a</size>
         <input_file_ref idref="fl-154"/>
      </object_component>
      <object_component id="oc-350">
         <name>.text:SPICSDisable</name>
         <load_address>0x20009eec</load_address>
         <run_address>0x20009eec</run_address>
         <size>0x18</size>
         <input_file_ref idref="fl-160"/>
      </object_component>
      <object_component id="oc-5ad">
         <name>.text:SPICSEnable</name>
         <load_address>0x20009f04</load_address>
         <run_address>0x20009f04</run_address>
         <size>0x18</size>
         <input_file_ref idref="fl-160"/>
      </object_component>
      <object_component id="oc-356">
         <name>.text:SPIDisable</name>
         <load_address>0x20009f1c</load_address>
         <run_address>0x20009f1c</run_address>
         <size>0x18</size>
         <input_file_ref idref="fl-160"/>
      </object_component>
      <object_component id="oc-392">
         <name>.text:SPIEnable</name>
         <load_address>0x20009f34</load_address>
         <run_address>0x20009f34</run_address>
         <size>0x18</size>
         <input_file_ref idref="fl-160"/>
      </object_component>
      <object_component id="oc-3a">
         <name>.text</name>
         <load_address>0x20009f4c</load_address>
         <run_address>0x20009f4c</run_address>
         <size>0x18</size>
         <input_file_ref idref="fl-143"/>
      </object_component>
      <object_component id="oc-482">
         <name>.text</name>
         <load_address>0x20009f64</load_address>
         <run_address>0x20009f64</run_address>
         <size>0x18</size>
         <input_file_ref idref="fl-14e"/>
      </object_component>
      <object_component id="oc-27f">
         <name>.text:PRCMHIBRegRead</name>
         <load_address>0x20009f7c</load_address>
         <run_address>0x20009f7c</run_address>
         <size>0x16</size>
         <input_file_ref idref="fl-15f"/>
      </object_component>
      <object_component id="oc-285">
         <name>.text:PRCMHIBRegWrite</name>
         <load_address>0x20009f92</load_address>
         <run_address>0x20009f92</run_address>
         <size>0x16</size>
         <input_file_ref idref="fl-15f"/>
      </object_component>
      <object_component id="oc-18e">
         <name>.text:UARTCharGet</name>
         <load_address>0x20009fa8</load_address>
         <run_address>0x20009fa8</run_address>
         <size>0x16</size>
         <input_file_ref idref="fl-161"/>
      </object_component>
      <object_component id="oc-2b0">
         <name>.text:uDMAIntRegister</name>
         <load_address>0x20009fbe</load_address>
         <run_address>0x20009fbe</run_address>
         <size>0x16</size>
         <input_file_ref idref="fl-162"/>
      </object_component>
      <object_component id="oc-274">
         <name>.text:CPUcpsie</name>
         <load_address>0x20009fd4</load_address>
         <run_address>0x20009fd4</run_address>
         <size>0x14</size>
         <input_file_ref idref="fl-164"/>
      </object_component>
      <object_component id="oc-125">
         <name>.text:IntVTableBaseSet</name>
         <load_address>0x20009fe8</load_address>
         <run_address>0x20009fe8</run_address>
         <size>0x14</size>
         <input_file_ref idref="fl-15d"/>
      </object_component>
      <object_component id="oc-5df">
         <name>.text:_SlDrvShiftDWord</name>
         <load_address>0x20009ffc</load_address>
         <run_address>0x20009ffc</run_address>
         <size>0x14</size>
         <input_file_ref idref="fl-155"/>
      </object_component>
      <object_component id="oc-161">
         <name>.text</name>
         <load_address>0x2000a010</load_address>
         <run_address>0x2000a010</run_address>
         <size>0x14</size>
         <input_file_ref idref="fl-141"/>
      </object_component>
      <object_component id="oc-119">
         <name>.text</name>
         <load_address>0x2000a024</load_address>
         <run_address>0x2000a024</run_address>
         <size>0x14</size>
         <input_file_ref idref="fl-13f"/>
      </object_component>
      <object_component id="oc-2bc">
         <name>.text:uDMAControlBaseSet</name>
         <load_address>0x2000a038</load_address>
         <run_address>0x2000a038</run_address>
         <size>0x14</size>
         <input_file_ref idref="fl-162"/>
      </object_component>
      <object_component id="oc-2aa">
         <name>.text:uDMAIntClear</name>
         <load_address>0x2000a04c</load_address>
         <run_address>0x2000a04c</run_address>
         <size>0x14</size>
         <input_file_ref idref="fl-162"/>
      </object_component>
      <object_component id="oc-1c">
         <name>.text:decompress:ZI</name>
         <load_address>0x2000a060</load_address>
         <run_address>0x2000a060</run_address>
         <size>0x12</size>
         <input_file_ref idref="fl-138"/>
      </object_component>
      <object_component id="oc-106">
         <name>.text:sl_NetAppMDNSUnRegisterService</name>
         <load_address>0x2000a072</load_address>
         <run_address>0x2000a072</run_address>
         <size>0x12</size>
         <input_file_ref idref="fl-157"/>
      </object_component>
      <object_component id="oc-2f2">
         <name>.text:uDMAIntUnregister</name>
         <load_address>0x2000a084</load_address>
         <run_address>0x2000a084</run_address>
         <size>0x12</size>
         <input_file_ref idref="fl-162"/>
      </object_component>
      <object_component id="oc-3d4">
         <name>.text:NwpMaskInterrupt</name>
         <load_address>0x2000a098</load_address>
         <run_address>0x2000a098</run_address>
         <size>0x10</size>
         <input_file_ref idref="fl-15c"/>
      </object_component>
      <object_component id="oc-16">
         <name>.text:decompress:none</name>
         <load_address>0x2000a0a8</load_address>
         <run_address>0x2000a0a8</run_address>
         <size>0xe</size>
         <input_file_ref idref="fl-136"/>
      </object_component>
      <object_component id="oc-4b0">
         <name>.text</name>
         <load_address>0x2000a0b6</load_address>
         <run_address>0x2000a0b6</run_address>
         <size>0xe</size>
         <input_file_ref idref="fl-152"/>
      </object_component>
      <object_component id="oc-2c">
         <name>.text</name>
         <load_address>0x2000a0c4</load_address>
         <run_address>0x2000a0c4</run_address>
         <size>0xe</size>
         <input_file_ref idref="fl-4"/>
      </object_component>
      <object_component id="oc-5a5">
         <name>.text:NwpUnMaskInterrupt</name>
         <load_address>0x2000a0d4</load_address>
         <run_address>0x2000a0d4</run_address>
         <size>0xc</size>
         <input_file_ref idref="fl-15c"/>
      </object_component>
      <object_component id="oc-2f8">
         <name>.text:uDMADisable</name>
         <load_address>0x2000a0e0</load_address>
         <run_address>0x2000a0e0</run_address>
         <size>0xc</size>
         <input_file_ref idref="fl-162"/>
      </object_component>
      <object_component id="oc-2b6">
         <name>.text:uDMAEnable</name>
         <load_address>0x2000a0ec</load_address>
         <run_address>0x2000a0ec</run_address>
         <size>0xc</size>
         <input_file_ref idref="fl-162"/>
      </object_component>
      <object_component id="oc-2a4">
         <name>.text:uDMAIntStatus</name>
         <load_address>0x2000a0f8</load_address>
         <run_address>0x2000a0f8</run_address>
         <size>0xc</size>
         <input_file_ref idref="fl-162"/>
      </object_component>
      <object_component id="oc-12b">
         <name>.text:IntMasterEnable</name>
         <load_address>0x2000a104</load_address>
         <run_address>0x2000a104</run_address>
         <size>0xa</size>
         <input_file_ref idref="fl-15d"/>
      </object_component>
      <object_component id="oc-1e7">
         <name>.text:_SlNonOsSemSet</name>
         <load_address>0x2000a10e</load_address>
         <run_address>0x2000a10e</run_address>
         <size>0x8</size>
         <input_file_ref idref="fl-159"/>
      </object_component>
      <object_component id="oc-f4">
         <name>.text:sl_WlanDisconnect</name>
         <load_address>0x2000a116</load_address>
         <run_address>0x2000a116</run_address>
         <size>0x8</size>
         <input_file_ref idref="fl-15b"/>
      </object_component>
      <object_component id="oc-341">
         <name>.text:UtilsDelay</name>
         <load_address>0x2000a11e</load_address>
         <run_address>0x2000a11e</run_address>
         <size>0x6</size>
         <input_file_ref idref="fl-163"/>
      </object_component>
      <object_component id="oc-22">
         <name>.text:decompress:rle24</name>
         <load_address>0x2000a124</load_address>
         <run_address>0x2000a124</run_address>
         <size>0x6</size>
         <input_file_ref idref="fl-137"/>
      </object_component>
      <object_component id="oc-579">
         <name>.const:.string:_ctypes_</name>
         <load_address>0x2000a12c</load_address>
         <run_address>0x2000a12c</run_address>
         <size>0x102</size>
         <input_file_ref idref="fl-147"/>
      </object_component>
      <object_component id="oc-560">
         <name>.const:g_ulPinToPadMap</name>
         <load_address>0x2000a230</load_address>
         <run_address>0x2000a230</run_address>
         <size>0x100</size>
         <input_file_ref idref="fl-15e"/>
      </object_component>
      <object_component id="oc-227">
         <name>.const</name>
         <load_address>0x2000a330</load_address>
         <run_address>0x2000a330</run_address>
         <size>0xec</size>
         <input_file_ref idref="fl-15b"/>
      </object_component>
      <object_component id="oc-4df">
         <name>.const:g_pulRegs</name>
         <load_address>0x2000a41c</load_address>
         <run_address>0x2000a41c</run_address>
         <size>0xd4</size>
         <input_file_ref idref="fl-15d"/>
      </object_component>
      <object_component id="oc-446">
         <name>.const:PRCM_PeriphRegsList</name>
         <load_address>0x2000a4f0</load_address>
         <run_address>0x2000a4f0</run_address>
         <size>0xa8</size>
         <input_file_ref idref="fl-15f"/>
      </object_component>
      <object_component id="oc-27b">
         <name>.const</name>
         <load_address>0x2000a598</load_address>
         <run_address>0x2000a598</run_address>
         <size>0x80</size>
         <input_file_ref idref="fl-15d"/>
      </object_component>
      <object_component id="oc-42b">
         <name>.const</name>
         <load_address>0x2000a618</load_address>
         <run_address>0x2000a618</run_address>
         <size>0x4c</size>
         <input_file_ref idref="fl-155"/>
      </object_component>
      <object_component id="oc-10c">
         <name>.const:$P$T1$2</name>
         <load_address>0x2000a664</load_address>
         <run_address>0x2000a664</run_address>
         <size>0x2c</size>
         <input_file_ref idref="fl-2"/>
      </object_component>
      <object_component id="oc-433">
         <name>.const</name>
         <load_address>0x2000a690</load_address>
         <run_address>0x2000a690</run_address>
         <size>0x28</size>
         <input_file_ref idref="fl-157"/>
      </object_component>
      <object_component id="oc-5bb">
         <name>.const:g_ppulSPIIntMap</name>
         <load_address>0x2000a6b8</load_address>
         <run_address>0x2000a6b8</run_address>
         <size>0x24</size>
         <input_file_ref idref="fl-160"/>
      </object_component>
      <object_component id="oc-118">
         <name>.const:.string:$P$T0$1</name>
         <load_address>0x2000a6dc</load_address>
         <run_address>0x2000a6dc</run_address>
         <size>0x22</size>
         <input_file_ref idref="fl-2"/>
      </object_component>
      <object_component id="oc-115">
         <name>.const</name>
         <load_address>0x2000a700</load_address>
         <run_address>0x2000a700</run_address>
         <size>0x20</size>
         <input_file_ref idref="fl-2"/>
      </object_component>
      <object_component id="oc-587">
         <name>.const</name>
         <load_address>0x2000a720</load_address>
         <run_address>0x2000a720</run_address>
         <size>0x18</size>
         <input_file_ref idref="fl-160"/>
      </object_component>
      <object_component id="oc-23e">
         <name>.const</name>
         <load_address>0x2000a738</load_address>
         <run_address>0x2000a738</run_address>
         <size>0x14</size>
         <input_file_ref idref="fl-154"/>
      </object_component>
      <object_component id="oc-149">
         <name>.const:.string</name>
         <load_address>0x2000a74c</load_address>
         <run_address>0x2000a74c</run_address>
         <size>0xc</size>
         <input_file_ref idref="fl-2"/>
      </object_component>
      <object_component id="oc-256">
         <name>.const</name>
         <load_address>0x2000a758</load_address>
         <run_address>0x2000a758</run_address>
         <size>0x8</size>
         <input_file_ref idref="fl-158"/>
      </object_component>
      <object_component id="oc-643">
         <name>.cinit..data.load</name>
         <load_address>0x2000a760</load_address>
         <run_address>0x2000a760</run_address>
         <size>0x34</size>
      </object_component>
      <object_component id="oc-641">
         <name>__TI_handler_table</name>
         <load_address>0x2000a794</load_address>
         <run_address>0x2000a794</run_address>
         <size>0xc</size>
      </object_component>
      <object_component id="oc-644">
         <name>.cinit..bss.load</name>
         <load_address>0x2000a7a0</load_address>
         <run_address>0x2000a7a0</run_address>
         <size>0x8</size>
      </object_component>
      <object_component id="oc-642">
         <name>__TI_cinit_table</name>
         <load_address>0x2000a7a8</load_address>
         <run_address>0x2000a7a8</run_address>
         <size>0x10</size>
      </object_component>
      <object_component id="oc-46">
         <name>.data</name>
         <load_address>0x20017f60</load_address>
         <run_address>0x20017f60</run_address>
         <size>0x4</size>
         <input_file_ref idref="fl-13e"/>
      </object_component>
      <object_component id="oc-85">
         <name>.data</name>
         <load_address>0x20017f50</load_address>
         <run_address>0x20017f50</run_address>
         <size>0x8</size>
         <input_file_ref idref="fl-141"/>
      </object_component>
      <object_component id="oc-88">
         <name>.data</name>
         <load_address>0x20017f58</load_address>
         <run_address>0x20017f58</run_address>
         <size>0x8</size>
         <input_file_ref idref="fl-139"/>
      </object_component>
      <object_component id="oc-bb">
         <name>.data</name>
         <load_address>0x20017f28</load_address>
         <run_address>0x20017f28</run_address>
         <size>0x1c</size>
         <input_file_ref idref="fl-2"/>
      </object_component>
      <object_component id="oc-20b">
         <name>.data</name>
         <load_address>0x20017d5c</load_address>
         <run_address>0x20017d5c</run_address>
         <size>0x170</size>
         <input_file_ref idref="fl-155"/>
      </object_component>
      <object_component id="oc-33b">
         <name>.data</name>
         <load_address>0x20017f44</load_address>
         <run_address>0x20017f44</run_address>
         <size>0xc</size>
         <input_file_ref idref="fl-13c"/>
      </object_component>
      <object_component id="oc-398">
         <name>.data</name>
         <load_address>0x20017ecc</load_address>
         <run_address>0x20017ecc</run_address>
         <size>0x5c</size>
         <input_file_ref idref="fl-15c"/>
      </object_component>
      <object_component id="oc-be">
         <name>.bss:g_ucConnectionSSID</name>
         <uninitialized>true</uninitialized>
         <run_address>0x20017d28</run_address>
         <size>0x24</size>
         <input_file_ref idref="fl-2"/>
      </object_component>
      <object_component id="oc-21c">
         <name>.bss:g__SlNonOsCB</name>
         <uninitialized>true</uninitialized>
         <run_address>0x20017d00</run_address>
         <size>0x28</size>
         <input_file_ref idref="fl-159"/>
      </object_component>
      <object_component id="oc-301">
         <name>.bss:gpCtlTbl</name>
         <uninitialized>true</uninitialized>
         <run_address>0x20017800</run_address>
         <size>0x400</size>
         <input_file_ref idref="fl-6"/>
      </object_component>
      <object_component id="oc-304">
         <name>.bss:gfpAppCallbackHndl</name>
         <uninitialized>true</uninitialized>
         <run_address>0x20017c00</run_address>
         <size>0x100</size>
         <input_file_ref idref="fl-6"/>
      </object_component>
      <object_component id="oc-c9">
         <name>.common:g_ucConnectionBSSID</name>
         <uninitialized>true</uninitialized>
         <run_address>0x20017d4c</run_address>
         <size>0x8</size>
      </object_component>
      <object_component id="oc-1a0">
         <name>.common:__Errorlog</name>
         <uninitialized>true</uninitialized>
         <run_address>0x20017d54</run_address>
         <size>0x4</size>
      </object_component>
      <object_component id="oc-2fe">
         <name>.common:iDone</name>
         <uninitialized>true</uninitialized>
         <run_address>0x20017d59</run_address>
         <size>0x1</size>
      </object_component>
      <object_component id="oc-5f9">
         <name>.common:g_cDummy</name>
         <uninitialized>true</uninitialized>
         <run_address>0x20017d58</run_address>
         <size>0x1</size>
      </object_component>
      <object_component id="oc-29">
         <name>.sysmem</name>
         <uninitialized>true</uninitialized>
         <run_address>0x20017000</run_address>
         <size>0x8</size>
         <input_file_ref idref="fl-13c"/>
      </object_component>
      <object_component id="oc-646">
         <name>.sysmem</name>
         <uninitialized>true</uninitialized>
         <run_address>0x20017000</run_address>
         <size>0x0</size>
      </object_component>
      <object_component id="oc-28">
         <name>.stack</name>
         <uninitialized>true</uninitialized>
         <run_address>0x2002f800</run_address>
         <size>0x0</size>
         <input_file_ref idref="fl-135"/>
      </object_component>
      <object_component id="oc-645">
         <name>.stack</name>
         <uninitialized>true</uninitialized>
         <run_address>0x2002f800</run_address>
         <size>0x0</size>
      </object_component>
      <object_component id="oc-f">
         <name>.debug_info</name>
         <load_address>0x0</load_address>
         <run_address>0x0</run_address>
         <size>0x135</size>
         <input_file_ref idref="fl-4"/>
      </object_component>
      <object_component id="oc-13">
         <name>.debug_info</name>
         <load_address>0x135</load_address>
         <run_address>0x135</run_address>
         <size>0x108</size>
         <input_file_ref idref="fl-135"/>
      </object_component>
      <object_component id="oc-17">
         <name>.debug_info</name>
         <load_address>0x23d</load_address>
         <run_address>0x23d</run_address>
         <size>0x1a9</size>
         <input_file_ref idref="fl-136"/>
      </object_component>
      <object_component id="oc-1e">
         <name>.debug_info</name>
         <load_address>0x3e6</load_address>
         <run_address>0x3e6</run_address>
         <size>0x17f</size>
         <input_file_ref idref="fl-138"/>
      </object_component>
      <object_component id="oc-25">
         <name>.debug_info</name>
         <load_address>0x565</load_address>
         <run_address>0x565</run_address>
         <size>0x1a3</size>
         <input_file_ref idref="fl-137"/>
      </object_component>
      <object_component id="oc-2a">
         <name>.debug_info</name>
         <load_address>0x708</load_address>
         <run_address>0x708</run_address>
         <size>0xcb</size>
         <input_file_ref idref="fl-13c"/>
      </object_component>
      <object_component id="oc-2f">
         <name>.debug_info</name>
         <load_address>0x7d3</load_address>
         <run_address>0x7d3</run_address>
         <size>0x456</size>
         <input_file_ref idref="fl-4"/>
      </object_component>
      <object_component id="oc-34">
         <name>.debug_info</name>
         <load_address>0xc29</load_address>
         <run_address>0xc29</run_address>
         <size>0x14a</size>
         <input_file_ref idref="fl-4"/>
      </object_component>
      <object_component id="oc-36">
         <name>.debug_info</name>
         <load_address>0xd73</load_address>
         <run_address>0xd73</run_address>
         <size>0x152</size>
         <input_file_ref idref="fl-145"/>
      </object_component>
      <object_component id="oc-3b">
         <name>.debug_info</name>
         <load_address>0xec5</load_address>
         <run_address>0xec5</run_address>
         <size>0x131</size>
         <input_file_ref idref="fl-143"/>
      </object_component>
      <object_component id="oc-41">
         <name>.debug_info</name>
         <load_address>0xff6</load_address>
         <run_address>0xff6</run_address>
         <size>0x1d7</size>
         <input_file_ref idref="fl-139"/>
      </object_component>
      <object_component id="oc-47">
         <name>.debug_info</name>
         <load_address>0x11cd</load_address>
         <run_address>0x11cd</run_address>
         <size>0xd3</size>
         <input_file_ref idref="fl-13e"/>
      </object_component>
      <object_component id="oc-4c">
         <name>.debug_info</name>
         <load_address>0x12a0</load_address>
         <run_address>0x12a0</run_address>
         <size>0xe1</size>
         <input_file_ref idref="fl-13a"/>
      </object_component>
      <object_component id="oc-50">
         <name>.debug_info</name>
         <load_address>0x1381</load_address>
         <run_address>0x1381</run_address>
         <size>0x46</size>
         <input_file_ref idref="fl-136"/>
      </object_component>
      <object_component id="oc-55">
         <name>.debug_info</name>
         <load_address>0x13c7</load_address>
         <run_address>0x13c7</run_address>
         <size>0x107</size>
         <input_file_ref idref="fl-136"/>
      </object_component>
      <object_component id="oc-57">
         <name>.debug_info</name>
         <load_address>0x14ce</load_address>
         <run_address>0x14ce</run_address>
         <size>0x46</size>
         <input_file_ref idref="fl-138"/>
      </object_component>
      <object_component id="oc-5c">
         <name>.debug_info</name>
         <load_address>0x1514</load_address>
         <run_address>0x1514</run_address>
         <size>0xc2</size>
         <input_file_ref idref="fl-138"/>
      </object_component>
      <object_component id="oc-61">
         <name>.debug_info</name>
         <load_address>0x15d6</load_address>
         <run_address>0x15d6</run_address>
         <size>0x204</size>
         <input_file_ref idref="fl-137"/>
      </object_component>
      <object_component id="oc-64">
         <name>.debug_info</name>
         <load_address>0x17da</load_address>
         <run_address>0x17da</run_address>
         <size>0xcc</size>
         <input_file_ref idref="fl-137"/>
      </object_component>
      <object_component id="oc-65">
         <name>.debug_info</name>
         <load_address>0x18a6</load_address>
         <run_address>0x18a6</run_address>
         <size>0x39</size>
         <input_file_ref idref="fl-137"/>
      </object_component>
      <object_component id="oc-6c">
         <name>.debug_info</name>
         <load_address>0x18df</load_address>
         <run_address>0x18df</run_address>
         <size>0x1ec</size>
         <input_file_ref idref="fl-13c"/>
      </object_component>
      <object_component id="oc-71">
         <name>.debug_info</name>
         <load_address>0x1acb</load_address>
         <run_address>0x1acb</run_address>
         <size>0x84</size>
         <input_file_ref idref="fl-2"/>
      </object_component>
      <object_component id="oc-79">
         <name>.debug_info</name>
         <load_address>0x1b4f</load_address>
         <run_address>0x1b4f</run_address>
         <size>0x160</size>
         <input_file_ref idref="fl-146"/>
      </object_component>
      <object_component id="oc-7e">
         <name>.debug_info</name>
         <load_address>0x1caf</load_address>
         <run_address>0x1caf</run_address>
         <size>0xccc</size>
         <input_file_ref idref="fl-2"/>
      </object_component>
      <object_component id="oc-84">
         <name>.debug_info</name>
         <load_address>0x297b</load_address>
         <run_address>0x297b</run_address>
         <size>0x130</size>
         <input_file_ref idref="fl-143"/>
      </object_component>
      <object_component id="oc-86">
         <name>.debug_info</name>
         <load_address>0x2aab</load_address>
         <run_address>0x2aab</run_address>
         <size>0xdd</size>
         <input_file_ref idref="fl-141"/>
      </object_component>
      <object_component id="oc-89">
         <name>.debug_info</name>
         <load_address>0x2b88</load_address>
         <run_address>0x2b88</run_address>
         <size>0x100</size>
         <input_file_ref idref="fl-139"/>
      </object_component>
      <object_component id="oc-8c">
         <name>.debug_info</name>
         <load_address>0x2c88</load_address>
         <run_address>0x2c88</run_address>
         <size>0x15b</size>
         <input_file_ref idref="fl-139"/>
      </object_component>
      <object_component id="oc-91">
         <name>.debug_info</name>
         <load_address>0x2de3</load_address>
         <run_address>0x2de3</run_address>
         <size>0x2c</size>
         <input_file_ref idref="fl-136"/>
      </object_component>
      <object_component id="oc-98">
         <name>.debug_info</name>
         <load_address>0x2e0f</load_address>
         <run_address>0x2e0f</run_address>
         <size>0x2c</size>
         <input_file_ref idref="fl-138"/>
      </object_component>
      <object_component id="oc-a4">
         <name>.debug_info</name>
         <load_address>0x2e3b</load_address>
         <run_address>0x2e3b</run_address>
         <size>0x2c</size>
         <input_file_ref idref="fl-13c"/>
      </object_component>
      <object_component id="oc-a9">
         <name>.debug_info</name>
         <load_address>0x2e67</load_address>
         <run_address>0x2e67</run_address>
         <size>0x62</size>
         <input_file_ref idref="fl-13c"/>
      </object_component>
      <object_component id="oc-af">
         <name>.debug_info</name>
         <load_address>0x2ec9</load_address>
         <run_address>0x2ec9</run_address>
         <size>0x15d</size>
         <input_file_ref idref="fl-146"/>
      </object_component>
      <object_component id="oc-b1">
         <name>.debug_info</name>
         <load_address>0x3026</load_address>
         <run_address>0x3026</run_address>
         <size>0x8c9</size>
         <input_file_ref idref="fl-5"/>
      </object_component>
      <object_component id="oc-b7">
         <name>.debug_info</name>
         <load_address>0x38ef</load_address>
         <run_address>0x38ef</run_address>
         <size>0x111</size>
         <input_file_ref idref="fl-13d"/>
      </object_component>
      <object_component id="oc-bc">
         <name>.debug_info</name>
         <load_address>0x3a00</load_address>
         <run_address>0x3a00</run_address>
         <size>0x211</size>
         <input_file_ref idref="fl-2"/>
      </object_component>
      <object_component id="oc-bf">
         <name>.debug_info</name>
         <load_address>0x3c11</load_address>
         <run_address>0x3c11</run_address>
         <size>0x10d</size>
         <input_file_ref idref="fl-2"/>
      </object_component>
      <object_component id="oc-c2">
         <name>.debug_info</name>
         <load_address>0x3d1e</load_address>
         <run_address>0x3d1e</run_address>
         <size>0x8f5</size>
         <input_file_ref idref="fl-2"/>
      </object_component>
      <object_component id="oc-cb">
         <name>.debug_info</name>
         <load_address>0x4613</load_address>
         <run_address>0x4613</run_address>
         <size>0x36c</size>
         <input_file_ref idref="fl-154"/>
      </object_component>
      <object_component id="oc-d1">
         <name>.debug_info</name>
         <load_address>0x497f</load_address>
         <run_address>0x497f</run_address>
         <size>0x19b</size>
         <input_file_ref idref="fl-159"/>
      </object_component>
      <object_component id="oc-d9">
         <name>.debug_info</name>
         <load_address>0x4b1a</load_address>
         <run_address>0x4b1a</run_address>
         <size>0x1bf</size>
         <input_file_ref idref="fl-15b"/>
      </object_component>
      <object_component id="oc-dd">
         <name>.debug_info</name>
         <load_address>0x4cd9</load_address>
         <run_address>0x4cd9</run_address>
         <size>0x31d</size>
         <input_file_ref idref="fl-154"/>
      </object_component>
      <object_component id="oc-e3">
         <name>.debug_info</name>
         <load_address>0x4ff6</load_address>
         <run_address>0x4ff6</run_address>
         <size>0x283</size>
         <input_file_ref idref="fl-154"/>
      </object_component>
      <object_component id="oc-eb">
         <name>.debug_info</name>
         <load_address>0x5279</load_address>
         <run_address>0x5279</run_address>
         <size>0x24c</size>
         <input_file_ref idref="fl-15b"/>
      </object_component>
      <object_component id="oc-f1">
         <name>.debug_info</name>
         <load_address>0x54c5</load_address>
         <run_address>0x54c5</run_address>
         <size>0x1c9</size>
         <input_file_ref idref="fl-15b"/>
      </object_component>
      <object_component id="oc-f7">
         <name>.debug_info</name>
         <load_address>0x568e</load_address>
         <run_address>0x568e</run_address>
         <size>0x18e</size>
         <input_file_ref idref="fl-15b"/>
      </object_component>
      <object_component id="oc-fb">
         <name>.debug_info</name>
         <load_address>0x581c</load_address>
         <run_address>0x581c</run_address>
         <size>0x27e</size>
         <input_file_ref idref="fl-158"/>
      </object_component>
      <object_component id="oc-103">
         <name>.debug_info</name>
         <load_address>0x5a9a</load_address>
         <run_address>0x5a9a</run_address>
         <size>0x277</size>
         <input_file_ref idref="fl-15b"/>
      </object_component>
      <object_component id="oc-10a">
         <name>.debug_info</name>
         <load_address>0x5d11</load_address>
         <run_address>0x5d11</run_address>
         <size>0x25a</size>
         <input_file_ref idref="fl-157"/>
      </object_component>
      <object_component id="oc-10d">
         <name>.debug_info</name>
         <load_address>0x5f6b</load_address>
         <run_address>0x5f6b</run_address>
         <size>0xf7</size>
         <input_file_ref idref="fl-2"/>
      </object_component>
      <object_component id="oc-112">
         <name>.debug_info</name>
         <load_address>0x6062</load_address>
         <run_address>0x6062</run_address>
         <size>0x2a9</size>
         <input_file_ref idref="fl-15b"/>
      </object_component>
      <object_component id="oc-116">
         <name>.debug_info</name>
         <load_address>0x630b</load_address>
         <run_address>0x630b</run_address>
         <size>0x116</size>
         <input_file_ref idref="fl-2"/>
      </object_component>
      <object_component id="oc-11a">
         <name>.debug_info</name>
         <load_address>0x6421</load_address>
         <run_address>0x6421</run_address>
         <size>0x196</size>
         <input_file_ref idref="fl-13f"/>
      </object_component>
      <object_component id="oc-122">
         <name>.debug_info</name>
         <load_address>0x65b7</load_address>
         <run_address>0x65b7</run_address>
         <size>0x323</size>
         <input_file_ref idref="fl-15b"/>
      </object_component>
[...]
         <name>_SlGetServiceListeCtrl</name>
         <value>0x2000a69c</value>
         <object_component_ref idref="oc-433"/>
      </symbol>
      <symbol id="sm-889">
         <name>_SlNetAppStopCtrl</name>
         <value>0x2000a698</value>
         <object_component_ref idref="oc-433"/>
      </symbol>
      <symbol id="sm-88a">
         <name>_SlNetAppSetCmdCtrl</name>
         <value>0x2000a6ac</value>
         <object_component_ref idref="oc-433"/>
      </symbol>
      <symbol id="sm-88b">
         <name>_SlNetAppGetCmdCtrl</name>
         <value>0x2000a6b4</value>
         <object_component_ref idref="oc-433"/>
      </symbol>
      <symbol id="sm-88c">
         <name>_sl_HandleAsync_DnsGetHostByName</name>
         <value>0x200089c9</value>
         <object_component_ref idref="oc-537"/>
      </symbol>
      <symbol id="sm-88d">
         <name>_SlRegisterServiceCtrl</name>
         <value>0x2000a6a0</value>
         <object_component_ref idref="oc-433"/>
      </symbol>
      <symbol id="sm-88e">
         <name>_sl_HandleAsync_PingResponse</name>
         <value>0x20008c39</value>
         <object_component_ref idref="oc-543"/>
      </symbol>
      <symbol id="sm-88f">
         <name>_SlNetAppStartCtrl</name>
         <value>0x2000a694</value>
         <object_component_ref idref="oc-433"/>
      </symbol>
      <symbol id="sm-890">
         <name>_SlDrvNetAppEventHandler</name>
         <value>0x20007fe5</value>
         <object_component_ref idref="oc-5e6"/>
      </symbol>
      <symbol id="sm-891">
         <name>_sl_HandleAsync_DnsGetHostByService</name>
         <value>0x20008ee9</value>
         <object_component_ref idref="oc-53d"/>
      </symbol>
      <symbol id="sm-892">
         <name>sl_NetAppSendTokenValue</name>
         <value>0x200092ed</value>
         <object_component_ref idref="oc-60d"/>
      </symbol>
      <symbol id="sm-893">
         <name>CopyPingResultsToReport</name>
         <value>0x20009e1d</value>
         <object_component_ref idref="oc-5c6"/>
      </symbol>
      <symbol id="sm-894">
         <name>_SlGetHostByNameCtrl</name>
         <value>0x2000a6a8</value>
         <object_component_ref idref="oc-433"/>
      </symbol>
      <symbol id="sm-895">
         <name>_SlGetHostByServiceCtrl</name>
         <value>0x2000a6a4</value>
         <object_component_ref idref="oc-433"/>
      </symbol>
      <symbol id="sm-896">
         <name>sl_NetAppMDNSRegisterUnregisterService</name>
         <value>0x20008835</value>
         <object_component_ref idref="oc-262"/>
      </symbol>
      <symbol id="sm-8b4">
         <name>_SlNetCfgSetCmdCtrl</name>
         <value>0x2000a758</value>
         <object_component_ref idref="oc-256"/>
      </symbol>
      <symbol id="sm-8b5">
         <name>_SlNetCfgGetCmdCtrl</name>
         <value>0x2000a75c</value>
         <object_component_ref idref="oc-256"/>
      </symbol>
      <symbol id="sm-8b6">
         <name>sl_NetCfgSet</name>
         <value>0x200096a5</value>
         <object_component_ref idref="oc-fa"/>
      </symbol>
      <symbol id="sm-8f4">
         <name>_SlNonOsSemSet</name>
         <value>0x2000a10f</value>
         <object_component_ref idref="oc-1e7"/>
      </symbol>
      <symbol id="sm-8f5">
         <name>_SlNonOsSpawn</name>
         <value>0x20009d35</value>
         <object_component_ref idref="oc-3da"/>
      </symbol>
      <symbol id="sm-8f6">
         <name>_SlNonOsSemGet</name>
         <value>0x20009b21</value>
         <object_component_ref idref="oc-1e1"/>
      </symbol>
      <symbol id="sm-8f7">
         <name>_SlNonOsMainLoopTask</name>
         <value>0x20009769</value>
         <object_component_ref idref="oc-d0"/>
      </symbol>
      <symbol id="sm-8f8">
         <name>g__SlNonOsCB</name>
         <value>0x20017d00</value>
         <object_component_ref idref="oc-21c"/>
      </symbol>
      <symbol id="sm-92a">
         <name>_sl_HandleAsync_Connect</name>
         <value>0x20008e15</value>
         <object_component_ref idref="oc-52b"/>
      </symbol>
      <symbol id="sm-92b">
         <name>_sl_HandleAsync_Select</name>
         <value>0x200090d9</value>
         <object_component_ref idref="oc-531"/>
      </symbol>
      <symbol id="sm-92c">
         <name>_sl_HandleAsync_Accept</name>
         <value>0x20008e81</value>
         <object_component_ref idref="oc-525"/>
      </symbol>
      <symbol id="sm-99d">
         <name>sl_WlanDisconnect</name>
         <value>0x2000a117</value>
         <object_component_ref idref="oc-f4"/>
      </symbol>
      <symbol id="sm-99e">
         <name>_SlPolicyGetCmdCtrl</name>
         <value>0x2000a338</value>
         <object_component_ref idref="oc-227"/>
      </symbol>
      <symbol id="sm-99f">
         <name>_SlPolicySetCmdCtrl</name>
         <value>0x2000a334</value>
         <object_component_ref idref="oc-227"/>
      </symbol>
      <symbol id="sm-9a0">
         <name>_SlRxFilterGetCmdCtrl</name>
         <value>0x2000a350</value>
         <object_component_ref idref="oc-227"/>
      </symbol>
      <symbol id="sm-9a1">
         <name>_SlRxFilterSetCmdCtrl</name>
         <value>0x2000a34c</value>
         <object_component_ref idref="oc-227"/>
      </symbol>
      <symbol id="sm-9a2">
         <name>_SlProfileGetCmdCtrl</name>
         <value>0x2000a33c</value>
         <object_component_ref idref="oc-227"/>
      </symbol>
      <symbol id="sm-9a3">
         <name>_SlWlanGetNetworkListCtrl</name>
         <value>0x2000a344</value>
         <object_component_ref idref="oc-227"/>
      </symbol>
      <symbol id="sm-9a4">
         <name>sl_WlanPolicySet</name>
         <value>0x200097e9</value>
         <object_component_ref idref="oc-e8"/>
      </symbol>
      <symbol id="sm-9a5">
         <name>_SlProfileDelCmdCtrl</name>
         <value>0x2000a340</value>
         <object_component_ref idref="oc-227"/>
      </symbol>
      <symbol id="sm-9a6">
         <name>_SlWlanSetModeCmdCtrl</name>
         <value>0x2000a358</value>
         <object_component_ref idref="oc-227"/>
      </symbol>
      <symbol id="sm-9a7">
         <name>_SlWlanCfgSetCmdCtrl</name>
         <value>0x2000a35c</value>
         <object_component_ref idref="oc-227"/>
      </symbol>
      <symbol id="sm-9a8">
         <name>_SlWlanCfgGetCmdCtrl</name>
         <value>0x2000a360</value>
         <object_component_ref idref="oc-227"/>
      </symbol>
      <symbol id="sm-9a9">
         <name>sl_WlanProfileDel</name>
         <value>0x20009c8d</value>
         <object_component_ref idref="oc-ee"/>
      </symbol>
      <symbol id="sm-9aa">
         <name>_SlRxFilterAddtCmdCtrl</name>
         <value>0x2000a348</value>
         <object_component_ref idref="oc-227"/>
      </symbol>
      <symbol id="sm-9ab">
         <name>sl_WlanRxFilterSet</name>
         <value>0x20009829</value>
         <object_component_ref idref="oc-10f"/>
      </symbol>
      <symbol id="sm-9ac">
         <name>sl_WlanConnect</name>
         <value>0x20007049</value>
         <object_component_ref idref="oc-11f"/>
      </symbol>
      <symbol id="sm-9ad">
         <name>sl_WlanSet</name>
         <value>0x2000954d</value>
         <object_component_ref idref="oc-100"/>
      </symbol>
      <symbol id="sm-9ae">
         <name>_SlSmartConfigStartCmdCtrl</name>
         <value>0x2000a354</value>
         <object_component_ref idref="oc-227"/>
      </symbol>
      <symbol id="sm-9af">
         <name>sl_WlanSetMode</name>
         <value>0x20009bd5</value>
         <object_component_ref idref="oc-d6"/>
      </symbol>
      <symbol id="sm-a74">
         <name>g_cDummy</name>
         <value>0x20017d58</value>
      </symbol>
      <symbol id="sm-a75">
         <name>NwpMaskInterrupt</name>
         <value>0x2000a099</value>
         <object_component_ref idref="oc-3d4"/>
      </symbol>
      <symbol id="sm-a76">
         <name>NwpRegisterInterruptHandler</name>
         <value>0x20009959</value>
         <object_component_ref idref="oc-1f3"/>
      </symbol>
      <symbol id="sm-a77">
         <name>NwpPowerOnPreamble</name>
         <value>0x20008a4d</value>
         <object_component_ref idref="oc-1c9"/>
      </symbol>
      <symbol id="sm-a78">
         <name>g_pHostIntHdl</name>
         <value>0x20017ed0</value>
         <object_component_ref idref="oc-398"/>
      </symbol>
      <symbol id="sm-a79">
         <name>NwpUnMaskInterrupt</name>
         <value>0x2000a0d5</value>
         <object_component_ref idref="oc-5a5"/>
      </symbol>
      <symbol id="sm-a7a">
         <name>g_ucDinDout</name>
         <value>0x20017ed8</value>
         <object_component_ref idref="oc-398"/>
      </symbol>
      <symbol id="sm-a7b">
         <name>NwpPowerOff</name>
         <value>0x20009869</value>
         <object_component_ref idref="oc-1ed"/>
      </symbol>
      <symbol id="sm-a7c">
         <name>spi_Read</name>
         <value>0x20007d95</value>
         <object_component_ref idref="oc-599"/>
      </symbol>
      <symbol id="sm-a7d">
         <name>DmaSpiSwIntHandler</name>
         <value>0x20009bfd</value>
         <object_component_ref idref="oc-39b"/>
      </symbol>
      <symbol id="sm-a7e">
         <name>NwpPowerOn</name>
         <value>0x20009a61</value>
         <object_component_ref idref="oc-1f9"/>
      </symbol>
      <symbol id="sm-a7f">
         <name>spi_Close</name>
         <value>0x20008da1</value>
         <object_component_ref idref="oc-232"/>
      </symbol>
      <symbol id="sm-a80">
         <name>spi_Write</name>
         <value>0x20007bdd</value>
         <object_component_ref idref="oc-512"/>
      </symbol>
      <symbol id="sm-a81">
         <name>spi_Open</name>
         <value>0x20007591</value>
         <object_component_ref idref="oc-1d5"/>
      </symbol>
      <symbol id="sm-a82">
         <name>g_ucDMAEnabled</name>
         <value>0x20017ed4</value>
         <object_component_ref idref="oc-398"/>
      </symbol>
      <symbol id="sm-a83">
         <name>g_SpiFd</name>
         <value>0x20017ecc</value>
         <object_component_ref idref="oc-398"/>
      </symbol>
      <symbol id="sm-b09">
         <name>IntPendClear</name>
         <value>0x20009191</value>
         <object_component_ref idref="oc-3bd"/>
      </symbol>
      <symbol id="sm-b0a">
         <name>IntPrioritySet</name>
         <value>0x20009299</value>
         <object_component_ref idref="oc-386"/>
      </symbol>
      <symbol id="sm-b0b">
         <name>IntVTableBaseSet</name>
         <value>0x20009fe9</value>
         <object_component_ref idref="oc-125"/>
      </symbol>
      <symbol id="sm-b0c">
         <name>IntEnable</name>
         <value>0x20008141</value>
         <object_component_ref idref="oc-131"/>
      </symbol>
      <symbol id="sm-b0d">
         <name>IntDisable</name>
         <value>0x20008099</value>
         <object_component_ref idref="oc-3b1"/>
      </symbol>
      <symbol id="sm-b0e">
         <name>IntRegister</name>
         <value>0x20009cf5</value>
         <object_component_ref idref="oc-380"/>
      </symbol>
      <symbol id="sm-b0f">
         <name>IntUnregister</name>
         <value>0x20009c21</value>
         <object_component_ref idref="oc-3b7"/>
      </symbol>
      <symbol id="sm-b10">
         <name>IntMasterEnable</name>
         <value>0x2000a105</value>
         <object_component_ref idref="oc-12b"/>
      </symbol>
      <symbol id="sm-b3d">
         <name>PinTypeUART</name>
         <value>0x20009e37</value>
         <object_component_ref idref="oc-30d"/>
      </symbol>
      <symbol id="sm-b3e">
         <name>PinConfigSet</name>
         <value>0x2000869d</value>
         <object_component_ref idref="oc-474"/>
      </symbol>
      <symbol id="sm-b3f">
         <name>PinModeSet</name>
         <value>0x200096e9</value>
         <object_component_ref idref="oc-46e"/>
      </symbol>
      <symbol id="sm-bce">
         <name>PRCMPeripheralReset</name>
         <value>0x200091e9</value>
         <object_component_ref idref="oc-291"/>
      </symbol>
      <symbol id="sm-bcf">
         <name>PRCMPeripheralClkEnable</name>
         <value>0x200098a5</value>
         <object_component_ref idref="oc-28b"/>
      </symbol>
      <symbol id="sm-bd0">
         <name>PRCMPeripheralClockGet</name>
         <value>0x200083bd</value>
         <object_component_ref idref="oc-176"/>
      </symbol>
      <symbol id="sm-bd1">
         <name>PRCMCC3200MCUInit</name>
         <value>0x2000745d</value>
         <object_component_ref idref="oc-137"/>
      </symbol>
      <symbol id="sm-bd2">
         <name>PRCMHIBRegWrite</name>
         <value>0x20009f93</value>
         <object_component_ref idref="oc-285"/>
      </symbol>
      <symbol id="sm-bd3">
         <name>PRCMSysResetCauseGet</name>
         <value>0x20009b81</value>
         <object_component_ref idref="oc-29d"/>
      </symbol>
      <symbol id="sm-bd4">
         <name>PRCMPeripheralStatusGet</name>
         <value>0x20009991</value>
         <object_component_ref idref="oc-368"/>
      </symbol>
      <symbol id="sm-bd5">
         <name>PRCMPeripheralClkDisable</name>
         <value>0x20009bad</value>
         <object_component_ref idref="oc-297"/>
      </symbol>
      <symbol id="sm-bd6">
         <name>PRCMHIBRegRead</name>
         <value>0x20009f7d</value>
         <object_component_ref idref="oc-27f"/>
      </symbol>
      <symbol id="sm-c91">
         <name>SPIFIFODisable</name>
         <value>0x20009e85</value>
         <object_component_ref idref="oc-40e"/>
      </symbol>
      <symbol id="sm-c92">
         <name>SPICSEnable</name>
         <value>0x20009f05</value>
         <object_component_ref idref="oc-5ad"/>
      </symbol>
      <symbol id="sm-c93">
         <name>SPIDisable</name>
         <value>0x20009f1d</value>
         <object_component_ref idref="oc-356"/>
      </symbol>
      <symbol id="sm-c94">
         <name>SPIFIFOEnable</name>
         <value>0x20009e9f</value>
         <object_component_ref idref="oc-36e"/>
      </symbol>
      <symbol id="sm-c95">
         <name>SPIWordCountSet</name>
         <value>0x20009cd3</value>
         <object_component_ref idref="oc-5b3"/>
      </symbol>
      <symbol id="sm-c96">
         <name>SPIEnable</name>
         <value>0x20009f35</value>
         <object_component_ref idref="oc-392"/>
      </symbol>
      <symbol id="sm-c97">
         <name>SPIDmaEnable</name>
         <value>0x20009e6b</value>
         <object_component_ref idref="oc-374"/>
      </symbol>
      <symbol id="sm-c98">
         <name>SPIConfigSetExpClk</name>
         <value>0x200081e9</value>
         <object_component_ref idref="oc-362"/>
      </symbol>
      <symbol id="sm-c99">
         <name>SPIIntUnregister</name>
         <value>0x20009eb9</value>
         <object_component_ref idref="oc-408"/>
      </symbol>
      <symbol id="sm-c9a">
         <name>SPIFIFOLevelSet</name>
         <value>0x200099c5</value>
         <object_component_ref idref="oc-37a"/>
      </symbol>
      <symbol id="sm-c9b">
         <name>SPIDmaDisable</name>
         <value>0x20009e51</value>
         <object_component_ref idref="oc-414"/>
      </symbol>
      <symbol id="sm-c9c">
         <name>SPIReset</name>
         <value>0x20009cb1</value>
         <object_component_ref idref="oc-35c"/>
      </symbol>
      <symbol id="sm-c9d">
         <name>SPIIntEnable</name>
         <value>0x20009341</value>
         <object_component_ref idref="oc-38c"/>
      </symbol>
      <symbol id="sm-c9e">
         <name>SPIIntClear</name>
         <value>0x200094bd</value>
         <object_component_ref idref="oc-4ed"/>
      </symbol>
      <symbol id="sm-c9f">
         <name>SPICSDisable</name>
         <value>0x20009eed</value>
         <object_component_ref idref="oc-350"/>
      </symbol>
      <symbol id="sm-cd0">
         <name>UARTConfigSetExpClk</name>
         <value>0x20008d29</value>
         <object_component_ref idref="oc-17c"/>
      </symbol>
      <symbol id="sm-cd1">
         <name>UARTDisable</name>
         <value>0x20009a91</value>
         <object_component_ref idref="oc-318"/>
      </symbol>
      <symbol id="sm-cd2">
         <name>UARTCharPut</name>
         <value>0x20009d55</value>
         <object_component_ref idref="oc-182"/>
      </symbol>
      <symbol id="sm-cd3">
         <name>UARTEnable</name>
         <value>0x20009c45</value>
         <object_component_ref idref="oc-31e"/>
      </symbol>
      <symbol id="sm-cd4">
         <name>UARTCharGet</name>
         <value>0x20009fa9</value>
         <object_component_ref idref="oc-18e"/>
      </symbol>
      <symbol id="sm-d81">
         <name>uDMAChannelControlSet</name>
         <value>0x2000991d</value>
         <object_component_ref idref="oc-2ce"/>
      </symbol>
      <symbol id="sm-d82">
         <name>uDMAIntClear</name>
         <value>0x2000a04d</value>
         <object_component_ref idref="oc-2aa"/>
      </symbol>
      <symbol id="sm-d83">
         <name>uDMAChannelDisable</name>
         <value>0x20009dc9</value>
         <object_component_ref idref="oc-2ec"/>
      </symbol>
      <symbol id="sm-d84">
         <name>uDMAIntUnregister</name>
         <value>0x2000a085</value>
         <object_component_ref idref="oc-2f2"/>
      </symbol>
      <symbol id="sm-d85">
         <name>uDMAChannelAttributeEnable</name>
         <value>0x20008fb5</value>
         <object_component_ref idref="oc-2d4"/>
      </symbol>
      <symbol id="sm-d86">
         <name>uDMADisable</name>
         <value>0x2000a0e1</value>
         <object_component_ref idref="oc-2f8"/>
      </symbol>
      <symbol id="sm-d87">
         <name>uDMAChannelTransferSet</name>
         <value>0x20007aed</value>
         <object_component_ref idref="oc-2da"/>
      </symbol>
      <symbol id="sm-d88">
         <name>uDMAIntStatus</name>
         <value>0x2000a0f9</value>
         <object_component_ref idref="oc-2a4"/>
      </symbol>
      <symbol id="sm-d89">
         <name>uDMAChannelAssign</name>
         <value>0x20009425</value>
         <object_component_ref idref="oc-2c2"/>
      </symbol>
      <symbol id="sm-d8a">
         <name>uDMAIntRegister</name>
         <value>0x20009fbf</value>
         <object_component_ref idref="oc-2b0"/>
      </symbol>
      <symbol id="sm-d8b">
         <name>uDMAEnable</name>
         <value>0x2000a0ed</value>
         <object_component_ref idref="oc-2b6"/>
      </symbol>
      <symbol id="sm-d8c">
         <name>uDMAControlBaseSet</name>
         <value>0x2000a039</value>
         <object_component_ref idref="oc-2bc"/>
      </symbol>
      <symbol id="sm-d8d">
         <name>uDMAChannelAttributeDisable</name>
         <value>0x20008f51</value>
         <object_component_ref idref="oc-2c8"/>
      </symbol>
      <symbol id="sm-d8e">
         <name>uDMAChannelEnable</name>
         <value>0x20009de5</value>
         <object_component_ref idref="oc-2e0"/>
      </symbol>
      <symbol id="sm-d8f">
         <name>uDMAChannelRequest</name>
         <value>0x20009e01</value>
         <object_component_ref idref="oc-2e6"/>
      </symbol>
      <symbol id="sm-d93">
         <name>UtilsDelay</name>
         <value>0x2000a11f</value>
         <object_component_ref idref="oc-341"/>
      </symbol>
      <symbol id="sm-d9d">
         <name>CPUcpsie</name>
         <value>0x20009fd5</value>
         <object_component_ref idref="oc-274"/>
      </symbol>
      <symbol id="sm-da0">
         <name>__TI_static_base__</name>
         <value>0x2000a760</value>
      </symbol>
      <symbol id="sm-da1">
         <name>__TI_args_main</name>
         <value>0x1</value>
      </symbol>
      <symbol id="sm-da2">
         <name>SHT$$INIT_ARRAY$$Limit</name>
         <value>0x0</value>
      </symbol>
      <symbol id="sm-da3">
         <name>SHT$$INIT_ARRAY$$Base</name>
         <value>0x0</value>
      </symbol>
   </symbol_table>
   <title>Link successful</title>
</link_info>
